
> clubmanager@1.0.0 test:api
> npm --prefix ./api run test:windows routes/magasin --testTimeout=60000 --forceExit --maxWorkers=1


> api@0.0.0 test:windows
> set NODE_ENV=test&& set NODE_OPTIONS=--experimental-vm-modules&& jest --config jest.config.cjs routes/magasin

  console.log
    [dotenv@17.2.2] injecting env (21) from .env.test -- tip: 🛠️  run anywhere with `dotenvx run -- yourcommand`

      at _log (node_modules/dotenv/lib/main.js:139:11)

  console.log
    ✅ Loaded .env.test environment variables (CommonJS)

      at Object.<anonymous> (tests/jest.setup.cjs:37:11)

  console.log
    🔗 Database URL: mysql:****@localhost:3306/clubmanager_test

      at Object.<anonymous> (tests/jest.setup.cjs:48:11)

  console.log
    🧪 NODE_ENV: test

      at Object.<anonymous> (tests/jest.setup.cjs:55:11)

  console.log
    ⚙️  Jest setup complete (CommonJS) - ready to run tests

      at Object.<anonymous> (tests/jest.setup.cjs:58:9)

  console.log
    [dotenv@17.2.2] injecting env (21) from .env.test -- tip: 🔐 prevent building .env in docker: https://dotenvx.com/prebuild

      at _log (node_modules/dotenv/lib/main.js:139:11)

  console.log
    ✅ Loaded .env.test environment variables (CommonJS)

      at Object.<anonymous> (tests/jest.setup.cjs:37:11)

  console.log
    🔗 Database URL: mysql:****@localhost:3306/clubmanager_test

      at Object.<anonymous> (tests/jest.setup.cjs:48:11)

  console.log
    [dotenv@17.2.2] injecting env (21) from .env.test -- tip: 🔐 prevent committing .env to code: https://dotenvx.com/precommit

      at _log (node_modules/dotenv/lib/main.js:139:11)

  console.log
    🧪 NODE_ENV: test

      at Object.<anonymous> (tests/jest.setup.cjs:55:11)

  console.log
    ⚙️  Jest setup complete (CommonJS) - ready to run tests

      at Object.<anonymous> (tests/jest.setup.cjs:58:9)

  console.log
    ✅ Loaded .env.test environment variables (CommonJS)

      at Object.<anonymous> (tests/jest.setup.cjs:37:11)

  console.log
    🔗 Database URL: mysql:****@localhost:3306/clubmanager_test

      at Object.<anonymous> (tests/jest.setup.cjs:48:11)

  console.log
    🧪 NODE_ENV: test

      at Object.<anonymous> (tests/jest.setup.cjs:55:11)

  console.log
    ⚙️  Jest setup complete (CommonJS) - ready to run tests

      at Object.<anonymous> (tests/jest.setup.cjs:58:9)

  console.log
    [dotenv@17.2.2] injecting env (21) from .env.test -- tip: 🔐 prevent committing .env to code: https://dotenvx.com/precommit

      at _log (node_modules/dotenv/lib/main.js:139:11)

  console.log
    ✅ Loaded .env.test environment variables (CommonJS)

      at Object.<anonymous> (tests/jest.setup.cjs:37:11)

  console.log
    🔗 Database URL: mysql:****@localhost:3306/clubmanager_test

      at Object.<anonymous> (tests/jest.setup.cjs:48:11)

  console.log
    🧪 NODE_ENV: test

      at Object.<anonymous> (tests/jest.setup.cjs:55:11)

  console.log
    ⚙️  Jest setup complete (CommonJS) - ready to run tests

      at Object.<anonymous> (tests/jest.setup.cjs:58:9)

  console.log
    [dotenv@17.2.2] injecting env (21) from .env.test -- tip: 🛠️  run anywhere with `dotenvx run -- yourcommand`

      at _log (node_modules/dotenv/lib/main.js:139:11)

  console.log
    ✅ Loaded .env.test environment variables (CommonJS)

      at Object.<anonymous> (tests/jest.setup.cjs:37:11)

  console.log
    🔗 Database URL: mysql:****@localhost:3306/clubmanager_test

      at Object.<anonymous> (tests/jest.setup.cjs:48:11)

  console.log
    🧪 NODE_ENV: test

      at Object.<anonymous> (tests/jest.setup.cjs:55:11)

  console.log
    ⚙️  Jest setup complete (CommonJS) - ready to run tests

      at Object.<anonymous> (tests/jest.setup.cjs:58:9)

  console.log
    [dotenv@17.2.2] injecting env (21) from .env.test -- tip: 🔐 prevent committing .env to code: https://dotenvx.com/precommit

      at _log (node_modules/dotenv/lib/main.js:139:11)

  console.log
    ✅ Loaded .env.test environment variables (CommonJS)

      at Object.<anonymous> (tests/jest.setup.cjs:37:11)

  console.log
    🔗 Database URL: mysql:****@localhost:3306/clubmanager_test

      at Object.<anonymous> (tests/jest.setup.cjs:48:11)

  console.log
    🧪 NODE_ENV: test

      at Object.<anonymous> (tests/jest.setup.cjs:55:11)

  console.log
    ⚙️  Jest setup complete (CommonJS) - ready to run tests

      at Object.<anonymous> (tests/jest.setup.cjs:58:9)

  console.log
    [dotenv@17.2.2] injecting env (21) from .env.test -- tip: 📡 observe env with Radar: https://dotenvx.com/radar

      at _log (node_modules/dotenv/lib/main.js:139:11)

  console.log
    ✅ Loaded .env.test environment variables (CommonJS)

      at Object.<anonymous> (tests/jest.setup.cjs:37:11)

  console.log
    🔗 Database URL: mysql:****@localhost:3306/clubmanager_test

      at Object.<anonymous> (tests/jest.setup.cjs:48:11)

  console.log
    🧪 NODE_ENV: test

      at Object.<anonymous> (tests/jest.setup.cjs:55:11)

  console.log
    ⚙️  Jest setup complete (CommonJS) - ready to run tests

      at Object.<anonymous> (tests/jest.setup.cjs:58:9)

  console.log
    C:\Users\guillaumehouthoofd\Documents\Benoit\Epreuve_intégrée\ClubManager\api\api

      at src/db/connector/mysqlconnector.ts:13:9

  console.log
    ✅  Variables d'environnement déjà chargées (mode test ou DATABASE_URL présent)

      at src/db/connector/mysqlconnector.ts:36:11

  console.log
    C:\Users\guillaumehouthoofd\Documents\Benoit\Epreuve_intégrée\ClubManager\api\api

      at src/db/connector/mysqlconnector.ts:13:9

  console.log
    ✅  Variables d'environnement déjà chargées (mode test ou DATABASE_URL présent)

      at src/db/connector/mysqlconnector.ts:36:11

  console.log
    C:\Users\guillaumehouthoofd\Documents\Benoit\Epreuve_intégrée\ClubManager\api\api

      at src/db/connector/mysqlconnector.ts:13:9

  console.log
    ✅  Variables d'environnement déjà chargées (mode test ou DATABASE_URL présent)

      at src/db/connector/mysqlconnector.ts:36:11

  console.log
    C:\Users\guillaumehouthoofd\Documents\Benoit\Epreuve_intégrée\ClubManager\api\api

      at src/db/connector/mysqlconnector.ts:13:9

  console.log
    ✅  Variables d'environnement déjà chargées (mode test ou DATABASE_URL présent)

      at src/db/connector/mysqlconnector.ts:36:11

  console.log
    C:\Users\guillaumehouthoofd\Documents\Benoit\Epreuve_intégrée\ClubManager\api\api

      at src/db/connector/mysqlconnector.ts:13:9

  console.log
    C:\Users\guillaumehouthoofd\Documents\Benoit\Epreuve_intégrée\ClubManager\api\api

      at src/db/connector/mysqlconnector.ts:13:9

  console.log
    ✅  Variables d'environnement déjà chargées (mode test ou DATABASE_URL présent)

      at src/db/connector/mysqlconnector.ts:36:11

  console.log
    ✅  Variables d'environnement déjà chargées (mode test ou DATABASE_URL présent)

      at src/db/connector/mysqlconnector.ts:36:11

  console.log
    🧪 [EmailService] Mode test - initialisation email désactivée

      at new EmailService (src/services/emailService.ts:63:15)

  console.log
    🧪 [EmailService] Mode test - initialisation email désactivée

      at new EmailService (src/services/emailService.ts:63:15)

  console.log
    C:\Users\guillaumehouthoofd\Documents\Benoit\Epreuve_intégrée\ClubManager\api\api

      at src/db/connector/mysqlconnector.ts:13:9

  console.log
    ✅  Variables d'environnement déjà chargées (mode test ou DATABASE_URL présent)

      at src/db/connector/mysqlconnector.ts:36:11

  console.log
    📋 [Handler Articles] Récupération des articles par catégories

      at getArticles (src/routes/magasin/core/handlers/get-articles.handler.ts:23:13)

  console.log
    🔍 [Service Magasin] Récupération des articles par catégories

      at obtenirArticlesParCategories (src/routes/magasin/core/services/magasin.service.ts:166:11)

  console.log
    ✅ [Service Magasin] Articles récupérés avec succès

      at obtenirArticlesParCategories (src/routes/magasin/core/services/magasin.service.ts:171:13)

  console.log
    ✅ [Handler Articles] Articles récupérés avec succès

      at getArticles (src/routes/magasin/core/handlers/get-articles.handler.ts:32:13)

  console.log
    📝 [Handler Articles] Création d'un nouvel article

      at createArticle (src/routes/magasin/core/handlers/create-article.handler.ts:17:13)

  console.log
    Données validées par le schéma Zod: {"nom":"Test Article","prix":25.99,"categorie_id":1,"images":[],"stocks":[],"actif":true}

      at createArticle (src/routes/magasin/core/handlers/create-article.handler.ts:22:13)

  console.log
    📝 [Service Magasin] Ajout d'un nouvel article: Test Article

      at ajouterArticle (src/routes/magasin/core/services/magasin.service.ts:216:11)

  console.log
    ✅ [Service Magasin] Article ajouté avec succès

      at ajouterArticle (src/routes/magasin/core/services/magasin.service.ts:225:15)

  console.log
    ✅ [Handler Articles] Article créé avec succès

      at createArticle (src/routes/magasin/core/handlers/create-article.handler.ts:30:15)

  console.log
    📝 [Handler Commandes] Création d'une nouvelle commande

      at createCommande (src/routes/magasin/core/handlers/create-commande.handler.ts:19:13)

  console.log
    Corps reçu: {
      utilisateur_id: 1,
      articles: [ { article_id: 1, quantite: 1, taille: 'M' } ],
      total: 45.99
    }

      at createCommande (src/routes/magasin/core/handlers/create-commande.handler.ts:20:13)

  console.log
    Données validées par le schéma Zod: {"utilisateur_id":1,"articles":[{"article_id":1,"quantite":1,"taille":"M"}],"total":45.99,"statut":"en attente"}

      at createCommande (src/routes/magasin/core/handlers/create-commande.handler.ts:25:13)

  console.log
    🔍 [Service Magasin] Vérification doublon commande: {
      cacheKey: '1-45.99-[{"id":1,"taille":"M","quantite":1}]...',
      utilisateur_id: 1,
      total: 45.99,
      nbArticles: 1
    }

      at creerCommande (src/routes/magasin/core/services/magasin.service.ts:325:11)

  console.log
    🆔 [Service Magasin] IDs générés: {
      uniqueCommandeId: 'CMD-001-1770238459638-3C18B15D',
      numeroCommande: 'CMD-000001',
      utilisateur_id: 1
    }

      at creerCommande (src/routes/magasin/core/services/magasin.service.ts:373:11)

  console.log
    🧪 [EmailService] Mode test - initialisation email désactivée

      at new EmailService (src/services/emailService.ts:63:15)

  console.log
    🧪 [EmailService] Mode test - initialisation email désactivée

      at new EmailService (src/services/emailService.ts:63:15)

  console.log
    🧪 [EmailService] Mode test - initialisation email désactivée

      at new EmailService (src/services/emailService.ts:63:15)

  console.log
    🧪 [EmailService] Mode test - initialisation email désactivée

      at new EmailService (src/services/emailService.ts:63:15)

  console.log
    📧 [Service Magasin] Envoi email confirmation commande: { destinataire: undefined, numeroCommande: 'CMD-000001' }

      at envoyerEmailConfirmationCommande (src/routes/magasin/core/services/magasin.service.ts:727:13)

  console.log
    📋 [Handler Articles] Récupération des articles par catégories

      at getArticles (src/routes/magasin/core/handlers/get-articles.handler.ts:23:13)

  console.log
    📋 [Handler Articles] Récupération des articles par catégories

      at getArticles (src/routes/magasin/core/handlers/get-articles.handler.ts:23:13)

  console.log
    🔍 [Service Magasin] Récupération des articles par catégories

      at obtenirArticlesParCategories (src/routes/magasin/core/services/magasin.service.ts:166:11)

  console.log
    🔍 [Service Magasin] Récupération des articles par catégories

      at obtenirArticlesParCategories (src/routes/magasin/core/services/magasin.service.ts:166:11)

  console.log
    ✅ [Service Magasin] Articles récupérés avec succès

      at obtenirArticlesParCategories (src/routes/magasin/core/services/magasin.service.ts:171:13)

  console.log
    ✅ [Handler Articles] Articles récupérés avec succès

      at getArticles (src/routes/magasin/core/handlers/get-articles.handler.ts:32:13)

  console.log
    🧪 [EmailService] Mode test - initialisation email désactivée

      at new EmailService (src/services/emailService.ts:63:15)

  console.log
    📋 [Handler Articles] Récupération des articles par catégories

      at getArticles (src/routes/magasin/core/handlers/get-articles.handler.ts:23:13)

  console.log
    🔍 [Service Magasin] Récupération des articles par catégories

      at obtenirArticlesParCategories (src/routes/magasin/core/services/magasin.service.ts:166:11)

  console.log
    🧪 [EmailService] Mode test - initialisation email désactivée

      at new EmailService (src/services/emailService.ts:63:15)

  console.error
    ❌ [Service Magasin] Erreur envoi email confirmation: TypeError: emailClient.sendTemplatedEmail is not a function
        at envoyerEmailConfirmationCommande (C:\Users\guillaumehouthoofd\Documents\Benoit\Epreuve_intégrée\ClubManager\api\src\routes\magasin\core\services\magasin.service.ts:732:38)
        at C:\Users\guillaumehouthoofd\Documents\Benoit\Epreuve_intégrée\ClubManager\api\src\routes\magasin\core\services\magasin.service.ts:398:17
        at processTicksAndRejections (node:internal/process/task_queues:105:5)
        at creerCommande (C:\Users\guillaumehouthoofd\Documents\Benoit\Epreuve_intégrée\ClubManager\api\src\routes\magasin\core\services\magasin.service.ts:432:28)
        at createCommande (C:\Users\guillaumehouthoofd\Documents\Benoit\Epreuve_intégrée\ClubManager\api\src\routes\magasin\core\handlers\create-commande.handler.ts:30:20)
        at Object.<anonymous> (C:\Users\guillaumehouthoofd\Documents\Benoit\Epreuve_intégrée\ClubManager\api\src\routes\magasin\__tests__\magasin.performance.test.ts:130:7)

    [0m [90m 745 |[39m     }
     [90m 746 |[39m   } [36mcatch[39m (error) {
    [31m[1m>[22m[39m[90m 747 |[39m     console[33m.[39merror(
     [90m     |[39m             [31m[1m^[22m[39m
     [90m 748 |[39m       [32m"❌ [Service Magasin] Erreur envoi email confirmation:"[39m[33m,[39m
     [90m 749 |[39m       error[33m,[39m
     [90m 750 |[39m     )[33m;[39m[0m

      at envoyerEmailConfirmationCommande (src/routes/magasin/core/services/magasin.service.ts:747:13)
      at src/routes/magasin/core/services/magasin.service.ts:398:17
      at creerCommande (src/routes/magasin/core/services/magasin.service.ts:432:28)
      at createCommande (src/routes/magasin/core/handlers/create-commande.handler.ts:30:20)
      at Object.<anonymous> (src/routes/magasin/__tests__/magasin.performance.test.ts:130:7)

  console.log
    ✅ [Service Magasin] Commande créée avec protection doublon: {
      unique_id: 'CMD-001-1770238459638-3C18B15D',
      numero_commande: 'CMD-000001'
    }

      at creerCommande (src/routes/magasin/core/services/magasin.service.ts:434:11)

  console.log
    ✅ [Handler Commandes] Commande créée avec succès: {
      unique_id: 'CMD-001-1770238459638-3C18B15D',
      numero_commande: 'CMD-000001',
      isDuplicate: false
    }

      at createCommande (src/routes/magasin/core/handlers/create-commande.handler.ts:36:13)

  console.log
    📋 [Handler Articles] Récupération des articles par catégories

      at getArticles (src/routes/magasin/core/handlers/get-articles.handler.ts:23:13)

  console.log
    🔍 [Service Magasin] Récupération des articles par catégories

      at obtenirArticlesParCategories (src/routes/magasin/core/services/magasin.service.ts:166:11)

  console.log
    ✅ [Service Magasin] Articles récupérés avec succès

      at obtenirArticlesParCategories (src/routes/magasin/core/services/magasin.service.ts:171:13)

  console.log
    ✅ [Handler Articles] Articles récupérés avec succès

      at getArticles (src/routes/magasin/core/handlers/get-articles.handler.ts:32:13)

  console.log
    📋 [Handler Commandes] Récupération de toutes les commandes

      at getCommandes (src/routes/magasin/core/handlers/get-commandes.handler.ts:17:13)

  console.log
    🔍 [Service Magasin] Récupération de toutes les commandes

      at obtenirLesCommandes (src/routes/magasin/core/services/magasin.service.ts:453:11)

  console.log
    ✅ [Service Magasin] 500 commandes récupérées

      at obtenirLesCommandes (src/routes/magasin/core/services/magasin.service.ts:458:13)

  console.log
    ✅ [Handler Commandes] 500 commandes récupérées

      at getCommandes (src/routes/magasin/core/handlers/get-commandes.handler.ts:21:13)

  console.error
    ❌ [Service Magasin] Erreur récupération articles: Error: Erreur de connexion à la base de données
        at Object.<anonymous> (C:\Users\guillaumehouthoofd\Documents\Benoit\Epreuve_intégrée\ClubManager\api\src\routes\magasin\__tests__\magasin.test.ts:129:27)
        at Promise.then.completed (C:\Users\guillaumehouthoofd\Documents\Benoit\Epreuve_intégrée\ClubManager\api\node_modules\jest-circus\build\utils.js:298:28)
        at new Promise (<anonymous>)
        at callAsyncCircusFn (C:\Users\guillaumehouthoofd\Documents\Benoit\Epreuve_intégrée\ClubManager\api\node_modules\jest-circus\build\utils.js:231:10)
        at _callCircusTest (C:\Users\guillaumehouthoofd\Documents\Benoit\Epreuve_intégrée\ClubManager\api\node_modules\jest-circus\build\run.js:316:40)
        at processTicksAndRejections (node:internal/process/task_queues:105:5)
        at _runTest (C:\Users\guillaumehouthoofd\Documents\Benoit\Epreuve_intégrée\ClubManager\api\node_modules\jest-circus\build\run.js:252:3)
        at _runTestsForDescribeBlock (C:\Users\guillaumehouthoofd\Documents\Benoit\Epreuve_intégrée\ClubManager\api\node_modules\jest-circus\build\run.js:126:9)
        at _runTestsForDescribeBlock (C:\Users\guillaumehouthoofd\Documents\Benoit\Epreuve_intégrée\ClubManager\api\node_modules\jest-circus\build\run.js:121:9)
        at _runTestsForDescribeBlock (C:\Users\guillaumehouthoofd\Documents\Benoit\Epreuve_intégrée\ClubManager\api\node_modules\jest-circus\build\run.js:121:9)
        at run (C:\Users\guillaumehouthoofd\Documents\Benoit\Epreuve_intégrée\ClubManager\api\node_modules\jest-circus\build\run.js:71:3)
        at runAndTransformResultsToJestFormat (C:\Users\guillaumehouthoofd\Documents\Benoit\Epreuve_intégrée\ClubManager\api\node_modules\jest-circus\build\legacy-code-todo-rewrite\jestAdapterInit.js:122:21)
        at jestAdapter (C:\Users\guillaumehouthoofd\Documents\Benoit\Epreuve_intégrée\ClubManager\api\node_modules\jest-circus\build\legacy-code-todo-rewrite\jestAdapter.js:79:19)
        at runTestInternal (C:\Users\guillaumehouthoofd\Documents\Benoit\Epreuve_intégrée\ClubManager\api\node_modules\jest-runner\build\runTest.js:367:16)
        at runTest (C:\Users\guillaumehouthoofd\Documents\Benoit\Epreuve_intégrée\ClubManager\api\node_modules\jest-runner\build\runTest.js:444:34)
        at Object.worker (C:\Users\guillaumehouthoofd\Documents\Benoit\Epreuve_intégrée\ClubManager\api\node_modules\jest-runner\build\testWorker.js:106:12)

    [0m [90m 173 |[39m     [36mreturn[39m articles[33m;[39m
     [90m 174 |[39m   } [36mcatch[39m (error) {
    [31m[1m>[22m[39m[90m 175 |[39m     console[33m.[39merror([32m"❌ [Service Magasin] Erreur récupération articles:"[39m[33m,[39m error)[33m;[39m
     [90m     |[39m             [31m[1m^[22m[39m
     [90m 176 |[39m     [36mthrow[39m [36mnew[39m [33mError[39m([32m"Impossible de récupérer les articles"[39m)[33m;[39m
     [90m 177 |[39m   }
     [90m 178 |[39m }[0m

      at obtenirArticlesParCategories (src/routes/magasin/core/services/magasin.service.ts:175:13)
      at getArticles (src/routes/magasin/core/handlers/get-articles.handler.ts:30:22)
      at Object.<anonymous> (src/routes/magasin/__tests__/magasin.test.ts:131:7)

  console.log
    📝 [Handler Commandes] Création d'une nouvelle commande

      at createCommande (src/routes/magasin/core/handlers/create-commande.handler.ts:19:13)

  console.log
    📝 [Handler Articles] Création d'un nouvel article

      at createArticle (src/routes/magasin/core/handlers/create-article.handler.ts:17:13)

  console.log
    Corps reçu: {
      utilisateur_id: 1,
      articles: [
        { article_id: 1, quantite: 1, taille: 'M' },
        { article_id: 2, quantite: 1, taille: 'M' },
        { article_id: 3, quantite: 1, taille: 'M' },
        { article_id: 4, quantite: 1, taille: 'M' },
        { article_id: 5, quantite: 1, taille: 'M' },
        { article_id: 6, quantite: 1, taille: 'M' },
        { article_id: 7, quantite: 1, taille: 'M' },
        { article_id: 8, quantite: 1, taille: 'M' },
        { article_id: 9, quantite: 1, taille: 'M' },
        { article_id: 10, quantite: 1, taille: 'M' },
        { article_id: 11, quantite: 1, taille: 'M' },
        { article_id: 12, quantite: 1, taille: 'M' },
        { article_id: 13, quantite: 1, taille: 'M' },
        { article_id: 14, quantite: 1, taille: 'M' },
        { article_id: 15, quantite: 1, taille: 'M' },
        { article_id: 16, quantite: 1, taille: 'M' },
        { article_id: 17, quantite: 1, taille: 'M' },
        { article_id: 18, quantite: 1, taille: 'M' },
        { article_id: 19, quantite: 1, taille: 'M' },
        { article_id: 20, quantite: 1, taille: 'M' },
        { article_id: 21, quantite: 1, taille: 'M' },
        { article_id: 22, quantite: 1, taille: 'M' },
        { article_id: 23, quantite: 1, taille: 'M' },
        { article_id: 24, quantite: 1, taille: 'M' },
        { article_id: 25, quantite: 1, taille: 'M' },
        { article_id: 26, quantite: 1, taille: 'M' },
        { article_id: 27, quantite: 1, taille: 'M' },
        { article_id: 28, quantite: 1, taille: 'M' },
        { article_id: 29, quantite: 1, taille: 'M' },
        { article_id: 30, quantite: 1, taille: 'M' },
        { article_id: 31, quantite: 1, taille: 'M' },
        { article_id: 32, quantite: 1, taille: 'M' },
        { article_id: 33, quantite: 1, taille: 'M' },
        { article_id: 34, quantite: 1, taille: 'M' },
        { article_id: 35, quantite: 1, taille: 'M' },
        { article_id: 36, quantite: 1, taille: 'M' },
        { article_id: 37, quantite: 1, taille: 'M' },
        { article_id: 38, quantite: 1, taille: 'M' },
        { article_id: 39, quantite: 1, taille: 'M' },
        { article_id: 40, quantite: 1, taille: 'M' },
        { article_id: 41, quantite: 1, taille: 'M' },
        { article_id: 42, quantite: 1, taille: 'M' },
        { article_id: 43, quantite: 1, taille: 'M' },
        { article_id: 44, quantite: 1, taille: 'M' },
        { article_id: 45, quantite: 1, taille: 'M' },
        { article_id: 46, quantite: 1, taille: 'M' },
        { article_id: 47, quantite: 1, taille: 'M' },
        { article_id: 48, quantite: 1, taille: 'M' },
        { article_id: 49, quantite: 1, taille: 'M' },
        { article_id: 50, quantite: 1, taille: 'M' }
      ],
      total: 2000
    }

      at createCommande (src/routes/magasin/core/handlers/create-commande.handler.ts:20:13)

  console.log
    Données validées par le schéma Zod: {"nom":"Test'; DROP TABLE articles; --","prix":25.99,"categorie_id":1,"images":[],"stocks":[],"actif":true}

      at createArticle (src/routes/magasin/core/handlers/create-article.handler.ts:22:13)

  console.log
    Données validées par le schéma Zod: {"utilisateur_id":1,"articles":[{"article_id":1,"quantite":1,"taille":"M"},{"article_id":2,"quantite":1,"taille":"M"},{"article_id":3,"quantite":1,"taille":"M"},{"article_id":4,"quantite":1,"taille":"M"},{"article_id":5,"quantite":1,"taille":"M"},{"article_id":6,"quantite":1,"taille":"M"},{"article_id":7,"quantite":1,"taille":"M"},{"article_id":8,"quantite":1,"taille":"M"},{"article_id":9,"quantite":1,"taille":"M"},{"article_id":10,"quantite":1,"taille":"M"},{"article_id":11,"quantite":1,"taille":"M"},{"article_id":12,"quantite":1,"taille":"M"},{"article_id":13,"quantite":1,"taille":"M"},{"article_id":14,"quantite":1,"taille":"M"},{"article_id":15,"quantite":1,"taille":"M"},{"article_id":16,"quantite":1,"taille":"M"},{"article_id":17,"quantite":1,"taille":"M"},{"article_id":18,"quantite":1,"taille":"M"},{"article_id":19,"quantite":1,"taille":"M"},{"article_id":20,"quantite":1,"taille":"M"},{"article_id":21,"quantite":1,"taille":"M"},{"article_id":22,"quantite":1,"taille":"M"},{"article_id":23,"quantite":1,"taille":"M"},{"article_id":24,"quantite":1,"taille":"M"},{"article_id":25,"quantite":1,"taille":"M"},{"article_id":26,"quantite":1,"taille":"M"},{"article_id":27,"quantite":1,"taille":"M"},{"article_id":28,"quantite":1,"taille":"M"},{"article_id":29,"quantite":1,"taille":"M"},{"article_id":30,"quantite":1,"taille":"M"},{"article_id":31,"quantite":1,"taille":"M"},{"article_id":32,"quantite":1,"taille":"M"},{"article_id":33,"quantite":1,"taille":"M"},{"article_id":34,"quantite":1,"taille":"M"},{"article_id":35,"quantite":1,"taille":"M"},{"article_id":36,"quantite":1,"taille":"M"},{"article_id":37,"quantite":1,"taille":"M"},{"article_id":38,"quantite":1,"taille":"M"},{"article_id":39,"quantite":1,"taille":"M"},{"article_id":40,"quantite":1,"taille":"M"},{"article_id":41,"quantite":1,"taille":"M"},{"article_id":42,"quantite":1,"taille":"M"},{"article_id":43,"quantite":1,"taille":"M"},{"article_id":44,"quantite":1,"taille":"M"},{"article_id":45,"quantite":1,"taille":"M"},{"article_id":46,"quantite":1,"taille":"M"},{"article_id":47,"quantite":1,"taille":"M"},{"article_id":48,"quantite":1,"taille":"M"},{"article_id":49,"quantite":1,"taille":"M"},{"article_id":50,"quantite":1,"taille":"M"}],"total":2000,"statut":"en attente"}

      at createCommande (src/routes/magasin/core/handlers/create-commande.handler.ts:25:13)

  console.log
    🔍 [Service Magasin] Vérification doublon commande: {
      cacheKey: '1-2000-[{"id":1,"taille":"M","quantite":1},{"id":2...',
      utilisateur_id: 1,
      total: 2000,
      nbArticles: 50
    }

      at creerCommande (src/routes/magasin/core/services/magasin.service.ts:325:11)

  console.log
    🆔 [Service Magasin] IDs générés: {
      uniqueCommandeId: 'CMD-001-1770238459747-DD5EE5C4',
      numeroCommande: 'CMD-000001',
      utilisateur_id: 1
    }

      at creerCommande (src/routes/magasin/core/services/magasin.service.ts:373:11)

  console.log
    📧 [Service Magasin] Envoi email confirmation commande: { destinataire: undefined, numeroCommande: 'CMD-000001' }

      at envoyerEmailConfirmationCommande (src/routes/magasin/core/services/magasin.service.ts:727:13)

  console.log
    📝 [Service Magasin] Ajout d'un nouvel article: Test'; DROP TABLE articles; --

      at ajouterArticle (src/routes/magasin/core/services/magasin.service.ts:216:11)

  console.log
    ✅ [Service Magasin] Article ajouté avec succès

      at ajouterArticle (src/routes/magasin/core/services/magasin.service.ts:225:15)

  console.log
    ✅ [Handler Articles] Article créé avec succès

      at createArticle (src/routes/magasin/core/handlers/create-article.handler.ts:30:15)

  console.error
    ❌ [Handler Articles] Erreur récupération articles: Error: Impossible de récupérer les articles
        at obtenirArticlesParCategories (C:\Users\guillaumehouthoofd\Documents\Benoit\Epreuve_intégrée\ClubManager\api\src\routes\magasin\core\services\magasin.service.ts:176:11)
        at processTicksAndRejections (node:internal/process/task_queues:105:5)
        at getArticles (C:\Users\guillaumehouthoofd\Documents\Benoit\Epreuve_intégrée\ClubManager\api\src\routes\magasin\core\handlers\get-articles.handler.ts:30:22)
        at Object.<anonymous> (C:\Users\guillaumehouthoofd\Documents\Benoit\Epreuve_intégrée\ClubManager\api\src\routes\magasin\__tests__\magasin.test.ts:131:7)

    [0m [90m 46 |[39m     }
     [90m 47 |[39m
    [31m[1m>[22m[39m[90m 48 |[39m     console[33m.[39merror([32m"❌ [Handler Articles] Erreur récupération articles:"[39m[33m,[39m error)[33m;[39m
     [90m    |[39m             [31m[1m^[22m[39m
     [90m 49 |[39m     res[33m.[39mstatus([35m500[39m)[33m.[39mjson({
     [90m 50 |[39m       message[33m:[39m [32m"Erreur lors de la récupération des articles"[39m[33m,[39m
     [90m 51 |[39m       error[33m:[39m error [36minstanceof[39m [33mError[39m [33m?[39m error[33m.[39mmessage [33m:[39m [32m"Erreur inconnue"[39m[33m,[39m[0m

      at getArticles (src/routes/magasin/core/handlers/get-articles.handler.ts:48:13)
      at Object.<anonymous> (src/routes/magasin/__tests__/magasin.test.ts:131:7)

  console.log
    📝 [Handler Articles] Création d'un nouvel article

      at createArticle (src/routes/magasin/core/handlers/create-article.handler.ts:17:13)

  console.log
    📋 [Handler Catégories] Récupération des catégories

      at getCategories (src/routes/magasin/core/handlers/get-categories.handler.ts:15:13)

  console.error
    ❌ [Service Magasin] Erreur envoi email confirmation: TypeError: emailClient.sendTemplatedEmail is not a function
        at envoyerEmailConfirmationCommande (C:\Users\guillaumehouthoofd\Documents\Benoit\Epreuve_intégrée\ClubManager\api\src\routes\magasin\core\services\magasin.service.ts:732:38)
        at C:\Users\guillaumehouthoofd\Documents\Benoit\Epreuve_intégrée\ClubManager\api\src\routes\magasin\core\services\magasin.service.ts:398:17
        at processTicksAndRejections (node:internal/process/task_queues:105:5)
        at creerCommande (C:\Users\guillaumehouthoofd\Documents\Benoit\Epreuve_intégrée\ClubManager\api\src\routes\magasin\core\services\magasin.service.ts:432:28)
        at createCommande (C:\Users\guillaumehouthoofd\Documents\Benoit\Epreuve_intégrée\ClubManager\api\src\routes\magasin\core\handlers\create-commande.handler.ts:30:20)
        at Object.<anonymous> (C:\Users\guillaumehouthoofd\Documents\Benoit\Epreuve_intégrée\ClubManager\api\src\routes\magasin\__tests__\magasin.performance.test.ts:234:7)

    [0m [90m 745 |[39m     }
     [90m 746 |[39m   } [36mcatch[39m (error) {
    [31m[1m>[22m[39m[90m 747 |[39m     console[33m.[39merror(
     [90m     |[39m             [31m[1m^[22m[39m
     [90m 748 |[39m       [32m"❌ [Service Magasin] Erreur envoi email confirmation:"[39m[33m,[39m
     [90m 749 |[39m       error[33m,[39m
     [90m 750 |[39m     )[33m;[39m[0m

      at envoyerEmailConfirmationCommande (src/routes/magasin/core/services/magasin.service.ts:747:13)
      at src/routes/magasin/core/services/magasin.service.ts:398:17
      at creerCommande (src/routes/magasin/core/services/magasin.service.ts:432:28)
      at createCommande (src/routes/magasin/core/handlers/create-commande.handler.ts:30:20)
      at Object.<anonymous> (src/routes/magasin/__tests__/magasin.performance.test.ts:234:7)

  console.log
    🔍 [Service Magasin] Récupération des catégories

      at obtenirLesCategories (src/routes/magasin/core/services/magasin.service.ts:188:11)

  console.log
    ✅ [Service Magasin] Commande créée avec protection doublon: {
      unique_id: 'CMD-001-1770238459747-DD5EE5C4',
      numero_commande: 'CMD-000001'
    }

      at creerCommande (src/routes/magasin/core/services/magasin.service.ts:434:11)

  console.log
    ✅ [Service Magasin] 3 catégories récupérées

      at obtenirLesCategories (src/routes/magasin/core/services/magasin.service.ts:193:13)

  console.log
    ✅ [Handler Catégories] 3 catégories récupérées

      at getCategories (src/routes/magasin/core/handlers/get-categories.handler.ts:19:13)

  console.log
    ✅ [Handler Commandes] Commande créée avec succès: {
      unique_id: 'CMD-001-1770238459747-DD5EE5C4',
      numero_commande: 'CMD-000001',
      isDuplicate: false
    }

      at createCommande (src/routes/magasin/core/handlers/create-commande.handler.ts:36:13)

  console.log
    Données validées par le schéma Zod: {"nom":"Test Article","description":"Description' OR '1'='1","prix":25.99,"categorie_id":1,"images":[],"stocks":[],"actif":true}

      at createArticle (src/routes/magasin/core/handlers/create-article.handler.ts:22:13)

  console.log
    📋 [Handler Catégories] Récupération des catégories

      at getCategories (src/routes/magasin/core/handlers/get-categories.handler.ts:15:13)

  console.log
    📝 [Service Magasin] Ajout d'un nouvel article: Test Article

      at ajouterArticle (src/routes/magasin/core/services/magasin.service.ts:216:11)

  console.log
    🔍 [Service Magasin] Récupération des catégories

      at obtenirLesCategories (src/routes/magasin/core/services/magasin.service.ts:188:11)

  console.log
    ✅ [Service Magasin] Article ajouté avec succès

      at ajouterArticle (src/routes/magasin/core/services/magasin.service.ts:225:15)

  console.log
    ✅ [Handler Articles] Article créé avec succès

      at createArticle (src/routes/magasin/core/handlers/create-article.handler.ts:30:15)

  console.log
    📝 [Handler Articles] Modification d'un article

      at updateArticle (src/routes/magasin/core/handlers/update-article.handler.ts:17:13)

  console.error
    ❌ [Service Magasin] Erreur récupération catégories: Error: Erreur DB
        at Object.<anonymous> (C:\Users\guillaumehouthoofd\Documents\Benoit\Epreuve_intégrée\ClubManager\api\src\routes\magasin\__tests__\magasin.test.ts:172:9)
        at Promise.then.completed (C:\Users\guillaumehouthoofd\Documents\Benoit\Epreuve_intégrée\ClubManager\api\node_modules\jest-circus\build\utils.js:298:28)
        at new Promise (<anonymous>)
        at callAsyncCircusFn (C:\Users\guillaumehouthoofd\Documents\Benoit\Epreuve_intégrée\ClubManager\api\node_modules\jest-circus\build\utils.js:231:10)
        at _callCircusTest (C:\Users\guillaumehouthoofd\Documents\Benoit\Epreuve_intégrée\ClubManager\api\node_modules\jest-circus\build\run.js:316:40)
        at processTicksAndRejections (node:internal/process/task_queues:105:5)
        at _runTest (C:\Users\guillaumehouthoofd\Documents\Benoit\Epreuve_intégrée\ClubManager\api\node_modules\jest-circus\build\run.js:252:3)
        at _runTestsForDescribeBlock (C:\Users\guillaumehouthoofd\Documents\Benoit\Epreuve_intégrée\ClubManager\api\node_modules\jest-circus\build\run.js:126:9)
        at _runTestsForDescribeBlock (C:\Users\guillaumehouthoofd\Documents\Benoit\Epreuve_intégrée\ClubManager\api\node_modules\jest-circus\build\run.js:121:9)
        at _runTestsForDescribeBlock (C:\Users\guillaumehouthoofd\Documents\Benoit\Epreuve_intégrée\ClubManager\api\node_modules\jest-circus\build\run.js:121:9)
        at run (C:\Users\guillaumehouthoofd\Documents\Benoit\Epreuve_intégrée\ClubManager\api\node_modules\jest-circus\build\run.js:71:3)
        at runAndTransformResultsToJestFormat (C:\Users\guillaumehouthoofd\Documents\Benoit\Epreuve_intégrée\ClubManager\api\node_modules\jest-circus\build\legacy-code-todo-rewrite\jestAdapterInit.js:122:21)
        at jestAdapter (C:\Users\guillaumehouthoofd\Documents\Benoit\Epreuve_intégrée\ClubManager\api\node_modules\jest-circus\build\legacy-code-todo-rewrite\jestAdapter.js:79:19)
        at runTestInternal (C:\Users\guillaumehouthoofd\Documents\Benoit\Epreuve_intégrée\ClubManager\api\node_modules\jest-runner\build\runTest.js:367:16)
        at runTest (C:\Users\guillaumehouthoofd\Documents\Benoit\Epreuve_intégrée\ClubManager\api\node_modules\jest-runner\build\runTest.js:444:34)
        at Object.worker (C:\Users\guillaumehouthoofd\Documents\Benoit\Epreuve_intégrée\ClubManager\api\node_modules\jest-runner\build\testWorker.js:106:12)

    [0m [90m 197 |[39m     [36mreturn[39m categories[33m;[39m
     [90m 198 |[39m   } [36mcatch[39m (error) {
    [31m[1m>[22m[39m[90m 199 |[39m     console[33m.[39merror(
     [90m     |[39m             [31m[1m^[22m[39m
     [90m 200 |[39m       [32m"❌ [Service Magasin] Erreur récupération catégories:"[39m[33m,[39m
     [90m 201 |[39m       error[33m,[39m
     [90m 202 |[39m     )[33m;[39m[0m

      at obtenirLesCategories (src/routes/magasin/core/services/magasin.service.ts:199:13)
      at getCategories (src/routes/magasin/core/handlers/get-categories.handler.ts:17:24)
      at Object.<anonymous> (src/routes/magasin/__tests__/magasin.test.ts:175:7)

  console.log
    📝 [Handler Articles] Création d'un nouvel article

      at createArticle (src/routes/magasin/core/handlers/create-article.handler.ts:17:13)

  console.error
    ❌ [Service Magasin] Erreur récupération articles: Error: ECONNREFUSED: Connection refused
        at Object.<anonymous> (C:\Users\guillaumehouthoofd\Documents\Benoit\Epreuve_intégrée\ClubManager\api\src\routes\magasin\__tests__\magasin.errors.test.ts:70:27)
        at Promise.then.completed (C:\Users\guillaumehouthoofd\Documents\Benoit\Epreuve_intégrée\ClubManager\api\node_modules\jest-circus\build\utils.js:298:28)
        at new Promise (<anonymous>)
        at callAsyncCircusFn (C:\Users\guillaumehouthoofd\Documents\Benoit\Epreuve_intégrée\ClubManager\api\node_modules\jest-circus\build\utils.js:231:10)
        at _callCircusTest (C:\Users\guillaumehouthoofd\Documents\Benoit\Epreuve_intégrée\ClubManager\api\node_modules\jest-circus\build\run.js:316:40)
        at processTicksAndRejections (node:internal/process/task_queues:105:5)
        at _runTest (C:\Users\guillaumehouthoofd\Documents\Benoit\Epreuve_intégrée\ClubManager\api\node_modules\jest-circus\build\run.js:252:3)
        at _runTestsForDescribeBlock (C:\Users\guillaumehouthoofd\Documents\Benoit\Epreuve_intégrée\ClubManager\api\node_modules\jest-circus\build\run.js:126:9)
        at _runTestsForDescribeBlock (C:\Users\guillaumehouthoofd\Documents\Benoit\Epreuve_intégrée\ClubManager\api\node_modules\jest-circus\build\run.js:121:9)
        at _runTestsForDescribeBlock (C:\Users\guillaumehouthoofd\Documents\Benoit\Epreuve_intégrée\ClubManager\api\node_modules\jest-circus\build\run.js:121:9)
        at run (C:\Users\guillaumehouthoofd\Documents\Benoit\Epreuve_intégrée\ClubManager\api\node_modules\jest-circus\build\run.js:71:3)
        at runAndTransformResultsToJestFormat (C:\Users\guillaumehouthoofd\Documents\Benoit\Epreuve_intégrée\ClubManager\api\node_modules\jest-circus\build\legacy-code-todo-rewrite\jestAdapterInit.js:122:21)
        at jestAdapter (C:\Users\guillaumehouthoofd\Documents\Benoit\Epreuve_intégrée\ClubManager\api\node_modules\jest-circus\build\legacy-code-todo-rewrite\jestAdapter.js:79:19)
        at runTestInternal (C:\Users\guillaumehouthoofd\Documents\Benoit\Epreuve_intégrée\ClubManager\api\node_modules\jest-runner\build\runTest.js:367:16)
        at runTest (C:\Users\guillaumehouthoofd\Documents\Benoit\Epreuve_intégrée\ClubManager\api\node_modules\jest-runner\build\runTest.js:444:34)
        at Object.worker (C:\Users\guillaumehouthoofd\Documents\Benoit\Epreuve_intégrée\ClubManager\api\node_modules\jest-runner\build\testWorker.js:106:12)

    [0m [90m 173 |[39m     [36mreturn[39m articles[33m;[39m
     [90m 174 |[39m   } [36mcatch[39m (error) {
    [31m[1m>[22m[39m[90m 175 |[39m     console[33m.[39merror([32m"❌ [Service Magasin] Erreur récupération articles:"[39m[33m,[39m error)[33m;[39m
     [90m     |[39m             [31m[1m^[22m[39m
     [90m 176 |[39m     [36mthrow[39m [36mnew[39m [33mError[39m([32m"Impossible de récupérer les articles"[39m)[33m;[39m
     [90m 177 |[39m   }
     [90m 178 |[39m }[0m

      at obtenirArticlesParCategories (src/routes/magasin/core/services/magasin.service.ts:175:13)
      at getArticles (src/routes/magasin/core/handlers/get-articles.handler.ts:30:22)
      at Object.<anonymous> (src/routes/magasin/__tests__/magasin.errors.test.ts:72:7)

  console.log
    🧪 [EmailService] Mode test - initialisation email désactivée

      at new EmailService (src/services/emailService.ts:63:15)

  console.log
    🧪 [EmailService] Mode test - initialisation email désactivée

      at new EmailService (src/services/emailService.ts:63:15)

  console.log
    Données validées par le schéma Zod: {"nom":"<script>alert('XSS')</script>","prix":25.99,"categorie_id":1,"images":[],"stocks":[],"actif":true}

      at createArticle (src/routes/magasin/core/handlers/create-article.handler.ts:22:13)

  console.log
    🧪 [EmailService] Mode test - initialisation email désactivée

      at new EmailService (src/services/emailService.ts:63:15)

  console.log
    🧪 [EmailService] Mode test - initialisation email désactivée

      at new EmailService (src/services/emailService.ts:63:15)

  console.log
    🧪 [EmailService] Mode test - initialisation email désactivée

      at new EmailService (src/services/emailService.ts:63:15)

  console.log
    🧪 [EmailService] Mode test - initialisation email désactivée

      at new EmailService (src/services/emailService.ts:63:15)

  console.log
    📝 [Service Magasin] Ajout d'un nouvel article: <script>alert('XSS')</script>

      at ajouterArticle (src/routes/magasin/core/services/magasin.service.ts:216:11)

  console.log
    ✅ [Service Magasin] Article ajouté avec succès

      at ajouterArticle (src/routes/magasin/core/services/magasin.service.ts:225:15)

  console.log
    ✅ [Handler Articles] Article créé avec succès

      at createArticle (src/routes/magasin/core/handlers/create-article.handler.ts:30:15)

  console.log
    📝 [Handler Articles] Création d'un nouvel article

      at createArticle (src/routes/magasin/core/handlers/create-article.handler.ts:17:13)

  console.log
    Données validées par le schéma Zod: {"nom":"Test","description":"<img src=x onerror=alert('XSS')>","prix":25.99,"categorie_id":1,"images":[],"stocks":[],"actif":true}

      at createArticle (src/routes/magasin/core/handlers/create-article.handler.ts:22:13)

  console.log
    📝 [Service Magasin] Ajout d'un nouvel article: Test

      at ajouterArticle (src/routes/magasin/core/services/magasin.service.ts:216:11)

  console.error
    ❌ [Handler Catégories] Erreur récupération catégories: Error: Impossible de récupérer les catégories
        at obtenirLesCategories (C:\Users\guillaumehouthoofd\Documents\Benoit\Epreuve_intégrée\ClubManager\api\src\routes\magasin\core\services\magasin.service.ts:203:11)
        at processTicksAndRejections (node:internal/process/task_queues:105:5)
        at getCategories (C:\Users\guillaumehouthoofd\Documents\Benoit\Epreuve_intégrée\ClubManager\api\src\routes\magasin\core\handlers\get-categories.handler.ts:17:24)
        at Object.<anonymous> (C:\Users\guillaumehouthoofd\Documents\Benoit\Epreuve_intégrée\ClubManager\api\src\routes\magasin\__tests__\magasin.test.ts:175:7)

    [0m [90m 23 |[39m     res[33m.[39mstatus([35m200[39m)[33m.[39mjson(categories)[33m;[39m
     [90m 24 |[39m   } [36mcatch[39m (error) {
    [31m[1m>[22m[39m[90m 25 |[39m     console[33m.[39merror(
     [90m    |[39m             [31m[1m^[22m[39m
     [90m 26 |[39m       [32m"❌ [Handler Catégories] Erreur récupération catégories:"[39m[33m,[39m
     [90m 27 |[39m       error[33m,[39m
     [90m 28 |[39m     )[33m;[39m[0m

      at getCategories (src/routes/magasin/core/handlers/get-categories.handler.ts:25:13)
      at Object.<anonymous> (src/routes/magasin/__tests__/magasin.test.ts:175:7)

  console.log
    ✅ [Service Magasin] Article ajouté avec succès

      at ajouterArticle (src/routes/magasin/core/services/magasin.service.ts:225:15)

  console.log
    ✅ [Handler Articles] Article créé avec succès

      at createArticle (src/routes/magasin/core/handlers/create-article.handler.ts:30:15)

  console.log
    📝 [Handler Articles] Création d'un nouvel article

      at createArticle (src/routes/magasin/core/handlers/create-article.handler.ts:17:13)

  console.log
    📝 [Handler Articles] Création d'un nouvel article

      at createArticle (src/routes/magasin/core/handlers/create-article.handler.ts:17:13)

  console.log
    Données validées par le schéma Zod: {"nom":"Test onclick='alert(1)'","prix":25.99,"categorie_id":1,"images":[],"stocks":[],"actif":true}

      at createArticle (src/routes/magasin/core/handlers/create-article.handler.ts:22:13)

  console.log
    📝 [Service Magasin] Ajout d'un nouvel article: Test onclick='alert(1)'

      at ajouterArticle (src/routes/magasin/core/services/magasin.service.ts:216:11)

  console.log
    ✅ [Service Magasin] Article ajouté avec succès

      at ajouterArticle (src/routes/magasin/core/services/magasin.service.ts:225:15)

  console.log
    ✅ [Handler Articles] Article créé avec succès

      at createArticle (src/routes/magasin/core/handlers/create-article.handler.ts:30:15)

  console.log
    Données validées par le schéma Zod: {"nom":"Nouveau Kimono","description":"Kimono de qualité supérieure","prix":59.99,"categorie_id":1,"images":[],"stocks":[],"actif":true}

      at createArticle (src/routes/magasin/core/handlers/create-article.handler.ts:22:13)

  console.log
    📝 [Service Magasin] Ajout d'un nouvel article: Nouveau Kimono

      at ajouterArticle (src/routes/magasin/core/services/magasin.service.ts:216:11)

  console.log
    ✅ [Service Magasin] Article ajouté avec succès

      at ajouterArticle (src/routes/magasin/core/services/magasin.service.ts:225:15)

  console.log
    🔍 [Handler Payment Intent] Récupération PaymentIntent pour commande

      at getPaymentIntent (src/routes/magasin/core/handlers/get-payment-intent.handler.ts:17:13)

  console.log
    ✅ [Handler Articles] Article créé avec succès

      at createArticle (src/routes/magasin/core/handlers/create-article.handler.ts:30:15)

  console.log
    🔍 [Service Magasin] Récupération PaymentIntent pour commande: { commandeId: '1', userId: 999 }

      at obtenirPaymentIntentCommande (src/routes/magasin/core/services/magasin.service.ts:569:11)

  console.log
    📝 [Handler Articles] Création d'un nouvel article

      at createArticle (src/routes/magasin/core/handlers/create-article.handler.ts:17:13)

  console.error
    ❌ [Handler Articles] Erreur récupération articles: Error: Impossible de récupérer les articles
        at obtenirArticlesParCategories (C:\Users\guillaumehouthoofd\Documents\Benoit\Epreuve_intégrée\ClubManager\api\src\routes\magasin\core\services\magasin.service.ts:176:11)
        at processTicksAndRejections (node:internal/process/task_queues:105:5)
        at getArticles (C:\Users\guillaumehouthoofd\Documents\Benoit\Epreuve_intégrée\ClubManager\api\src\routes\magasin\core\handlers\get-articles.handler.ts:30:22)
        at Object.<anonymous> (C:\Users\guillaumehouthoofd\Documents\Benoit\Epreuve_intégrée\ClubManager\api\src\routes\magasin\__tests__\magasin.errors.test.ts:72:7)

    [0m [90m 46 |[39m     }
     [90m 47 |[39m
    [31m[1m>[22m[39m[90m 48 |[39m     console[33m.[39merror([32m"❌ [Handler Articles] Erreur récupération articles:"[39m[33m,[39m error)[33m;[39m
     [90m    |[39m             [31m[1m^[22m[39m
     [90m 49 |[39m     res[33m.[39mstatus([35m500[39m)[33m.[39mjson({
     [90m 50 |[39m       message[33m:[39m [32m"Erreur lors de la récupération des articles"[39m[33m,[39m
     [90m 51 |[39m       error[33m:[39m error [36minstanceof[39m [33mError[39m [33m?[39m error[33m.[39mmessage [33m:[39m [32m"Erreur inconnue"[39m[33m,[39m[0m

      at getArticles (src/routes/magasin/core/handlers/get-articles.handler.ts:48:13)
      at Object.<anonymous> (src/routes/magasin/__tests__/magasin.errors.test.ts:72:7)

  console.log
    📊 [Handler Statistiques] Récupération des statistiques du magasin

      at getStatistiquesMagasin (src/routes/magasin/core/handlers/health.handler.ts:62:13)

  console.log
    📊 [Service Magasin] Calcul des statistiques

      at calculerStatistiquesMagasin (src/routes/magasin/core/services/magasin.service.ts:805:11)

  console.log
    📝 [Handler Articles] Création d'un nouvel article

      at createArticle (src/routes/magasin/core/handlers/create-article.handler.ts:17:13)

  console.log
    ✅ [Handler Statistiques] Statistiques récupérées avec succès

      at getStatistiquesMagasin (src/routes/magasin/core/handlers/health.handler.ts:75:13)

  console.log
    📝 [Handler Articles] Création d'un nouvel article

      at createArticle (src/routes/magasin/core/handlers/create-article.handler.ts:17:13)

  console.error
    ❌ [Handler Articles] Erreur de validation: [
      {
        code: 'invalid_type',
        expected: 'number',
        received: 'undefined',
        path: [ 'prix' ],
        message: 'Le prix est requis'
      }
    ]

    [0m [90m 43 |[39m   } [36mcatch[39m (error) {
     [90m 44 |[39m     [36mif[39m (error [36minstanceof[39m z[33m.[39m[33mZodError[39m) {
    [31m[1m>[22m[39m[90m 45 |[39m       console[33m.[39merror(
     [90m    |[39m               [31m[1m^[22m[39m
     [90m 46 |[39m         [32m"❌ [Handler Articles] Erreur de validation:"[39m[33m,[39m
     [90m 47 |[39m         error[33m.[39merrors[33m,[39m
     [90m 48 |[39m       )[33m;[39m[0m

      at createArticle (src/routes/magasin/core/handlers/create-article.handler.ts:45:15)
      at Object.<anonymous> (src/routes/magasin/__tests__/magasin.test.ts:238:13)

  console.log
    📊 [Handler Statistiques] Récupération des statistiques du magasin

      at getStatistiquesMagasin (src/routes/magasin/core/handlers/health.handler.ts:62:13)

  console.log
    Données validées par le schéma Zod: {"nom":"Article 0","prix":25.99,"categorie_id":1,"images":[],"stocks":[],"actif":true}

      at createArticle (src/routes/magasin/core/handlers/create-article.handler.ts:22:13)

  console.log
    Données validées par le schéma Zod: {"nom":"Article Prix Minimum","prix":0.01,"categorie_id":1,"images":[],"stocks":[],"actif":true}

      at createArticle (src/routes/magasin/core/handlers/create-article.handler.ts:22:13)

  console.log
    🔍 [Service Magasin] Récupération des articles par catégories

      at Module.obtenirArticlesParCategories (src/routes/magasin/core/services/magasin.service.ts:166:11)

  console.log
    📝 [Service Magasin] Ajout d'un nouvel article: Article 0

      at ajouterArticle (src/routes/magasin/core/services/magasin.service.ts:216:11)

  console.log
    📝 [Handler Articles] Création d'un nouvel article

      at createArticle (src/routes/magasin/core/handlers/create-article.handler.ts:17:13)

  console.log
    📝 [Handler Articles] Création d'un nouvel article

      at createArticle (src/routes/magasin/core/handlers/create-article.handler.ts:17:13)

  console.log
    Données validées par le schéma Zod: {"nom":"Test Article","prix":25.99,"categorie_id":1,"images":[],"stocks":[],"actif":true}

      at createArticle (src/routes/magasin/core/handlers/create-article.handler.ts:22:13)

  console.log
    📝 [Handler Articles] Création d'un nouvel article

      at createArticle (src/routes/magasin/core/handlers/create-article.handler.ts:17:13)

  console.log
    ✅ [Service Magasin] Articles récupérés avec succès

      at Module.obtenirArticlesParCategories (src/routes/magasin/core/services/magasin.service.ts:171:13)

  console.log
    📝 [Service Magasin] Ajout d'un nouvel article: Test Article

      at ajouterArticle (src/routes/magasin/core/services/magasin.service.ts:216:11)

  console.log
    📝 [Service Magasin] Ajout d'un nouvel article: Article Prix Minimum

      at ajouterArticle (src/routes/magasin/core/services/magasin.service.ts:216:11)

  console.log
    📊 [Service Magasin] Calcul des statistiques

      at calculerStatistiquesMagasin (src/routes/magasin/core/services/magasin.service.ts:805:11)

  console.log
    ✅ [Service Magasin] Article ajouté avec succès

      at ajouterArticle (src/routes/magasin/core/services/magasin.service.ts:225:15)

  console.log
    ✅ [Handler Statistiques] Statistiques récupérées avec succès

      at getStatistiquesMagasin (src/routes/magasin/core/handlers/health.handler.ts:75:13)

  console.log
    Données validées par le schéma Zod: {"nom":"Article 1","prix":25.99,"categorie_id":1,"images":[],"stocks":[],"actif":true}

      at createArticle (src/routes/magasin/core/handlers/create-article.handler.ts:22:13)

  console.log
    ✅ [Handler Articles] Article créé avec succès

      at createArticle (src/routes/magasin/core/handlers/create-article.handler.ts:30:15)

  console.error
    ❌ [Service Magasin] Erreur lors de l'ajout: Erreur lors de l'ajout

    [0m [90m 226 |[39m       [36mreturn[39m result[33m;[39m
     [90m 227 |[39m     } [36melse[39m {
    [31m[1m>[22m[39m[90m 228 |[39m       console[33m.[39merror(
     [90m     |[39m               [31m[1m^[22m[39m
     [90m 229 |[39m         [32m"❌ [Service Magasin] Erreur lors de l'ajout:"[39m[33m,[39m
     [90m 230 |[39m         result[33m.[39mmessage[33m,[39m
     [90m 231 |[39m       )[33m;[39m[0m

      at ajouterArticle (src/routes/magasin/core/services/magasin.service.ts:228:15)
      at createArticle (src/routes/magasin/core/handlers/create-article.handler.ts:27:20)
      at Object.<anonymous> (src/routes/magasin/__tests__/magasin.test.ts:270:7)

  console.log
    Données validées par le schéma Zod: {"nom":"Test Article","prix":25.99,"categorie_id":1,"images":[],"stocks":[],"actif":true}

      at createArticle (src/routes/magasin/core/handlers/create-article.handler.ts:22:13)

  console.log
    📝 [Service Magasin] Ajout d'un nouvel article: Article 1

      at ajouterArticle (src/routes/magasin/core/services/magasin.service.ts:216:11)

  console.log
    📝 [Service Magasin] Ajout d'un nouvel article: Test Article

      at ajouterArticle (src/routes/magasin/core/services/magasin.service.ts:216:11)

  console.log
    📝 [Handler Articles] Création d'un nouvel article

      at createArticle (src/routes/magasin/core/handlers/create-article.handler.ts:17:13)

  console.log
    Données validées par le schéma Zod: {"nom":"Article 2","prix":25.99,"categorie_id":1,"images":[],"stocks":[],"actif":true}

      at createArticle (src/routes/magasin/core/handlers/create-article.handler.ts:22:13)

  console.log
    📝 [Service Magasin] Ajout d'un nouvel article: Article 2

      at ajouterArticle (src/routes/magasin/core/services/magasin.service.ts:216:11)

  console.log
    🔍 [Service Magasin] Récupération des articles par catégories

      at Module.obtenirArticlesParCategories (src/routes/magasin/core/services/magasin.service.ts:166:11)

  console.log
    📝 [Handler Articles] Création d'un nouvel article

      at createArticle (src/routes/magasin/core/handlers/create-article.handler.ts:17:13)

  console.log
    📝 [Handler Articles] Création d'un nouvel article

      at createArticle (src/routes/magasin/core/handlers/create-article.handler.ts:17:13)

  console.log
    Données validées par le schéma Zod: {"nom":"Article Prix Maximum","prix":9999.99,"categorie_id":1,"images":[],"stocks":[],"actif":true}

      at createArticle (src/routes/magasin/core/handlers/create-article.handler.ts:22:13)

  console.log
    📝 [Service Magasin] Ajout d'un nouvel article: Article Prix Maximum

      at ajouterArticle (src/routes/magasin/core/services/magasin.service.ts:216:11)

  console.log
    Données validées par le schéma Zod: {"nom":"Article 3","prix":25.99,"categorie_id":1,"images":[],"stocks":[],"actif":true}

      at createArticle (src/routes/magasin/core/handlers/create-article.handler.ts:22:13)

  console.log
    📝 [Service Magasin] Ajout d'un nouvel article: Article 3

      at ajouterArticle (src/routes/magasin/core/services/magasin.service.ts:216:11)

  console.log
    📝 [Handler Articles] Création d'un nouvel article

      at createArticle (src/routes/magasin/core/handlers/create-article.handler.ts:17:13)

  console.error
    ❌ [Service Magasin] Erreur ajout article: Error: Query timeout exceeded
        at Object.<anonymous> (C:\Users\guillaumehouthoofd\Documents\Benoit\Epreuve_intégrée\ClubManager\api\src\routes\magasin\__tests__\magasin.errors.test.ts:89:9)
        at Promise.then.completed (C:\Users\guillaumehouthoofd\Documents\Benoit\Epreuve_intégrée\ClubManager\api\node_modules\jest-circus\build\utils.js:298:28)
        at new Promise (<anonymous>)
        at callAsyncCircusFn (C:\Users\guillaumehouthoofd\Documents\Benoit\Epreuve_intégrée\ClubManager\api\node_modules\jest-circus\build\utils.js:231:10)
        at _callCircusTest (C:\Users\guillaumehouthoofd\Documents\Benoit\Epreuve_intégrée\ClubManager\api\node_modules\jest-circus\build\run.js:316:40)
        at processTicksAndRejections (node:internal/process/task_queues:105:5)
        at _runTest (C:\Users\guillaumehouthoofd\Documents\Benoit\Epreuve_intégrée\ClubManager\api\node_modules\jest-circus\build\run.js:252:3)
        at _runTestsForDescribeBlock (C:\Users\guillaumehouthoofd\Documents\Benoit\Epreuve_intégrée\ClubManager\api\node_modules\jest-circus\build\run.js:126:9)
        at _runTestsForDescribeBlock (C:\Users\guillaumehouthoofd\Documents\Benoit\Epreuve_intégrée\ClubManager\api\node_modules\jest-circus\build\run.js:121:9)
        at _runTestsForDescribeBlock (C:\Users\guillaumehouthoofd\Documents\Benoit\Epreuve_intégrée\ClubManager\api\node_modules\jest-circus\build\run.js:121:9)
        at run (C:\Users\guillaumehouthoofd\Documents\Benoit\Epreuve_intégrée\ClubManager\api\node_modules\jest-circus\build\run.js:71:3)
        at runAndTransformResultsToJestFormat (C:\Users\guillaumehouthoofd\Documents\Benoit\Epreuve_intégrée\ClubManager\api\node_modules\jest-circus\build\legacy-code-todo-rewrite\jestAdapterInit.js:122:21)
        at jestAdapter (C:\Users\guillaumehouthoofd\Documents\Benoit\Epreuve_intégrée\ClubManager\api\node_modules\jest-circus\build\legacy-code-todo-rewrite\jestAdapter.js:79:19)
        at runTestInternal (C:\Users\guillaumehouthoofd\Documents\Benoit\Epreuve_intégrée\ClubManager\api\node_modules\jest-runner\build\runTest.js:367:16)
        at runTest (C:\Users\guillaumehouthoofd\Documents\Benoit\Epreuve_intégrée\ClubManager\api\node_modules\jest-runner\build\runTest.js:444:34)
        at Object.worker (C:\Users\guillaumehouthoofd\Documents\Benoit\Epreuve_intégrée\ClubManager\api\node_modules\jest-runner\build\testWorker.js:106:12)

    [0m [90m 233 |[39m     }
     [90m 234 |[39m   } [36mcatch[39m (error) {
    [31m[1m>[22m[39m[90m 235 |[39m     console[33m.[39merror([32m"❌ [Service Magasin] Erreur ajout article:"[39m[33m,[39m error)[33m;[39m
     [90m     |[39m             [31m[1m^[22m[39m
     [90m 236 |[39m     [36mif[39m (error [36minstanceof[39m [33mError[39m) {
     [90m 237 |[39m       [36mthrow[39m error[33m;[39m
     [90m 238 |[39m     }[0m

      at ajouterArticle (src/routes/magasin/core/services/magasin.service.ts:235:13)
      at createArticle (src/routes/magasin/core/handlers/create-article.handler.ts:27:20)
      at Object.<anonymous> (src/routes/magasin/__tests__/magasin.errors.test.ts:99:7)

  console.error
    ❌ [Service Magasin] Erreur ajout article: Error: Erreur lors de l'ajout
        at ajouterArticle (C:\Users\guillaumehouthoofd\Documents\Benoit\Epreuve_intégrée\ClubManager\api\src\routes\magasin\core\services\magasin.service.ts:232:13)
        at processTicksAndRejections (node:internal/process/task_queues:105:5)
        at createArticle (C:\Users\guillaumehouthoofd\Documents\Benoit\Epreuve_intégrée\ClubManager\api\src\routes\magasin\core\handlers\create-article.handler.ts:27:20)
        at Object.<anonymous> (C:\Users\guillaumehouthoofd\Documents\Benoit\Epreuve_intégrée\ClubManager\api\src\routes\magasin\__tests__\magasin.test.ts:270:7)

    [0m [90m 233 |[39m     }
     [90m 234 |[39m   } [36mcatch[39m (error) {
    [31m[1m>[22m[39m[90m 235 |[39m     console[33m.[39merror([32m"❌ [Service Magasin] Erreur ajout article:"[39m[33m,[39m error)[33m;[39m
     [90m     |[39m             [31m[1m^[22m[39m
     [90m 236 |[39m     [36mif[39m (error [36minstanceof[39m [33mError[39m) {
     [90m 237 |[39m       [36mthrow[39m error[33m;[39m
     [90m 238 |[39m     }[0m

      at ajouterArticle (src/routes/magasin/core/services/magasin.service.ts:235:13)
      at createArticle (src/routes/magasin/core/handlers/create-article.handler.ts:27:20)
      at Object.<anonymous> (src/routes/magasin/__tests__/magasin.test.ts:270:7)

  console.error
    ❌ [Handler Articles] Erreur création article: Error: Query timeout exceeded
        at Object.<anonymous> (C:\Users\guillaumehouthoofd\Documents\Benoit\Epreuve_intégrée\ClubManager\api\src\routes\magasin\__tests__\magasin.errors.test.ts:89:9)
        at Promise.then.completed (C:\Users\guillaumehouthoofd\Documents\Benoit\Epreuve_intégrée\ClubManager\api\node_modules\jest-circus\build\utils.js:298:28)
        at new Promise (<anonymous>)
        at callAsyncCircusFn (C:\Users\guillaumehouthoofd\Documents\Benoit\Epreuve_intégrée\ClubManager\api\node_modules\jest-circus\build\utils.js:231:10)
        at _callCircusTest (C:\Users\guillaumehouthoofd\Documents\Benoit\Epreuve_intégrée\ClubManager\api\node_modules\jest-circus\build\run.js:316:40)
        at processTicksAndRejections (node:internal/process/task_queues:105:5)
        at _runTest (C:\Users\guillaumehouthoofd\Documents\Benoit\Epreuve_intégrée\ClubManager\api\node_modules\jest-circus\build\run.js:252:3)
        at _runTestsForDescribeBlock (C:\Users\guillaumehouthoofd\Documents\Benoit\Epreuve_intégrée\ClubManager\api\node_modules\jest-circus\build\run.js:126:9)
        at _runTestsForDescribeBlock (C:\Users\guillaumehouthoofd\Documents\Benoit\Epreuve_intégrée\ClubManager\api\node_modules\jest-circus\build\run.js:121:9)
        at _runTestsForDescribeBlock (C:\Users\guillaumehouthoofd\Documents\Benoit\Epreuve_intégrée\ClubManager\api\node_modules\jest-circus\build\run.js:121:9)
        at run (C:\Users\guillaumehouthoofd\Documents\Benoit\Epreuve_intégrée\ClubManager\api\node_modules\jest-circus\build\run.js:71:3)
        at runAndTransformResultsToJestFormat (C:\Users\guillaumehouthoofd\Documents\Benoit\Epreuve_intégrée\ClubManager\api\node_modules\jest-circus\build\legacy-code-todo-rewrite\jestAdapterInit.js:122:21)
        at jestAdapter (C:\Users\guillaumehouthoofd\Documents\Benoit\Epreuve_intégrée\ClubManager\api\node_modules\jest-circus\build\legacy-code-todo-rewrite\jestAdapter.js:79:19)
        at runTestInternal (C:\Users\guillaumehouthoofd\Documents\Benoit\Epreuve_intégrée\ClubManager\api\node_modules\jest-runner\build\runTest.js:367:16)
        at runTest (C:\Users\guillaumehouthoofd\Documents\Benoit\Epreuve_intégrée\ClubManager\api\node_modules\jest-runner\build\runTest.js:444:34)
        at Object.worker (C:\Users\guillaumehouthoofd\Documents\Benoit\Epreuve_intégrée\ClubManager\api\node_modules\jest-runner\build\testWorker.js:106:12)

    [0m [90m 54 |[39m     }
     [90m 55 |[39m
    [31m[1m>[22m[39m[90m 56 |[39m     console[33m.[39merror([32m"❌ [Handler Articles] Erreur création article:"[39m[33m,[39m error)[33m;[39m
     [90m    |[39m             [31m[1m^[22m[39m
     [90m 57 |[39m     res[33m.[39mstatus([35m500[39m)[33m.[39mjson({
     [90m 58 |[39m       message[33m:[39m [32m"Erreur lors de la création de l'article"[39m[33m,[39m
     [90m 59 |[39m       error[33m:[39m error [36minstanceof[39m [33mError[39m [33m?[39m error[33m.[39mmessage [33m:[39m [32m"Erreur inconnue"[39m[33m,[39m[0m

      at createArticle (src/routes/magasin/core/handlers/create-article.handler.ts:56:13)
      at Object.<anonymous> (src/routes/magasin/__tests__/magasin.errors.test.ts:99:7)

  console.log
    📊 [Handler Statistiques] Récupération des statistiques du magasin

      at getStatistiquesMagasin (src/routes/magasin/core/handlers/health.handler.ts:62:13)

  console.error
    ❌ [Handler Articles] Erreur création article: Error: Erreur lors de l'ajout
        at ajouterArticle (C:\Users\guillaumehouthoofd\Documents\Benoit\Epreuve_intégrée\ClubManager\api\src\routes\magasin\core\services\magasin.service.ts:232:13)
        at processTicksAndRejections (node:internal/process/task_queues:105:5)
        at createArticle (C:\Users\guillaumehouthoofd\Documents\Benoit\Epreuve_intégrée\ClubManager\api\src\routes\magasin\core\handlers\create-article.handler.ts:27:20)
        at Object.<anonymous> (C:\Users\guillaumehouthoofd\Documents\Benoit\Epreuve_intégrée\ClubManager\api\src\routes\magasin\__tests__\magasin.test.ts:270:7)

    [0m [90m 54 |[39m     }
     [90m 55 |[39m
    [31m[1m>[22m[39m[90m 56 |[39m     console[33m.[39merror([32m"❌ [Handler Articles] Erreur création article:"[39m[33m,[39m error)[33m;[39m
     [90m    |[39m             [31m[1m^[22m[39m
     [90m 57 |[39m     res[33m.[39mstatus([35m500[39m)[33m.[39mjson({
     [90m 58 |[39m       message[33m:[39m [32m"Erreur lors de la création de l'article"[39m[33m,[39m
     [90m 59 |[39m       error[33m:[39m error [36minstanceof[39m [33mError[39m [33m?[39m error[33m.[39mmessage [33m:[39m [32m"Erreur inconnue"[39m[33m,[39m[0m

      at createArticle (src/routes/magasin/core/handlers/create-article.handler.ts:56:13)
      at Object.<anonymous> (src/routes/magasin/__tests__/magasin.test.ts:270:7)

  console.log
    Données validées par le schéma Zod: {"nom":"Article 4","prix":25.99,"categorie_id":1,"images":[],"stocks":[],"actif":true}

      at createArticle (src/routes/magasin/core/handlers/create-article.handler.ts:22:13)

  console.log
    📝 [Handler Articles] Création d'un nouvel article

      at createArticle (src/routes/magasin/core/handlers/create-article.handler.ts:17:13)

  console.log
    📝 [Service Magasin] Ajout d'un nouvel article: Article 4

      at ajouterArticle (src/routes/magasin/core/services/magasin.service.ts:216:11)

  console.log
    📊 [Service Magasin] Calcul des statistiques

      at calculerStatistiquesMagasin (src/routes/magasin/core/services/magasin.service.ts:805:11)

  console.log
    ✅ [Handler Statistiques] Statistiques récupérées avec succès

      at getStatistiquesMagasin (src/routes/magasin/core/handlers/health.handler.ts:75:13)

  console.log
    Données validées par le schéma Zod: {"nom":"Test","prix":25.99,"categorie_id":9999,"images":[],"stocks":[],"actif":true}

      at createArticle (src/routes/magasin/core/handlers/create-article.handler.ts:22:13)

  console.log
    📝 [Handler Articles] Création d'un nouvel article

      at createArticle (src/routes/magasin/core/handlers/create-article.handler.ts:17:13)

  console.log
    📝 [Service Magasin] Ajout d'un nouvel article: Test

      at ajouterArticle (src/routes/magasin/core/services/magasin.service.ts:216:11)

  console.log
    Données validées par le schéma Zod: {"nom":"Article 5","prix":25.99,"categorie_id":1,"images":[],"stocks":[],"actif":true}

      at createArticle (src/routes/magasin/core/handlers/create-article.handler.ts:22:13)

  console.log
    ✅ [Service Magasin] Article ajouté avec succès

      at ajouterArticle (src/routes/magasin/core/services/magasin.service.ts:225:15)

  console.log
    📝 [Service Magasin] Ajout d'un nouvel article: Article 5

      at ajouterArticle (src/routes/magasin/core/services/magasin.service.ts:216:11)

  console.log
    📊 [Handler Statistiques] Récupération des statistiques du magasin

      at getStatistiquesMagasin (src/routes/magasin/core/handlers/health.handler.ts:62:13)

  console.log
    ✅ [Handler Articles] Article créé avec succès

      at createArticle (src/routes/magasin/core/handlers/create-article.handler.ts:30:15)

  console.log
    📝 [Handler Articles] Modification d'un article

      at updateArticle (src/routes/magasin/core/handlers/update-article.handler.ts:17:13)

  console.log
    📊 [Service Magasin] Calcul des statistiques

      at calculerStatistiquesMagasin (src/routes/magasin/core/services/magasin.service.ts:805:11)

  console.log
    📝 [Handler Articles] Création d'un nouvel article

      at createArticle (src/routes/magasin/core/handlers/create-article.handler.ts:17:13)

  console.log
    Données validées par le schéma Zod: {"id":1,"nom":"Kimono Modifié","prix":49.99}

      at updateArticle (src/routes/magasin/core/handlers/update-article.handler.ts:38:13)

  console.log
    ✅ [Handler Statistiques] Statistiques récupérées avec succès

      at getStatistiquesMagasin (src/routes/magasin/core/handlers/health.handler.ts:75:13)

  console.log
    Données validées par le schéma Zod: {"nom":"Article 6","prix":25.99,"categorie_id":1,"images":[],"stocks":[],"actif":true}

      at createArticle (src/routes/magasin/core/handlers/create-article.handler.ts:22:13)

  console.log
    📝 [Service Magasin] Ajout d'un nouvel article: Article 6

      at ajouterArticle (src/routes/magasin/core/services/magasin.service.ts:216:11)

  console.log
    📝 [Handler Articles] Création d'un nouvel article

      at createArticle (src/routes/magasin/core/handlers/create-article.handler.ts:17:13)

  console.log
    📝 [Handler Articles] Création d'un nouvel article

      at createArticle (src/routes/magasin/core/handlers/create-article.handler.ts:17:13)

  console.error
    ❌ [Service Magasin] Erreur ajout article: Error: ER_NO_REFERENCED_ROW_2: Cannot add or update a child row
        at Object.<anonymous> (C:\Users\guillaumehouthoofd\Documents\Benoit\Epreuve_intégrée\ClubManager\api\src\routes\magasin\__tests__\magasin.errors.test.ts:115:9)
        at Promise.then.completed (C:\Users\guillaumehouthoofd\Documents\Benoit\Epreuve_intégrée\ClubManager\api\node_modules\jest-circus\build\utils.js:298:28)
        at new Promise (<anonymous>)
        at callAsyncCircusFn (C:\Users\guillaumehouthoofd\Documents\Benoit\Epreuve_intégrée\ClubManager\api\node_modules\jest-circus\build\utils.js:231:10)
        at _callCircusTest (C:\Users\guillaumehouthoofd\Documents\Benoit\Epreuve_intégrée\ClubManager\api\node_modules\jest-circus\build\run.js:316:40)
        at processTicksAndRejections (node:internal/process/task_queues:105:5)
        at _runTest (C:\Users\guillaumehouthoofd\Documents\Benoit\Epreuve_intégrée\ClubManager\api\node_modules\jest-circus\build\run.js:252:3)
        at _runTestsForDescribeBlock (C:\Users\guillaumehouthoofd\Documents\Benoit\Epreuve_intégrée\ClubManager\api\node_modules\jest-circus\build\run.js:126:9)
        at _runTestsForDescribeBlock (C:\Users\guillaumehouthoofd\Documents\Benoit\Epreuve_intégrée\ClubManager\api\node_modules\jest-circus\build\run.js:121:9)
        at _runTestsForDescribeBlock (C:\Users\guillaumehouthoofd\Documents\Benoit\Epreuve_intégrée\ClubManager\api\node_modules\jest-circus\build\run.js:121:9)
        at run (C:\Users\guillaumehouthoofd\Documents\Benoit\Epreuve_intégrée\ClubManager\api\node_modules\jest-circus\build\run.js:71:3)
        at runAndTransformResultsToJestFormat (C:\Users\guillaumehouthoofd\Documents\Benoit\Epreuve_intégrée\ClubManager\api\node_modules\jest-circus\build\legacy-code-todo-rewrite\jestAdapterInit.js:122:21)
        at jestAdapter (C:\Users\guillaumehouthoofd\Documents\Benoit\Epreuve_intégrée\ClubManager\api\node_modules\jest-circus\build\legacy-code-todo-rewrite\jestAdapter.js:79:19)
        at runTestInternal (C:\Users\guillaumehouthoofd\Documents\Benoit\Epreuve_intégrée\ClubManager\api\node_modules\jest-runner\build\runTest.js:367:16)
        at runTest (C:\Users\guillaumehouthoofd\Documents\Benoit\Epreuve_intégrée\ClubManager\api\node_modules\jest-runner\build\runTest.js:444:34)
        at Object.worker (C:\Users\guillaumehouthoofd\Documents\Benoit\Epreuve_intégrée\ClubManager\api\node_modules\jest-runner\build\testWorker.js:106:12)

    [0m [90m 233 |[39m     }
     [90m 234 |[39m   } [36mcatch[39m (error) {
    [31m[1m>[22m[39m[90m 235 |[39m     console[33m.[39merror([32m"❌ [Service Magasin] Erreur ajout article:"[39m[33m,[39m error)[33m;[39m
     [90m     |[39m             [31m[1m^[22m[39m
     [90m 236 |[39m     [36mif[39m (error [36minstanceof[39m [33mError[39m) {
     [90m 237 |[39m       [36mthrow[39m error[33m;[39m
     [90m 238 |[39m     }[0m

      at ajouterArticle (src/routes/magasin/core/services/magasin.service.ts:235:13)
      at createArticle (src/routes/magasin/core/handlers/create-article.handler.ts:27:20)
      at Object.<anonymous> (src/routes/magasin/__tests__/magasin.errors.test.ts:125:7)

  console.log
    Données validées par le schéma Zod: {"nom":"Article 7","prix":25.99,"categorie_id":1,"images":[],"stocks":[],"actif":true}

      at createArticle (src/routes/magasin/core/handlers/create-article.handler.ts:22:13)

  console.log
    📝 [Service Magasin] Modification de l'article 1

      at modifierArticle (src/routes/magasin/core/services/magasin.service.ts:253:11)

  console.log
    ✅ [Service Magasin] Article modifié avec succès

      at modifierArticle (src/routes/magasin/core/services/magasin.service.ts:259:15)

  console.error
    ❌ [Handler Articles] Erreur création article: Error: ER_NO_REFERENCED_ROW_2: Cannot add or update a child row
        at Object.<anonymous> (C:\Users\guillaumehouthoofd\Documents\Benoit\Epreuve_intégrée\ClubManager\api\src\routes\magasin\__tests__\magasin.errors.test.ts:115:9)
        at Promise.then.completed (C:\Users\guillaumehouthoofd\Documents\Benoit\Epreuve_intégrée\ClubManager\api\node_modules\jest-circus\build\utils.js:298:28)
        at new Promise (<anonymous>)
        at callAsyncCircusFn (C:\Users\guillaumehouthoofd\Documents\Benoit\Epreuve_intégrée\ClubManager\api\node_modules\jest-circus\build\utils.js:231:10)
        at _callCircusTest (C:\Users\guillaumehouthoofd\Documents\Benoit\Epreuve_intégrée\ClubManager\api\node_modules\jest-circus\build\run.js:316:40)
        at processTicksAndRejections (node:internal/process/task_queues:105:5)
        at _runTest (C:\Users\guillaumehouthoofd\Documents\Benoit\Epreuve_intégrée\ClubManager\api\node_modules\jest-circus\build\run.js:252:3)
        at _runTestsForDescribeBlock (C:\Users\guillaumehouthoofd\Documents\Benoit\Epreuve_intégrée\ClubManager\api\node_modules\jest-circus\build\run.js:126:9)
        at _runTestsForDescribeBlock (C:\Users\guillaumehouthoofd\Documents\Benoit\Epreuve_intégrée\ClubManager\api\node_modules\jest-circus\build\run.js:121:9)
        at _runTestsForDescribeBlock (C:\Users\guillaumehouthoofd\Documents\Benoit\Epreuve_intégrée\ClubManager\api\node_modules\jest-circus\build\run.js:121:9)
        at run (C:\Users\guillaumehouthoofd\Documents\Benoit\Epreuve_intégrée\ClubManager\api\node_modules\jest-circus\build\run.js:71:3)
        at runAndTransformResultsToJestFormat (C:\Users\guillaumehouthoofd\Documents\Benoit\Epreuve_intégrée\ClubManager\api\node_modules\jest-circus\build\legacy-code-todo-rewrite\jestAdapterInit.js:122:21)
        at jestAdapter (C:\Users\guillaumehouthoofd\Documents\Benoit\Epreuve_intégrée\ClubManager\api\node_modules\jest-circus\build\legacy-code-todo-rewrite\jestAdapter.js:79:19)
        at runTestInternal (C:\Users\guillaumehouthoofd\Documents\Benoit\Epreuve_intégrée\ClubManager\api\node_modules\jest-runner\build\runTest.js:367:16)
        at runTest (C:\Users\guillaumehouthoofd\Documents\Benoit\Epreuve_intégrée\ClubManager\api\node_modules\jest-runner\build\runTest.js:444:34)
        at Object.worker (C:\Users\guillaumehouthoofd\Documents\Benoit\Epreuve_intégrée\ClubManager\api\node_modules\jest-runner\build\testWorker.js:106:12)

    [0m [90m 54 |[39m     }
     [90m 55 |[39m
    [31m[1m>[22m[39m[90m 56 |[39m     console[33m.[39merror([32m"❌ [Handler Articles] Erreur création article:"[39m[33m,[39m error)[33m;[39m
     [90m    |[39m             [31m[1m^[22m[39m
     [90m 57 |[39m     res[33m.[39mstatus([35m500[39m)[33m.[39mjson({
     [90m 58 |[39m       message[33m:[39m [32m"Erreur lors de la création de l'article"[39m[33m,[39m
     [90m 59 |[39m       error[33m:[39m error [36minstanceof[39m [33mError[39m [33m?[39m error[33m.[39mmessage [33m:[39m [32m"Erreur inconnue"[39m[33m,[39m[0m

      at createArticle (src/routes/magasin/core/handlers/create-article.handler.ts:56:13)
      at Object.<anonymous> (src/routes/magasin/__tests__/magasin.errors.test.ts:125:7)

  console.log
    📝 [Service Magasin] Ajout d'un nouvel article: Article 7

      at ajouterArticle (src/routes/magasin/core/services/magasin.service.ts:216:11)

  console.log
    ✅ [Handler Articles] Article modifié avec succès

      at updateArticle (src/routes/magasin/core/handlers/update-article.handler.ts:49:13)

  console.log
    📝 [Handler Articles] Création d'un nouvel article

      at createArticle (src/routes/magasin/core/handlers/create-article.handler.ts:17:13)

  console.log
    📊 [Handler Statistiques] Récupération des statistiques du magasin

      at getStatistiquesMagasin (src/routes/magasin/core/handlers/health.handler.ts:62:13)

  console.log
    Données validées par le schéma Zod: {"nom":"Article 8","prix":25.99,"categorie_id":1,"images":[],"stocks":[],"actif":true}

      at createArticle (src/routes/magasin/core/handlers/create-article.handler.ts:22:13)

  console.log
    📝 [Handler Articles] Modification d'un article

      at updateArticle (src/routes/magasin/core/handlers/update-article.handler.ts:17:13)

  console.log
    📝 [Service Magasin] Ajout d'un nouvel article: Article 8

      at ajouterArticle (src/routes/magasin/core/services/magasin.service.ts:216:11)

  console.log
    📊 [Service Magasin] Calcul des statistiques

      at calculerStatistiquesMagasin (src/routes/magasin/core/services/magasin.service.ts:805:11)

  console.log
    📝 [Handler Articles] Création d'un nouvel article

      at createArticle (src/routes/magasin/core/handlers/create-article.handler.ts:17:13)

  console.log
    ✅ [Handler Statistiques] Statistiques récupérées avec succès

      at getStatistiquesMagasin (src/routes/magasin/core/handlers/health.handler.ts:75:13)

  console.log
    Données validées par le schéma Zod: {"nom":"Article 9","prix":25.99,"categorie_id":1,"images":[],"stocks":[],"actif":true}

      at createArticle (src/routes/magasin/core/handlers/create-article.handler.ts:22:13)

  console.error
    ❌ [Service Magasin] Erreur récupération PaymentIntent: Error: Commande non trouvée ou ne vous appartient pas
        at obtenirPaymentIntentCommande (C:\Users\guillaumehouthoofd\Documents\Benoit\Epreuve_intégrée\ClubManager\api\src\routes\magasin\core\services\magasin.service.ts:592:13)
        at processTicksAndRejections (node:internal/process/task_queues:105:5)
        at getPaymentIntent (C:\Users\guillaumehouthoofd\Documents\Benoit\Epreuve_intégrée\ClubManager\api\src\routes\magasin\core\handlers\get-payment-intent.handler.ts:39:27)
        at Object.<anonymous> (C:\Users\guillaumehouthoofd\Documents\Benoit\Epreuve_intégrée\ClubManager\api\src\routes\magasin\__tests__\magasin.security.test.ts:192:7)

    [0m [90m 654 |[39m     }[33m;[39m
     [90m 655 |[39m   } [36mcatch[39m (error[33m:[39m any) {
    [31m[1m>[22m[39m[90m 656 |[39m     console[33m.[39merror(
     [90m     |[39m             [31m[1m^[22m[39m
     [90m 657 |[39m       [32m"❌ [Service Magasin] Erreur récupération PaymentIntent:"[39m[33m,[39m
     [90m 658 |[39m       error[33m,[39m
     [90m 659 |[39m     )[33m;[39m[0m

      at obtenirPaymentIntentCommande (src/routes/magasin/core/services/magasin.service.ts:656:13)
      at getPaymentIntent (src/routes/magasin/core/handlers/get-payment-intent.handler.ts:39:27)
      at Object.<anonymous> (src/routes/magasin/__tests__/magasin.security.test.ts:192:7)

  console.log
    📝 [Service Magasin] Ajout d'un nouvel article: Article 9

      at ajouterArticle (src/routes/magasin/core/services/magasin.service.ts:216:11)

  console.error
    ❌ [Handler Articles] Erreur de validation: [
      {
        code: 'too_small',
        minimum: 0,
        type: 'number',
        inclusive: false,
        exact: false,
        message: 'Le prix doit être positif',
        path: [ 'prix' ]
      },
      {
        code: 'too_small',
        minimum: 0.01,
        type: 'number',
        inclusive: true,
        exact: false,
        message: 'Le prix minimum est 0.01€',
        path: [ 'prix' ]
      }
    ]

    [0m [90m 43 |[39m   } [36mcatch[39m (error) {
     [90m 44 |[39m     [36mif[39m (error [36minstanceof[39m z[33m.[39m[33mZodError[39m) {
    [31m[1m>[22m[39m[90m 45 |[39m       console[33m.[39merror(
     [90m    |[39m               [31m[1m^[22m[39m
     [90m 46 |[39m         [32m"❌ [Handler Articles] Erreur de validation:"[39m[33m,[39m
     [90m 47 |[39m         error[33m.[39merrors[33m,[39m
     [90m 48 |[39m       )[33m;[39m[0m

      at createArticle (src/routes/magasin/core/handlers/create-article.handler.ts:45:15)
      at Object.<anonymous> (src/routes/magasin/__tests__/magasin.edge-cases.test.ts:119:13)

  console.log
    📋 [Handler Commandes] Récupération de toutes les commandes

      at getCommandes (src/routes/magasin/core/handlers/get-commandes.handler.ts:17:13)

  console.log
    📝 [Handler Articles] Modification d'un article

      at updateArticle (src/routes/magasin/core/handlers/update-article.handler.ts:17:13)

  console.error
    ❌ [Handler Payment Intent] Erreur récupération PaymentIntent: Error: Commande non trouvée ou ne vous appartient pas
        at obtenirPaymentIntentCommande (C:\Users\guillaumehouthoofd\Documents\Benoit\Epreuve_intégrée\ClubManager\api\src\routes\magasin\core\services\magasin.service.ts:592:13)
        at processTicksAndRejections (node:internal/process/task_queues:105:5)
        at getPaymentIntent (C:\Users\guillaumehouthoofd\Documents\Benoit\Epreuve_intégrée\ClubManager\api\src\routes\magasin\core\handlers\get-payment-intent.handler.ts:39:27)
        at Object.<anonymous> (C:\Users\guillaumehouthoofd\Documents\Benoit\Epreuve_intégrée\ClubManager\api\src\routes\magasin\__tests__\magasin.security.test.ts:192:7)

    [0m [90m 61 |[39m     }
     [90m 62 |[39m
    [31m[1m>[22m[39m[90m 63 |[39m     console[33m.[39merror(
     [90m    |[39m             [31m[1m^[22m[39m
     [90m 64 |[39m       [32m"❌ [Handler Payment Intent] Erreur récupération PaymentIntent:"[39m[33m,[39m
     [90m 65 |[39m       error[33m,[39m
     [90m 66 |[39m     )[33m;[39m[0m

      at getPaymentIntent (src/routes/magasin/core/handlers/get-payment-intent.handler.ts:63:13)
      at Object.<anonymous> (src/routes/magasin/__tests__/magasin.security.test.ts:192:7)

  console.error
    ❌ [Service Magasin] Erreur récupération articles: Error: Erreur DB
        at Object.<anonymous> (C:\Users\guillaumehouthoofd\Documents\Benoit\Epreuve_intégrée\ClubManager\api\src\routes\magasin\__tests__\magasin.service-branches.test.ts:60:9)
        at Promise.then.completed (C:\Users\guillaumehouthoofd\Documents\Benoit\Epreuve_intégrée\ClubManager\api\node_modules\jest-circus\build\utils.js:298:28)
        at new Promise (<anonymous>)
        at callAsyncCircusFn (C:\Users\guillaumehouthoofd\Documents\Benoit\Epreuve_intégrée\ClubManager\api\node_modules\jest-circus\build\utils.js:231:10)
        at _callCircusTest (C:\Users\guillaumehouthoofd\Documents\Benoit\Epreuve_intégrée\ClubManager\api\node_modules\jest-circus\build\run.js:316:40)
        at processTicksAndRejections (node:internal/process/task_queues:105:5)
        at _runTest (C:\Users\guillaumehouthoofd\Documents\Benoit\Epreuve_intégrée\ClubManager\api\node_modules\jest-circus\build\run.js:252:3)
        at _runTestsForDescribeBlock (C:\Users\guillaumehouthoofd\Documents\Benoit\Epreuve_intégrée\ClubManager\api\node_modules\jest-circus\build\run.js:126:9)
        at _runTestsForDescribeBlock (C:\Users\guillaumehouthoofd\Documents\Benoit\Epreuve_intégrée\ClubManager\api\node_modules\jest-circus\build\run.js:121:9)
        at _runTestsForDescribeBlock (C:\Users\guillaumehouthoofd\Documents\Benoit\Epreuve_intégrée\ClubManager\api\node_modules\jest-circus\build\run.js:121:9)
        at run (C:\Users\guillaumehouthoofd\Documents\Benoit\Epreuve_intégrée\ClubManager\api\node_modules\jest-circus\build\run.js:71:3)
        at runAndTransformResultsToJestFormat (C:\Users\guillaumehouthoofd\Documents\Benoit\Epreuve_intégrée\ClubManager\api\node_modules\jest-circus\build\legacy-code-todo-rewrite\jestAdapterInit.js:122:21)
        at jestAdapter (C:\Users\guillaumehouthoofd\Documents\Benoit\Epreuve_intégrée\ClubManager\api\node_modules\jest-circus\build\legacy-code-todo-rewrite\jestAdapter.js:79:19)
        at runTestInternal (C:\Users\guillaumehouthoofd\Documents\Benoit\Epreuve_intégrée\ClubManager\api\node_modules\jest-runner\build\runTest.js:367:16)
        at runTest (C:\Users\guillaumehouthoofd\Documents\Benoit\Epreuve_intégrée\ClubManager\api\node_modules\jest-runner\build\runTest.js:444:34)
        at Object.worker (C:\Users\guillaumehouthoofd\Documents\Benoit\Epreuve_intégrée\ClubManager\api\node_modules\jest-runner\build\testWorker.js:106:12)

    [0m [90m 173 |[39m     [36mreturn[39m articles[33m;[39m
     [90m 174 |[39m   } [36mcatch[39m (error) {
    [31m[1m>[22m[39m[90m 175 |[39m     console[33m.[39merror([32m"❌ [Service Magasin] Erreur récupération articles:"[39m[33m,[39m error)[33m;[39m
     [90m     |[39m             [31m[1m^[22m[39m
     [90m 176 |[39m     [36mthrow[39m [36mnew[39m [33mError[39m([32m"Impossible de récupérer les articles"[39m)[33m;[39m
     [90m 177 |[39m   }
     [90m 178 |[39m }[0m

      at Module.obtenirArticlesParCategories (src/routes/magasin/core/services/magasin.service.ts:175:13)
      at Object.<anonymous> (src/routes/magasin/__tests__/magasin.service-branches.test.ts:63:7)

  console.log
    🔍 [Service Magasin] Récupération de toutes les commandes

      at obtenirLesCommandes (src/routes/magasin/core/services/magasin.service.ts:453:11)

  console.log
    📊 [Handler Statistiques] Récupération des statistiques du magasin

      at getStatistiquesMagasin (src/routes/magasin/core/handlers/health.handler.ts:62:13)

  console.log
    📝 [Handler Articles] Création d'un nouvel article

      at createArticle (src/routes/magasin/core/handlers/create-article.handler.ts:17:13)

  console.log
    Données validées par le schéma Zod: {"id":1,"nom":"Test"}

      at updateArticle (src/routes/magasin/core/handlers/update-article.handler.ts:38:13)

  console.log
    📊 [Service Magasin] Calcul des statistiques

      at calculerStatistiquesMagasin (src/routes/magasin/core/services/magasin.service.ts:805:11)

  console.log
    Données validées par le schéma Zod: {"nom":"Article Prix Décimal","prix":45.999999,"categorie_id":1,"images":[],"stocks":[],"actif":true}

      at createArticle (src/routes/magasin/core/handlers/create-article.handler.ts:22:13)

  console.log
    📝 [Service Magasin] Modification de l'article 1

      at modifierArticle (src/routes/magasin/core/services/magasin.service.ts:253:11)

  console.log
    ✅ [Handler Statistiques] Statistiques récupérées avec succès

      at getStatistiquesMagasin (src/routes/magasin/core/handlers/health.handler.ts:75:13)

  console.log
    📝 [Service Magasin] Ajout d'un nouvel article: Article Prix Décimal

      at ajouterArticle (src/routes/magasin/core/services/magasin.service.ts:216:11)

  console.log
    📝 [Handler Articles] Création d'un nouvel article

      at createArticle (src/routes/magasin/core/handlers/create-article.handler.ts:17:13)

  console.log
    Données validées par le schéma Zod: {"nom":"Article 10","prix":25.99,"categorie_id":1,"images":[],"stocks":[],"actif":true}

      at createArticle (src/routes/magasin/core/handlers/create-article.handler.ts:22:13)

  console.log
    ✅ [Service Magasin] Article ajouté avec succès

      at ajouterArticle (src/routes/magasin/core/services/magasin.service.ts:225:15)

  console.log
    📝 [Service Magasin] Ajout d'un nouvel article: Article 10

      at ajouterArticle (src/routes/magasin/core/services/magasin.service.ts:216:11)

  console.log
    ✅ [Handler Articles] Article créé avec succès

      at createArticle (src/routes/magasin/core/handlers/create-article.handler.ts:30:15)

  console.log
    📝 [Handler Articles] Création d'un nouvel article

      at createArticle (src/routes/magasin/core/handlers/create-article.handler.ts:17:13)

  console.error
    ❌ [Service Magasin] Erreur récupération commandes: Error: ER_NO_SUCH_TABLE: Table doesn't exist
        at Object.<anonymous> (C:\Users\guillaumehouthoofd\Documents\Benoit\Epreuve_intégrée\ClubManager\api\src\routes\magasin\__tests__\magasin.errors.test.ts:136:9)
        at Promise.then.completed (C:\Users\guillaumehouthoofd\Documents\Benoit\Epreuve_intégrée\ClubManager\api\node_modules\jest-circus\build\utils.js:298:28)
        at new Promise (<anonymous>)
        at callAsyncCircusFn (C:\Users\guillaumehouthoofd\Documents\Benoit\Epreuve_intégrée\ClubManager\api\node_modules\jest-circus\build\utils.js:231:10)
        at _callCircusTest (C:\Users\guillaumehouthoofd\Documents\Benoit\Epreuve_intégrée\ClubManager\api\node_modules\jest-circus\build\run.js:316:40)
        at processTicksAndRejections (node:internal/process/task_queues:105:5)
        at _runTest (C:\Users\guillaumehouthoofd\Documents\Benoit\Epreuve_intégrée\ClubManager\api\node_modules\jest-circus\build\run.js:252:3)
        at _runTestsForDescribeBlock (C:\Users\guillaumehouthoofd\Documents\Benoit\Epreuve_intégrée\ClubManager\api\node_modules\jest-circus\build\run.js:126:9)
        at _runTestsForDescribeBlock (C:\Users\guillaumehouthoofd\Documents\Benoit\Epreuve_intégrée\ClubManager\api\node_modules\jest-circus\build\run.js:121:9)
        at _runTestsForDescribeBlock (C:\Users\guillaumehouthoofd\Documents\Benoit\Epreuve_intégrée\ClubManager\api\node_modules\jest-circus\build\run.js:121:9)
        at run (C:\Users\guillaumehouthoofd\Documents\Benoit\Epreuve_intégrée\ClubManager\api\node_modules\jest-circus\build\run.js:71:3)
        at runAndTransformResultsToJestFormat (C:\Users\guillaumehouthoofd\Documents\Benoit\Epreuve_intégrée\ClubManager\api\node_modules\jest-circus\build\legacy-code-todo-rewrite\jestAdapterInit.js:122:21)
        at jestAdapter (C:\Users\guillaumehouthoofd\Documents\Benoit\Epreuve_intégrée\ClubManager\api\node_modules\jest-circus\build\legacy-code-todo-rewrite\jestAdapter.js:79:19)
        at runTestInternal (C:\Users\guillaumehouthoofd\Documents\Benoit\Epreuve_intégrée\ClubManager\api\node_modules\jest-runner\build\runTest.js:367:16)
        at runTest (C:\Users\guillaumehouthoofd\Documents\Benoit\Epreuve_intégrée\ClubManager\api\node_modules\jest-runner\build\runTest.js:444:34)
        at Object.worker (C:\Users\guillaumehouthoofd\Documents\Benoit\Epreuve_intégrée\ClubManager\api\node_modules\jest-runner\build\testWorker.js:106:12)

    [0m [90m 462 |[39m     [36mreturn[39m commandes[33m;[39m
     [90m 463 |[39m   } [36mcatch[39m (error) {
    [31m[1m>[22m[39m[90m 464 |[39m     console[33m.[39merror([32m"❌ [Service Magasin] Erreur récupération commandes:"[39m[33m,[39m error)[33m;[39m
     [90m     |[39m             [31m[1m^[22m[39m
     [90m 465 |[39m     [36mthrow[39m [36mnew[39m [33mError[39m([32m"Impossible de récupérer les commandes"[39m)[33m;[39m
     [90m 466 |[39m   }
     [90m 467 |[39m }[0m

      at obtenirLesCommandes (src/routes/magasin/core/services/magasin.service.ts:464:13)
      at getCommandes (src/routes/magasin/core/handlers/get-commandes.handler.ts:19:23)
      at Object.<anonymous> (src/routes/magasin/__tests__/magasin.errors.test.ts:139:7)

  console.log
    📊 [Service Magasin] Calcul des statistiques

      at Module.calculerStatistiquesMagasin (src/routes/magasin/core/services/magasin.service.ts:805:11)

  console.log
    Données validées par le schéma Zod: {"nom":"Article 11","prix":25.99,"categorie_id":1,"images":[],"stocks":[],"actif":true}

      at createArticle (src/routes/magasin/core/handlers/create-article.handler.ts:22:13)

  console.log
    📝 [Handler Articles] Création d'un nouvel article

      at createArticle (src/routes/magasin/core/handlers/create-article.handler.ts:17:13)

  console.log
    📝 [Service Magasin] Ajout d'un nouvel article: Article 11

      at ajouterArticle (src/routes/magasin/core/services/magasin.service.ts:216:11)

  console.error
    ❌ [Service Magasin] Erreur lors de la modification: Article non trouvé

    [0m [90m 260 |[39m       [36mreturn[39m result[33m;[39m
     [90m 261 |[39m     } [36melse[39m {
    [31m[1m>[22m[39m[90m 262 |[39m       console[33m.[39merror(
     [90m     |[39m               [31m[1m^[22m[39m
     [90m 263 |[39m         [32m"❌ [Service Magasin] Erreur lors de la modification:"[39m[33m,[39m
     [90m 264 |[39m         result[33m.[39mmessage[33m,[39m
     [90m 265 |[39m       )[33m;[39m[0m

      at modifierArticle (src/routes/magasin/core/services/magasin.service.ts:262:15)
      at updateArticle (src/routes/magasin/core/handlers/update-article.handler.ts:43:20)
      at Object.<anonymous> (src/routes/magasin/__tests__/magasin.test.ts:356:7)

  console.log
    📝 [Handler Articles] Création d'un nouvel article

      at createArticle (src/routes/magasin/core/handlers/create-article.handler.ts:17:13)

  console.log
    📊 [Service Magasin] Calcul des statistiques

      at Module.calculerStatistiquesMagasin (src/routes/magasin/core/services/magasin.service.ts:805:11)

  console.log
    Données validées par le schéma Zod: {"nom":"Article Stock Zéro","prix":25.99,"categorie_id":1,"images":[],"stocks":[{"taille":"M","quantite":0}],"actif":true}

      at createArticle (src/routes/magasin/core/handlers/create-article.handler.ts:22:13)

  console.error
    ❌ [Handler Commandes] Erreur récupération commandes: Error: Impossible de récupérer les commandes
        at obtenirLesCommandes (C:\Users\guillaumehouthoofd\Documents\Benoit\Epreuve_intégrée\ClubManager\api\src\routes\magasin\core\services\magasin.service.ts:465:11)
        at processTicksAndRejections (node:internal/process/task_queues:105:5)
        at getCommandes (C:\Users\guillaumehouthoofd\Documents\Benoit\Epreuve_intégrée\ClubManager\api\src\routes\magasin\core\handlers\get-commandes.handler.ts:19:23)
        at Object.<anonymous> (C:\Users\guillaumehouthoofd\Documents\Benoit\Epreuve_intégrée\ClubManager\api\src\routes\magasin\__tests__\magasin.errors.test.ts:139:7)

    [0m [90m 25 |[39m     res[33m.[39mstatus([35m200[39m)[33m.[39mjson({ commandes })[33m;[39m
     [90m 26 |[39m   } [36mcatch[39m (error) {
    [31m[1m>[22m[39m[90m 27 |[39m     console[33m.[39merror(
     [90m    |[39m             [31m[1m^[22m[39m
     [90m 28 |[39m       [32m"❌ [Handler Commandes] Erreur récupération commandes:"[39m[33m,[39m
     [90m 29 |[39m       error[33m,[39m
     [90m 30 |[39m     )[33m;[39m[0m

      at getCommandes (src/routes/magasin/core/handlers/get-commandes.handler.ts:27:13)
      at Object.<anonymous> (src/routes/magasin/__tests__/magasin.errors.test.ts:139:7)

  console.log
    Données validées par le schéma Zod: {"nom":"Article 12","prix":25.99,"categorie_id":1,"images":[],"stocks":[],"actif":true}

      at createArticle (src/routes/magasin/core/handlers/create-article.handler.ts:22:13)

  console.log
    🔍 [Handler Payment Intent] Récupération PaymentIntent pour commande

      at getPaymentIntent (src/routes/magasin/core/handlers/get-payment-intent.handler.ts:17:13)

  console.log
    📝 [Service Magasin] Ajout d'un nouvel article: Article Stock Zéro

      at ajouterArticle (src/routes/magasin/core/services/magasin.service.ts:216:11)

  console.log
    📝 [Service Magasin] Ajout d'un nouvel article: Article 12

      at ajouterArticle (src/routes/magasin/core/services/magasin.service.ts:216:11)

  console.log
    ✅ [Service Magasin] Article ajouté avec succès

      at ajouterArticle (src/routes/magasin/core/services/magasin.service.ts:225:15)

  console.log
    📊 [Service Magasin] Calcul des statistiques

      at Module.calculerStatistiquesMagasin (src/routes/magasin/core/services/magasin.service.ts:805:11)

  console.log
    🔍 [Service Magasin] Récupération des catégories

      at Module.obtenirLesCategories (src/routes/magasin/core/services/magasin.service.ts:188:11)

  console.log
    ✅ [Handler Articles] Article créé avec succès

      at createArticle (src/routes/magasin/core/handlers/create-article.handler.ts:30:15)

  console.log
    📝 [Handler Articles] Création d'un nouvel article

      at createArticle (src/routes/magasin/core/handlers/create-article.handler.ts:17:13)

  console.log
    📝 [Handler Articles] Création d'un nouvel article

      at createArticle (src/routes/magasin/core/handlers/create-article.handler.ts:17:13)

  console.log
    ✅ [Service Magasin] 2 catégories récupérées

      at Module.obtenirLesCategories (src/routes/magasin/core/services/magasin.service.ts:193:13)

  console.log
    Données validées par le schéma Zod: {"nom":"Article Stock Max","prix":25.99,"categorie_id":1,"images":[],"stocks":[{"taille":"L","quantite":999999}],"actif":true}

      at createArticle (src/routes/magasin/core/handlers/create-article.handler.ts:22:13)

  console.log
    📝 [Service Magasin] Ajout d'un nouvel article: Article Stock Max

      at ajouterArticle (src/routes/magasin/core/services/magasin.service.ts:216:11)

  console.log
    📝 [Handler Articles] Création d'un nouvel article

      at createArticle (src/routes/magasin/core/handlers/create-article.handler.ts:17:13)

  console.log
    ✅ [Service Magasin] Article ajouté avec succès

      at ajouterArticle (src/routes/magasin/core/services/magasin.service.ts:225:15)

  console.log
    ✅ [Handler Articles] Article créé avec succès

      at createArticle (src/routes/magasin/core/handlers/create-article.handler.ts:30:15)

  console.log
    📊 [Service Magasin] Calcul des statistiques

      at Module.calculerStatistiquesMagasin (src/routes/magasin/core/services/magasin.service.ts:805:11)

  console.log
    Données validées par le schéma Zod: {"nom":"Article 13","prix":25.99,"categorie_id":1,"images":[],"stocks":[],"actif":true}

      at createArticle (src/routes/magasin/core/handlers/create-article.handler.ts:22:13)

  console.error
    ❌ [Handler Payment Intent] Erreur de validation: [
      {
        code: 'invalid_type',
        expected: 'string',
        received: 'undefined',
        path: [ 'userId' ],
        message: "L'ID utilisateur est requis"
      }
    ]

    [0m [90m 50 |[39m   } [36mcatch[39m (error) {
     [90m 51 |[39m     [36mif[39m (error [36minstanceof[39m z[33m.[39m[33mZodError[39m) {
    [31m[1m>[22m[39m[90m 52 |[39m       console[33m.[39merror(
     [90m    |[39m               [31m[1m^[22m[39m
     [90m 53 |[39m         [32m"❌ [Handler Payment Intent] Erreur de validation:"[39m[33m,[39m
     [90m 54 |[39m         error[33m.[39merrors[33m,[39m
     [90m 55 |[39m       )[33m;[39m[0m

      at getPaymentIntent (src/routes/magasin/core/handlers/get-payment-intent.handler.ts:52:15)
      at Object.<anonymous> (src/routes/magasin/__tests__/magasin.security.test.ts:210:13)

  console.log
    📝 [Service Magasin] Ajout d'un nouvel article: Article 13

      at ajouterArticle (src/routes/magasin/core/services/magasin.service.ts:216:11)

  console.log
    📝 [Handler Articles] Création d'un nouvel article

      at createArticle (src/routes/magasin/core/handlers/create-article.handler.ts:17:13)

  console.log
    🔍 [Service Magasin] Récupération des catégories

      at Module.obtenirLesCategories (src/routes/magasin/core/services/magasin.service.ts:188:11)

  console.log
    📝 [Handler Articles] Création d'un nouvel article

      at createArticle (src/routes/magasin/core/handlers/create-article.handler.ts:17:13)

  console.log
    Données validées par le schéma Zod: {"nom":"A","prix":25.99,"categorie_id":1,"images":[],"stocks":[],"actif":true}

      at createArticle (src/routes/magasin/core/handlers/create-article.handler.ts:22:13)

  console.log
    Données validées par le schéma Zod: {"nom":"Article 14","prix":25.99,"categorie_id":1,"images":[],"stocks":[],"actif":true}

      at createArticle (src/routes/magasin/core/handlers/create-article.handler.ts:22:13)

  console.log
    📝 [Service Magasin] Ajout d'un nouvel article: A

      at ajouterArticle (src/routes/magasin/core/services/magasin.service.ts:216:11)

  console.log
    ✅ [Service Magasin] Article ajouté avec succès

      at ajouterArticle (src/routes/magasin/core/services/magasin.service.ts:225:15)

  console.log
    📝 [Handler Articles] Création d'un nouvel article

      at createArticle (src/routes/magasin/core/handlers/create-article.handler.ts:17:13)

  console.log
    📊 [Service Magasin] Calcul des statistiques

      at Module.calculerStatistiquesMagasin (src/routes/magasin/core/services/magasin.service.ts:805:11)

  console.log
    ✅ [Handler Articles] Article créé avec succès

      at createArticle (src/routes/magasin/core/handlers/create-article.handler.ts:30:15)

  console.log
    📝 [Service Magasin] Ajout d'un nouvel article: Article 14

      at ajouterArticle (src/routes/magasin/core/services/magasin.service.ts:216:11)

  console.log
    Données validées par le schéma Zod: {"nom":"Test","prix":25.999999,"categorie_id":1,"images":[],"stocks":[],"actif":true}

      at createArticle (src/routes/magasin/core/handlers/create-article.handler.ts:22:13)

  console.log
    📝 [Handler Articles] Création d'un nouvel article

      at createArticle (src/routes/magasin/core/handlers/create-article.handler.ts:17:13)

  console.error
    ❌ [Service Magasin] Erreur modification article: Error: Article non trouvé
        at modifierArticle (C:\Users\guillaumehouthoofd\Documents\Benoit\Epreuve_intégrée\ClubManager\api\src\routes\magasin\core\services\magasin.service.ts:266:13)
        at processTicksAndRejections (node:internal/process/task_queues:105:5)
        at updateArticle (C:\Users\guillaumehouthoofd\Documents\Benoit\Epreuve_intégrée\ClubManager\api\src\routes\magasin\core\handlers\update-article.handler.ts:43:20)
        at Object.<anonymous> (C:\Users\guillaumehouthoofd\Documents\Benoit\Epreuve_intégrée\ClubManager\api\src\routes\magasin\__tests__\magasin.test.ts:356:7)

    [0m [90m 269 |[39m     }
     [90m 270 |[39m   } [36mcatch[39m (error) {
    [31m[1m>[22m[39m[90m 271 |[39m     console[33m.[39merror([32m"❌ [Service Magasin] Erreur modification article:"[39m[33m,[39m error)[33m;[39m
     [90m     |[39m             [31m[1m^[22m[39m
     [90m 272 |[39m     [36mif[39m (error [36minstanceof[39m [33mError[39m) {
     [90m 273 |[39m       [36mthrow[39m error[33m;[39m
     [90m 274 |[39m     }[0m

      at modifierArticle (src/routes/magasin/core/services/magasin.service.ts:271:13)
      at updateArticle (src/routes/magasin/core/handlers/update-article.handler.ts:43:20)
      at Object.<anonymous> (src/routes/magasin/__tests__/magasin.test.ts:356:7)

  console.log
    📝 [Service Magasin] Ajout d'un nouvel article: Test

      at ajouterArticle (src/routes/magasin/core/services/magasin.service.ts:216:11)

  console.log
    Données validées par le schéma Zod: {"nom":"Article 15","prix":25.99,"categorie_id":1,"images":[],"stocks":[],"actif":true}

      at createArticle (src/routes/magasin/core/handlers/create-article.handler.ts:22:13)

  console.log
    📝 [Handler Articles] Création d'un nouvel article

      at createArticle (src/routes/magasin/core/handlers/create-article.handler.ts:17:13)

  console.log
    ✅ [Service Magasin] Article ajouté avec succès

      at ajouterArticle (src/routes/magasin/core/services/magasin.service.ts:225:15)

  console.error
    ❌ [Handler Articles] Erreur de validation: [
      {
        code: 'too_small',
        minimum: 1,
        type: 'string',
        inclusive: true,
        exact: false,
        message: 'Le nom ne peut pas être vide',
        path: [ 'nom' ]
      },
      {
        code: 'too_small',
        minimum: 0,
        type: 'number',
        inclusive: false,
        exact: false,
        message: 'Le prix doit être positif',
        path: [ 'prix' ]
      },
      {
        code: 'too_small',
        minimum: 0.01,
        type: 'number',
        inclusive: true,
        exact: false,
        message: 'Le prix minimum est 0.01€',
        path: [ 'prix' ]
      },
      {
        code: 'invalid_type',
        expected: 'number',
        received: 'undefined',
        path: [ 'categorie_id' ],
        message: "L'ID de la catégorie est requis"
      }
    ]

    [0m [90m 43 |[39m   } [36mcatch[39m (error) {
     [90m 44 |[39m     [36mif[39m (error [36minstanceof[39m z[33m.[39m[33mZodError[39m) {
    [31m[1m>[22m[39m[90m 45 |[39m       console[33m.[39merror(
     [90m    |[39m               [31m[1m^[22m[39m
     [90m 46 |[39m         [32m"❌ [Handler Articles] Erreur de validation:"[39m[33m,[39m
     [90m 47 |[39m         error[33m.[39merrors[33m,[39m
     [90m 48 |[39m       )[33m;[39m[0m

      at createArticle (src/routes/magasin/core/handlers/create-article.handler.ts:45:15)
      at Object.<anonymous> (src/routes/magasin/__tests__/magasin.errors.test.ts:157:13)

  console.log
    ✅ [Handler Articles] Article créé avec succès

      at createArticle (src/routes/magasin/core/handlers/create-article.handler.ts:30:15)

  console.log
    Données validées par le schéma Zod: {"nom":"AAAAAAAAAAAAAAAAAAAAAAAAAAAAAAAAAAAAAAAAAAAAAAAAAAAAAAAAAAAAAAAAAAAAAAAAAAAAAAAAAAAAAAAAAAAAAAAAAAAAAAAAAAAAAAAAAAAAAAAAAAAAAAAAAAAAAAAAAAAAAAAAAAAAAAAAAAAAAAAAAAAAAAAAAAAAAAAAAAAAAAAAAAAAAAAAAAAAAAAAAAAAAAAAAAAAAAAAAAAAAAAAAAAAAAAAAAAAAAAAAAAAAAAAAAAAAAA","prix":25.99,"categorie_id":1,"images":[],"stocks":[],"actif":true}

      at createArticle (src/routes/magasin/core/handlers/create-article.handler.ts:22:13)

  console.log
    📝 [Service Magasin] Ajout d'un nouvel article: AAAAAAAAAAAAAAAAAAAAAAAAAAAAAAAAAAAAAAAAAAAAAAAAAAAAAAAAAAAAAAAAAAAAAAAAAAAAAAAAAAAAAAAAAAAAAAAAAAAAAAAAAAAAAAAAAAAAAAAAAAAAAAAAAAAAAAAAAAAAAAAAAAAAAAAAAAAAAAAAAAAAAAAAAAAAAAAAAAAAAAAAAAAAAAAAAAAAAAAAAAAAAAAAAAAAAAAAAAAAAAAAAAAAAAAAAAAAAAAAAAAAAAAAAAAAAAA

      at ajouterArticle (src/routes/magasin/core/services/magasin.service.ts:216:11)

  console.log
    📝 [Handler Articles] Modification d'un article

      at updateArticle (src/routes/magasin/core/handlers/update-article.handler.ts:17:13)

  console.log
    ✅ [Service Magasin] Article ajouté avec succès

      at ajouterArticle (src/routes/magasin/core/services/magasin.service.ts:225:15)

  console.log
    ✅ [Handler Articles] Article créé avec succès

      at createArticle (src/routes/magasin/core/handlers/create-article.handler.ts:30:15)

  console.error
    ❌ [Service Magasin] Erreur récupération catégories: Error: Erreur
        at Object.<anonymous> (C:\Users\guillaumehouthoofd\Documents\Benoit\Epreuve_intégrée\ClubManager\api\src\routes\magasin\__tests__\magasin.service-branches.test.ts:89:9)
        at Promise.then.completed (C:\Users\guillaumehouthoofd\Documents\Benoit\Epreuve_intégrée\ClubManager\api\node_modules\jest-circus\build\utils.js:298:28)
        at new Promise (<anonymous>)
        at callAsyncCircusFn (C:\Users\guillaumehouthoofd\Documents\Benoit\Epreuve_intégrée\ClubManager\api\node_modules\jest-circus\build\utils.js:231:10)
        at _callCircusTest (C:\Users\guillaumehouthoofd\Documents\Benoit\Epreuve_intégrée\ClubManager\api\node_modules\jest-circus\build\run.js:316:40)
        at processTicksAndRejections (node:internal/process/task_queues:105:5)
        at _runTest (C:\Users\guillaumehouthoofd\Documents\Benoit\Epreuve_intégrée\ClubManager\api\node_modules\jest-circus\build\run.js:252:3)
        at _runTestsForDescribeBlock (C:\Users\guillaumehouthoofd\Documents\Benoit\Epreuve_intégrée\ClubManager\api\node_modules\jest-circus\build\run.js:126:9)
        at _runTestsForDescribeBlock (C:\Users\guillaumehouthoofd\Documents\Benoit\Epreuve_intégrée\ClubManager\api\node_modules\jest-circus\build\run.js:121:9)
        at _runTestsForDescribeBlock (C:\Users\guillaumehouthoofd\Documents\Benoit\Epreuve_intégrée\ClubManager\api\node_modules\jest-circus\build\run.js:121:9)
        at run (C:\Users\guillaumehouthoofd\Documents\Benoit\Epreuve_intégrée\ClubManager\api\node_modules\jest-circus\build\run.js:71:3)
        at runAndTransformResultsToJestFormat (C:\Users\guillaumehouthoofd\Documents\Benoit\Epreuve_intégrée\ClubManager\api\node_modules\jest-circus\build\legacy-code-todo-rewrite\jestAdapterInit.js:122:21)
        at jestAdapter (C:\Users\guillaumehouthoofd\Documents\Benoit\Epreuve_intégrée\ClubManager\api\node_modules\jest-circus\build\legacy-code-todo-rewrite\jestAdapter.js:79:19)
        at runTestInternal (C:\Users\guillaumehouthoofd\Documents\Benoit\Epreuve_intégrée\ClubManager\api\node_modules\jest-runner\build\runTest.js:367:16)
        at runTest (C:\Users\guillaumehouthoofd\Documents\Benoit\Epreuve_intégrée\ClubManager\api\node_modules\jest-runner\build\runTest.js:444:34)
        at Object.worker (C:\Users\guillaumehouthoofd\Documents\Benoit\Epreuve_intégrée\ClubManager\api\node_modules\jest-runner\build\testWorker.js:106:12)

    [0m [90m 197 |[39m     [36mreturn[39m categories[33m;[39m
     [90m 198 |[39m   } [36mcatch[39m (error) {
    [31m[1m>[22m[39m[90m 199 |[39m     console[33m.[39merror(
     [90m     |[39m             [31m[1m^[22m[39m
     [90m 200 |[39m       [32m"❌ [Service Magasin] Erreur récupération catégories:"[39m[33m,[39m
     [90m 201 |[39m       error[33m,[39m
     [90m 202 |[39m     )[33m;[39m[0m

      at Module.obtenirLesCategories (src/routes/magasin/core/services/magasin.service.ts:199:13)
      at Object.<anonymous> (src/routes/magasin/__tests__/magasin.service-branches.test.ts:92:7)

  console.log
    📝 [Handler Commandes] Création d'une nouvelle commande

      at createCommande (src/routes/magasin/core/handlers/create-commande.handler.ts:19:13)

  console.error
    ❌ [Handler Articles] Erreur modification article: Error: Article non trouvé
        at modifierArticle (C:\Users\guillaumehouthoofd\Documents\Benoit\Epreuve_intégrée\ClubManager\api\src\routes\magasin\core\services\magasin.service.ts:266:13)
        at processTicksAndRejections (node:internal/process/task_queues:105:5)
        at updateArticle (C:\Users\guillaumehouthoofd\Documents\Benoit\Epreuve_intégrée\ClubManager\api\src\routes\magasin\core\handlers\update-article.handler.ts:43:20)
        at Object.<anonymous> (C:\Users\guillaumehouthoofd\Documents\Benoit\Epreuve_intégrée\ClubManager\api\src\routes\magasin\__tests__\magasin.test.ts:356:7)

    [0m [90m 64 |[39m     }
     [90m 65 |[39m
    [31m[1m>[22m[39m[90m 66 |[39m     console[33m.[39merror([32m"❌ [Handler Articles] Erreur modification article:"[39m[33m,[39m error)[33m;[39m
     [90m    |[39m             [31m[1m^[22m[39m
     [90m 67 |[39m
     [90m 68 |[39m     [90m// Vérifier si c'est une erreur métier (article non trouvé)[39m
     [90m 69 |[39m     [36mif[39m (error [36minstanceof[39m [33mError[39m) {[0m

      at updateArticle (src/routes/magasin/core/handlers/update-article.handler.ts:66:13)
      at Object.<anonymous> (src/routes/magasin/__tests__/magasin.test.ts:356:7)

  console.log
    📝 [Handler Articles] Création d'un nouvel article

      at createArticle (src/routes/magasin/core/handlers/create-article.handler.ts:17:13)

  console.log
    📊 [Service Magasin] Calcul des statistiques

      at Module.calculerStatistiquesMagasin (src/routes/magasin/core/services/magasin.service.ts:805:11)

  console.log
    📝 [Handler Articles] Création d'un nouvel article

      at createArticle (src/routes/magasin/core/handlers/create-article.handler.ts:17:13)

  console.log
    Corps reçu: { utilisateur_id: 'invalid', articles: [], total: -50 }

      at createCommande (src/routes/magasin/core/handlers/create-commande.handler.ts:20:13)

  console.log
    Données validées par le schéma Zod: {"nom":"Test\u0000Article\u001f","prix":25.99,"categorie_id":1,"images":[],"stocks":[],"actif":true}

      at createArticle (src/routes/magasin/core/handlers/create-article.handler.ts:22:13)

  console.log
    📝 [Service Magasin] Ajout d'un nouvel article: Test Article

      at ajouterArticle (src/routes/magasin/core/services/magasin.service.ts:216:11)

  console.error
    ❌ [Handler Articles] Erreur de validation: [
      {
        code: 'too_small',
        minimum: 1,
        type: 'string',
        inclusive: true,
        exact: false,
        message: 'Le nom ne peut pas être vide',
        path: [ 'nom' ]
      }
    ]

    [0m [90m 43 |[39m   } [36mcatch[39m (error) {
     [90m 44 |[39m     [36mif[39m (error [36minstanceof[39m z[33m.[39m[33mZodError[39m) {
    [31m[1m>[22m[39m[90m 45 |[39m       console[33m.[39merror(
     [90m    |[39m               [31m[1m^[22m[39m
     [90m 46 |[39m         [32m"❌ [Handler Articles] Erreur de validation:"[39m[33m,[39m
     [90m 47 |[39m         error[33m.[39merrors[33m,[39m
     [90m 48 |[39m       )[33m;[39m[0m

      at createArticle (src/routes/magasin/core/handlers/create-article.handler.ts:45:15)
      at Object.<anonymous> (src/routes/magasin/__tests__/magasin.edge-cases.test.ts:261:13)

  console.log
    📝 [Service Magasin] Ajout d'un nouvel article: Article 15

      at ajouterArticle (src/routes/magasin/core/services/magasin.service.ts:216:11)

  console.error
    ❌ [Handler Commandes] Erreur de validation: [
      {
        code: 'invalid_type',
        expected: 'number',
        received: 'string',
        path: [ 'utilisateur_id' ],
        message: "L'ID de l'utilisateur doit être un nombre"
      },
      {
        code: 'too_small',
        minimum: 1,
        type: 'array',
        inclusive: true,
        exact: false,
        message: 'Au moins un article est requis',
        path: [ 'articles' ]
      },
      {
        code: 'too_small',
        minimum: 0,
        type: 'number',
        inclusive: false,
        exact: false,
        message: 'Le total doit être positif',
        path: [ 'total' ]
      },
      {
        code: 'too_small',
        minimum: 0.01,
        type: 'number',
        inclusive: true,
        exact: false,
        message: 'Le total minimum est 0.01€',
        path: [ 'total' ]
      }
    ]

    [0m [90m 49 |[39m   } [36mcatch[39m (error) {
     [90m 50 |[39m     [36mif[39m (error [36minstanceof[39m z[33m.[39m[33mZodError[39m) {
    [31m[1m>[22m[39m[90m 51 |[39m       console[33m.[39merror(
     [90m    |[39m               [31m[1m^[22m[39m
     [90m 52 |[39m         [32m"❌ [Handler Commandes] Erreur de validation:"[39m[33m,[39m
     [90m 53 |[39m         error[33m.[39merrors[33m,[39m
     [90m 54 |[39m       )[33m;[39m[0m

      at createCommande (src/routes/magasin/core/handlers/create-commande.handler.ts:51:15)
      at Object.<anonymous> (src/routes/magasin/__tests__/magasin.errors.test.ts:179:13)

  console.log
    ✅ [Service Magasin] Article ajouté avec succès

      at ajouterArticle (src/routes/magasin/core/services/magasin.service.ts:225:15)

  console.log
    📝 [Handler Articles] Création d'un nouvel article

      at createArticle (src/routes/magasin/core/handlers/create-article.handler.ts:17:13)

  console.log
    📊 [Service Magasin] Calcul des statistiques

      at Module.calculerStatistiquesMagasin (src/routes/magasin/core/services/magasin.service.ts:805:11)

  console.log
    ✅ [Handler Articles] Article créé avec succès

      at createArticle (src/routes/magasin/core/handlers/create-article.handler.ts:30:15)

  console.log
    📝 [Handler Articles] Création d'un nouvel article

      at createArticle (src/routes/magasin/core/handlers/create-article.handler.ts:17:13)

  console.log
    Données validées par le schéma Zod: {"nom":"Article 16","prix":25.99,"categorie_id":1,"images":[],"stocks":[],"actif":true}

      at createArticle (src/routes/magasin/core/handlers/create-article.handler.ts:22:13)

  console.log
    📊 [Service Magasin] Calcul des statistiques

      at Module.calculerStatistiquesMagasin (src/routes/magasin/core/services/magasin.service.ts:805:11)

  console.log
    📝 [Service Magasin] Ajout d'un nouvel article: Article 16

      at ajouterArticle (src/routes/magasin/core/services/magasin.service.ts:216:11)

  console.log
    Données validées par le schéma Zod: {"nom":"Test","description":"AAAAAAAAAAAAAAAAAAAAAAAAAAAAAAAAAAAAAAAAAAAAAAAAAAAAAAAAAAAAAAAAAAAAAAAAAAAAAAAAAAAAAAAAAAAAAAAAAAAAAAAAAAAAAAAAAAAAAAAAAAAAAAAAAAAAAAAAAAAAAAAAAAAAAAAAAAAAAAAAAAAAAAAAAAAAAAAAAAAAAAAAAAAAAAAAAAAAAAAAAAAAAAAAAAAAAAAAAAAAAAAAAAAAAAAAAAAAAAAAAAAAAAAAAAAAAAAAAAAAAAAAAAAAAAAAAAAAAAAAAAAAAAAAAAAAAAAAAAAAAAAAAAAAAAAAAAAAAAAAAAAAAAAAAAAAAAAAAAAAAAAAAAAAAAAAAAAAAAAAAAAAAAAAAAAAAAAAAAAAAAAAAAAAAAAAAAAAAAAAAAAAAAAAAAAAAAAAAAAAAAAAAAAAAAAAAAAAAAAAAAAAAAAAAAAAAAAAAAAAAAAAAAAAAAAAAAAAAAAAAAAAAAAAAAAAAAAAAAAAAAAAAAAAAAAAAAAAAAAAAAAAAAAAAAAAAAAAAAAAAAAAAAAAAAAAAAAAAAAAAAAAAAAAAAAAAAAAAAAAAAAAAAAAAAAAAAAAAAAAAAAAAAAAAAAAAAAAAAAAAAAAAAAAAAAAAAAAAAAAAAAAAAAAAAAAAAAAAAAAAAAAAAAAAAAAAAAAAAAAAAAAAAAAAAAAAAAAAAAAAAAAAAAAAAAAAAAAAAAAAAAAAAAAAAAAAAAAAAAAAAAAAAAAAAAAAAAAAAAAAAAAAAAAAAAAAAAAAAAAAAAAAAAAAAAAAAAAAAAAAAAAAAAAAAAAAAAAAAAAAAAAAAAAAAAAAAAAAAAAAAAAAAAAAAAAAAAAAAAAAAAAAAAAAAAAAAAAAAAAAAAAAAAAAAAAAAAAAAAAAAAAAAAAAAAAAAAAAAAAAAAAAAAAAAAAAAAAAAAAAAAAAAAAAAAAAAAAAAAAAAAAAAAAAAAAAAAAAAAAAAAAAAAAAAAAAAAAAAAA","prix":25.99,"categorie_id":1,"images":[],"stocks":[],"actif":true}

      at createArticle (src/routes/magasin/core/handlers/create-article.handler.ts:22:13)

  console.log
    📝 [Handler Articles] Modification d'un article

      at updateArticle (src/routes/magasin/core/handlers/update-article.handler.ts:17:13)

  console.log
    📝 [Handler Articles] Création d'un nouvel article

      at createArticle (src/routes/magasin/core/handlers/create-article.handler.ts:17:13)

  console.log
    📝 [Service Magasin] Ajout d'un nouvel article: Test

      at ajouterArticle (src/routes/magasin/core/services/magasin.service.ts:216:11)

  console.log
    📝 [Handler Articles] Modification d'un article

      at updateArticle (src/routes/magasin/core/handlers/update-article.handler.ts:17:13)

  console.log
    📊 [Service Magasin] Calcul des statistiques

      at Module.calculerStatistiquesMagasin (src/routes/magasin/core/services/magasin.service.ts:805:11)

  console.log
    ✅ [Service Magasin] Article ajouté avec succès

      at ajouterArticle (src/routes/magasin/core/services/magasin.service.ts:225:15)

  console.log
    Données validées par le schéma Zod: {"id":9999999,"nom":"Tentative de modification"}

      at updateArticle (src/routes/magasin/core/handlers/update-article.handler.ts:38:13)

  console.log
    ✅ [Handler Articles] Article créé avec succès

      at createArticle (src/routes/magasin/core/handlers/create-article.handler.ts:30:15)

  console.log
    Données validées par le schéma Zod: {"nom":"Article 17","prix":25.99,"categorie_id":1,"images":[],"stocks":[],"actif":true}

      at createArticle (src/routes/magasin/core/handlers/create-article.handler.ts:22:13)

  console.log
    📝 [Service Magasin] Ajout d'un nouvel article: Article 17

      at ajouterArticle (src/routes/magasin/core/services/magasin.service.ts:216:11)

  console.log
    📝 [Service Magasin] Modification de l'article 9999999

      at modifierArticle (src/routes/magasin/core/services/magasin.service.ts:253:11)

  console.log
    📊 [Service Magasin] Calcul des statistiques

      at Module.calculerStatistiquesMagasin (src/routes/magasin/core/services/magasin.service.ts:805:11)

  console.log
    📝 [Service Magasin] Ajout d'un nouvel article: Test

      at Module.ajouterArticle (src/routes/magasin/core/services/magasin.service.ts:216:11)

  console.log
    📝 [Handler Articles] Création d'un nouvel article

      at createArticle (src/routes/magasin/core/handlers/create-article.handler.ts:17:13)

  console.log
    ✅ [Service Magasin] Article ajouté avec succès

      at Module.ajouterArticle (src/routes/magasin/core/services/magasin.service.ts:225:15)

  console.log
    📝 [Handler Articles] Création d'un nouvel article

      at createArticle (src/routes/magasin/core/handlers/create-article.handler.ts:17:13)

  console.log
    🔍 [Handler Commandes] Vérification unicité commande

      at verifyCommandeUnicity (src/routes/magasin/core/handlers/verify-commande.handler.ts:17:13)

  console.log
    📊 [Service Magasin] Calcul des statistiques

      at Module.calculerStatistiquesMagasin (src/routes/magasin/core/services/magasin.service.ts:805:11)

  console.log
    Données validées par le schéma Zod: {"nom":"Article 18","prix":25.99,"categorie_id":1,"images":[],"stocks":[],"actif":true}

      at createArticle (src/routes/magasin/core/handlers/create-article.handler.ts:22:13)

  console.log
    Données validées par le schéma Zod: {"nom":"Kimono € & < > \" ' @","prix":25.99,"categorie_id":1,"images":[],"stocks":[],"actif":true}

      at createArticle (src/routes/magasin/core/handlers/create-article.handler.ts:22:13)

  console.log
    📝 [Service Magasin] Ajout d'un nouvel article: Article 18

      at ajouterArticle (src/routes/magasin/core/services/magasin.service.ts:216:11)

  console.log
    📊 [Service Magasin] Calcul des statistiques

      at Module.calculerStatistiquesMagasin (src/routes/magasin/core/services/magasin.service.ts:805:11)

  console.error
    ❌ [Handler Commandes] Erreur de validation: [
      {
        validation: 'regex',
        code: 'invalid_string',
        message: "Format d'ID unique invalide (attendu: CMD-XXX-TIMESTAMP-XXXXXXXX)",
        path: [ 'uniqueId' ]
      }
    ]

    [0m [90m 31 |[39m   } [36mcatch[39m (error) {
     [90m 32 |[39m     [36mif[39m (error [36minstanceof[39m z[33m.[39m[33mZodError[39m) {
    [31m[1m>[22m[39m[90m 33 |[39m       console[33m.[39merror(
     [90m    |[39m               [31m[1m^[22m[39m
     [90m 34 |[39m         [32m"❌ [Handler Commandes] Erreur de validation:"[39m[33m,[39m
     [90m 35 |[39m         error[33m.[39merrors[33m,[39m
     [90m 36 |[39m       )[33m;[39m[0m

      at verifyCommandeUnicity (src/routes/magasin/core/handlers/verify-commande.handler.ts:33:15)
      at Object.<anonymous> (src/routes/magasin/__tests__/magasin.errors.test.ts:216:13)

  console.log
    📝 [Handler Articles] Création d'un nouvel article

      at createArticle (src/routes/magasin/core/handlers/create-article.handler.ts:17:13)

  console.log
    📝 [Service Magasin] Ajout d'un nouvel article: Test

      at Module.ajouterArticle (src/routes/magasin/core/services/magasin.service.ts:216:11)

  console.log
    Données validées par le schéma Zod: {"nom":"Article 19","prix":25.99,"categorie_id":1,"images":[],"stocks":[],"actif":true}

      at createArticle (src/routes/magasin/core/handlers/create-article.handler.ts:22:13)

  console.log
    🗑️ [Handler Articles] Suppression d'un article

      at deleteArticle (src/routes/magasin/core/handlers/delete-article.handler.ts:17:13)

  console.log
    📝 [Service Magasin] Ajout d'un nouvel article: Kimono € & < > " ' @

      at ajouterArticle (src/routes/magasin/core/services/magasin.service.ts:216:11)

  console.log
    📊 [Service Magasin] Calcul des statistiques

      at Module.calculerStatistiquesMagasin (src/routes/magasin/core/services/magasin.service.ts:805:11)

  console.log
    📝 [Service Magasin] Ajout d'un nouvel article: Article 19

      at ajouterArticle (src/routes/magasin/core/services/magasin.service.ts:216:11)

  console.log
    📝 [Handler Articles] Création d'un nouvel article

      at createArticle (src/routes/magasin/core/handlers/create-article.handler.ts:17:13)

  console.log
    ✅ [Service Magasin] Article ajouté avec succès

      at ajouterArticle (src/routes/magasin/core/services/magasin.service.ts:225:15)

  console.log
    ✅ [Handler Articles] Article créé avec succès

      at createArticle (src/routes/magasin/core/handlers/create-article.handler.ts:30:15)

  console.log
    📝 [Handler Articles] Création d'un nouvel article

      at createArticle (src/routes/magasin/core/handlers/create-article.handler.ts:17:13)

  console.log
    Données validées par le schéma Zod: {"nom":"Test Article","prix":25.99,"categorie_id":1,"images":[],"stocks":[],"actif":true}

      at createArticle (src/routes/magasin/core/handlers/create-article.handler.ts:22:13)

  console.log
    📝 [Service Magasin] Ajout d'un nouvel article: Test Article

      at ajouterArticle (src/routes/magasin/core/services/magasin.service.ts:216:11)

  console.log
    📝 [Handler Articles] Création d'un nouvel article

      at createArticle (src/routes/magasin/core/handlers/create-article.handler.ts:17:13)

  console.log
    Données validées par le schéma Zod: {"nom":"Article 20","prix":25.99,"categorie_id":1,"images":[],"stocks":[],"actif":true}

      at createArticle (src/routes/magasin/core/handlers/create-article.handler.ts:22:13)

  console.error
    ❌ [Service Magasin] Erreur lors de la modification: Article non trouvé

    [0m [90m 260 |[39m       [36mreturn[39m result[33m;[39m
     [90m 261 |[39m     } [36melse[39m {
    [31m[1m>[22m[39m[90m 262 |[39m       console[33m.[39merror(
     [90m     |[39m               [31m[1m^[22m[39m
     [90m 263 |[39m         [32m"❌ [Service Magasin] Erreur lors de la modification:"[39m[33m,[39m
     [90m 264 |[39m         result[33m.[39mmessage[33m,[39m
     [90m 265 |[39m       )[33m;[39m[0m

      at modifierArticle (src/routes/magasin/core/services/magasin.service.ts:262:15)
      at updateArticle (src/routes/magasin/core/handlers/update-article.handler.ts:43:20)
      at Object.<anonymous> (src/routes/magasin/__tests__/magasin.security.test.ts:289:7)

  console.log
    Données validées par le schéma Zod: {"nom":"Kimono 🥋 Premium ⭐","prix":25.99,"categorie_id":1,"images":[],"stocks":[],"actif":true}

      at createArticle (src/routes/magasin/core/handlers/create-article.handler.ts:22:13)

  console.log
    🗑️ [Service Magasin] Suppression de l'article 5

      at supprimerArticle (src/routes/magasin/core/services/magasin.service.ts:288:11)

  console.log
    📝 [Service Magasin] Ajout d'un nouvel article: Article 20

      at ajouterArticle (src/routes/magasin/core/services/magasin.service.ts:216:11)

  console.log
    📝 [Service Magasin] Ajout d'un nouvel article: Kimono 🥋 Premium ⭐

      at ajouterArticle (src/routes/magasin/core/services/magasin.service.ts:216:11)

  console.log
    ✅ [Service Magasin] Article ajouté avec succès

      at ajouterArticle (src/routes/magasin/core/services/magasin.service.ts:225:15)

  console.log
    ✅ [Handler Articles] Article créé avec succès

      at createArticle (src/routes/magasin/core/handlers/create-article.handler.ts:30:15)

  console.error
    ❌ [Service Magasin] Erreur lors de l'ajout: Erreur ajout

    [0m [90m 226 |[39m       [36mreturn[39m result[33m;[39m
     [90m 227 |[39m     } [36melse[39m {
    [31m[1m>[22m[39m[90m 228 |[39m       console[33m.[39merror(
     [90m     |[39m               [31m[1m^[22m[39m
     [90m 229 |[39m         [32m"❌ [Service Magasin] Erreur lors de l'ajout:"[39m[33m,[39m
     [90m 230 |[39m         result[33m.[39mmessage[33m,[39m
     [90m 231 |[39m       )[33m;[39m[0m

      at Module.ajouterArticle (src/routes/magasin/core/services/magasin.service.ts:228:15)
      at Object.<anonymous> (src/routes/magasin/__tests__/magasin.service-branches.test.ts:133:7)

  console.log
    ✅ [Service Magasin] Article supprimé avec succès

      at supprimerArticle (src/routes/magasin/core/services/magasin.service.ts:293:13)

  console.log
    ✅ [Handler Articles] Article supprimé avec succès

      at deleteArticle (src/routes/magasin/core/handlers/delete-article.handler.ts:24:13)

  console.error
    ❌ [Service Magasin] Erreur lors de l'ajout: Erreur lors de l'ajout de l'article

    [0m [90m 226 |[39m       [36mreturn[39m result[33m;[39m
     [90m 227 |[39m     } [36melse[39m {
    [31m[1m>[22m[39m[90m 228 |[39m       console[33m.[39merror(
     [90m     |[39m               [31m[1m^[22m[39m
     [90m 229 |[39m         [32m"❌ [Service Magasin] Erreur lors de l'ajout:"[39m[33m,[39m
     [90m 230 |[39m         result[33m.[39mmessage[33m,[39m
     [90m 231 |[39m       )[33m;[39m[0m

      at ajouterArticle (src/routes/magasin/core/services/magasin.service.ts:228:15)
      at createArticle (src/routes/magasin/core/handlers/create-article.handler.ts:27:20)
      at Object.<anonymous> (src/routes/magasin/__tests__/magasin.errors.test.ts:246:7)

  console.log
    📝 [Handler Commandes] Création d'une nouvelle commande

      at createCommande (src/routes/magasin/core/handlers/create-commande.handler.ts:19:13)

  console.log
    📝 [Handler Articles] Création d'un nouvel article

      at createArticle (src/routes/magasin/core/handlers/create-article.handler.ts:17:13)

  console.log
    Corps reçu: {
      utilisateur_id: 1,
      articles: [ { article_id: 1, quantite: 1, taille: 'M', prix: 45.99 } ],
      total: 45.99
    }

      at createCommande (src/routes/magasin/core/handlers/create-commande.handler.ts:20:13)

  console.log
    🗑️ [Handler Articles] Suppression d'un article

      at deleteArticle (src/routes/magasin/core/handlers/delete-article.handler.ts:17:13)

  console.log
    Données validées par le schéma Zod: {"nom":"Article 21","prix":25.99,"categorie_id":1,"images":[],"stocks":[],"actif":true}

      at createArticle (src/routes/magasin/core/handlers/create-article.handler.ts:22:13)

  console.log
    Données validées par le schéma Zod: {"utilisateur_id":1,"articles":[{"article_id":1,"quantite":1,"taille":"M","prix":45.99}],"total":45.99,"statut":"en attente"}

      at createCommande (src/routes/magasin/core/handlers/create-commande.handler.ts:25:13)

  console.error
    ❌ [Service Magasin] Erreur modification article: Error: Article non trouvé
        at modifierArticle (C:\Users\guillaumehouthoofd\Documents\Benoit\Epreuve_intégrée\ClubManager\api\src\routes\magasin\core\services\magasin.service.ts:266:13)
        at processTicksAndRejections (node:internal/process/task_queues:105:5)
        at updateArticle (C:\Users\guillaumehouthoofd\Documents\Benoit\Epreuve_intégrée\ClubManager\api\src\routes\magasin\core\handlers\update-article.handler.ts:43:20)
        at Object.<anonymous> (C:\Users\guillaumehouthoofd\Documents\Benoit\Epreuve_intégrée\ClubManager\api\src\routes\magasin\__tests__\magasin.security.test.ts:289:7)

    [0m [90m 269 |[39m     }
     [90m 270 |[39m   } [36mcatch[39m (error) {
    [31m[1m>[22m[39m[90m 271 |[39m     console[33m.[39merror([32m"❌ [Service Magasin] Erreur modification article:"[39m[33m,[39m error)[33m;[39m
     [90m     |[39m             [31m[1m^[22m[39m
     [90m 272 |[39m     [36mif[39m (error [36minstanceof[39m [33mError[39m) {
     [90m 273 |[39m       [36mthrow[39m error[33m;[39m
     [90m 274 |[39m     }[0m

      at modifierArticle (src/routes/magasin/core/services/magasin.service.ts:271:13)
      at updateArticle (src/routes/magasin/core/handlers/update-article.handler.ts:43:20)
      at Object.<anonymous> (src/routes/magasin/__tests__/magasin.security.test.ts:289:7)

  console.log
    🔍 [Service Magasin] Vérification doublon commande: {
      cacheKey: '1-45.99-[{"id":1,"taille":"M","quantite":1}]...',
      utilisateur_id: 1,
      total: 45.99,
      nbArticles: 1
    }

      at creerCommande (src/routes/magasin/core/services/magasin.service.ts:325:11)

  console.error
    ❌ [Handler Articles] Erreur modification article: Error: Article non trouvé
        at modifierArticle (C:\Users\guillaumehouthoofd\Documents\Benoit\Epreuve_intégrée\ClubManager\api\src\routes\magasin\core\services\magasin.service.ts:266:13)
        at processTicksAndRejections (node:internal/process/task_queues:105:5)
        at updateArticle (C:\Users\guillaumehouthoofd\Documents\Benoit\Epreuve_intégrée\ClubManager\api\src\routes\magasin\core\handlers\update-article.handler.ts:43:20)
        at Object.<anonymous> (C:\Users\guillaumehouthoofd\Documents\Benoit\Epreuve_intégrée\ClubManager\api\src\routes\magasin\__tests__\magasin.security.test.ts:289:7)

    [0m [90m 64 |[39m     }
     [90m 65 |[39m
    [31m[1m>[22m[39m[90m 66 |[39m     console[33m.[39merror([32m"❌ [Handler Articles] Erreur modification article:"[39m[33m,[39m error)[33m;[39m
     [90m    |[39m             [31m[1m^[22m[39m
     [90m 67 |[39m
     [90m 68 |[39m     [90m// Vérifier si c'est une erreur métier (article non trouvé)[39m
     [90m 69 |[39m     [36mif[39m (error [36minstanceof[39m [33mError[39m) {[0m

      at updateArticle (src/routes/magasin/core/handlers/update-article.handler.ts:66:13)
      at Object.<anonymous> (src/routes/magasin/__tests__/magasin.security.test.ts:289:7)

  console.log
    📝 [Service Magasin] Ajout d'un nouvel article: Article 21

      at ajouterArticle (src/routes/magasin/core/services/magasin.service.ts:216:11)

  console.log
    🆔 [Service Magasin] IDs générés: {
      uniqueCommandeId: 'CMD-001-1770238459927-129204E6',
      numeroCommande: 'CMD-000001',
      utilisateur_id: 1
    }

      at creerCommande (src/routes/magasin/core/services/magasin.service.ts:373:11)

  console.log
    📝 [Handler Articles] Création d'un nouvel article

      at createArticle (src/routes/magasin/core/handlers/create-article.handler.ts:17:13)

  console.log
    🗑️ [Handler Articles] Suppression d'un article

      at deleteArticle (src/routes/magasin/core/handlers/delete-article.handler.ts:17:13)

  console.error
    ❌ [Service Magasin] Erreur ajout article: Error: Erreur lors de l'ajout de l'article
        at ajouterArticle (C:\Users\guillaumehouthoofd\Documents\Benoit\Epreuve_intégrée\ClubManager\api\src\routes\magasin\core\services\magasin.service.ts:232:13)
        at processTicksAndRejections (node:internal/process/task_queues:105:5)
        at createArticle (C:\Users\guillaumehouthoofd\Documents\Benoit\Epreuve_intégrée\ClubManager\api\src\routes\magasin\core\handlers\create-article.handler.ts:27:20)
        at Object.<anonymous> (C:\Users\guillaumehouthoofd\Documents\Benoit\Epreuve_intégrée\ClubManager\api\src\routes\magasin\__tests__\magasin.errors.test.ts:246:7)

    [0m [90m 233 |[39m     }
     [90m 234 |[39m   } [36mcatch[39m (error) {
    [31m[1m>[22m[39m[90m 235 |[39m     console[33m.[39merror([32m"❌ [Service Magasin] Erreur ajout article:"[39m[33m,[39m error)[33m;[39m
     [90m     |[39m             [31m[1m^[22m[39m
     [90m 236 |[39m     [36mif[39m (error [36minstanceof[39m [33mError[39m) {
     [90m 237 |[39m       [36mthrow[39m error[33m;[39m
     [90m 238 |[39m     }[0m

      at ajouterArticle (src/routes/magasin/core/services/magasin.service.ts:235:13)
      at createArticle (src/routes/magasin/core/handlers/create-article.handler.ts:27:20)
      at Object.<anonymous> (src/routes/magasin/__tests__/magasin.errors.test.ts:246:7)

  console.error
    ❌ [Service Magasin] Erreur ajout article: Error: Erreur ajout
        at Module.ajouterArticle (C:\Users\guillaumehouthoofd\Documents\Benoit\Epreuve_intégrée\ClubManager\api\src\routes\magasin\core\services\magasin.service.ts:232:13)
        at processTicksAndRejections (node:internal/process/task_queues:105:5)
        at Object.<anonymous> (C:\Users\guillaumehouthoofd\Documents\Benoit\Epreuve_intégrée\ClubManager\api\src\routes\magasin\__tests__\magasin.service-branches.test.ts:133:7)

    [0m [90m 233 |[39m     }
     [90m 234 |[39m   } [36mcatch[39m (error) {
    [31m[1m>[22m[39m[90m 235 |[39m     console[33m.[39merror([32m"❌ [Service Magasin] Erreur ajout article:"[39m[33m,[39m error)[33m;[39m
     [90m     |[39m             [31m[1m^[22m[39m
     [90m 236 |[39m     [36mif[39m (error [36minstanceof[39m [33mError[39m) {
     [90m 237 |[39m       [36mthrow[39m error[33m;[39m
     [90m 238 |[39m     }[0m

      at Module.ajouterArticle (src/routes/magasin/core/services/magasin.service.ts:235:13)
      at Object.<anonymous> (src/routes/magasin/__tests__/magasin.service-branches.test.ts:133:7)

  console.log
    🗑️ [Service Magasin] Suppression de l'article 9999999

      at supprimerArticle (src/routes/magasin/core/services/magasin.service.ts:288:11)

  console.error
    ❌ [Handler Articles] Erreur création article: Error: Erreur lors de l'ajout de l'article
        at ajouterArticle (C:\Users\guillaumehouthoofd\Documents\Benoit\Epreuve_intégrée\ClubManager\api\src\routes\magasin\core\services\magasin.service.ts:232:13)
        at processTicksAndRejections (node:internal/process/task_queues:105:5)
        at createArticle (C:\Users\guillaumehouthoofd\Documents\Benoit\Epreuve_intégrée\ClubManager\api\src\routes\magasin\core\handlers\create-article.handler.ts:27:20)
        at Object.<anonymous> (C:\Users\guillaumehouthoofd\Documents\Benoit\Epreuve_intégrée\ClubManager\api\src\routes\magasin\__tests__\magasin.errors.test.ts:246:7)

    [0m [90m 54 |[39m     }
     [90m 55 |[39m
    [31m[1m>[22m[39m[90m 56 |[39m     console[33m.[39merror([32m"❌ [Handler Articles] Erreur création article:"[39m[33m,[39m error)[33m;[39m
     [90m    |[39m             [31m[1m^[22m[39m
     [90m 57 |[39m     res[33m.[39mstatus([35m500[39m)[33m.[39mjson({
     [90m 58 |[39m       message[33m:[39m [32m"Erreur lors de la création de l'article"[39m[33m,[39m
     [90m 59 |[39m       error[33m:[39m error [36minstanceof[39m [33mError[39m [33m?[39m error[33m.[39mmessage [33m:[39m [32m"Erreur inconnue"[39m[33m,[39m[0m

      at createArticle (src/routes/magasin/core/handlers/create-article.handler.ts:56:13)
      at Object.<anonymous> (src/routes/magasin/__tests__/magasin.errors.test.ts:246:7)

  console.error
    ❌ [Handler Articles] Erreur de validation: [
      {
        code: 'custom',
        message: 'ID article doit être un nombre positif',
        path: [ 'id' ]
      }
    ]

    [0m [90m 29 |[39m   } [36mcatch[39m (error) {
     [90m 30 |[39m     [36mif[39m (error [36minstanceof[39m z[33m.[39m[33mZodError[39m) {
    [31m[1m>[22m[39m[90m 31 |[39m       console[33m.[39merror(
     [90m    |[39m               [31m[1m^[22m[39m
     [90m 32 |[39m         [32m"❌ [Handler Articles] Erreur de validation:"[39m[33m,[39m
     [90m 33 |[39m         error[33m.[39merrors[33m,[39m
     [90m 34 |[39m       )[33m;[39m[0m

      at deleteArticle (src/routes/magasin/core/handlers/delete-article.handler.ts:31:15)
      at Object.<anonymous> (src/routes/magasin/__tests__/magasin.test.ts:401:13)

  console.log
    📝 [Service Magasin] Ajout d'un nouvel article: Test

      at Module.ajouterArticle (src/routes/magasin/core/services/magasin.service.ts:216:11)

  console.log
    📝 [Handler Articles] Modification d'un article

      at updateArticle (src/routes/magasin/core/handlers/update-article.handler.ts:17:13)

  console.log
    Données validées par le schéma Zod: {"nom":"Article 22","prix":25.99,"categorie_id":1,"images":[],"stocks":[],"actif":true}

      at createArticle (src/routes/magasin/core/handlers/create-article.handler.ts:22:13)

  console.log
    Données validées par le schéma Zod: {"id":1,"nom":"Nouveau nom"}

      at updateArticle (src/routes/magasin/core/handlers/update-article.handler.ts:38:13)

  console.log
    📝 [Service Magasin] Ajout d'un nouvel article: Article 22

      at ajouterArticle (src/routes/magasin/core/services/magasin.service.ts:216:11)

  console.log
    📝 [Service Magasin] Modification de l'article 1

      at modifierArticle (src/routes/magasin/core/services/magasin.service.ts:253:11)

  console.log
    📝 [Handler Articles] Création d'un nouvel article

      at createArticle (src/routes/magasin/core/handlers/create-article.handler.ts:17:13)

  console.log
    Données validées par le schéma Zod: {"nom":"Article 23","prix":25.99,"categorie_id":1,"images":[],"stocks":[],"actif":true}

      at createArticle (src/routes/magasin/core/handlers/create-article.handler.ts:22:13)

  console.log
    📝 [Service Magasin] Ajout d'un nouvel article: Article 23

      at ajouterArticle (src/routes/magasin/core/services/magasin.service.ts:216:11)

  console.error
    ❌ [Service Magasin] Erreur ajout article: Error: DB Error
        at Object.<anonymous> (C:\Users\guillaumehouthoofd\Documents\Benoit\Epreuve_intégrée\ClubManager\api\src\routes\magasin\__tests__\magasin.service-branches.test.ts:147:9)
        at Promise.then.completed (C:\Users\guillaumehouthoofd\Documents\Benoit\Epreuve_intégrée\ClubManager\api\node_modules\jest-circus\build\utils.js:298:28)
        at new Promise (<anonymous>)
        at callAsyncCircusFn (C:\Users\guillaumehouthoofd\Documents\Benoit\Epreuve_intégrée\ClubManager\api\node_modules\jest-circus\build\utils.js:231:10)
        at _callCircusTest (C:\Users\guillaumehouthoofd\Documents\Benoit\Epreuve_intégrée\ClubManager\api\node_modules\jest-circus\build\run.js:316:40)
        at processTicksAndRejections (node:internal/process/task_queues:105:5)
        at _runTest (C:\Users\guillaumehouthoofd\Documents\Benoit\Epreuve_intégrée\ClubManager\api\node_modules\jest-circus\build\run.js:252:3)
        at _runTestsForDescribeBlock (C:\Users\guillaumehouthoofd\Documents\Benoit\Epreuve_intégrée\ClubManager\api\node_modules\jest-circus\build\run.js:126:9)
        at _runTestsForDescribeBlock (C:\Users\guillaumehouthoofd\Documents\Benoit\Epreuve_intégrée\ClubManager\api\node_modules\jest-circus\build\run.js:121:9)
        at _runTestsForDescribeBlock (C:\Users\guillaumehouthoofd\Documents\Benoit\Epreuve_intégrée\ClubManager\api\node_modules\jest-circus\build\run.js:121:9)
        at run (C:\Users\guillaumehouthoofd\Documents\Benoit\Epreuve_intégrée\ClubManager\api\node_modules\jest-circus\build\run.js:71:3)
        at runAndTransformResultsToJestFormat (C:\Users\guillaumehouthoofd\Documents\Benoit\Epreuve_intégrée\ClubManager\api\node_modules\jest-circus\build\legacy-code-todo-rewrite\jestAdapterInit.js:122:21)
        at jestAdapter (C:\Users\guillaumehouthoofd\Documents\Benoit\Epreuve_intégrée\ClubManager\api\node_modules\jest-circus\build\legacy-code-todo-rewrite\jestAdapter.js:79:19)
        at runTestInternal (C:\Users\guillaumehouthoofd\Documents\Benoit\Epreuve_intégrée\ClubManager\api\node_modules\jest-runner\build\runTest.js:367:16)
        at runTest (C:\Users\guillaumehouthoofd\Documents\Benoit\Epreuve_intégrée\ClubManager\api\node_modules\jest-runner\build\runTest.js:444:34)
        at Object.worker (C:\Users\guillaumehouthoofd\Documents\Benoit\Epreuve_intégrée\ClubManager\api\node_modules\jest-runner\build\testWorker.js:106:12)

    [0m [90m 233 |[39m     }
     [90m 234 |[39m   } [36mcatch[39m (error) {
    [31m[1m>[22m[39m[90m 235 |[39m     console[33m.[39merror([32m"❌ [Service Magasin] Erreur ajout article:"[39m[33m,[39m error)[33m;[39m
     [90m     |[39m             [31m[1m^[22m[39m
     [90m 236 |[39m     [36mif[39m (error [36minstanceof[39m [33mError[39m) {
     [90m 237 |[39m       [36mthrow[39m error[33m;[39m
     [90m 238 |[39m     }[0m

      at Module.ajouterArticle (src/routes/magasin/core/services/magasin.service.ts:235:13)
      at Object.<anonymous> (src/routes/magasin/__tests__/magasin.service-branches.test.ts:150:7)

  console.log
    📝 [Handler Articles] Création d'un nouvel article

      at createArticle (src/routes/magasin/core/handlers/create-article.handler.ts:17:13)

  console.log
    Données validées par le schéma Zod: {"nom":"Article 24","prix":25.99,"categorie_id":1,"images":[],"stocks":[],"actif":true}

      at createArticle (src/routes/magasin/core/handlers/create-article.handler.ts:22:13)

  console.log
    📝 [Service Magasin] Ajout d'un nouvel article: Article 24

      at ajouterArticle (src/routes/magasin/core/services/magasin.service.ts:216:11)

  console.log
    📝 [Service Magasin] Modification de l'article 1

      at Module.modifierArticle (src/routes/magasin/core/services/magasin.service.ts:253:11)

  console.log
    ✅ [Service Magasin] Article modifié avec succès

      at Module.modifierArticle (src/routes/magasin/core/services/magasin.service.ts:259:15)

  console.log
    📝 [Handler Articles] Création d'un nouvel article

      at createArticle (src/routes/magasin/core/handlers/create-article.handler.ts:17:13)

  console.error
    ❌ [Service Magasin] Utilisateur non trouvé: 1

    [0m [90m 772 |[39m
     [90m 773 |[39m     [36mif[39m (results[33m.[39mlength [33m===[39m [35m0[39m) {
    [31m[1m>[22m[39m[90m 774 |[39m       console[33m.[39merror(
     [90m     |[39m               [31m[1m^[22m[39m
     [90m 775 |[39m         [32m"❌ [Service Magasin] Utilisateur non trouvé:"[39m[33m,[39m
     [90m 776 |[39m         utilisateurId[33m,[39m
     [90m 777 |[39m       )[33m;[39m[0m

      at recupererDonneesUtilisateur (src/routes/magasin/core/services/magasin.service.ts:774:15)
      at src/routes/magasin/core/services/magasin.service.ts:393:26
      at creerCommande (src/routes/magasin/core/services/magasin.service.ts:432:28)
      at createCommande (src/routes/magasin/core/handlers/create-commande.handler.ts:30:20)
      at Object.<anonymous> (src/routes/magasin/__tests__/magasin.edge-cases.test.ts:359:7)

  console.log
    Données validées par le schéma Zod: {"nom":"Article 25","prix":25.99,"categorie_id":1,"images":[],"stocks":[],"actif":true}

      at createArticle (src/routes/magasin/core/handlers/create-article.handler.ts:22:13)

  console.log
    📝 [Service Magasin] Modification de l'article 1

      at Module.modifierArticle (src/routes/magasin/core/services/magasin.service.ts:253:11)

  console.log
    📝 [Service Magasin] Ajout d'un nouvel article: Article 25

      at ajouterArticle (src/routes/magasin/core/services/magasin.service.ts:216:11)

  console.log
    📝 [Handler Articles] Création d'un nouvel article

      at createArticle (src/routes/magasin/core/handlers/create-article.handler.ts:17:13)

  console.error
    ❌ [Service Magasin] Erreur lors de la modification: Article non trouvé

    [0m [90m 260 |[39m       [36mreturn[39m result[33m;[39m
     [90m 261 |[39m     } [36melse[39m {
    [31m[1m>[22m[39m[90m 262 |[39m       console[33m.[39merror(
     [90m     |[39m               [31m[1m^[22m[39m
     [90m 263 |[39m         [32m"❌ [Service Magasin] Erreur lors de la modification:"[39m[33m,[39m
     [90m 264 |[39m         result[33m.[39mmessage[33m,[39m
     [90m 265 |[39m       )[33m;[39m[0m

      at modifierArticle (src/routes/magasin/core/services/magasin.service.ts:262:15)
      at updateArticle (src/routes/magasin/core/handlers/update-article.handler.ts:43:20)
      at Object.<anonymous> (src/routes/magasin/__tests__/magasin.errors.test.ts:269:7)

  console.log
    📝 [Handler Commandes] Création d'une nouvelle commande

      at createCommande (src/routes/magasin/core/handlers/create-commande.handler.ts:19:13)

  console.log
    Corps reçu: {
      utilisateur_id: 1,
      articles: [
        {
          article_id: 1,
          nom: 'Kimono Blanc',
          quantite: 1,
          taille: 'M',
          prix: 45.99
        }
      ],
      total: 45.99,
      statut: 'en attente',
      date: '2026-02-04T20:54:19.944Z'
    }

      at createCommande (src/routes/magasin/core/handlers/create-commande.handler.ts:20:13)

  console.error
    ❌ [Service Magasin] Erreur lors de la modification: Article non trouvé

    [0m [90m 260 |[39m       [36mreturn[39m result[33m;[39m
     [90m 261 |[39m     } [36melse[39m {
    [31m[1m>[22m[39m[90m 262 |[39m       console[33m.[39merror(
     [90m     |[39m               [31m[1m^[22m[39m
     [90m 263 |[39m         [32m"❌ [Service Magasin] Erreur lors de la modification:"[39m[33m,[39m
     [90m 264 |[39m         result[33m.[39mmessage[33m,[39m
     [90m 265 |[39m       )[33m;[39m[0m

      at Module.modifierArticle (src/routes/magasin/core/services/magasin.service.ts:262:15)
      at Object.<anonymous> (src/routes/magasin/__tests__/magasin.service-branches.test.ts:180:7)

  console.log
    Données validées par le schéma Zod: {"nom":"Article 26","prix":25.99,"categorie_id":1,"images":[],"stocks":[],"actif":true}

      at createArticle (src/routes/magasin/core/handlers/create-article.handler.ts:22:13)

  console.error
    ❌ [Service Magasin] Erreur suppression article: Error: Article non trouvé
        at Object.<anonymous> (C:\Users\guillaumehouthoofd\Documents\Benoit\Epreuve_intégrée\ClubManager\api\src\routes\magasin\__tests__\magasin.security.test.ts:307:9)
        at Promise.then.completed (C:\Users\guillaumehouthoofd\Documents\Benoit\Epreuve_intégrée\ClubManager\api\node_modules\jest-circus\build\utils.js:298:28)
        at new Promise (<anonymous>)
        at callAsyncCircusFn (C:\Users\guillaumehouthoofd\Documents\Benoit\Epreuve_intégrée\ClubManager\api\node_modules\jest-circus\build\utils.js:231:10)
        at _callCircusTest (C:\Users\guillaumehouthoofd\Documents\Benoit\Epreuve_intégrée\ClubManager\api\node_modules\jest-circus\build\run.js:316:40)
        at processTicksAndRejections (node:internal/process/task_queues:105:5)
        at _runTest (C:\Users\guillaumehouthoofd\Documents\Benoit\Epreuve_intégrée\ClubManager\api\node_modules\jest-circus\build\run.js:252:3)
        at _runTestsForDescribeBlock (C:\Users\guillaumehouthoofd\Documents\Benoit\Epreuve_intégrée\ClubManager\api\node_modules\jest-circus\build\run.js:126:9)
        at _runTestsForDescribeBlock (C:\Users\guillaumehouthoofd\Documents\Benoit\Epreuve_intégrée\ClubManager\api\node_modules\jest-circus\build\run.js:121:9)
        at _runTestsForDescribeBlock (C:\Users\guillaumehouthoofd\Documents\Benoit\Epreuve_intégrée\ClubManager\api\node_modules\jest-circus\build\run.js:121:9)
        at run (C:\Users\guillaumehouthoofd\Documents\Benoit\Epreuve_intégrée\ClubManager\api\node_modules\jest-circus\build\run.js:71:3)
        at runAndTransformResultsToJestFormat (C:\Users\guillaumehouthoofd\Documents\Benoit\Epreuve_intégrée\ClubManager\api\node_modules\jest-circus\build\legacy-code-todo-rewrite\jestAdapterInit.js:122:21)
        at jestAdapter (C:\Users\guillaumehouthoofd\Documents\Benoit\Epreuve_intégrée\ClubManager\api\node_modules\jest-circus\build\legacy-code-todo-rewrite\jestAdapter.js:79:19)
        at runTestInternal (C:\Users\guillaumehouthoofd\Documents\Benoit\Epreuve_intégrée\ClubManager\api\node_modules\jest-runner\build\runTest.js:367:16)
        at runTest (C:\Users\guillaumehouthoofd\Documents\Benoit\Epreuve_intégrée\ClubManager\api\node_modules\jest-runner\build\runTest.js:444:34)
        at Object.worker (C:\Users\guillaumehouthoofd\Documents\Benoit\Epreuve_intégrée\ClubManager\api\node_modules\jest-runner\build\testWorker.js:106:12)

    [0m [90m 295 |[39m     [36mreturn[39m result[33m;[39m
     [90m 296 |[39m   } [36mcatch[39m (error) {
    [31m[1m>[22m[39m[90m 297 |[39m     console[33m.[39merror([32m"❌ [Service Magasin] Erreur suppression article:"[39m[33m,[39m error)[33m;[39m
     [90m     |[39m             [31m[1m^[22m[39m
     [90m 298 |[39m     [36mthrow[39m [36mnew[39m [33mError[39m([32m"Impossible de supprimer l'article"[39m)[33m;[39m
     [90m 299 |[39m   }
     [90m 300 |[39m }[0m

      at supprimerArticle (src/routes/magasin/core/services/magasin.service.ts:297:13)
      at deleteArticle (src/routes/magasin/core/handlers/delete-article.handler.ts:22:20)
      at Object.<anonymous> (src/routes/magasin/__tests__/magasin.security.test.ts:310:7)

  console.warn
    ⚠️ [Service Magasin] Impossible d'envoyer l'email - utilisateur non trouvé

    [0m [90m 402 |[39m           )[33m;[39m
     [90m 403 |[39m         } [36melse[39m {
    [31m[1m>[22m[39m[90m 404 |[39m           console[33m.[39mwarn(
     [90m     |[39m                   [31m[1m^[22m[39m
     [90m 405 |[39m             [32m"⚠️ [Service Magasin] Impossible d'envoyer l'email - utilisateur non trouvé"[39m[33m,[39m
     [90m 406 |[39m           )[33m;[39m
     [90m 407 |[39m         }[0m

      at src/routes/magasin/core/services/magasin.service.ts:404:19
      at creerCommande (src/routes/magasin/core/services/magasin.service.ts:432:28)
      at createCommande (src/routes/magasin/core/handlers/create-commande.handler.ts:30:20)
      at Object.<anonymous> (src/routes/magasin/__tests__/magasin.edge-cases.test.ts:359:7)

  console.log
    📝 [Service Magasin] Ajout d'un nouvel article: Article 26

      at ajouterArticle (src/routes/magasin/core/services/magasin.service.ts:216:11)

  console.log
    ✅ [Service Magasin] Commande créée avec protection doublon: {
      unique_id: 'CMD-001-1770238459927-129204E6',
      numero_commande: 'CMD-000001'
    }

      at creerCommande (src/routes/magasin/core/services/magasin.service.ts:434:11)

  console.log
    📝 [Handler Articles] Création d'un nouvel article

      at createArticle (src/routes/magasin/core/handlers/create-article.handler.ts:17:13)

  console.error
    ❌ [Handler Articles] Erreur suppression article: Error: Impossible de supprimer l'article
        at supprimerArticle (C:\Users\guillaumehouthoofd\Documents\Benoit\Epreuve_intégrée\ClubManager\api\src\routes\magasin\core\services\magasin.service.ts:298:11)
        at processTicksAndRejections (node:internal/process/task_queues:105:5)
        at deleteArticle (C:\Users\guillaumehouthoofd\Documents\Benoit\Epreuve_intégrée\ClubManager\api\src\routes\magasin\core\handlers\delete-article.handler.ts:22:20)
        at Object.<anonymous> (C:\Users\guillaumehouthoofd\Documents\Benoit\Epreuve_intégrée\ClubManager\api\src\routes\magasin\__tests__\magasin.security.test.ts:310:7)

    [0m [90m 40 |[39m     }
     [90m 41 |[39m
    [31m[1m>[22m[39m[90m 42 |[39m     console[33m.[39merror([32m"❌ [Handler Articles] Erreur suppression article:"[39m[33m,[39m error)[33m;[39m
     [90m    |[39m             [31m[1m^[22m[39m
     [90m 43 |[39m
     [90m 44 |[39m     [90m// Déterminer le code de statut approprié[39m
     [90m 45 |[39m     [36mconst[39m errorMessage [33m=[39m[0m

      at deleteArticle (src/routes/magasin/core/handlers/delete-article.handler.ts:42:13)
      at Object.<anonymous> (src/routes/magasin/__tests__/magasin.security.test.ts:310:7)

  console.log
    Données validées par le schéma Zod: {"utilisateur_id":1,"articles":[{"article_id":1,"nom":"Kimono Blanc","quantite":1,"taille":"M","prix":45.99}],"total":45.99,"statut":"en attente","date":"2026-02-04T20:54:19.944Z"}

      at createCommande (src/routes/magasin/core/handlers/create-commande.handler.ts:25:13)

  console.log
    Données validées par le schéma Zod: {"nom":"Article 27","prix":25.99,"categorie_id":1,"images":[],"stocks":[],"actif":true}

      at createArticle (src/routes/magasin/core/handlers/create-article.handler.ts:22:13)

  console.log
    ✅ [Handler Commandes] Commande créée avec succès: {
      unique_id: 'CMD-001-1770238459927-129204E6',
      numero_commande: 'CMD-000001',
      isDuplicate: false
    }

      at createCommande (src/routes/magasin/core/handlers/create-commande.handler.ts:36:13)

  console.log
    📝 [Service Magasin] Ajout d'un nouvel article: Article 27

      at ajouterArticle (src/routes/magasin/core/services/magasin.service.ts:216:11)

  console.log
    🔍 [Service Magasin] Vérification doublon commande: {
      cacheKey: '1-45.99-[{"id":1,"taille":"M","quantite":1}]...',
      utilisateur_id: 1,
      total: 45.99,
      nbArticles: 1
    }

      at creerCommande (src/routes/magasin/core/services/magasin.service.ts:325:11)

  console.log
    📝 [Handler Articles] Création d'un nouvel article

      at createArticle (src/routes/magasin/core/handlers/create-article.handler.ts:17:13)

  console.error
    ❌ [Service Magasin] Erreur modification article: Error: Article non trouvé
        at Module.modifierArticle (C:\Users\guillaumehouthoofd\Documents\Benoit\Epreuve_intégrée\ClubManager\api\src\routes\magasin\core\services\magasin.service.ts:266:13)
        at processTicksAndRejections (node:internal/process/task_queues:105:5)
        at Object.<anonymous> (C:\Users\guillaumehouthoofd\Documents\Benoit\Epreuve_intégrée\ClubManager\api\src\routes\magasin\__tests__\magasin.service-branches.test.ts:180:7)

    [0m [90m 269 |[39m     }
     [90m 270 |[39m   } [36mcatch[39m (error) {
    [31m[1m>[22m[39m[90m 271 |[39m     console[33m.[39merror([32m"❌ [Service Magasin] Erreur modification article:"[39m[33m,[39m error)[33m;[39m
     [90m     |[39m             [31m[1m^[22m[39m
     [90m 272 |[39m     [36mif[39m (error [36minstanceof[39m [33mError[39m) {
     [90m 273 |[39m       [36mthrow[39m error[33m;[39m
     [90m 274 |[39m     }[0m

      at Module.modifierArticle (src/routes/magasin/core/services/magasin.service.ts:271:13)
      at Object.<anonymous> (src/routes/magasin/__tests__/magasin.service-branches.test.ts:180:7)

  console.log
    Données validées par le schéma Zod: {"nom":"Article 28","prix":25.99,"categorie_id":1,"images":[],"stocks":[],"actif":true}

      at createArticle (src/routes/magasin/core/handlers/create-article.handler.ts:22:13)

  console.log
    📝 [Service Magasin] Ajout d'un nouvel article: Article 28

      at ajouterArticle (src/routes/magasin/core/services/magasin.service.ts:216:11)

  console.log
    🆔 [Service Magasin] IDs générés: {
      uniqueCommandeId: 'CMD-001-1770238459960-A4DCAE06',
      numeroCommande: 'CMD-000001',
      utilisateur_id: 1
    }

      at creerCommande (src/routes/magasin/core/services/magasin.service.ts:373:11)

  console.log
    🗑️ [Service Magasin] Suppression de l'article 1

      at Module.supprimerArticle (src/routes/magasin/core/services/magasin.service.ts:288:11)

  console.log
    📝 [Handler Commandes] Création d'une nouvelle commande

      at createCommande (src/routes/magasin/core/handlers/create-commande.handler.ts:19:13)

  console.log
    ✅ [Service Magasin] Article supprimé avec succès

      at Module.supprimerArticle (src/routes/magasin/core/services/magasin.service.ts:293:13)

  console.log
    🗑️ [Service Magasin] Suppression de l'article 1

      at Module.supprimerArticle (src/routes/magasin/core/services/magasin.service.ts:288:11)

  console.log
    Corps reçu: {
      utilisateur_id: 1,
      articles: [
        { article_id: 1, quantite: 1, taille: 'M' },
        { article_id: 1, quantite: 1, taille: 'M' },
        { article_id: 1, quantite: 1, taille: 'M' },
        { article_id: 1, quantite: 1, taille: 'M' },
        { article_id: 1, quantite: 1, taille: 'M' },
        { article_id: 1, quantite: 1, taille: 'M' },
        { article_id: 1, quantite: 1, taille: 'M' },
        { article_id: 1, quantite: 1, taille: 'M' },
        { article_id: 1, quantite: 1, taille: 'M' },
        { article_id: 1, quantite: 1, taille: 'M' },
        { article_id: 1, quantite: 1, taille: 'M' },
        { article_id: 1, quantite: 1, taille: 'M' },
        { article_id: 1, quantite: 1, taille: 'M' },
        { article_id: 1, quantite: 1, taille: 'M' },
        { article_id: 1, quantite: 1, taille: 'M' },
        { article_id: 1, quantite: 1, taille: 'M' },
        { article_id: 1, quantite: 1, taille: 'M' },
        { article_id: 1, quantite: 1, taille: 'M' },
        { article_id: 1, quantite: 1, taille: 'M' },
        { article_id: 1, quantite: 1, taille: 'M' },
        { article_id: 1, quantite: 1, taille: 'M' },
        { article_id: 1, quantite: 1, taille: 'M' },
        { article_id: 1, quantite: 1, taille: 'M' },
        { article_id: 1, quantite: 1, taille: 'M' },
        { article_id: 1, quantite: 1, taille: 'M' },
        { article_id: 1, quantite: 1, taille: 'M' },
        { article_id: 1, quantite: 1, taille: 'M' },
        { article_id: 1, quantite: 1, taille: 'M' },
        { article_id: 1, quantite: 1, taille: 'M' },
        { article_id: 1, quantite: 1, taille: 'M' },
        { article_id: 1, quantite: 1, taille: 'M' },
        { article_id: 1, quantite: 1, taille: 'M' },
        { article_id: 1, quantite: 1, taille: 'M' },
        { article_id: 1, quantite: 1, taille: 'M' },
        { article_id: 1, quantite: 1, taille: 'M' },
        { article_id: 1, quantite: 1, taille: 'M' },
        { article_id: 1, quantite: 1, taille: 'M' },
        { article_id: 1, quantite: 1, taille: 'M' },
        { article_id: 1, quantite: 1, taille: 'M' },
        { article_id: 1, quantite: 1, taille: 'M' },
        { article_id: 1, quantite: 1, taille: 'M' },
        { article_id: 1, quantite: 1, taille: 'M' },
        { article_id: 1, quantite: 1, taille: 'M' },
        { article_id: 1, quantite: 1, taille: 'M' },
        { article_id: 1, quantite: 1, taille: 'M' },
        { article_id: 1, quantite: 1, taille: 'M' },
        { article_id: 1, quantite: 1, taille: 'M' },
        { article_id: 1, quantite: 1, taille: 'M' },
        { article_id: 1, quantite: 1, taille: 'M' },
        { article_id: 1, quantite: 1, taille: 'M' },
        { article_id: 1, quantite: 1, taille: 'M' }
      ],
      total: 1000
    }

      at createCommande (src/routes/magasin/core/handlers/create-commande.handler.ts:20:13)

  console.log
    📝 [Handler Articles] Création d'un nouvel article

      at createArticle (src/routes/magasin/core/handlers/create-article.handler.ts:17:13)

  console.log
    📝 [Handler Commandes] Création d'une nouvelle commande

      at createCommande (src/routes/magasin/core/handlers/create-commande.handler.ts:19:13)

  console.log
    Données validées par le schéma Zod: {"nom":"Article 29","prix":25.99,"categorie_id":1,"images":[],"stocks":[],"actif":true}

      at createArticle (src/routes/magasin/core/handlers/create-article.handler.ts:22:13)

  console.log
    📝 [Service Magasin] Ajout d'un nouvel article: Article 29

      at ajouterArticle (src/routes/magasin/core/services/magasin.service.ts:216:11)

  console.error
    ❌ [Service Magasin] Erreur calcul statistiques: Error: Database connection failed
        at Object.<anonymous> (C:\Users\guillaumehouthoofd\Documents\Benoit\Epreuve_intégrée\ClubManager\api\src\routes\magasin\__tests__\magasin.stats-advanced.test.ts:492:9)
        at Promise.then.completed (C:\Users\guillaumehouthoofd\Documents\Benoit\Epreuve_intégrée\ClubManager\api\node_modules\jest-circus\build\utils.js:298:28)
        at new Promise (<anonymous>)
        at callAsyncCircusFn (C:\Users\guillaumehouthoofd\Documents\Benoit\Epreuve_intégrée\ClubManager\api\node_modules\jest-circus\build\utils.js:231:10)
        at _callCircusTest (C:\Users\guillaumehouthoofd\Documents\Benoit\Epreuve_intégrée\ClubManager\api\node_modules\jest-circus\build\run.js:316:40)
        at processTicksAndRejections (node:internal/process/task_queues:105:5)
        at _runTest (C:\Users\guillaumehouthoofd\Documents\Benoit\Epreuve_intégrée\ClubManager\api\node_modules\jest-circus\build\run.js:252:3)
        at _runTestsForDescribeBlock (C:\Users\guillaumehouthoofd\Documents\Benoit\Epreuve_intégrée\ClubManager\api\node_modules\jest-circus\build\run.js:126:9)
        at _runTestsForDescribeBlock (C:\Users\guillaumehouthoofd\Documents\Benoit\Epreuve_intégrée\ClubManager\api\node_modules\jest-circus\build\run.js:121:9)
        at _runTestsForDescribeBlock (C:\Users\guillaumehouthoofd\Documents\Benoit\Epreuve_intégrée\ClubManager\api\node_modules\jest-circus\build\run.js:121:9)
        at run (C:\Users\guillaumehouthoofd\Documents\Benoit\Epreuve_intégrée\ClubManager\api\node_modules\jest-circus\build\run.js:71:3)
        at runAndTransformResultsToJestFormat (C:\Users\guillaumehouthoofd\Documents\Benoit\Epreuve_intégrée\ClubManager\api\node_modules\jest-circus\build\legacy-code-todo-rewrite\jestAdapterInit.js:122:21)
        at jestAdapter (C:\Users\guillaumehouthoofd\Documents\Benoit\Epreuve_intégrée\ClubManager\api\node_modules\jest-circus\build\legacy-code-todo-rewrite\jestAdapter.js:79:19)
        at runTestInternal (C:\Users\guillaumehouthoofd\Documents\Benoit\Epreuve_intégrée\ClubManager\api\node_modules\jest-runner\build\runTest.js:367:16)
        at runTest (C:\Users\guillaumehouthoofd\Documents\Benoit\Epreuve_intégrée\ClubManager\api\node_modules\jest-runner\build\runTest.js:444:34)
        at Object.worker (C:\Users\guillaumehouthoofd\Documents\Benoit\Epreuve_intégrée\ClubManager\api\node_modules\jest-runner\build\testWorker.js:106:12)

    [0m [90m 839 |[39m     }[33m;[39m
     [90m 840 |[39m   } [36mcatch[39m (error) {
    [31m[1m>[22m[39m[90m 841 |[39m     console[33m.[39merror([32m"❌ [Service Magasin] Erreur calcul statistiques:"[39m[33m,[39m error)[33m;[39m
     [90m     |[39m             [31m[1m^[22m[39m
     [90m 842 |[39m     [36mthrow[39m [36mnew[39m [33mError[39m([32m"Impossible de calculer les statistiques"[39m)[33m;[39m
     [90m 843 |[39m   }
     [90m 844 |[39m }[0m

      at Module.calculerStatistiquesMagasin (src/routes/magasin/core/services/magasin.service.ts:841:13)
      at Object.<anonymous> (src/routes/magasin/__tests__/magasin.stats-advanced.test.ts:495:7)

  console.log
    Corps reçu: {
      utilisateur_id: 1,
      articles: [
        { article_id: 1, quantite: 1, taille: 'M', prix: 10 },
        { article_id: 2, quantite: 1, taille: 'M', prix: 10 },
        { article_id: 3, quantite: 1, taille: 'M', prix: 10 },
        { article_id: 4, quantite: 1, taille: 'M', prix: 10 },
        { article_id: 5, quantite: 1, taille: 'M', prix: 10 },
        { article_id: 6, quantite: 1, taille: 'M', prix: 10 },
        { article_id: 7, quantite: 1, taille: 'M', prix: 10 },
        { article_id: 8, quantite: 1, taille: 'M', prix: 10 },
        { article_id: 9, quantite: 1, taille: 'M', prix: 10 },
        { article_id: 10, quantite: 1, taille: 'M', prix: 10 },
        { article_id: 11, quantite: 1, taille: 'M', prix: 10 },
        { article_id: 12, quantite: 1, taille: 'M', prix: 10 },
        { article_id: 13, quantite: 1, taille: 'M', prix: 10 },
        { article_id: 14, quantite: 1, taille: 'M', prix: 10 },
        { article_id: 15, quantite: 1, taille: 'M', prix: 10 },
        { article_id: 16, quantite: 1, taille: 'M', prix: 10 },
        { article_id: 17, quantite: 1, taille: 'M', prix: 10 },
        { article_id: 18, quantite: 1, taille: 'M', prix: 10 },
        { article_id: 19, quantite: 1, taille: 'M', prix: 10 },
        { article_id: 20, quantite: 1, taille: 'M', prix: 10 },
        { article_id: 21, quantite: 1, taille: 'M', prix: 10 },
        { article_id: 22, quantite: 1, taille: 'M', prix: 10 },
        { article_id: 23, quantite: 1, taille: 'M', prix: 10 },
        { article_id: 24, quantite: 1, taille: 'M', prix: 10 },
        { article_id: 25, quantite: 1, taille: 'M', prix: 10 },
        { article_id: 26, quantite: 1, taille: 'M', prix: 10 },
        { article_id: 27, quantite: 1, taille: 'M', prix: 10 },
        { article_id: 28, quantite: 1, taille: 'M', prix: 10 },
        { article_id: 29, quantite: 1, taille: 'M', prix: 10 },
        { article_id: 30, quantite: 1, taille: 'M', prix: 10 },
        { article_id: 31, quantite: 1, taille: 'M', prix: 10 },
        { article_id: 32, quantite: 1, taille: 'M', prix: 10 },
        { article_id: 33, quantite: 1, taille: 'M', prix: 10 },
        { article_id: 34, quantite: 1, taille: 'M', prix: 10 },
        { article_id: 35, quantite: 1, taille: 'M', prix: 10 },
        { article_id: 36, quantite: 1, taille: 'M', prix: 10 },
        { article_id: 37, quantite: 1, taille: 'M', prix: 10 },
        { article_id: 38, quantite: 1, taille: 'M', prix: 10 },
        { article_id: 39, quantite: 1, taille: 'M', prix: 10 },
        { article_id: 40, quantite: 1, taille: 'M', prix: 10 },
        { article_id: 41, quantite: 1, taille: 'M', prix: 10 },
        { article_id: 42, quantite: 1, taille: 'M', prix: 10 },
        { article_id: 43, quantite: 1, taille: 'M', prix: 10 },
        { article_id: 44, quantite: 1, taille: 'M', prix: 10 },
        { article_id: 45, quantite: 1, taille: 'M', prix: 10 },
        { article_id: 46, quantite: 1, taille: 'M', prix: 10 },
        { article_id: 47, quantite: 1, taille: 'M', prix: 10 },
        { article_id: 48, quantite: 1, taille: 'M', prix: 10 },
        { article_id: 49, quantite: 1, taille: 'M', prix: 10 },
        { article_id: 50, quantite: 1, taille: 'M', prix: 10 }
      ],
      total: 500
    }

      at createCommande (src/routes/magasin/core/handlers/create-commande.handler.ts:20:13)

  console.error
    ❌ [Service Magasin] Erreur modification article: Error: Article non trouvé
        at modifierArticle (C:\Users\guillaumehouthoofd\Documents\Benoit\Epreuve_intégrée\ClubManager\api\src\routes\magasin\core\services\magasin.service.ts:266:13)
        at processTicksAndRejections (node:internal/process/task_queues:105:5)
        at updateArticle (C:\Users\guillaumehouthoofd\Documents\Benoit\Epreuve_intégrée\ClubManager\api\src\routes\magasin\core\handlers\update-article.handler.ts:43:20)
        at Object.<anonymous> (C:\Users\guillaumehouthoofd\Documents\Benoit\Epreuve_intégrée\ClubManager\api\src\routes\magasin\__tests__\magasin.errors.test.ts:269:7)

    [0m [90m 269 |[39m     }
     [90m 270 |[39m   } [36mcatch[39m (error) {
    [31m[1m>[22m[39m[90m 271 |[39m     console[33m.[39merror([32m"❌ [Service Magasin] Erreur modification article:"[39m[33m,[39m error)[33m;[39m
     [90m     |[39m             [31m[1m^[22m[39m
     [90m 272 |[39m     [36mif[39m (error [36minstanceof[39m [33mError[39m) {
     [90m 273 |[39m       [36mthrow[39m error[33m;[39m
     [90m 274 |[39m     }[0m

      at modifierArticle (src/routes/magasin/core/services/magasin.service.ts:271:13)
      at updateArticle (src/routes/magasin/core/handlers/update-article.handler.ts:43:20)
      at Object.<anonymous> (src/routes/magasin/__tests__/magasin.errors.test.ts:269:7)

  console.log
    📝 [Handler Articles] Création d'un nouvel article

      at createArticle (src/routes/magasin/core/handlers/create-article.handler.ts:17:13)

  console.error
    ❌ [Handler Commandes] Erreur de validation: [
      {
        code: 'too_big',
        maximum: 50,
        type: 'array',
        inclusive: true,
        exact: false,
        message: 'Maximum 50 articles par commande',
        path: [ 'articles' ]
      }
    ]

    [0m [90m 49 |[39m   } [36mcatch[39m (error) {
     [90m 50 |[39m     [36mif[39m (error [36minstanceof[39m z[33m.[39m[33mZodError[39m) {
    [31m[1m>[22m[39m[90m 51 |[39m       console[33m.[39merror(
     [90m    |[39m               [31m[1m^[22m[39m
     [90m 52 |[39m         [32m"❌ [Handler Commandes] Erreur de validation:"[39m[33m,[39m
     [90m 53 |[39m         error[33m.[39merrors[33m,[39m
     [90m 54 |[39m       )[33m;[39m[0m

      at createCommande (src/routes/magasin/core/handlers/create-commande.handler.ts:51:15)
      at Object.<anonymous> (src/routes/magasin/__tests__/magasin.security.test.ts:334:13)

  console.log
    Données validées par le schéma Zod: {"nom":"Article 30","prix":25.99,"categorie_id":1,"images":[],"stocks":[],"actif":true}

      at createArticle (src/routes/magasin/core/handlers/create-article.handler.ts:22:13)

  console.error
    ❌ [Service Magasin] Erreur suppression article: Error: Impossible de supprimer
        at Object.<anonymous> (C:\Users\guillaumehouthoofd\Documents\Benoit\Epreuve_intégrée\ClubManager\api\src\routes\magasin\__tests__\magasin.service-branches.test.ts:202:9)
        at Promise.then.completed (C:\Users\guillaumehouthoofd\Documents\Benoit\Epreuve_intégrée\ClubManager\api\node_modules\jest-circus\build\utils.js:298:28)
        at new Promise (<anonymous>)
        at callAsyncCircusFn (C:\Users\guillaumehouthoofd\Documents\Benoit\Epreuve_intégrée\ClubManager\api\node_modules\jest-circus\build\utils.js:231:10)
        at _callCircusTest (C:\Users\guillaumehouthoofd\Documents\Benoit\Epreuve_intégrée\ClubManager\api\node_modules\jest-circus\build\run.js:316:40)
        at processTicksAndRejections (node:internal/process/task_queues:105:5)
        at _runTest (C:\Users\guillaumehouthoofd\Documents\Benoit\Epreuve_intégrée\ClubManager\api\node_modules\jest-circus\build\run.js:252:3)
        at _runTestsForDescribeBlock (C:\Users\guillaumehouthoofd\Documents\Benoit\Epreuve_intégrée\ClubManager\api\node_modules\jest-circus\build\run.js:126:9)
        at _runTestsForDescribeBlock (C:\Users\guillaumehouthoofd\Documents\Benoit\Epreuve_intégrée\ClubManager\api\node_modules\jest-circus\build\run.js:121:9)
        at _runTestsForDescribeBlock (C:\Users\guillaumehouthoofd\Documents\Benoit\Epreuve_intégrée\ClubManager\api\node_modules\jest-circus\build\run.js:121:9)
        at run (C:\Users\guillaumehouthoofd\Documents\Benoit\Epreuve_intégrée\ClubManager\api\node_modules\jest-circus\build\run.js:71:3)
        at runAndTransformResultsToJestFormat (C:\Users\guillaumehouthoofd\Documents\Benoit\Epreuve_intégrée\ClubManager\api\node_modules\jest-circus\build\legacy-code-todo-rewrite\jestAdapterInit.js:122:21)
        at jestAdapter (C:\Users\guillaumehouthoofd\Documents\Benoit\Epreuve_intégrée\ClubManager\api\node_modules\jest-circus\build\legacy-code-todo-rewrite\jestAdapter.js:79:19)
        at runTestInternal (C:\Users\guillaumehouthoofd\Documents\Benoit\Epreuve_intégrée\ClubManager\api\node_modules\jest-runner\build\runTest.js:367:16)
        at runTest (C:\Users\guillaumehouthoofd\Documents\Benoit\Epreuve_intégrée\ClubManager\api\node_modules\jest-runner\build\runTest.js:444:34)
        at Object.worker (C:\Users\guillaumehouthoofd\Documents\Benoit\Epreuve_intégrée\ClubManager\api\node_modules\jest-runner\build\testWorker.js:106:12)

    [0m [90m 295 |[39m     [36mreturn[39m result[33m;[39m
     [90m 296 |[39m   } [36mcatch[39m (error) {
    [31m[1m>[22m[39m[90m 297 |[39m     console[33m.[39merror([32m"❌ [Service Magasin] Erreur suppression article:"[39m[33m,[39m error)[33m;[39m
     [90m     |[39m             [31m[1m^[22m[39m
     [90m 298 |[39m     [36mthrow[39m [36mnew[39m [33mError[39m([32m"Impossible de supprimer l'article"[39m)[33m;[39m
     [90m 299 |[39m   }
     [90m 300 |[39m }[0m

      at Module.supprimerArticle (src/routes/magasin/core/services/magasin.service.ts:297:13)
      at Object.<anonymous> (src/routes/magasin/__tests__/magasin.service-branches.test.ts:205:7)

  console.log
    📝 [Service Magasin] Ajout d'un nouvel article: Article 30

      at ajouterArticle (src/routes/magasin/core/services/magasin.service.ts:216:11)

  console.log
    Données validées par le schéma Zod: {"utilisateur_id":1,"articles":[{"article_id":1,"quantite":1,"taille":"M","prix":10},{"article_id":2,"quantite":1,"taille":"M","prix":10},{"article_id":3,"quantite":1,"taille":"M","prix":10},{"article_id":4,"quantite":1,"taille":"M","prix":10},{"article_id":5,"quantite":1,"taille":"M","prix":10},{"article_id":6,"quantite":1,"taille":"M","prix":10},{"article_id":7,"quantite":1,"taille":"M","prix":10},{"article_id":8,"quantite":1,"taille":"M","prix":10},{"article_id":9,"quantite":1,"taille":"M","prix":10},{"article_id":10,"quantite":1,"taille":"M","prix":10},{"article_id":11,"quantite":1,"taille":"M","prix":10},{"article_id":12,"quantite":1,"taille":"M","prix":10},{"article_id":13,"quantite":1,"taille":"M","prix":10},{"article_id":14,"quantite":1,"taille":"M","prix":10},{"article_id":15,"quantite":1,"taille":"M","prix":10},{"article_id":16,"quantite":1,"taille":"M","prix":10},{"article_id":17,"quantite":1,"taille":"M","prix":10},{"article_id":18,"quantite":1,"taille":"M","prix":10},{"article_id":19,"quantite":1,"taille":"M","prix":10},{"article_id":20,"quantite":1,"taille":"M","prix":10},{"article_id":21,"quantite":1,"taille":"M","prix":10},{"article_id":22,"quantite":1,"taille":"M","prix":10},{"article_id":23,"quantite":1,"taille":"M","prix":10},{"article_id":24,"quantite":1,"taille":"M","prix":10},{"article_id":25,"quantite":1,"taille":"M","prix":10},{"article_id":26,"quantite":1,"taille":"M","prix":10},{"article_id":27,"quantite":1,"taille":"M","prix":10},{"article_id":28,"quantite":1,"taille":"M","prix":10},{"article_id":29,"quantite":1,"taille":"M","prix":10},{"article_id":30,"quantite":1,"taille":"M","prix":10},{"article_id":31,"quantite":1,"taille":"M","prix":10},{"article_id":32,"quantite":1,"taille":"M","prix":10},{"article_id":33,"quantite":1,"taille":"M","prix":10},{"article_id":34,"quantite":1,"taille":"M","prix":10},{"article_id":35,"quantite":1,"taille":"M","prix":10},{"article_id":36,"quantite":1,"taille":"M","prix":10},{"article_id":37,"quantite":1,"taille":"M","prix":10},{"article_id":38,"quantite":1,"taille":"M","prix":10},{"article_id":39,"quantite":1,"taille":"M","prix":10},{"article_id":40,"quantite":1,"taille":"M","prix":10},{"article_id":41,"quantite":1,"taille":"M","prix":10},{"article_id":42,"quantite":1,"taille":"M","prix":10},{"article_id":43,"quantite":1,"taille":"M","prix":10},{"article_id":44,"quantite":1,"taille":"M","prix":10},{"article_id":45,"quantite":1,"taille":"M","prix":10},{"article_id":46,"quantite":1,"taille":"M","prix":10},{"article_id":47,"quantite":1,"taille":"M","prix":10},{"article_id":48,"quantite":1,"taille":"M","prix":10},{"article_id":49,"quantite":1,"taille":"M","prix":10},{"article_id":50,"quantite":1,"taille":"M","prix":10}],"total":500,"statut":"en attente"}

      at createCommande (src/routes/magasin/core/handlers/create-commande.handler.ts:25:13)

  console.log
    🔍 [Service Magasin] Vérification doublon commande: {
      cacheKey: '1-45.99-[{"id":1,"taille":"M","quantite":1}]...',
      utilisateur_id: 1,
      total: 45.99,
      nbArticles: 1
    }

      at Module.creerCommande (src/routes/magasin/core/services/magasin.service.ts:325:11)

  console.error
    ❌ [Handler Articles] Erreur modification article: Error: Article non trouvé
        at modifierArticle (C:\Users\guillaumehouthoofd\Documents\Benoit\Epreuve_intégrée\ClubManager\api\src\routes\magasin\core\services\magasin.service.ts:266:13)
        at processTicksAndRejections (node:internal/process/task_queues:105:5)
        at updateArticle (C:\Users\guillaumehouthoofd\Documents\Benoit\Epreuve_intégrée\ClubManager\api\src\routes\magasin\core\handlers\update-article.handler.ts:43:20)
        at Object.<anonymous> (C:\Users\guillaumehouthoofd\Documents\Benoit\Epreuve_intégrée\ClubManager\api\src\routes\magasin\__tests__\magasin.errors.test.ts:269:7)

    [0m [90m 64 |[39m     }
     [90m 65 |[39m
    [31m[1m>[22m[39m[90m 66 |[39m     console[33m.[39merror([32m"❌ [Handler Articles] Erreur modification article:"[39m[33m,[39m error)[33m;[39m
     [90m    |[39m             [31m[1m^[22m[39m
     [90m 67 |[39m
     [90m 68 |[39m     [90m// Vérifier si c'est une erreur métier (article non trouvé)[39m
     [90m 69 |[39m     [36mif[39m (error [36minstanceof[39m [33mError[39m) {[0m

      at updateArticle (src/routes/magasin/core/handlers/update-article.handler.ts:66:13)
      at Object.<anonymous> (src/routes/magasin/__tests__/magasin.errors.test.ts:269:7)

  console.log
    📝 [Handler Articles] Création d'un nouvel article

      at createArticle (src/routes/magasin/core/handlers/create-article.handler.ts:17:13)

  console.log
    📝 [Handler Commandes] Création d'une nouvelle commande

      at createCommande (src/routes/magasin/core/handlers/create-commande.handler.ts:19:13)

  console.log
    Données validées par le schéma Zod: {"nom":"Article 31","prix":25.99,"categorie_id":1,"images":[],"stocks":[],"actif":true}

      at createArticle (src/routes/magasin/core/handlers/create-article.handler.ts:22:13)

  console.log
    🔍 [Service Magasin] Vérification doublon commande: {
      cacheKey: '1-500-[{"id":1,"taille":"M","quantite":1},{"id":2,...',
      utilisateur_id: 1,
      total: 500,
      nbArticles: 50
    }

      at creerCommande (src/routes/magasin/core/services/magasin.service.ts:325:11)

  console.log
    🆔 [Service Magasin] IDs générés: {
      uniqueCommandeId: 'CMD-001-1770238459974-59EEAF6D',
      numeroCommande: 'CMD-000001',
      utilisateur_id: 1
    }

      at Module.creerCommande (src/routes/magasin/core/services/magasin.service.ts:373:11)

  console.log
    Corps reçu: {
      utilisateur_id: 1,
      articles: [ { article_id: 1, quantite: 1000, taille: 'M' } ],
      total: 50000
    }

      at createCommande (src/routes/magasin/core/handlers/create-commande.handler.ts:20:13)

  console.log
    🆔 [Service Magasin] IDs générés: {
      uniqueCommandeId: 'CMD-001-1770238459976-6BD207E7',
      numeroCommande: 'CMD-000001',
      utilisateur_id: 1
    }

      at creerCommande (src/routes/magasin/core/services/magasin.service.ts:373:11)

  console.log
    🗑️ [Handler Articles] Suppression d'un article

      at deleteArticle (src/routes/magasin/core/handlers/delete-article.handler.ts:17:13)

  console.error
    ❌ [Handler Commandes] Erreur de validation: [
      {
        code: 'too_big',
        maximum: 100,
        type: 'number',
        inclusive: true,
        exact: false,
        message: 'La quantité maximum est 100',
        path: [ 'articles', 0, 'quantite' ]
      }
    ]

    [0m [90m 49 |[39m   } [36mcatch[39m (error) {
     [90m 50 |[39m     [36mif[39m (error [36minstanceof[39m z[33m.[39m[33mZodError[39m) {
    [31m[1m>[22m[39m[90m 51 |[39m       console[33m.[39merror(
     [90m    |[39m               [31m[1m^[22m[39m
     [90m 52 |[39m         [32m"❌ [Handler Commandes] Erreur de validation:"[39m[33m,[39m
     [90m 53 |[39m         error[33m.[39merrors[33m,[39m
     [90m 54 |[39m       )[33m;[39m[0m

      at createCommande (src/routes/magasin/core/handlers/create-commande.handler.ts:51:15)
      at Object.<anonymous> (src/routes/magasin/__tests__/magasin.security.test.ts:358:13)

  console.log
    🗑️ [Service Magasin] Suppression de l'article 99999

      at supprimerArticle (src/routes/magasin/core/services/magasin.service.ts:288:11)

  console.log
    📝 [Service Magasin] Ajout d'un nouvel article: Article 31

      at ajouterArticle (src/routes/magasin/core/services/magasin.service.ts:216:11)

  console.log
    📝 [Handler Articles] Création d'un nouvel article

      at createArticle (src/routes/magasin/core/handlers/create-article.handler.ts:17:13)

  console.log
    📝 [Handler Articles] Création d'un nouvel article

      at createArticle (src/routes/magasin/core/handlers/create-article.handler.ts:17:13)

  console.log
    Données validées par le schéma Zod: {"nom":"Article 32","prix":25.99,"categorie_id":1,"images":[],"stocks":[],"actif":true}

      at createArticle (src/routes/magasin/core/handlers/create-article.handler.ts:22:13)

  console.log
    📝 [Service Magasin] Ajout d'un nouvel article: Article 32

      at ajouterArticle (src/routes/magasin/core/services/magasin.service.ts:216:11)

  console.error
    ❌ [Handler Articles] Erreur de validation: [
      {
        code: 'too_big',
        maximum: 255,
        type: 'string',
        inclusive: true,
        exact: false,
        message: 'Le nom ne peut pas dépasser 255 caractères',
        path: [ 'nom' ]
      }
    ]

    [0m [90m 43 |[39m   } [36mcatch[39m (error) {
     [90m 44 |[39m     [36mif[39m (error [36minstanceof[39m z[33m.[39m[33mZodError[39m) {
    [31m[1m>[22m[39m[90m 45 |[39m       console[33m.[39merror(
     [90m    |[39m               [31m[1m^[22m[39m
     [90m 46 |[39m         [32m"❌ [Handler Articles] Erreur de validation:"[39m[33m,[39m
     [90m 47 |[39m         error[33m.[39merrors[33m,[39m
     [90m 48 |[39m       )[33m;[39m[0m

      at createArticle (src/routes/magasin/core/handlers/create-article.handler.ts:45:15)
      at Object.<anonymous> (src/routes/magasin/__tests__/magasin.security.test.ts:376:13)

  console.log
    📝 [Handler Articles] Création d'un nouvel article

      at createArticle (src/routes/magasin/core/handlers/create-article.handler.ts:17:13)

  console.log
    Données validées par le schéma Zod: {"nom":"Article 33","prix":25.99,"categorie_id":1,"images":[],"stocks":[],"actif":true}

      at createArticle (src/routes/magasin/core/handlers/create-article.handler.ts:22:13)

  console.error
    ❌ [Service Magasin] Erreur suppression article: Error: Article non trouvé
        at Object.<anonymous> (C:\Users\guillaumehouthoofd\Documents\Benoit\Epreuve_intégrée\ClubManager\api\src\routes\magasin\__tests__\magasin.errors.test.ts:287:9)
        at Promise.then.completed (C:\Users\guillaumehouthoofd\Documents\Benoit\Epreuve_intégrée\ClubManager\api\node_modules\jest-circus\build\utils.js:298:28)
        at new Promise (<anonymous>)
        at callAsyncCircusFn (C:\Users\guillaumehouthoofd\Documents\Benoit\Epreuve_intégrée\ClubManager\api\node_modules\jest-circus\build\utils.js:231:10)
        at _callCircusTest (C:\Users\guillaumehouthoofd\Documents\Benoit\Epreuve_intégrée\ClubManager\api\node_modules\jest-circus\build\run.js:316:40)
        at processTicksAndRejections (node:internal/process/task_queues:105:5)
        at _runTest (C:\Users\guillaumehouthoofd\Documents\Benoit\Epreuve_intégrée\ClubManager\api\node_modules\jest-circus\build\run.js:252:3)
        at _runTestsForDescribeBlock (C:\Users\guillaumehouthoofd\Documents\Benoit\Epreuve_intégrée\ClubManager\api\node_modules\jest-circus\build\run.js:126:9)
        at _runTestsForDescribeBlock (C:\Users\guillaumehouthoofd\Documents\Benoit\Epreuve_intégrée\ClubManager\api\node_modules\jest-circus\build\run.js:121:9)
        at _runTestsForDescribeBlock (C:\Users\guillaumehouthoofd\Documents\Benoit\Epreuve_intégrée\ClubManager\api\node_modules\jest-circus\build\run.js:121:9)
        at run (C:\Users\guillaumehouthoofd\Documents\Benoit\Epreuve_intégrée\ClubManager\api\node_modules\jest-circus\build\run.js:71:3)
        at runAndTransformResultsToJestFormat (C:\Users\guillaumehouthoofd\Documents\Benoit\Epreuve_intégrée\ClubManager\api\node_modules\jest-circus\build\legacy-code-todo-rewrite\jestAdapterInit.js:122:21)
        at jestAdapter (C:\Users\guillaumehouthoofd\Documents\Benoit\Epreuve_intégrée\ClubManager\api\node_modules\jest-circus\build\legacy-code-todo-rewrite\jestAdapter.js:79:19)
        at runTestInternal (C:\Users\guillaumehouthoofd\Documents\Benoit\Epreuve_intégrée\ClubManager\api\node_modules\jest-runner\build\runTest.js:367:16)
        at runTest (C:\Users\guillaumehouthoofd\Documents\Benoit\Epreuve_intégrée\ClubManager\api\node_modules\jest-runner\build\runTest.js:444:34)
        at Object.worker (C:\Users\guillaumehouthoofd\Documents\Benoit\Epreuve_intégrée\ClubManager\api\node_modules\jest-runner\build\testWorker.js:106:12)

    [0m [90m 295 |[39m     [36mreturn[39m result[33m;[39m
     [90m 296 |[39m   } [36mcatch[39m (error) {
    [31m[1m>[22m[39m[90m 297 |[39m     console[33m.[39merror([32m"❌ [Service Magasin] Erreur suppression article:"[39m[33m,[39m error)[33m;[39m
     [90m     |[39m             [31m[1m^[22m[39m
     [90m 298 |[39m     [36mthrow[39m [36mnew[39m [33mError[39m([32m"Impossible de supprimer l'article"[39m)[33m;[39m
     [90m 299 |[39m   }
     [90m 300 |[39m }[0m

      at supprimerArticle (src/routes/magasin/core/services/magasin.service.ts:297:13)
      at deleteArticle (src/routes/magasin/core/handlers/delete-article.handler.ts:22:20)
      at Object.<anonymous> (src/routes/magasin/__tests__/magasin.errors.test.ts:290:7)

  console.log
    📝 [Service Magasin] Ajout d'un nouvel article: Article 33

      at ajouterArticle (src/routes/magasin/core/services/magasin.service.ts:216:11)

  console.log
    🔍 [Handler Commandes] Vérification unicité commande

      at verifyCommandeUnicity (src/routes/magasin/core/handlers/verify-commande.handler.ts:17:13)

  console.log
    📝 [Handler Articles] Création d'un nouvel article

      at createArticle (src/routes/magasin/core/handlers/create-article.handler.ts:17:13)

  console.log
    Données validées par le schéma Zod: {"nom":"Article 34","prix":25.99,"categorie_id":1,"images":[],"stocks":[],"actif":true}

      at createArticle (src/routes/magasin/core/handlers/create-article.handler.ts:22:13)

  console.error
    ❌ [Handler Commandes] Erreur de validation: [
      {
        validation: 'regex',
        code: 'invalid_string',
        message: "Format d'ID unique invalide (attendu: CMD-XXX-TIMESTAMP-XXXXXXXX)",
        path: [ 'uniqueId' ]
      }
    ]

    [0m [90m 31 |[39m   } [36mcatch[39m (error) {
     [90m 32 |[39m     [36mif[39m (error [36minstanceof[39m z[33m.[39m[33mZodError[39m) {
    [31m[1m>[22m[39m[90m 33 |[39m       console[33m.[39merror(
     [90m    |[39m               [31m[1m^[22m[39m
     [90m 34 |[39m         [32m"❌ [Handler Commandes] Erreur de validation:"[39m[33m,[39m
     [90m 35 |[39m         error[33m.[39merrors[33m,[39m
     [90m 36 |[39m       )[33m;[39m[0m

      at verifyCommandeUnicity (src/routes/magasin/core/handlers/verify-commande.handler.ts:33:15)
      at Object.<anonymous> (src/routes/magasin/__tests__/magasin.security.test.ts:400:15)

  console.error
    ❌ [Handler Articles] Erreur suppression article: Error: Impossible de supprimer l'article
        at supprimerArticle (C:\Users\guillaumehouthoofd\Documents\Benoit\Epreuve_intégrée\ClubManager\api\src\routes\magasin\core\services\magasin.service.ts:298:11)
        at processTicksAndRejections (node:internal/process/task_queues:105:5)
        at deleteArticle (C:\Users\guillaumehouthoofd\Documents\Benoit\Epreuve_intégrée\ClubManager\api\src\routes\magasin\core\handlers\delete-article.handler.ts:22:20)
        at Object.<anonymous> (C:\Users\guillaumehouthoofd\Documents\Benoit\Epreuve_intégrée\ClubManager\api\src\routes\magasin\__tests__\magasin.errors.test.ts:290:7)

    [0m [90m 40 |[39m     }
     [90m 41 |[39m
    [31m[1m>[22m[39m[90m 42 |[39m     console[33m.[39merror([32m"❌ [Handler Articles] Erreur suppression article:"[39m[33m,[39m error)[33m;[39m
     [90m    |[39m             [31m[1m^[22m[39m
     [90m 43 |[39m
     [90m 44 |[39m     [90m// Déterminer le code de statut approprié[39m
     [90m 45 |[39m     [36mconst[39m errorMessage [33m=[39m[0m

      at deleteArticle (src/routes/magasin/core/handlers/delete-article.handler.ts:42:13)
      at Object.<anonymous> (src/routes/magasin/__tests__/magasin.errors.test.ts:290:7)

  console.error
    ❌ [Service Magasin] Utilisateur non trouvé: 1

    [0m [90m 772 |[39m
     [90m 773 |[39m     [36mif[39m (results[33m.[39mlength [33m===[39m [35m0[39m) {
    [31m[1m>[22m[39m[90m 774 |[39m       console[33m.[39merror(
     [90m     |[39m               [31m[1m^[22m[39m
     [90m 775 |[39m         [32m"❌ [Service Magasin] Utilisateur non trouvé:"[39m[33m,[39m
     [90m 776 |[39m         utilisateurId[33m,[39m
     [90m 777 |[39m       )[33m;[39m[0m

      at recupererDonneesUtilisateur (src/routes/magasin/core/services/magasin.service.ts:774:15)
      at src/routes/magasin/core/services/magasin.service.ts:393:26
      at creerCommande (src/routes/magasin/core/services/magasin.service.ts:432:28)
      at createCommande (src/routes/magasin/core/handlers/create-commande.handler.ts:30:20)
      at Object.<anonymous> (src/routes/magasin/__tests__/magasin.edge-cases.test.ts:391:7)

  console.log
    🔍 [Handler Commandes] Vérification unicité commande

      at verifyCommandeUnicity (src/routes/magasin/core/handlers/verify-commande.handler.ts:17:13)

  console.log
    📝 [Service Magasin] Ajout d'un nouvel article: Article 34

      at ajouterArticle (src/routes/magasin/core/services/magasin.service.ts:216:11)

  console.log
    📝 [Handler Articles] Création d'un nouvel article

      at createArticle (src/routes/magasin/core/handlers/create-article.handler.ts:17:13)

  console.log
    Données validées par le schéma Zod: {"nom":"Article 35","prix":25.99,"categorie_id":1,"images":[],"stocks":[],"actif":true}

      at createArticle (src/routes/magasin/core/handlers/create-article.handler.ts:22:13)

  console.log
    📝 [Service Magasin] Ajout d'un nouvel article: Article 35

      at ajouterArticle (src/routes/magasin/core/services/magasin.service.ts:216:11)

  console.error
    ❌ [Handler Commandes] Erreur de validation: [
      {
        validation: 'regex',
        code: 'invalid_string',
        message: "Format d'ID unique invalide (attendu: CMD-XXX-TIMESTAMP-XXXXXXXX)",
        path: [ 'uniqueId' ]
      }
    ]

    [0m [90m 31 |[39m   } [36mcatch[39m (error) {
     [90m 32 |[39m     [36mif[39m (error [36minstanceof[39m z[33m.[39m[33mZodError[39m) {
    [31m[1m>[22m[39m[90m 33 |[39m       console[33m.[39merror(
     [90m    |[39m               [31m[1m^[22m[39m
     [90m 34 |[39m         [32m"❌ [Handler Commandes] Erreur de validation:"[39m[33m,[39m
     [90m 35 |[39m         error[33m.[39merrors[33m,[39m
     [90m 36 |[39m       )[33m;[39m[0m

      at verifyCommandeUnicity (src/routes/magasin/core/handlers/verify-commande.handler.ts:33:15)
      at Object.<anonymous> (src/routes/magasin/__tests__/magasin.security.test.ts:400:15)

  console.log
    🔍 [Handler Commandes] Vérification unicité commande

      at verifyCommandeUnicity (src/routes/magasin/core/handlers/verify-commande.handler.ts:17:13)

  console.log
    📝 [Handler Articles] Création d'un nouvel article

      at createArticle (src/routes/magasin/core/handlers/create-article.handler.ts:17:13)

  console.log
    🔍 [Handler Payment Intent] Récupération PaymentIntent pour commande

      at getPaymentIntent (src/routes/magasin/core/handlers/get-payment-intent.handler.ts:17:13)

  console.error
    ❌ [Handler Commandes] Erreur de validation: [
      {
        validation: 'regex',
        code: 'invalid_string',
        message: "Format d'ID unique invalide (attendu: CMD-XXX-TIMESTAMP-XXXXXXXX)",
        path: [ 'uniqueId' ]
      }
    ]

    [0m [90m 31 |[39m   } [36mcatch[39m (error) {
     [90m 32 |[39m     [36mif[39m (error [36minstanceof[39m z[33m.[39m[33mZodError[39m) {
    [31m[1m>[22m[39m[90m 33 |[39m       console[33m.[39merror(
     [90m    |[39m               [31m[1m^[22m[39m
     [90m 34 |[39m         [32m"❌ [Handler Commandes] Erreur de validation:"[39m[33m,[39m
     [90m 35 |[39m         error[33m.[39merrors[33m,[39m
     [90m 36 |[39m       )[33m;[39m[0m

      at verifyCommandeUnicity (src/routes/magasin/core/handlers/verify-commande.handler.ts:33:15)
      at Object.<anonymous> (src/routes/magasin/__tests__/magasin.security.test.ts:400:15)

  console.log
    🔍 [Handler Commandes] Vérification unicité commande

      at verifyCommandeUnicity (src/routes/magasin/core/handlers/verify-commande.handler.ts:17:13)

  console.log
    🔍 [Service Magasin] Récupération PaymentIntent pour commande: { commandeId: '1', userId: 1 }

      at obtenirPaymentIntentCommande (src/routes/magasin/core/services/magasin.service.ts:569:11)

  console.log
    Données validées par le schéma Zod: {"nom":"Article 36","prix":25.99,"categorie_id":1,"images":[],"stocks":[],"actif":true}

      at createArticle (src/routes/magasin/core/handlers/create-article.handler.ts:22:13)

  console.log
    📝 [Service Magasin] Ajout d'un nouvel article: Article 36

      at ajouterArticle (src/routes/magasin/core/services/magasin.service.ts:216:11)

  console.warn
    ⚠️ [Service Magasin] Impossible d'envoyer l'email - utilisateur non trouvé

    [0m [90m 402 |[39m           )[33m;[39m
     [90m 403 |[39m         } [36melse[39m {
    [31m[1m>[22m[39m[90m 404 |[39m           console[33m.[39mwarn(
     [90m     |[39m                   [31m[1m^[22m[39m
     [90m 405 |[39m             [32m"⚠️ [Service Magasin] Impossible d'envoyer l'email - utilisateur non trouvé"[39m[33m,[39m
     [90m 406 |[39m           )[33m;[39m
     [90m 407 |[39m         }[0m

      at src/routes/magasin/core/services/magasin.service.ts:404:19
      at creerCommande (src/routes/magasin/core/services/magasin.service.ts:432:28)
      at createCommande (src/routes/magasin/core/handlers/create-commande.handler.ts:30:20)
      at Object.<anonymous> (src/routes/magasin/__tests__/magasin.edge-cases.test.ts:391:7)

  console.log
    ✅ [Service Magasin] Commande créée avec protection doublon: {
      unique_id: 'CMD-001-1770238459976-6BD207E7',
      numero_commande: 'CMD-000001'
    }

      at creerCommande (src/routes/magasin/core/services/magasin.service.ts:434:11)

  console.log
    ✅ [Handler Commandes] Commande créée avec succès: {
      unique_id: 'CMD-001-1770238459976-6BD207E7',
      numero_commande: 'CMD-000001',
      isDuplicate: false
    }

      at createCommande (src/routes/magasin/core/handlers/create-commande.handler.ts:36:13)

  console.log
    📝 [Handler Articles] Création d'un nouvel article

      at createArticle (src/routes/magasin/core/handlers/create-article.handler.ts:17:13)

  console.error
    ❌ [Handler Commandes] Erreur de validation: [
      {
        code: 'too_small',
        minimum: 1,
        type: 'string',
        inclusive: true,
        exact: false,
        message: "L'ID unique ne peut pas être vide",
        path: [ 'uniqueId' ]
      },
      {
        validation: 'regex',
        code: 'invalid_string',
        message: "Format d'ID unique invalide (attendu: CMD-XXX-TIMESTAMP-XXXXXXXX)",
        path: [ 'uniqueId' ]
      }
    ]

    [0m [90m 31 |[39m   } [36mcatch[39m (error) {
     [90m 32 |[39m     [36mif[39m (error [36minstanceof[39m z[33m.[39m[33mZodError[39m) {
    [31m[1m>[22m[39m[90m 33 |[39m       console[33m.[39merror(
     [90m    |[39m               [31m[1m^[22m[39m
     [90m 34 |[39m         [32m"❌ [Handler Commandes] Erreur de validation:"[39m[33m,[39m
     [90m 35 |[39m         error[33m.[39merrors[33m,[39m
     [90m 36 |[39m       )[33m;[39m[0m

      at verifyCommandeUnicity (src/routes/magasin/core/handlers/verify-commande.handler.ts:33:15)
      at Object.<anonymous> (src/routes/magasin/__tests__/magasin.security.test.ts:400:15)

  console.log
    Données validées par le schéma Zod: {"nom":"Article 37","prix":25.99,"categorie_id":1,"images":[],"stocks":[],"actif":true}

      at createArticle (src/routes/magasin/core/handlers/create-article.handler.ts:22:13)

  console.log
    📝 [Handler Commandes] Création d'une nouvelle commande

      at createCommande (src/routes/magasin/core/handlers/create-commande.handler.ts:19:13)

  console.log
    🔍 [Handler Commandes] Vérification unicité commande

      at verifyCommandeUnicity (src/routes/magasin/core/handlers/verify-commande.handler.ts:17:13)

  console.error
    ❌ [Service Magasin] Erreur récupération PaymentIntent: TypeError: paiements.queryAsync is not a function
        at obtenirPaymentIntentCommande (C:\Users\guillaumehouthoofd\Documents\Benoit\Epreuve_intégrée\ClubManager\api\src\routes\magasin\core\services\magasin.service.ts:584:45)
        at getPaymentIntent (C:\Users\guillaumehouthoofd\Documents\Benoit\Epreuve_intégrée\ClubManager\api\src\routes\magasin\core\handlers\get-payment-intent.handler.ts:39:33)
        at Object.<anonymous> (C:\Users\guillaumehouthoofd\Documents\Benoit\Epreuve_intégrée\ClubManager\api\src\routes\magasin\__tests__\magasin.errors.test.ts:324:13)
        at Promise.then.completed (C:\Users\guillaumehouthoofd\Documents\Benoit\Epreuve_intégrée\ClubManager\api\node_modules\jest-circus\build\utils.js:298:28)
        at new Promise (<anonymous>)
        at callAsyncCircusFn (C:\Users\guillaumehouthoofd\Documents\Benoit\Epreuve_intégrée\ClubManager\api\node_modules\jest-circus\build\utils.js:231:10)
        at _callCircusTest (C:\Users\guillaumehouthoofd\Documents\Benoit\Epreuve_intégrée\ClubManager\api\node_modules\jest-circus\build\run.js:316:40)
        at processTicksAndRejections (node:internal/process/task_queues:105:5)
        at _runTest (C:\Users\guillaumehouthoofd\Documents\Benoit\Epreuve_intégrée\ClubManager\api\node_modules\jest-circus\build\run.js:252:3)
        at _runTestsForDescribeBlock (C:\Users\guillaumehouthoofd\Documents\Benoit\Epreuve_intégrée\ClubManager\api\node_modules\jest-circus\build\run.js:126:9)
        at _runTestsForDescribeBlock (C:\Users\guillaumehouthoofd\Documents\Benoit\Epreuve_intégrée\ClubManager\api\node_modules\jest-circus\build\run.js:121:9)
        at _runTestsForDescribeBlock (C:\Users\guillaumehouthoofd\Documents\Benoit\Epreuve_intégrée\ClubManager\api\node_modules\jest-circus\build\run.js:121:9)
        at run (C:\Users\guillaumehouthoofd\Documents\Benoit\Epreuve_intégrée\ClubManager\api\node_modules\jest-circus\build\run.js:71:3)
        at runAndTransformResultsToJestFormat (C:\Users\guillaumehouthoofd\Documents\Benoit\Epreuve_intégrée\ClubManager\api\node_modules\jest-circus\build\legacy-code-todo-rewrite\jestAdapterInit.js:122:21)
        at jestAdapter (C:\Users\guillaumehouthoofd\Documents\Benoit\Epreuve_intégrée\ClubManager\api\node_modules\jest-circus\build\legacy-code-todo-rewrite\jestAdapter.js:79:19)
        at runTestInternal (C:\Users\guillaumehouthoofd\Documents\Benoit\Epreuve_intégrée\ClubManager\api\node_modules\jest-runner\build\runTest.js:367:16)
        at runTest (C:\Users\guillaumehouthoofd\Documents\Benoit\Epreuve_intégrée\ClubManager\api\node_modules\jest-runner\build\runTest.js:444:34)
        at Object.worker (C:\Users\guillaumehouthoofd\Documents\Benoit\Epreuve_intégrée\ClubManager\api\node_modules\jest-runner\build\testWorker.js:106:12)

    [0m [90m 654 |[39m     }[33m;[39m
     [90m 655 |[39m   } [36mcatch[39m (error[33m:[39m any) {
    [31m[1m>[22m[39m[90m 656 |[39m     console[33m.[39merror(
     [90m     |[39m             [31m[1m^[22m[39m
     [90m 657 |[39m       [32m"❌ [Service Magasin] Erreur récupération PaymentIntent:"[39m[33m,[39m
     [90m 658 |[39m       error[33m,[39m
     [90m 659 |[39m     )[33m;[39m[0m

      at obtenirPaymentIntentCommande (src/routes/magasin/core/services/magasin.service.ts:656:13)
      at getPaymentIntent (src/routes/magasin/core/handlers/get-payment-intent.handler.ts:39:33)
      at Object.<anonymous> (src/routes/magasin/__tests__/magasin.errors.test.ts:324:13)

  console.log
    📊 [Service Magasin] Calcul des statistiques

      at Module.calculerStatistiquesMagasin (src/routes/magasin/core/services/magasin.service.ts:805:11)

  console.error
    ❌ [Handler Commandes] Erreur de validation: [
      {
        validation: 'regex',
        code: 'invalid_string',
        message: "Format d'ID unique invalide (attendu: CMD-XXX-TIMESTAMP-XXXXXXXX)",
        path: [ 'uniqueId' ]
      }
    ]

    [0m [90m 31 |[39m   } [36mcatch[39m (error) {
     [90m 32 |[39m     [36mif[39m (error [36minstanceof[39m z[33m.[39m[33mZodError[39m) {
    [31m[1m>[22m[39m[90m 33 |[39m       console[33m.[39merror(
     [90m    |[39m               [31m[1m^[22m[39m
     [90m 34 |[39m         [32m"❌ [Handler Commandes] Erreur de validation:"[39m[33m,[39m
     [90m 35 |[39m         error[33m.[39merrors[33m,[39m
     [90m 36 |[39m       )[33m;[39m[0m

      at verifyCommandeUnicity (src/routes/magasin/core/handlers/verify-commande.handler.ts:33:15)
      at Object.<anonymous> (src/routes/magasin/__tests__/magasin.security.test.ts:400:15)

  console.log
    📝 [Service Magasin] Ajout d'un nouvel article: Article 37

      at ajouterArticle (src/routes/magasin/core/services/magasin.service.ts:216:11)

  console.log
    📝 [Handler Articles] Création d'un nouvel article

      at createArticle (src/routes/magasin/core/handlers/create-article.handler.ts:17:13)

  console.log
    Données validées par le schéma Zod: {"nom":"Article 38","prix":25.99,"categorie_id":1,"images":[],"stocks":[],"actif":true}

      at createArticle (src/routes/magasin/core/handlers/create-article.handler.ts:22:13)

  console.log
    📝 [Service Magasin] Ajout d'un nouvel article: Article 38

      at ajouterArticle (src/routes/magasin/core/services/magasin.service.ts:216:11)

  console.log
    📝 [Handler Articles] Création d'un nouvel article

      at createArticle (src/routes/magasin/core/handlers/create-article.handler.ts:17:13)

  console.error
    ❌ [Handler Payment Intent] Erreur récupération PaymentIntent: Error: Erreur lors de la récupération du PaymentIntent
        at obtenirPaymentIntentCommande (C:\Users\guillaumehouthoofd\Documents\Benoit\Epreuve_intégrée\ClubManager\api\src\routes\magasin\core\services\magasin.service.ts:670:11)
        at getPaymentIntent (C:\Users\guillaumehouthoofd\Documents\Benoit\Epreuve_intégrée\ClubManager\api\src\routes\magasin\core\handlers\get-payment-intent.handler.ts:39:33)
        at Object.<anonymous> (C:\Users\guillaumehouthoofd\Documents\Benoit\Epreuve_intégrée\ClubManager\api\src\routes\magasin\__tests__\magasin.errors.test.ts:324:13)
        at Promise.then.completed (C:\Users\guillaumehouthoofd\Documents\Benoit\Epreuve_intégrée\ClubManager\api\node_modules\jest-circus\build\utils.js:298:28)
        at new Promise (<anonymous>)
        at callAsyncCircusFn (C:\Users\guillaumehouthoofd\Documents\Benoit\Epreuve_intégrée\ClubManager\api\node_modules\jest-circus\build\utils.js:231:10)
        at _callCircusTest (C:\Users\guillaumehouthoofd\Documents\Benoit\Epreuve_intégrée\ClubManager\api\node_modules\jest-circus\build\run.js:316:40)
        at processTicksAndRejections (node:internal/process/task_queues:105:5)
        at _runTest (C:\Users\guillaumehouthoofd\Documents\Benoit\Epreuve_intégrée\ClubManager\api\node_modules\jest-circus\build\run.js:252:3)
        at _runTestsForDescribeBlock (C:\Users\guillaumehouthoofd\Documents\Benoit\Epreuve_intégrée\ClubManager\api\node_modules\jest-circus\build\run.js:126:9)
        at _runTestsForDescribeBlock (C:\Users\guillaumehouthoofd\Documents\Benoit\Epreuve_intégrée\ClubManager\api\node_modules\jest-circus\build\run.js:121:9)
        at _runTestsForDescribeBlock (C:\Users\guillaumehouthoofd\Documents\Benoit\Epreuve_intégrée\ClubManager\api\node_modules\jest-circus\build\run.js:121:9)
        at run (C:\Users\guillaumehouthoofd\Documents\Benoit\Epreuve_intégrée\ClubManager\api\node_modules\jest-circus\build\run.js:71:3)
        at runAndTransformResultsToJestFormat (C:\Users\guillaumehouthoofd\Documents\Benoit\Epreuve_intégrée\ClubManager\api\node_modules\jest-circus\build\legacy-code-todo-rewrite\jestAdapterInit.js:122:21)
        at jestAdapter (C:\Users\guillaumehouthoofd\Documents\Benoit\Epreuve_intégrée\ClubManager\api\node_modules\jest-circus\build\legacy-code-todo-rewrite\jestAdapter.js:79:19)
        at runTestInternal (C:\Users\guillaumehouthoofd\Documents\Benoit\Epreuve_intégrée\ClubManager\api\node_modules\jest-runner\build\runTest.js:367:16)
        at runTest (C:\Users\guillaumehouthoofd\Documents\Benoit\Epreuve_intégrée\ClubManager\api\node_modules\jest-runner\build\runTest.js:444:34)
        at Object.worker (C:\Users\guillaumehouthoofd\Documents\Benoit\Epreuve_intégrée\ClubManager\api\node_modules\jest-runner\build\testWorker.js:106:12)

    [0m [90m 61 |[39m     }
     [90m 62 |[39m
    [31m[1m>[22m[39m[90m 63 |[39m     console[33m.[39merror(
     [90m    |[39m             [31m[1m^[22m[39m
     [90m 64 |[39m       [32m"❌ [Handler Payment Intent] Erreur récupération PaymentIntent:"[39m[33m,[39m
     [90m 65 |[39m       error[33m,[39m
     [90m 66 |[39m     )[33m;[39m[0m

      at getPaymentIntent (src/routes/magasin/core/handlers/get-payment-intent.handler.ts:63:13)
      at Object.<anonymous> (src/routes/magasin/__tests__/magasin.errors.test.ts:324:7)

  console.log
    🔍 [Handler Payment Intent] Récupération PaymentIntent pour commande

      at getPaymentIntent (src/routes/magasin/core/handlers/get-payment-intent.handler.ts:17:13)

  console.log
    🔍 [Service Magasin] Récupération PaymentIntent pour commande: { commandeId: '1', userId: 1 }

      at obtenirPaymentIntentCommande (src/routes/magasin/core/services/magasin.service.ts:569:11)

  console.log
    🔍 [Handler Commandes] Vérification unicité commande

      at verifyCommandeUnicity (src/routes/magasin/core/handlers/verify-commande.handler.ts:17:13)

  console.log
    🔍 [Service Magasin] Vérification unicité commande: CMD-999-1234567890-ABCD1234

      at verifierUniciteCommande (src/routes/magasin/core/services/magasin.service.ts:478:11)

  console.log
    ⚠️ [Handler Commandes] Commande CMD-999-1234567890-ABCD1234 non trouvée

      at verifyCommandeUnicity (src/routes/magasin/core/handlers/verify-commande.handler.ts:28:15)

  console.log
    📝 [Handler Articles] Création d'un nouvel article

      at createArticle (src/routes/magasin/core/handlers/create-article.handler.ts:17:13)

  console.log
    Corps reçu: {
      utilisateur_id: 1,
      articles: [
        { article_id: 1, quantite: 1, taille: 'M' },
        { article_id: 2, quantite: 1, taille: 'M' },
        { article_id: 3, quantite: 1, taille: 'M' },
        { article_id: 4, quantite: 1, taille: 'M' },
        { article_id: 5, quantite: 1, taille: 'M' },
        { article_id: 6, quantite: 1, taille: 'M' },
        { article_id: 7, quantite: 1, taille: 'M' },
        { article_id: 8, quantite: 1, taille: 'M' },
        { article_id: 9, quantite: 1, taille: 'M' },
        { article_id: 10, quantite: 1, taille: 'M' },
        { article_id: 11, quantite: 1, taille: 'M' },
        { article_id: 12, quantite: 1, taille: 'M' },
        { article_id: 13, quantite: 1, taille: 'M' },
        { article_id: 14, quantite: 1, taille: 'M' },
        { article_id: 15, quantite: 1, taille: 'M' },
        { article_id: 16, quantite: 1, taille: 'M' },
        { article_id: 17, quantite: 1, taille: 'M' },
        { article_id: 18, quantite: 1, taille: 'M' },
        { article_id: 19, quantite: 1, taille: 'M' },
        { article_id: 20, quantite: 1, taille: 'M' },
        { article_id: 21, quantite: 1, taille: 'M' },
        { article_id: 22, quantite: 1, taille: 'M' },
        { article_id: 23, quantite: 1, taille: 'M' },
        { article_id: 24, quantite: 1, taille: 'M' },
        { article_id: 25, quantite: 1, taille: 'M' },
        { article_id: 26, quantite: 1, taille: 'M' },
        { article_id: 27, quantite: 1, taille: 'M' },
        { article_id: 28, quantite: 1, taille: 'M' },
        { article_id: 29, quantite: 1, taille: 'M' },
        { article_id: 30, quantite: 1, taille: 'M' },
        { article_id: 31, quantite: 1, taille: 'M' },
        { article_id: 32, quantite: 1, taille: 'M' },
        { article_id: 33, quantite: 1, taille: 'M' },
        { article_id: 34, quantite: 1, taille: 'M' },
        { article_id: 35, quantite: 1, taille: 'M' },
        { article_id: 36, quantite: 1, taille: 'M' },
        { article_id: 37, quantite: 1, taille: 'M' },
        { article_id: 38, quantite: 1, taille: 'M' },
        { article_id: 39, quantite: 1, taille: 'M' },
        { article_id: 40, quantite: 1, taille: 'M' },
        { article_id: 41, quantite: 1, taille: 'M' },
        { article_id: 42, quantite: 1, taille: 'M' },
        { article_id: 43, quantite: 1, taille: 'M' },
        { article_id: 44, quantite: 1, taille: 'M' },
        { article_id: 45, quantite: 1, taille: 'M' },
        { article_id: 46, quantite: 1, taille: 'M' },
        { article_id: 47, quantite: 1, taille: 'M' },
        { article_id: 48, quantite: 1, taille: 'M' },
        { article_id: 49, quantite: 1, taille: 'M' },
        { article_id: 50, quantite: 1, taille: 'M' },
        { article_id: 51, quantite: 1, taille: 'M' }
      ],
      total: 510
    }

      at createCommande (src/routes/magasin/core/handlers/create-commande.handler.ts:20:13)

  console.log
    ✅ [Service Magasin] Commande trouvée: {
      id: 1,
      unique_id: 'CMD-001-123-ABCD1234',
      numero_commande: undefined
    }

      at obtenirPaymentIntentCommande (src/routes/magasin/core/services/magasin.service.ts:596:13)

  console.log
    Données validées par le schéma Zod: {"nom":"Article 39","prix":25.99,"categorie_id":1,"images":[],"stocks":[],"actif":true}

      at createArticle (src/routes/magasin/core/handlers/create-article.handler.ts:22:13)

  console.log
    🔍 [Service Magasin] PaymentIntent trouvé dans DB: {
      stripe_payment_intent_id: 'pi_test123',
      statut: undefined,
      montant: undefined
    }

      at obtenirPaymentIntentCommande (src/routes/magasin/core/services/magasin.service.ts:621:13)

  console.log
    📝 [Service Magasin] Ajout d'un nouvel article: Article 39

      at ajouterArticle (src/routes/magasin/core/services/magasin.service.ts:216:11)

  console.error
    ❌ [Handler Articles] Erreur de validation: [
      {
        code: 'too_small',
        minimum: 0,
        type: 'number',
        inclusive: false,
        exact: false,
        message: 'Le prix doit être positif',
        path: [ 'prix' ]
      },
      {
        code: 'too_small',
        minimum: 0.01,
        type: 'number',
        inclusive: true,
        exact: false,
        message: 'Le prix minimum est 0.01€',
        path: [ 'prix' ]
      }
    ]

    [0m [90m 43 |[39m   } [36mcatch[39m (error) {
     [90m 44 |[39m     [36mif[39m (error [36minstanceof[39m z[33m.[39m[33mZodError[39m) {
    [31m[1m>[22m[39m[90m 45 |[39m       console[33m.[39merror(
     [90m    |[39m               [31m[1m^[22m[39m
     [90m 46 |[39m         [32m"❌ [Handler Articles] Erreur de validation:"[39m[33m,[39m
     [90m 47 |[39m         error[33m.[39merrors[33m,[39m
     [90m 48 |[39m       )[33m;[39m[0m

      at createArticle (src/routes/magasin/core/handlers/create-article.handler.ts:45:15)
      at Object.<anonymous> (src/routes/magasin/__tests__/magasin.security.test.ts:443:13)

  console.log
    📝 [Handler Articles] Création d'un nouvel article

      at createArticle (src/routes/magasin/core/handlers/create-article.handler.ts:17:13)

  console.log
    📧 [Service Magasin] Envoi email confirmation commande: { destinataire: undefined, numeroCommande: 'CMD-000001' }

      at envoyerEmailConfirmationCommande (src/routes/magasin/core/services/magasin.service.ts:727:13)

  console.log
    Données validées par le schéma Zod: {"nom":"Article 40","prix":25.99,"categorie_id":1,"images":[],"stocks":[],"actif":true}

      at createArticle (src/routes/magasin/core/handlers/create-article.handler.ts:22:13)

  console.log
    📧 [Service Magasin] Envoi email confirmation commande: { destinataire: undefined, numeroCommande: 'CMD-000001' }

      at envoyerEmailConfirmationCommande (src/routes/magasin/core/services/magasin.service.ts:727:13)

  console.error
    ❌ [Handler Commandes] Erreur de validation: [
      {
        code: 'too_big',
        maximum: 50,
        type: 'array',
        inclusive: true,
        exact: false,
        message: 'Maximum 50 articles par commande',
        path: [ 'articles' ]
      }
    ]

    [0m [90m 49 |[39m   } [36mcatch[39m (error) {
     [90m 50 |[39m     [36mif[39m (error [36minstanceof[39m z[33m.[39m[33mZodError[39m) {
    [31m[1m>[22m[39m[90m 51 |[39m       console[33m.[39merror(
     [90m    |[39m               [31m[1m^[22m[39m
     [90m 52 |[39m         [32m"❌ [Handler Commandes] Erreur de validation:"[39m[33m,[39m
     [90m 53 |[39m         error[33m.[39merrors[33m,[39m
     [90m 54 |[39m       )[33m;[39m[0m

      at createCommande (src/routes/magasin/core/handlers/create-commande.handler.ts:51:15)
      at Object.<anonymous> (src/routes/magasin/__tests__/magasin.edge-cases.test.ts:416:13)

  console.log
    📝 [Service Magasin] Ajout d'un nouvel article: Article 40

      at ajouterArticle (src/routes/magasin/core/services/magasin.service.ts:216:11)

  console.log
    📝 [Handler Commandes] Création d'une nouvelle commande

      at createCommande (src/routes/magasin/core/handlers/create-commande.handler.ts:19:13)

  console.log
    📝 [Handler Commandes] Création d'une nouvelle commande

      at createCommande (src/routes/magasin/core/handlers/create-commande.handler.ts:19:13)

  console.error
    ❌ [Service Magasin] Erreur envoi email confirmation: TypeError: emailClient.sendTemplatedEmail is not a function
        at envoyerEmailConfirmationCommande (C:\Users\guillaumehouthoofd\Documents\Benoit\Epreuve_intégrée\ClubManager\api\src\routes\magasin\core\services\magasin.service.ts:732:38)
        at C:\Users\guillaumehouthoofd\Documents\Benoit\Epreuve_intégrée\ClubManager\api\src\routes\magasin\core\services\magasin.service.ts:398:17
        at processTicksAndRejections (node:internal/process/task_queues:105:5)
        at Module.creerCommande (C:\Users\guillaumehouthoofd\Documents\Benoit\Epreuve_intégrée\ClubManager\api\src\routes\magasin\core\services\magasin.service.ts:432:28)
        at Object.<anonymous> (C:\Users\guillaumehouthoofd\Documents\Benoit\Epreuve_intégrée\ClubManager\api\src\routes\magasin\__tests__\magasin.service-branches.test.ts:232:22)

    [0m [90m 745 |[39m     }
     [90m 746 |[39m   } [36mcatch[39m (error) {
    [31m[1m>[22m[39m[90m 747 |[39m     console[33m.[39merror(
     [90m     |[39m             [31m[1m^[22m[39m
     [90m 748 |[39m       [32m"❌ [Service Magasin] Erreur envoi email confirmation:"[39m[33m,[39m
     [90m 749 |[39m       error[33m,[39m
     [90m 750 |[39m     )[33m;[39m[0m

      at envoyerEmailConfirmationCommande (src/routes/magasin/core/services/magasin.service.ts:747:13)
      at src/routes/magasin/core/services/magasin.service.ts:398:17
      at Module.creerCommande (src/routes/magasin/core/services/magasin.service.ts:432:28)
      at Object.<anonymous> (src/routes/magasin/__tests__/magasin.service-branches.test.ts:232:22)

  console.log
    Corps reçu: {
      utilisateur_id: 1,
      articles: [ { article_id: 1, quantite: 1, taille: 'M' } ],
      total: 50
    }

      at createCommande (src/routes/magasin/core/handlers/create-commande.handler.ts:20:13)

  console.error
    ❌ [Service Magasin] Erreur récupération PaymentIntent: Error: Clé Stripe non configurée
        at obtenirPaymentIntentCommande (C:\Users\guillaumehouthoofd\Documents\Benoit\Epreuve_intégrée\ClubManager\api\src\routes\magasin\core\services\magasin.service.ts:630:13)
        at processTicksAndRejections (node:internal/process/task_queues:105:5)
        at getPaymentIntent (C:\Users\guillaumehouthoofd\Documents\Benoit\Epreuve_intégrée\ClubManager\api\src\routes\magasin\core\handlers\get-payment-intent.handler.ts:39:27)
        at Object.<anonymous> (C:\Users\guillaumehouthoofd\Documents\Benoit\Epreuve_intégrée\ClubManager\api\src\routes\magasin\__tests__\magasin.errors.test.ts:356:7)

    [0m [90m 654 |[39m     }[33m;[39m
     [90m 655 |[39m   } [36mcatch[39m (error[33m:[39m any) {
    [31m[1m>[22m[39m[90m 656 |[39m     console[33m.[39merror(
     [90m     |[39m             [31m[1m^[22m[39m
     [90m 657 |[39m       [32m"❌ [Service Magasin] Erreur récupération PaymentIntent:"[39m[33m,[39m
     [90m 658 |[39m       error[33m,[39m
     [90m 659 |[39m     )[33m;[39m[0m

      at obtenirPaymentIntentCommande (src/routes/magasin/core/services/magasin.service.ts:656:13)
      at getPaymentIntent (src/routes/magasin/core/handlers/get-payment-intent.handler.ts:39:27)
      at Object.<anonymous> (src/routes/magasin/__tests__/magasin.errors.test.ts:356:7)

  console.log
    ✅ [Service Magasin] Commande créée avec protection doublon: {
      unique_id: 'CMD-001-1770238459974-59EEAF6D',
      numero_commande: 'CMD-000001'
    }

      at Module.creerCommande (src/routes/magasin/core/services/magasin.service.ts:434:11)

  console.log
    Données validées par le schéma Zod: {"utilisateur_id":1,"articles":[{"article_id":1,"quantite":1,"taille":"M"}],"total":50,"statut":"en attente"}

      at createCommande (src/routes/magasin/core/handlers/create-commande.handler.ts:25:13)

  console.log
    Corps reçu: {
      utilisateur_id: 1,
      articles: [ { article_id: 1, quantite: 1, taille: 'M' } ],
      total: -100
    }

      at createCommande (src/routes/magasin/core/handlers/create-commande.handler.ts:20:13)

  console.log
    📝 [Handler Articles] Création d'un nouvel article

      at createArticle (src/routes/magasin/core/handlers/create-article.handler.ts:17:13)

  console.error
    ❌ [Handler Payment Intent] Erreur récupération PaymentIntent: Error: Clé Stripe non configurée
        at obtenirPaymentIntentCommande (C:\Users\guillaumehouthoofd\Documents\Benoit\Epreuve_intégrée\ClubManager\api\src\routes\magasin\core\services\magasin.service.ts:630:13)
        at processTicksAndRejections (node:internal/process/task_queues:105:5)
        at getPaymentIntent (C:\Users\guillaumehouthoofd\Documents\Benoit\Epreuve_intégrée\ClubManager\api\src\routes\magasin\core\handlers\get-payment-intent.handler.ts:39:27)
        at Object.<anonymous> (C:\Users\guillaumehouthoofd\Documents\Benoit\Epreuve_intégrée\ClubManager\api\src\routes\magasin\__tests__\magasin.errors.test.ts:356:7)

    [0m [90m 61 |[39m     }
     [90m 62 |[39m
    [31m[1m>[22m[39m[90m 63 |[39m     console[33m.[39merror(
     [90m    |[39m             [31m[1m^[22m[39m
     [90m 64 |[39m       [32m"❌ [Handler Payment Intent] Erreur récupération PaymentIntent:"[39m[33m,[39m
     [90m 65 |[39m       error[33m,[39m
     [90m 66 |[39m     )[33m;[39m[0m

      at getPaymentIntent (src/routes/magasin/core/handlers/get-payment-intent.handler.ts:63:13)
      at Object.<anonymous> (src/routes/magasin/__tests__/magasin.errors.test.ts:356:7)

  console.log
    🔍 [Service Magasin] Vérification doublon commande: {
      cacheKey: '1-50-[{"id":1,"taille":"M","quantite":1}]...',
      utilisateur_id: 1,
      total: 50,
      nbArticles: 1
    }

      at creerCommande (src/routes/magasin/core/services/magasin.service.ts:325:11)

  console.log
    🆔 [Service Magasin] IDs générés: {
      uniqueCommandeId: 'CMD-001-1770238460028-5D75A115',
      numeroCommande: 'CMD-000001',
      utilisateur_id: 1
    }

      at creerCommande (src/routes/magasin/core/services/magasin.service.ts:373:11)

  console.log
    Données validées par le schéma Zod: {"nom":"Article 41","prix":25.99,"categorie_id":1,"images":[],"stocks":[],"actif":true}

      at createArticle (src/routes/magasin/core/handlers/create-article.handler.ts:22:13)

  console.error
    ❌ [Service Magasin] Erreur envoi email confirmation: TypeError: emailClient.sendTemplatedEmail is not a function
        at envoyerEmailConfirmationCommande (C:\Users\guillaumehouthoofd\Documents\Benoit\Epreuve_intégrée\ClubManager\api\src\routes\magasin\core\services\magasin.service.ts:732:38)
        at C:\Users\guillaumehouthoofd\Documents\Benoit\Epreuve_intégrée\ClubManager\api\src\routes\magasin\core\services\magasin.service.ts:398:17
        at processTicksAndRejections (node:internal/process/task_queues:105:5)
        at creerCommande (C:\Users\guillaumehouthoofd\Documents\Benoit\Epreuve_intégrée\ClubManager\api\src\routes\magasin\core\services\magasin.service.ts:432:28)
        at createCommande (C:\Users\guillaumehouthoofd\Documents\Benoit\Epreuve_intégrée\ClubManager\api\src\routes\magasin\core\handlers\create-commande.handler.ts:30:20)
        at Object.<anonymous> (C:\Users\guillaumehouthoofd\Documents\Benoit\Epreuve_intégrée\ClubManager\api\src\routes\magasin\__tests__\magasin.test.ts:451:7)

    [0m [90m 745 |[39m     }
     [90m 746 |[39m   } [36mcatch[39m (error) {
    [31m[1m>[22m[39m[90m 747 |[39m     console[33m.[39merror(
     [90m     |[39m             [31m[1m^[22m[39m
     [90m 748 |[39m       [32m"❌ [Service Magasin] Erreur envoi email confirmation:"[39m[33m,[39m
     [90m 749 |[39m       error[33m,[39m
     [90m 750 |[39m     )[33m;[39m[0m

      at envoyerEmailConfirmationCommande (src/routes/magasin/core/services/magasin.service.ts:747:13)
      at src/routes/magasin/core/services/magasin.service.ts:398:17
      at creerCommande (src/routes/magasin/core/services/magasin.service.ts:432:28)
      at createCommande (src/routes/magasin/core/handlers/create-commande.handler.ts:30:20)
      at Object.<anonymous> (src/routes/magasin/__tests__/magasin.test.ts:451:7)

  console.log
    🔍 [Handler Payment Intent] Récupération PaymentIntent pour commande

      at getPaymentIntent (src/routes/magasin/core/handlers/get-payment-intent.handler.ts:17:13)

  console.log
    🔍 [Service Magasin] Vérification doublon commande: {
      cacheKey: '1-45.99-[{"id":1,"taille":"M","quantite":1}]...',
      utilisateur_id: 1,
      total: 45.99,
      nbArticles: 1
    }

      at Module.creerCommande (src/routes/magasin/core/services/magasin.service.ts:325:11)

  console.log
    📝 [Service Magasin] Ajout d'un nouvel article: Article 41

      at ajouterArticle (src/routes/magasin/core/services/magasin.service.ts:216:11)

  console.log
    ✅ [Service Magasin] Commande créée avec protection doublon: {
      unique_id: 'CMD-001-1770238459960-A4DCAE06',
      numero_commande: 'CMD-000001'
    }

      at creerCommande (src/routes/magasin/core/services/magasin.service.ts:434:11)

  console.error
    ❌ [Handler Commandes] Erreur de validation: [
      {
        code: 'too_small',
        minimum: 0,
        type: 'number',
        inclusive: false,
        exact: false,
        message: 'Le total doit être positif',
        path: [ 'total' ]
      },
      {
        code: 'too_small',
        minimum: 0.01,
        type: 'number',
        inclusive: true,
        exact: false,
        message: 'Le total minimum est 0.01€',
        path: [ 'total' ]
      }
    ]

    [0m [90m 49 |[39m   } [36mcatch[39m (error) {
     [90m 50 |[39m     [36mif[39m (error [36minstanceof[39m z[33m.[39m[33mZodError[39m) {
    [31m[1m>[22m[39m[90m 51 |[39m       console[33m.[39merror(
     [90m    |[39m               [31m[1m^[22m[39m
     [90m 52 |[39m         [32m"❌ [Handler Commandes] Erreur de validation:"[39m[33m,[39m
     [90m 53 |[39m         error[33m.[39merrors[33m,[39m
     [90m 54 |[39m       )[33m;[39m[0m

      at createCommande (src/routes/magasin/core/handlers/create-commande.handler.ts:51:15)
      at Object.<anonymous> (src/routes/magasin/__tests__/magasin.security.test.ts:459:13)

  console.log
    📝 [Handler Articles] Création d'un nouvel article

      at createArticle (src/routes/magasin/core/handlers/create-article.handler.ts:17:13)

  console.log
    ✅ [Handler Commandes] Commande créée avec succès: {
      unique_id: 'CMD-001-1770238459960-A4DCAE06',
      numero_commande: 'CMD-000001',
      isDuplicate: false
    }

      at createCommande (src/routes/magasin/core/handlers/create-commande.handler.ts:36:13)

  console.log
    ⚠️ [Service Magasin] Commande identique détectée, attente... { delaiDepuisCommande: '55ms' }

      at Module.creerCommande (src/routes/magasin/core/services/magasin.service.ts:339:15)

  console.log
    🔍 [Service Magasin] Récupération PaymentIntent pour commande: { commandeId: '1', userId: 1 }

      at obtenirPaymentIntentCommande (src/routes/magasin/core/services/magasin.service.ts:569:11)

  console.log
    Données validées par le schéma Zod: {"nom":"Article 42","prix":25.99,"categorie_id":1,"images":[],"stocks":[],"actif":true}

      at createArticle (src/routes/magasin/core/handlers/create-article.handler.ts:22:13)

  console.log
    ✅ [Service Magasin] Première commande terminée, retour du même résultat

      at Module.creerCommande (src/routes/magasin/core/services/magasin.service.ts:349:17)

  console.log
    📝 [Service Magasin] Ajout d'un nouvel article: Article 42

      at ajouterArticle (src/routes/magasin/core/services/magasin.service.ts:216:11)

  console.log
    📝 [Handler Articles] Création d'un nouvel article

      at createArticle (src/routes/magasin/core/handlers/create-article.handler.ts:17:13)

  console.log
    Données validées par le schéma Zod: {"nom":"Article 43","prix":25.99,"categorie_id":1,"images":[],"stocks":[],"actif":true}

      at createArticle (src/routes/magasin/core/handlers/create-article.handler.ts:22:13)

  console.log
    🔍 [Service Magasin] Récupération de toutes les commandes

      at Module.obtenirLesCommandes (src/routes/magasin/core/services/magasin.service.ts:453:11)

  console.log
    📝 [Handler Articles] Création d'un nouvel article

      at createArticle (src/routes/magasin/core/handlers/create-article.handler.ts:17:13)

  console.log
    ✅ [Service Magasin] 2 commandes récupérées

      at Module.obtenirLesCommandes (src/routes/magasin/core/services/magasin.service.ts:458:13)

  console.log
    📝 [Service Magasin] Ajout d'un nouvel article: Article 43

      at ajouterArticle (src/routes/magasin/core/services/magasin.service.ts:216:11)

  console.log
    📝 [Handler Articles] Création d'un nouvel article

      at createArticle (src/routes/magasin/core/handlers/create-article.handler.ts:17:13)

  console.log
    📝 [Handler Commandes] Création d'une nouvelle commande

      at createCommande (src/routes/magasin/core/handlers/create-commande.handler.ts:19:13)

  console.error
    ❌ [Service Magasin] Erreur récupération PaymentIntent: Error: Commande non trouvée ou ne vous appartient pas
        at obtenirPaymentIntentCommande (C:\Users\guillaumehouthoofd\Documents\Benoit\Epreuve_intégrée\ClubManager\api\src\routes\magasin\core\services\magasin.service.ts:592:13)
        at processTicksAndRejections (node:internal/process/task_queues:105:5)
        at getPaymentIntent (C:\Users\guillaumehouthoofd\Documents\Benoit\Epreuve_intégrée\ClubManager\api\src\routes\magasin\core\handlers\get-payment-intent.handler.ts:39:27)
        at Object.<anonymous> (C:\Users\guillaumehouthoofd\Documents\Benoit\Epreuve_intégrée\ClubManager\api\src\routes\magasin\__tests__\magasin.errors.test.ts:379:7)

    [0m [90m 654 |[39m     }[33m;[39m
     [90m 655 |[39m   } [36mcatch[39m (error[33m:[39m any) {
    [31m[1m>[22m[39m[90m 656 |[39m     console[33m.[39merror(
     [90m     |[39m             [31m[1m^[22m[39m
     [90m 657 |[39m       [32m"❌ [Service Magasin] Erreur récupération PaymentIntent:"[39m[33m,[39m
     [90m 658 |[39m       error[33m,[39m
     [90m 659 |[39m     )[33m;[39m[0m

      at obtenirPaymentIntentCommande (src/routes/magasin/core/services/magasin.service.ts:656:13)
      at getPaymentIntent (src/routes/magasin/core/handlers/get-payment-intent.handler.ts:39:27)
      at Object.<anonymous> (src/routes/magasin/__tests__/magasin.errors.test.ts:379:7)

  console.log
    🔍 [Service Magasin] Récupération de toutes les commandes

      at Module.obtenirLesCommandes (src/routes/magasin/core/services/magasin.service.ts:453:11)

  console.error
    ❌ [Handler Articles] Erreur de validation: [
      {
        code: 'too_big',
        maximum: 9999.99,
        type: 'number',
        inclusive: true,
        exact: false,
        message: 'Le prix maximum est 9999.99€',
        path: [ 'prix' ]
      }
    ]

    [0m [90m 43 |[39m   } [36mcatch[39m (error) {
     [90m 44 |[39m     [36mif[39m (error [36minstanceof[39m z[33m.[39m[33mZodError[39m) {
    [31m[1m>[22m[39m[90m 45 |[39m       console[33m.[39merror(
     [90m    |[39m               [31m[1m^[22m[39m
     [90m 46 |[39m         [32m"❌ [Handler Articles] Erreur de validation:"[39m[33m,[39m
     [90m 47 |[39m         error[33m.[39merrors[33m,[39m
     [90m 48 |[39m       )[33m;[39m[0m

      at createArticle (src/routes/magasin/core/handlers/create-article.handler.ts:45:15)
      at Object.<anonymous> (src/routes/magasin/__tests__/magasin.security.test.ts:476:13)

  console.log
    Données validées par le schéma Zod: {"nom":"Article 44","prix":25.99,"categorie_id":1,"images":[],"stocks":[],"actif":true}

      at createArticle (src/routes/magasin/core/handlers/create-article.handler.ts:22:13)

  console.log
    Corps reçu: { utilisateur_id: 1, articles: [], total: 0 }

      at createCommande (src/routes/magasin/core/handlers/create-commande.handler.ts:20:13)

  console.error
    ❌ [Service Magasin] Utilisateur non trouvé: 1

    [0m [90m 772 |[39m
     [90m 773 |[39m     [36mif[39m (results[33m.[39mlength [33m===[39m [35m0[39m) {
    [31m[1m>[22m[39m[90m 774 |[39m       console[33m.[39merror(
     [90m     |[39m               [31m[1m^[22m[39m
     [90m 775 |[39m         [32m"❌ [Service Magasin] Utilisateur non trouvé:"[39m[33m,[39m
     [90m 776 |[39m         utilisateurId[33m,[39m
     [90m 777 |[39m       )[33m;[39m[0m

      at recupererDonneesUtilisateur (src/routes/magasin/core/services/magasin.service.ts:774:15)
      at src/routes/magasin/core/services/magasin.service.ts:393:26
      at creerCommande (src/routes/magasin/core/services/magasin.service.ts:432:28)
      at createCommande (src/routes/magasin/core/handlers/create-commande.handler.ts:30:20)
      at Object.<anonymous> (src/routes/magasin/__tests__/magasin.edge-cases.test.ts:445:7)

  console.error
    ❌ [Handler Payment Intent] Erreur récupération PaymentIntent: Error: Commande non trouvée ou ne vous appartient pas
        at obtenirPaymentIntentCommande (C:\Users\guillaumehouthoofd\Documents\Benoit\Epreuve_intégrée\ClubManager\api\src\routes\magasin\core\services\magasin.service.ts:592:13)
        at processTicksAndRejections (node:internal/process/task_queues:105:5)
        at getPaymentIntent (C:\Users\guillaumehouthoofd\Documents\Benoit\Epreuve_intégrée\ClubManager\api\src\routes\magasin\core\handlers\get-payment-intent.handler.ts:39:27)
        at Object.<anonymous> (C:\Users\guillaumehouthoofd\Documents\Benoit\Epreuve_intégrée\ClubManager\api\src\routes\magasin\__tests__\magasin.errors.test.ts:379:7)

    [0m [90m 61 |[39m     }
     [90m 62 |[39m
    [31m[1m>[22m[39m[90m 63 |[39m     console[33m.[39merror(
     [90m    |[39m             [31m[1m^[22m[39m
     [90m 64 |[39m       [32m"❌ [Handler Payment Intent] Erreur récupération PaymentIntent:"[39m[33m,[39m
     [90m 65 |[39m       error[33m,[39m
     [90m 66 |[39m     )[33m;[39m[0m

      at getPaymentIntent (src/routes/magasin/core/handlers/get-payment-intent.handler.ts:63:13)
      at Object.<anonymous> (src/routes/magasin/__tests__/magasin.errors.test.ts:379:7)

  console.log
    📝 [Service Magasin] Ajout d'un nouvel article: Article 44

      at ajouterArticle (src/routes/magasin/core/services/magasin.service.ts:216:11)

  console.log
    📝 [Handler Articles] Création d'un nouvel article

      at createArticle (src/routes/magasin/core/handlers/create-article.handler.ts:17:13)

  console.log
    🔍 [Handler Payment Intent] Récupération PaymentIntent pour commande

      at getPaymentIntent (src/routes/magasin/core/handlers/get-payment-intent.handler.ts:17:13)

  console.log
    🔍 [Handler Payment Intent] Récupération PaymentIntent pour commande

      at getPaymentIntent (src/routes/magasin/core/handlers/get-payment-intent.handler.ts:17:13)

  console.error
    ❌ [Handler Commandes] Erreur de validation: [
      {
        code: 'too_small',
        minimum: 1,
        type: 'array',
        inclusive: true,
        exact: false,
        message: 'Au moins un article est requis',
        path: [ 'articles' ]
      },
      {
        code: 'too_small',
        minimum: 0,
        type: 'number',
        inclusive: false,
        exact: false,
        message: 'Le total doit être positif',
        path: [ 'total' ]
      },
      {
        code: 'too_small',
        minimum: 0.01,
        type: 'number',
        inclusive: true,
        exact: false,
        message: 'Le total minimum est 0.01€',
        path: [ 'total' ]
      }
    ]

    [0m [90m 49 |[39m   } [36mcatch[39m (error) {
     [90m 50 |[39m     [36mif[39m (error [36minstanceof[39m z[33m.[39m[33mZodError[39m) {
    [31m[1m>[22m[39m[90m 51 |[39m       console[33m.[39merror(
     [90m    |[39m               [31m[1m^[22m[39m
     [90m 52 |[39m         [32m"❌ [Handler Commandes] Erreur de validation:"[39m[33m,[39m
     [90m 53 |[39m         error[33m.[39merrors[33m,[39m
     [90m 54 |[39m       )[33m;[39m[0m

      at createCommande (src/routes/magasin/core/handlers/create-commande.handler.ts:51:15)
      at Object.<anonymous> (src/routes/magasin/__tests__/magasin.test.ts:478:13)

  console.log
    Données validées par le schéma Zod: {"nom":"Article 45","prix":25.99,"categorie_id":1,"images":[],"stocks":[],"actif":true}

      at createArticle (src/routes/magasin/core/handlers/create-article.handler.ts:22:13)

  console.log
    🔍 [Service Magasin] Récupération PaymentIntent pour commande: { commandeId: '1', userId: 1 }

      at obtenirPaymentIntentCommande (src/routes/magasin/core/services/magasin.service.ts:569:11)

  console.log
    📝 [Service Magasin] Ajout d'un nouvel article: Article 45

      at ajouterArticle (src/routes/magasin/core/services/magasin.service.ts:216:11)

  console.error
    ❌ [Handler Payment Intent] Erreur de validation: [
      {
        code: 'invalid_type',
        expected: 'string',
        received: 'undefined',
        path: [ 'userId' ],
        message: "L'ID utilisateur est requis"
      }
    ]

    [0m [90m 50 |[39m   } [36mcatch[39m (error) {
     [90m 51 |[39m     [36mif[39m (error [36minstanceof[39m z[33m.[39m[33mZodError[39m) {
    [31m[1m>[22m[39m[90m 52 |[39m       console[33m.[39merror(
     [90m    |[39m               [31m[1m^[22m[39m
     [90m 53 |[39m         [32m"❌ [Handler Payment Intent] Erreur de validation:"[39m[33m,[39m
     [90m 54 |[39m         error[33m.[39merrors[33m,[39m
     [90m 55 |[39m       )[33m;[39m[0m

      at getPaymentIntent (src/routes/magasin/core/handlers/get-payment-intent.handler.ts:52:15)
      at Object.<anonymous> (src/routes/magasin/__tests__/magasin.errors.test.ts:397:13)

  console.log
    📝 [Handler Articles] Création d'un nouvel article

      at createArticle (src/routes/magasin/core/handlers/create-article.handler.ts:17:13)

  console.log
    📝 [Handler Commandes] Création d'une nouvelle commande

      at createCommande (src/routes/magasin/core/handlers/create-commande.handler.ts:19:13)

  console.log
    Données validées par le schéma Zod: {"nom":"Article 46","prix":25.99,"categorie_id":1,"images":[],"stocks":[],"actif":true}

      at createArticle (src/routes/magasin/core/handlers/create-article.handler.ts:22:13)

  console.error
    ❌ [Service Magasin] Erreur récupération commandes: Error: Erreur DB
        at Object.<anonymous> (C:\Users\guillaumehouthoofd\Documents\Benoit\Epreuve_intégrée\ClubManager\api\src\routes\magasin\__tests__\magasin.service-branches.test.ts:291:9)
        at Promise.then.completed (C:\Users\guillaumehouthoofd\Documents\Benoit\Epreuve_intégrée\ClubManager\api\node_modules\jest-circus\build\utils.js:298:28)
        at new Promise (<anonymous>)
        at callAsyncCircusFn (C:\Users\guillaumehouthoofd\Documents\Benoit\Epreuve_intégrée\ClubManager\api\node_modules\jest-circus\build\utils.js:231:10)
        at _callCircusTest (C:\Users\guillaumehouthoofd\Documents\Benoit\Epreuve_intégrée\ClubManager\api\node_modules\jest-circus\build\run.js:316:40)
        at processTicksAndRejections (node:internal/process/task_queues:105:5)
        at _runTest (C:\Users\guillaumehouthoofd\Documents\Benoit\Epreuve_intégrée\ClubManager\api\node_modules\jest-circus\build\run.js:252:3)
        at _runTestsForDescribeBlock (C:\Users\guillaumehouthoofd\Documents\Benoit\Epreuve_intégrée\ClubManager\api\node_modules\jest-circus\build\run.js:126:9)
        at _runTestsForDescribeBlock (C:\Users\guillaumehouthoofd\Documents\Benoit\Epreuve_intégrée\ClubManager\api\node_modules\jest-circus\build\run.js:121:9)
        at _runTestsForDescribeBlock (C:\Users\guillaumehouthoofd\Documents\Benoit\Epreuve_intégrée\ClubManager\api\node_modules\jest-circus\build\run.js:121:9)
        at run (C:\Users\guillaumehouthoofd\Documents\Benoit\Epreuve_intégrée\ClubManager\api\node_modules\jest-circus\build\run.js:71:3)
        at runAndTransformResultsToJestFormat (C:\Users\guillaumehouthoofd\Documents\Benoit\Epreuve_intégrée\ClubManager\api\node_modules\jest-circus\build\legacy-code-todo-rewrite\jestAdapterInit.js:122:21)
        at jestAdapter (C:\Users\guillaumehouthoofd\Documents\Benoit\Epreuve_intégrée\ClubManager\api\node_modules\jest-circus\build\legacy-code-todo-rewrite\jestAdapter.js:79:19)
        at runTestInternal (C:\Users\guillaumehouthoofd\Documents\Benoit\Epreuve_intégrée\ClubManager\api\node_modules\jest-runner\build\runTest.js:367:16)
        at runTest (C:\Users\guillaumehouthoofd\Documents\Benoit\Epreuve_intégrée\ClubManager\api\node_modules\jest-runner\build\runTest.js:444:34)
        at Object.worker (C:\Users\guillaumehouthoofd\Documents\Benoit\Epreuve_intégrée\ClubManager\api\node_modules\jest-runner\build\testWorker.js:106:12)

    [0m [90m 462 |[39m     [36mreturn[39m commandes[33m;[39m
     [90m 463 |[39m   } [36mcatch[39m (error) {
    [31m[1m>[22m[39m[90m 464 |[39m     console[33m.[39merror([32m"❌ [Service Magasin] Erreur récupération commandes:"[39m[33m,[39m error)[33m;[39m
     [90m     |[39m             [31m[1m^[22m[39m
     [90m 465 |[39m     [36mthrow[39m [36mnew[39m [33mError[39m([32m"Impossible de récupérer les commandes"[39m)[33m;[39m
     [90m 466 |[39m   }
     [90m 467 |[39m }[0m

      at Module.obtenirLesCommandes (src/routes/magasin/core/services/magasin.service.ts:464:13)
      at Object.<anonymous> (src/routes/magasin/__tests__/magasin.service-branches.test.ts:294:7)

  console.log
    Corps reçu: {
      utilisateur_id: 1,
      articles: [ { article_id: 1, quantite: 0, taille: 'M' } ],
      total: 10
    }

      at createCommande (src/routes/magasin/core/handlers/create-commande.handler.ts:20:13)

  console.log
    📝 [Service Magasin] Ajout d'un nouvel article: Article 46

      at ajouterArticle (src/routes/magasin/core/services/magasin.service.ts:216:11)

  console.log
    📋 [Handler Articles] Récupération des articles par catégories

      at getArticles (src/routes/magasin/core/handlers/get-articles.handler.ts:23:13)

  console.log
    📝 [Handler Articles] Création d'un nouvel article

      at createArticle (src/routes/magasin/core/handlers/create-article.handler.ts:17:13)

  console.warn
    ⚠️ [Service Magasin] Impossible d'envoyer l'email - utilisateur non trouvé

    [0m [90m 402 |[39m           )[33m;[39m
     [90m 403 |[39m         } [36melse[39m {
    [31m[1m>[22m[39m[90m 404 |[39m           console[33m.[39mwarn(
     [90m     |[39m                   [31m[1m^[22m[39m
     [90m 405 |[39m             [32m"⚠️ [Service Magasin] Impossible d'envoyer l'email - utilisateur non trouvé"[39m[33m,[39m
     [90m 406 |[39m           )[33m;[39m
     [90m 407 |[39m         }[0m

      at src/routes/magasin/core/services/magasin.service.ts:404:19
      at creerCommande (src/routes/magasin/core/services/magasin.service.ts:432:28)
      at createCommande (src/routes/magasin/core/handlers/create-commande.handler.ts:30:20)
      at Object.<anonymous> (src/routes/magasin/__tests__/magasin.edge-cases.test.ts:445:7)

  console.log
    ✅ [Service Magasin] Commande créée avec protection doublon: {
      unique_id: 'CMD-001-1770238460028-5D75A115',
      numero_commande: 'CMD-000001'
    }

      at creerCommande (src/routes/magasin/core/services/magasin.service.ts:434:11)

  console.log
    🔍 [Service Magasin] Récupération des articles par catégories

      at obtenirArticlesParCategories (src/routes/magasin/core/services/magasin.service.ts:166:11)

  console.error
    ❌ [Handler Commandes] Erreur de validation: [
      {
        code: 'too_small',
        minimum: 0,
        type: 'number',
        inclusive: false,
        exact: false,
        message: 'La quantité doit être positive',
        path: [ 'articles', 0, 'quantite' ]
      },
      {
        code: 'too_small',
        minimum: 1,
        type: 'number',
        inclusive: true,
        exact: false,
        message: 'La quantité minimum est 1',
        path: [ 'articles', 0, 'quantite' ]
      }
    ]

    [0m [90m 49 |[39m   } [36mcatch[39m (error) {
     [90m 50 |[39m     [36mif[39m (error [36minstanceof[39m z[33m.[39m[33mZodError[39m) {
    [31m[1m>[22m[39m[90m 51 |[39m       console[33m.[39merror(
     [90m    |[39m               [31m[1m^[22m[39m
     [90m 52 |[39m         [32m"❌ [Handler Commandes] Erreur de validation:"[39m[33m,[39m
     [90m 53 |[39m         error[33m.[39merrors[33m,[39m
     [90m 54 |[39m       )[33m;[39m[0m

      at createCommande (src/routes/magasin/core/handlers/create-commande.handler.ts:51:15)
      at Object.<anonymous> (src/routes/magasin/__tests__/magasin.test.ts:507:13)

  console.log
    ✅ [Handler Commandes] Commande créée avec succès: {
      unique_id: 'CMD-001-1770238460028-5D75A115',
      numero_commande: 'CMD-000001',
      isDuplicate: false
    }

      at createCommande (src/routes/magasin/core/handlers/create-commande.handler.ts:36:13)

  console.log
    Données validées par le schéma Zod: {"nom":"Article 47","prix":25.99,"categorie_id":1,"images":[],"stocks":[],"actif":true}

      at createArticle (src/routes/magasin/core/handlers/create-article.handler.ts:22:13)

  console.log
    🔍 [Service Magasin] Vérification unicité commande: CMD-001-123-ABCD1234

      at Module.verifierUniciteCommande (src/routes/magasin/core/services/magasin.service.ts:478:11)

  console.log
    📝 [Handler Commandes] Création d'une nouvelle commande

      at createCommande (src/routes/magasin/core/handlers/create-commande.handler.ts:19:13)

  console.log
    📝 [Service Magasin] Ajout d'un nouvel article: Article 47

      at ajouterArticle (src/routes/magasin/core/services/magasin.service.ts:216:11)

  console.error
    ❌ [Service Magasin] Erreur récupération PaymentIntent: TypeError: paiements.queryAsync is not a function
        at obtenirPaymentIntentCommande (C:\Users\guillaumehouthoofd\Documents\Benoit\Epreuve_intégrée\ClubManager\api\src\routes\magasin\core\services\magasin.service.ts:584:45)
        at getPaymentIntent (C:\Users\guillaumehouthoofd\Documents\Benoit\Epreuve_intégrée\ClubManager\api\src\routes\magasin\core\handlers\get-payment-intent.handler.ts:39:33)
        at Object.<anonymous> (C:\Users\guillaumehouthoofd\Documents\Benoit\Epreuve_intégrée\ClubManager\api\src\routes\magasin\__tests__\magasin.security.test.ts:508:13)
        at Promise.then.completed (C:\Users\guillaumehouthoofd\Documents\Benoit\Epreuve_intégrée\ClubManager\api\node_modules\jest-circus\build\utils.js:298:28)
        at new Promise (<anonymous>)
        at callAsyncCircusFn (C:\Users\guillaumehouthoofd\Documents\Benoit\Epreuve_intégrée\ClubManager\api\node_modules\jest-circus\build\utils.js:231:10)
        at _callCircusTest (C:\Users\guillaumehouthoofd\Documents\Benoit\Epreuve_intégrée\ClubManager\api\node_modules\jest-circus\build\run.js:316:40)
        at processTicksAndRejections (node:internal/process/task_queues:105:5)
        at _runTest (C:\Users\guillaumehouthoofd\Documents\Benoit\Epreuve_intégrée\ClubManager\api\node_modules\jest-circus\build\run.js:252:3)
        at _runTestsForDescribeBlock (C:\Users\guillaumehouthoofd\Documents\Benoit\Epreuve_intégrée\ClubManager\api\node_modules\jest-circus\build\run.js:126:9)
        at _runTestsForDescribeBlock (C:\Users\guillaumehouthoofd\Documents\Benoit\Epreuve_intégrée\ClubManager\api\node_modules\jest-circus\build\run.js:121:9)
        at _runTestsForDescribeBlock (C:\Users\guillaumehouthoofd\Documents\Benoit\Epreuve_intégrée\ClubManager\api\node_modules\jest-circus\build\run.js:121:9)
        at run (C:\Users\guillaumehouthoofd\Documents\Benoit\Epreuve_intégrée\ClubManager\api\node_modules\jest-circus\build\run.js:71:3)
        at runAndTransformResultsToJestFormat (C:\Users\guillaumehouthoofd\Documents\Benoit\Epreuve_intégrée\ClubManager\api\node_modules\jest-circus\build\legacy-code-todo-rewrite\jestAdapterInit.js:122:21)
        at jestAdapter (C:\Users\guillaumehouthoofd\Documents\Benoit\Epreuve_intégrée\ClubManager\api\node_modules\jest-circus\build\legacy-code-todo-rewrite\jestAdapter.js:79:19)
        at runTestInternal (C:\Users\guillaumehouthoofd\Documents\Benoit\Epreuve_intégrée\ClubManager\api\node_modules\jest-runner\build\runTest.js:367:16)
        at runTest (C:\Users\guillaumehouthoofd\Documents\Benoit\Epreuve_intégrée\ClubManager\api\node_modules\jest-runner\build\runTest.js:444:34)
        at Object.worker (C:\Users\guillaumehouthoofd\Documents\Benoit\Epreuve_intégrée\ClubManager\api\node_modules\jest-runner\build\testWorker.js:106:12)

    [0m [90m 654 |[39m     }[33m;[39m
     [90m 655 |[39m   } [36mcatch[39m (error[33m:[39m any) {
    [31m[1m>[22m[39m[90m 656 |[39m     console[33m.[39merror(
     [90m     |[39m             [31m[1m^[22m[39m
     [90m 657 |[39m       [32m"❌ [Service Magasin] Erreur récupération PaymentIntent:"[39m[33m,[39m
     [90m 658 |[39m       error[33m,[39m
     [90m 659 |[39m     )[33m;[39m[0m

      at obtenirPaymentIntentCommande (src/routes/magasin/core/services/magasin.service.ts:656:13)
      at getPaymentIntent (src/routes/magasin/core/handlers/get-payment-intent.handler.ts:39:33)
      at Object.<anonymous> (src/routes/magasin/__tests__/magasin.security.test.ts:508:13)

  console.log
    📝 [Handler Articles] Création d'un nouvel article

      at createArticle (src/routes/magasin/core/handlers/create-article.handler.ts:17:13)

  console.log
    Corps reçu: {
      utilisateur_id: 1,
      articles: [ { article_id: 1, quantite: 100, taille: 'M', prix: 10 } ],
      total: 1000
    }

      at createCommande (src/routes/magasin/core/handlers/create-commande.handler.ts:20:13)

  console.log
    📋 [Handler Commandes] Récupération de toutes les commandes

      at getCommandes (src/routes/magasin/core/handlers/get-commandes.handler.ts:17:13)

  console.log
    Données validées par le schéma Zod: {"nom":"Article 48","prix":25.99,"categorie_id":1,"images":[],"stocks":[],"actif":true}

      at createArticle (src/routes/magasin/core/handlers/create-article.handler.ts:22:13)

  console.log
    Données validées par le schéma Zod: {"utilisateur_id":1,"articles":[{"article_id":1,"quantite":100,"taille":"M","prix":10}],"total":1000,"statut":"en attente"}

      at createCommande (src/routes/magasin/core/handlers/create-commande.handler.ts:25:13)

  console.log
    🔍 [Service Magasin] Vérification doublon commande: {
      cacheKey: '1-1000-[{"id":1,"taille":"M","quantite":100}]...',
      utilisateur_id: 1,
      total: 1000,
      nbArticles: 1
    }

      at creerCommande (src/routes/magasin/core/services/magasin.service.ts:325:11)

  console.log
    🔍 [Service Magasin] Vérification unicité commande: CMD-999-999-FAKE9999

      at Module.verifierUniciteCommande (src/routes/magasin/core/services/magasin.service.ts:478:11)

  console.log
    🆔 [Service Magasin] IDs générés: {
      uniqueCommandeId: 'CMD-001-1770238460050-72C12C92',
      numeroCommande: 'CMD-000001',
      utilisateur_id: 1
    }

      at creerCommande (src/routes/magasin/core/services/magasin.service.ts:373:11)

  console.log
    📝 [Service Magasin] Ajout d'un nouvel article: Article 48

      at ajouterArticle (src/routes/magasin/core/services/magasin.service.ts:216:11)

  console.log
    🔍 [Service Magasin] Récupération de toutes les commandes

      at obtenirLesCommandes (src/routes/magasin/core/services/magasin.service.ts:453:11)

  console.log
    📝 [Handler Articles] Création d'un nouvel article

      at createArticle (src/routes/magasin/core/handlers/create-article.handler.ts:17:13)

  console.error
    ❌ [Handler Payment Intent] Erreur récupération PaymentIntent: Error: Erreur lors de la récupération du PaymentIntent
        at obtenirPaymentIntentCommande (C:\Users\guillaumehouthoofd\Documents\Benoit\Epreuve_intégrée\ClubManager\api\src\routes\magasin\core\services\magasin.service.ts:670:11)
        at getPaymentIntent (C:\Users\guillaumehouthoofd\Documents\Benoit\Epreuve_intégrée\ClubManager\api\src\routes\magasin\core\handlers\get-payment-intent.handler.ts:39:33)
        at Object.<anonymous> (C:\Users\guillaumehouthoofd\Documents\Benoit\Epreuve_intégrée\ClubManager\api\src\routes\magasin\__tests__\magasin.security.test.ts:508:13)
        at Promise.then.completed (C:\Users\guillaumehouthoofd\Documents\Benoit\Epreuve_intégrée\ClubManager\api\node_modules\jest-circus\build\utils.js:298:28)
        at new Promise (<anonymous>)
        at callAsyncCircusFn (C:\Users\guillaumehouthoofd\Documents\Benoit\Epreuve_intégrée\ClubManager\api\node_modules\jest-circus\build\utils.js:231:10)
        at _callCircusTest (C:\Users\guillaumehouthoofd\Documents\Benoit\Epreuve_intégrée\ClubManager\api\node_modules\jest-circus\build\run.js:316:40)
        at processTicksAndRejections (node:internal/process/task_queues:105:5)
        at _runTest (C:\Users\guillaumehouthoofd\Documents\Benoit\Epreuve_intégrée\ClubManager\api\node_modules\jest-circus\build\run.js:252:3)
        at _runTestsForDescribeBlock (C:\Users\guillaumehouthoofd\Documents\Benoit\Epreuve_intégrée\ClubManager\api\node_modules\jest-circus\build\run.js:126:9)
        at _runTestsForDescribeBlock (C:\Users\guillaumehouthoofd\Documents\Benoit\Epreuve_intégrée\ClubManager\api\node_modules\jest-circus\build\run.js:121:9)
        at _runTestsForDescribeBlock (C:\Users\guillaumehouthoofd\Documents\Benoit\Epreuve_intégrée\ClubManager\api\node_modules\jest-circus\build\run.js:121:9)
        at run (C:\Users\guillaumehouthoofd\Documents\Benoit\Epreuve_intégrée\ClubManager\api\node_modules\jest-circus\build\run.js:71:3)
        at runAndTransformResultsToJestFormat (C:\Users\guillaumehouthoofd\Documents\Benoit\Epreuve_intégrée\ClubManager\api\node_modules\jest-circus\build\legacy-code-todo-rewrite\jestAdapterInit.js:122:21)
        at jestAdapter (C:\Users\guillaumehouthoofd\Documents\Benoit\Epreuve_intégrée\ClubManager\api\node_modules\jest-circus\build\legacy-code-todo-rewrite\jestAdapter.js:79:19)
        at runTestInternal (C:\Users\guillaumehouthoofd\Documents\Benoit\Epreuve_intégrée\ClubManager\api\node_modules\jest-runner\build\runTest.js:367:16)
        at runTest (C:\Users\guillaumehouthoofd\Documents\Benoit\Epreuve_intégrée\ClubManager\api\node_modules\jest-runner\build\runTest.js:444:34)
        at Object.worker (C:\Users\guillaumehouthoofd\Documents\Benoit\Epreuve_intégrée\ClubManager\api\node_modules\jest-runner\build\testWorker.js:106:12)

    [0m [90m 61 |[39m     }
     [90m 62 |[39m
    [31m[1m>[22m[39m[90m 63 |[39m     console[33m.[39merror(
     [90m    |[39m             [31m[1m^[22m[39m
     [90m 64 |[39m       [32m"❌ [Handler Payment Intent] Erreur récupération PaymentIntent:"[39m[33m,[39m
     [90m 65 |[39m       error[33m,[39m
     [90m 66 |[39m     )[33m;[39m[0m

      at getPaymentIntent (src/routes/magasin/core/handlers/get-payment-intent.handler.ts:63:13)
      at Object.<anonymous> (src/routes/magasin/__tests__/magasin.security.test.ts:508:7)

  console.log
    ✅ [Service Magasin] 2 commandes récupérées

      at obtenirLesCommandes (src/routes/magasin/core/services/magasin.service.ts:458:13)

  console.log
    ✅ [Handler Commandes] 2 commandes récupérées

      at getCommandes (src/routes/magasin/core/handlers/get-commandes.handler.ts:21:13)

  console.log
    🔍 [Service Magasin] Vérification unicité commande: CMD-001-123-ABCD1234

      at Module.verifierUniciteCommande (src/routes/magasin/core/services/magasin.service.ts:478:11)

  console.error
    ❌ [Service Magasin] Erreur récupération articles: Error: Unexpected error
        at Object.<anonymous> (C:\Users\guillaumehouthoofd\Documents\Benoit\Epreuve_intégrée\ClubManager\api\src\routes\magasin\__tests__\magasin.errors.test.ts:412:15)
        at C:\Users\guillaumehouthoofd\Documents\Benoit\Epreuve_intégrée\ClubManager\api\node_modules\jest-mock\build\index.js:397:39
        at Object.<anonymous> (C:\Users\guillaumehouthoofd\Documents\Benoit\Epreuve_intégrée\ClubManager\api\node_modules\jest-mock\build\index.js:404:13)
        at Object.mockConstructor [as obtenirArticlesParCategories] (C:\Users\guillaumehouthoofd\Documents\Benoit\Epreuve_intégrée\ClubManager\api\node_modules\jest-mock\build\index.js:148:19)
        at obtenirArticlesParCategories (C:\Users\guillaumehouthoofd\Documents\Benoit\Epreuve_intégrée\ClubManager\api\src\routes\magasin\core\services\magasin.service.ts:169:35)
        at getArticles (C:\Users\guillaumehouthoofd\Documents\Benoit\Epreuve_intégrée\ClubManager\api\src\routes\magasin\core\handlers\get-articles.handler.ts:30:28)
        at Object.<anonymous> (C:\Users\guillaumehouthoofd\Documents\Benoit\Epreuve_intégrée\ClubManager\api\src\routes\magasin\__tests__\magasin.errors.test.ts:415:13)
        at Promise.then.completed (C:\Users\guillaumehouthoofd\Documents\Benoit\Epreuve_intégrée\ClubManager\api\node_modules\jest-circus\build\utils.js:298:28)
        at new Promise (<anonymous>)
        at callAsyncCircusFn (C:\Users\guillaumehouthoofd\Documents\Benoit\Epreuve_intégrée\ClubManager\api\node_modules\jest-circus\build\utils.js:231:10)
        at _callCircusTest (C:\Users\guillaumehouthoofd\Documents\Benoit\Epreuve_intégrée\ClubManager\api\node_modules\jest-circus\build\run.js:316:40)
        at processTicksAndRejections (node:internal/process/task_queues:105:5)
        at _runTest (C:\Users\guillaumehouthoofd\Documents\Benoit\Epreuve_intégrée\ClubManager\api\node_modules\jest-circus\build\run.js:252:3)
        at _runTestsForDescribeBlock (C:\Users\guillaumehouthoofd\Documents\Benoit\Epreuve_intégrée\ClubManager\api\node_modules\jest-circus\build\run.js:126:9)
        at _runTestsForDescribeBlock (C:\Users\guillaumehouthoofd\Documents\Benoit\Epreuve_intégrée\ClubManager\api\node_modules\jest-circus\build\run.js:121:9)
        at _runTestsForDescribeBlock (C:\Users\guillaumehouthoofd\Documents\Benoit\Epreuve_intégrée\ClubManager\api\node_modules\jest-circus\build\run.js:121:9)
        at run (C:\Users\guillaumehouthoofd\Documents\Benoit\Epreuve_intégrée\ClubManager\api\node_modules\jest-circus\build\run.js:71:3)
        at runAndTransformResultsToJestFormat (C:\Users\guillaumehouthoofd\Documents\Benoit\Epreuve_intégrée\ClubManager\api\node_modules\jest-circus\build\legacy-code-todo-rewrite\jestAdapterInit.js:122:21)
        at jestAdapter (C:\Users\guillaumehouthoofd\Documents\Benoit\Epreuve_intégrée\ClubManager\api\node_modules\jest-circus\build\legacy-code-todo-rewrite\jestAdapter.js:79:19)
        at runTestInternal (C:\Users\guillaumehouthoofd\Documents\Benoit\Epreuve_intégrée\ClubManager\api\node_modules\jest-runner\build\runTest.js:367:16)
        at runTest (C:\Users\guillaumehouthoofd\Documents\Benoit\Epreuve_intégrée\ClubManager\api\node_modules\jest-runner\build\runTest.js:444:34)
        at Object.worker (C:\Users\guillaumehouthoofd\Documents\Benoit\Epreuve_intégrée\ClubManager\api\node_modules\jest-runner\build\testWorker.js:106:12)

    [0m [90m 173 |[39m     [36mreturn[39m articles[33m;[39m
     [90m 174 |[39m   } [36mcatch[39m (error) {
    [31m[1m>[22m[39m[90m 175 |[39m     console[33m.[39merror([32m"❌ [Service Magasin] Erreur récupération articles:"[39m[33m,[39m error)[33m;[39m
     [90m     |[39m             [31m[1m^[22m[39m
     [90m 176 |[39m     [36mthrow[39m [36mnew[39m [33mError[39m([32m"Impossible de récupérer les articles"[39m)[33m;[39m
     [90m 177 |[39m   }
     [90m 178 |[39m }[0m

      at obtenirArticlesParCategories (src/routes/magasin/core/services/magasin.service.ts:175:13)
      at getArticles (src/routes/magasin/core/handlers/get-articles.handler.ts:30:28)
      at Object.<anonymous> (src/routes/magasin/__tests__/magasin.errors.test.ts:415:13)

  console.error
    ❌ [Handler Articles] Erreur récupération articles: Error: Impossible de récupérer les articles
        at obtenirArticlesParCategories (C:\Users\guillaumehouthoofd\Documents\Benoit\Epreuve_intégrée\ClubManager\api\src\routes\magasin\core\services\magasin.service.ts:176:11)
        at getArticles (C:\Users\guillaumehouthoofd\Documents\Benoit\Epreuve_intégrée\ClubManager\api\src\routes\magasin\core\handlers\get-articles.handler.ts:30:28)
        at Object.<anonymous> (C:\Users\guillaumehouthoofd\Documents\Benoit\Epreuve_intégrée\ClubManager\api\src\routes\magasin\__tests__\magasin.errors.test.ts:415:13)
        at Promise.then.completed (C:\Users\guillaumehouthoofd\Documents\Benoit\Epreuve_intégrée\ClubManager\api\node_modules\jest-circus\build\utils.js:298:28)
        at new Promise (<anonymous>)
        at callAsyncCircusFn (C:\Users\guillaumehouthoofd\Documents\Benoit\Epreuve_intégrée\ClubManager\api\node_modules\jest-circus\build\utils.js:231:10)
        at _callCircusTest (C:\Users\guillaumehouthoofd\Documents\Benoit\Epreuve_intégrée\ClubManager\api\node_modules\jest-circus\build\run.js:316:40)
        at processTicksAndRejections (node:internal/process/task_queues:105:5)
        at _runTest (C:\Users\guillaumehouthoofd\Documents\Benoit\Epreuve_intégrée\ClubManager\api\node_modules\jest-circus\build\run.js:252:3)
        at _runTestsForDescribeBlock (C:\Users\guillaumehouthoofd\Documents\Benoit\Epreuve_intégrée\ClubManager\api\node_modules\jest-circus\build\run.js:126:9)
        at _runTestsForDescribeBlock (C:\Users\guillaumehouthoofd\Documents\Benoit\Epreuve_intégrée\ClubManager\api\node_modules\jest-circus\build\run.js:121:9)
        at _runTestsForDescribeBlock (C:\Users\guillaumehouthoofd\Documents\Benoit\Epreuve_intégrée\ClubManager\api\node_modules\jest-circus\build\run.js:121:9)
        at run (C:\Users\guillaumehouthoofd\Documents\Benoit\Epreuve_intégrée\ClubManager\api\node_modules\jest-circus\build\run.js:71:3)
        at runAndTransformResultsToJestFormat (C:\Users\guillaumehouthoofd\Documents\Benoit\Epreuve_intégrée\ClubManager\api\node_modules\jest-circus\build\legacy-code-todo-rewrite\jestAdapterInit.js:122:21)
        at jestAdapter (C:\Users\guillaumehouthoofd\Documents\Benoit\Epreuve_intégrée\ClubManager\api\node_modules\jest-circus\build\legacy-code-todo-rewrite\jestAdapter.js:79:19)
        at runTestInternal (C:\Users\guillaumehouthoofd\Documents\Benoit\Epreuve_intégrée\ClubManager\api\node_modules\jest-runner\build\runTest.js:367:16)
        at runTest (C:\Users\guillaumehouthoofd\Documents\Benoit\Epreuve_intégrée\ClubManager\api\node_modules\jest-runner\build\runTest.js:444:34)
        at Object.worker (C:\Users\guillaumehouthoofd\Documents\Benoit\Epreuve_intégrée\ClubManager\api\node_modules\jest-runner\build\testWorker.js:106:12)

    [0m [90m 46 |[39m     }
     [90m 47 |[39m
    [31m[1m>[22m[39m[90m 48 |[39m     console[33m.[39merror([32m"❌ [Handler Articles] Erreur récupération articles:"[39m[33m,[39m error)[33m;[39m
     [90m    |[39m             [31m[1m^[22m[39m
     [90m 49 |[39m     res[33m.[39mstatus([35m500[39m)[33m.[39mjson({
     [90m 50 |[39m       message[33m:[39m [32m"Erreur lors de la récupération des articles"[39m[33m,[39m
     [90m 51 |[39m       error[33m:[39m error [36minstanceof[39m [33mError[39m [33m?[39m error[33m.[39mmessage [33m:[39m [32m"Erreur inconnue"[39m[33m,[39m[0m

      at getArticles (src/routes/magasin/core/handlers/get-articles.handler.ts:48:13)
      at Object.<anonymous> (src/routes/magasin/__tests__/magasin.errors.test.ts:415:7)

  console.log
    📋 [Handler Commandes] Récupération de toutes les commandes

      at getCommandes (src/routes/magasin/core/handlers/get-commandes.handler.ts:17:13)

  console.log
    🔍 [Service Magasin] Récupération de toutes les commandes

      at obtenirLesCommandes (src/routes/magasin/core/services/magasin.service.ts:453:11)

  console.log
    📝 [Handler Articles] Création d'un nouvel article

      at createArticle (src/routes/magasin/core/handlers/create-article.handler.ts:17:13)

  console.log
    Données validées par le schéma Zod: {"nom":"Article 49","prix":25.99,"categorie_id":1,"images":[],"stocks":[],"actif":true}

      at createArticle (src/routes/magasin/core/handlers/create-article.handler.ts:22:13)

  console.error
    ❌ [Service Magasin] Erreur vérification unicité: Error: DB Error
        at Object.<anonymous> (C:\Users\guillaumehouthoofd\Documents\Benoit\Epreuve_intégrée\ClubManager\api\src\routes\magasin\__tests__\magasin.service-branches.test.ts:339:9)
        at Promise.then.completed (C:\Users\guillaumehouthoofd\Documents\Benoit\Epreuve_intégrée\ClubManager\api\node_modules\jest-circus\build\utils.js:298:28)
        at new Promise (<anonymous>)
        at callAsyncCircusFn (C:\Users\guillaumehouthoofd\Documents\Benoit\Epreuve_intégrée\ClubManager\api\node_modules\jest-circus\build\utils.js:231:10)
        at _callCircusTest (C:\Users\guillaumehouthoofd\Documents\Benoit\Epreuve_intégrée\ClubManager\api\node_modules\jest-circus\build\run.js:316:40)
        at processTicksAndRejections (node:internal/process/task_queues:105:5)
        at _runTest (C:\Users\guillaumehouthoofd\Documents\Benoit\Epreuve_intégrée\ClubManager\api\node_modules\jest-circus\build\run.js:252:3)
        at _runTestsForDescribeBlock (C:\Users\guillaumehouthoofd\Documents\Benoit\Epreuve_intégrée\ClubManager\api\node_modules\jest-circus\build\run.js:126:9)
        at _runTestsForDescribeBlock (C:\Users\guillaumehouthoofd\Documents\Benoit\Epreuve_intégrée\ClubManager\api\node_modules\jest-circus\build\run.js:121:9)
        at _runTestsForDescribeBlock (C:\Users\guillaumehouthoofd\Documents\Benoit\Epreuve_intégrée\ClubManager\api\node_modules\jest-circus\build\run.js:121:9)
        at run (C:\Users\guillaumehouthoofd\Documents\Benoit\Epreuve_intégrée\ClubManager\api\node_modules\jest-circus\build\run.js:71:3)
        at runAndTransformResultsToJestFormat (C:\Users\guillaumehouthoofd\Documents\Benoit\Epreuve_intégrée\ClubManager\api\node_modules\jest-circus\build\legacy-code-todo-rewrite\jestAdapterInit.js:122:21)
        at jestAdapter (C:\Users\guillaumehouthoofd\Documents\Benoit\Epreuve_intégrée\ClubManager\api\node_modules\jest-circus\build\legacy-code-todo-rewrite\jestAdapter.js:79:19)
        at runTestInternal (C:\Users\guillaumehouthoofd\Documents\Benoit\Epreuve_intégrée\ClubManager\api\node_modules\jest-runner\build\runTest.js:367:16)
        at runTest (C:\Users\guillaumehouthoofd\Documents\Benoit\Epreuve_intégrée\ClubManager\api\node_modules\jest-runner\build\runTest.js:444:34)
        at Object.worker (C:\Users\guillaumehouthoofd\Documents\Benoit\Epreuve_intégrée\ClubManager\api\node_modules\jest-runner\build\testWorker.js:106:12)

    [0m [90m 511 |[39m     }[33m;[39m
     [90m 512 |[39m   } [36mcatch[39m (error) {
    [31m[1m>[22m[39m[90m 513 |[39m     console[33m.[39merror([32m"❌ [Service Magasin] Erreur vérification unicité:"[39m[33m,[39m error)[33m;[39m
     [90m     |[39m             [31m[1m^[22m[39m
     [90m 514 |[39m     [36mthrow[39m [36mnew[39m [33mError[39m([32m"Erreur lors de la vérification de l'unicité"[39m)[33m;[39m
     [90m 515 |[39m   }
     [90m 516 |[39m }[0m

      at Module.verifierUniciteCommande (src/routes/magasin/core/services/magasin.service.ts:513:13)
      at Object.<anonymous> (src/routes/magasin/__tests__/magasin.service-branches.test.ts:342:7)

  console.log
    📝 [Handler Articles] Création d'un nouvel article

      at createArticle (src/routes/magasin/core/handlers/create-article.handler.ts:17:13)

  console.log
    Données validées par le schéma Zod: {"nom":"Test","prix":25.99,"categorie_id":1,"images":[],"stocks":[],"actif":true}

      at createArticle (src/routes/magasin/core/handlers/create-article.handler.ts:22:13)

  console.log
    📝 [Service Magasin] Ajout d'un nouvel article: Article 49

      at ajouterArticle (src/routes/magasin/core/services/magasin.service.ts:216:11)

  console.error
    ❌ [Service Magasin] Utilisateur non trouvé: 1

    [0m [90m 772 |[39m
     [90m 773 |[39m     [36mif[39m (results[33m.[39mlength [33m===[39m [35m0[39m) {
    [31m[1m>[22m[39m[90m 774 |[39m       console[33m.[39merror(
     [90m     |[39m               [31m[1m^[22m[39m
     [90m 775 |[39m         [32m"❌ [Service Magasin] Utilisateur non trouvé:"[39m[33m,[39m
     [90m 776 |[39m         utilisateurId[33m,[39m
     [90m 777 |[39m       )[33m;[39m[0m

      at recupererDonneesUtilisateur (src/routes/magasin/core/services/magasin.service.ts:774:15)
      at src/routes/magasin/core/services/magasin.service.ts:393:26
      at creerCommande (src/routes/magasin/core/services/magasin.service.ts:432:28)
      at createCommande (src/routes/magasin/core/handlers/create-commande.handler.ts:30:20)
      at Object.<anonymous> (src/routes/magasin/__tests__/magasin.edge-cases.test.ts:475:7)

  console.log
    📝 [Handler Articles] Création d'un nouvel article

      at createArticle (src/routes/magasin/core/handlers/create-article.handler.ts:17:13)

  console.log
    📝 [Service Magasin] Ajout d'un nouvel article: Test

      at ajouterArticle (src/routes/magasin/core/services/magasin.service.ts:216:11)

  console.log
    Données validées par le schéma Zod: {"nom":"Article 50","prix":25.99,"categorie_id":1,"images":[],"stocks":[],"actif":true}

      at createArticle (src/routes/magasin/core/handlers/create-article.handler.ts:22:13)

  console.log
    📝 [Service Magasin] Ajout d'un nouvel article: Article 50

      at ajouterArticle (src/routes/magasin/core/services/magasin.service.ts:216:11)

  console.log
    📝 [Handler Articles] Création d'un nouvel article

      at createArticle (src/routes/magasin/core/handlers/create-article.handler.ts:17:13)

  console.log
    Données validées par le schéma Zod: {"nom":"Article 51","prix":25.99,"categorie_id":1,"images":[],"stocks":[],"actif":true}

      at createArticle (src/routes/magasin/core/handlers/create-article.handler.ts:22:13)

  console.error
    ❌ [Handler Articles] Erreur de validation: [
      {
        code: 'invalid_type',
        expected: 'string',
        received: 'object',
        path: [ 'nom' ],
        message: 'Le nom doit être une chaîne'
      }
    ]

    [0m [90m 43 |[39m   } [36mcatch[39m (error) {
     [90m 44 |[39m     [36mif[39m (error [36minstanceof[39m z[33m.[39m[33mZodError[39m) {
    [31m[1m>[22m[39m[90m 45 |[39m       console[33m.[39merror(
     [90m    |[39m               [31m[1m^[22m[39m
     [90m 46 |[39m         [32m"❌ [Handler Articles] Erreur de validation:"[39m[33m,[39m
     [90m 47 |[39m         error[33m.[39merrors[33m,[39m
     [90m 48 |[39m       )[33m;[39m[0m

      at createArticle (src/routes/magasin/core/handlers/create-article.handler.ts:45:15)
      at Object.<anonymous> (src/routes/magasin/__tests__/magasin.security.test.ts:534:13)

  console.error
    ❌ [Service Magasin] Erreur récupération commandes: Error: Erreur DB
        at Object.<anonymous> (C:\Users\guillaumehouthoofd\Documents\Benoit\Epreuve_intégrée\ClubManager\api\src\routes\magasin\__tests__\magasin.test.ts:567:9)
        at Promise.then.completed (C:\Users\guillaumehouthoofd\Documents\Benoit\Epreuve_intégrée\ClubManager\api\node_modules\jest-circus\build\utils.js:298:28)
        at new Promise (<anonymous>)
        at callAsyncCircusFn (C:\Users\guillaumehouthoofd\Documents\Benoit\Epreuve_intégrée\ClubManager\api\node_modules\jest-circus\build\utils.js:231:10)
        at _callCircusTest (C:\Users\guillaumehouthoofd\Documents\Benoit\Epreuve_intégrée\ClubManager\api\node_modules\jest-circus\build\run.js:316:40)
        at processTicksAndRejections (node:internal/process/task_queues:105:5)
        at _runTest (C:\Users\guillaumehouthoofd\Documents\Benoit\Epreuve_intégrée\ClubManager\api\node_modules\jest-circus\build\run.js:252:3)
        at _runTestsForDescribeBlock (C:\Users\guillaumehouthoofd\Documents\Benoit\Epreuve_intégrée\ClubManager\api\node_modules\jest-circus\build\run.js:126:9)
        at _runTestsForDescribeBlock (C:\Users\guillaumehouthoofd\Documents\Benoit\Epreuve_intégrée\ClubManager\api\node_modules\jest-circus\build\run.js:121:9)
        at _runTestsForDescribeBlock (C:\Users\guillaumehouthoofd\Documents\Benoit\Epreuve_intégrée\ClubManager\api\node_modules\jest-circus\build\run.js:121:9)
        at run (C:\Users\guillaumehouthoofd\Documents\Benoit\Epreuve_intégrée\ClubManager\api\node_modules\jest-circus\build\run.js:71:3)
        at runAndTransformResultsToJestFormat (C:\Users\guillaumehouthoofd\Documents\Benoit\Epreuve_intégrée\ClubManager\api\node_modules\jest-circus\build\legacy-code-todo-rewrite\jestAdapterInit.js:122:21)
        at jestAdapter (C:\Users\guillaumehouthoofd\Documents\Benoit\Epreuve_intégrée\ClubManager\api\node_modules\jest-circus\build\legacy-code-todo-rewrite\jestAdapter.js:79:19)
        at runTestInternal (C:\Users\guillaumehouthoofd\Documents\Benoit\Epreuve_intégrée\ClubManager\api\node_modules\jest-runner\build\runTest.js:367:16)
        at runTest (C:\Users\guillaumehouthoofd\Documents\Benoit\Epreuve_intégrée\ClubManager\api\node_modules\jest-runner\build\runTest.js:444:34)
        at Object.worker (C:\Users\guillaumehouthoofd\Documents\Benoit\Epreuve_intégrée\ClubManager\api\node_modules\jest-runner\build\testWorker.js:106:12)

    [0m [90m 462 |[39m     [36mreturn[39m commandes[33m;[39m
     [90m 463 |[39m   } [36mcatch[39m (error) {
    [31m[1m>[22m[39m[90m 464 |[39m     console[33m.[39merror([32m"❌ [Service Magasin] Erreur récupération commandes:"[39m[33m,[39m error)[33m;[39m
     [90m     |[39m             [31m[1m^[22m[39m
     [90m 465 |[39m     [36mthrow[39m [36mnew[39m [33mError[39m([32m"Impossible de récupérer les commandes"[39m)[33m;[39m
     [90m 466 |[39m   }
     [90m 467 |[39m }[0m

      at obtenirLesCommandes (src/routes/magasin/core/services/magasin.service.ts:464:13)
      at getCommandes (src/routes/magasin/core/handlers/get-commandes.handler.ts:19:23)
      at Object.<anonymous> (src/routes/magasin/__tests__/magasin.test.ts:570:7)

  console.log
    📝 [Service Magasin] Ajout d'un nouvel article: Article 51

      at ajouterArticle (src/routes/magasin/core/services/magasin.service.ts:216:11)

  console.error
    ❌ [Service Magasin] Erreur ajout article: Error: 
        at Object.<anonymous> (C:\Users\guillaumehouthoofd\Documents\Benoit\Epreuve_intégrée\ClubManager\api\src\routes\magasin\__tests__\magasin.errors.test.ts:431:9)
        at Promise.then.completed (C:\Users\guillaumehouthoofd\Documents\Benoit\Epreuve_intégrée\ClubManager\api\node_modules\jest-circus\build\utils.js:298:28)
        at new Promise (<anonymous>)
        at callAsyncCircusFn (C:\Users\guillaumehouthoofd\Documents\Benoit\Epreuve_intégrée\ClubManager\api\node_modules\jest-circus\build\utils.js:231:10)
        at _callCircusTest (C:\Users\guillaumehouthoofd\Documents\Benoit\Epreuve_intégrée\ClubManager\api\node_modules\jest-circus\build\run.js:316:40)
        at processTicksAndRejections (node:internal/process/task_queues:105:5)
        at _runTest (C:\Users\guillaumehouthoofd\Documents\Benoit\Epreuve_intégrée\ClubManager\api\node_modules\jest-circus\build\run.js:252:3)
        at _runTestsForDescribeBlock (C:\Users\guillaumehouthoofd\Documents\Benoit\Epreuve_intégrée\ClubManager\api\node_modules\jest-circus\build\run.js:126:9)
        at _runTestsForDescribeBlock (C:\Users\guillaumehouthoofd\Documents\Benoit\Epreuve_intégrée\ClubManager\api\node_modules\jest-circus\build\run.js:121:9)
        at _runTestsForDescribeBlock (C:\Users\guillaumehouthoofd\Documents\Benoit\Epreuve_intégrée\ClubManager\api\node_modules\jest-circus\build\run.js:121:9)
        at run (C:\Users\guillaumehouthoofd\Documents\Benoit\Epreuve_intégrée\ClubManager\api\node_modules\jest-circus\build\run.js:71:3)
        at runAndTransformResultsToJestFormat (C:\Users\guillaumehouthoofd\Documents\Benoit\Epreuve_intégrée\ClubManager\api\node_modules\jest-circus\build\legacy-code-todo-rewrite\jestAdapterInit.js:122:21)
        at jestAdapter (C:\Users\guillaumehouthoofd\Documents\Benoit\Epreuve_intégrée\ClubManager\api\node_modules\jest-circus\build\legacy-code-todo-rewrite\jestAdapter.js:79:19)
        at runTestInternal (C:\Users\guillaumehouthoofd\Documents\Benoit\Epreuve_intégrée\ClubManager\api\node_modules\jest-runner\build\runTest.js:367:16)
        at runTest (C:\Users\guillaumehouthoofd\Documents\Benoit\Epreuve_intégrée\ClubManager\api\node_modules\jest-runner\build\runTest.js:444:34)
        at Object.worker (C:\Users\guillaumehouthoofd\Documents\Benoit\Epreuve_intégrée\ClubManager\api\node_modules\jest-runner\build\testWorker.js:106:12)

    [0m [90m 233 |[39m     }
     [90m 234 |[39m   } [36mcatch[39m (error) {
    [31m[1m>[22m[39m[90m 235 |[39m     console[33m.[39merror([32m"❌ [Service Magasin] Erreur ajout article:"[39m[33m,[39m error)[33m;[39m
     [90m     |[39m             [31m[1m^[22m[39m
     [90m 236 |[39m     [36mif[39m (error [36minstanceof[39m [33mError[39m) {
     [90m 237 |[39m       [36mthrow[39m error[33m;[39m
     [90m 238 |[39m     }[0m

      at ajouterArticle (src/routes/magasin/core/services/magasin.service.ts:235:13)
      at createArticle (src/routes/magasin/core/handlers/create-article.handler.ts:27:20)
      at Object.<anonymous> (src/routes/magasin/__tests__/magasin.errors.test.ts:441:7)

  console.warn
    ⚠️ [Service Magasin] Impossible d'envoyer l'email - utilisateur non trouvé

    [0m [90m 402 |[39m           )[33m;[39m
     [90m 403 |[39m         } [36melse[39m {
    [31m[1m>[22m[39m[90m 404 |[39m           console[33m.[39mwarn(
     [90m     |[39m                   [31m[1m^[22m[39m
     [90m 405 |[39m             [32m"⚠️ [Service Magasin] Impossible d'envoyer l'email - utilisateur non trouvé"[39m[33m,[39m
     [90m 406 |[39m           )[33m;[39m
     [90m 407 |[39m         }[0m

      at src/routes/magasin/core/services/magasin.service.ts:404:19
      at creerCommande (src/routes/magasin/core/services/magasin.service.ts:432:28)
      at createCommande (src/routes/magasin/core/handlers/create-commande.handler.ts:30:20)
      at Object.<anonymous> (src/routes/magasin/__tests__/magasin.edge-cases.test.ts:475:7)

  console.log
    ✅ [Service Magasin] Commande créée avec protection doublon: {
      unique_id: 'CMD-001-1770238460050-72C12C92',
      numero_commande: 'CMD-000001'
    }

      at creerCommande (src/routes/magasin/core/services/magasin.service.ts:434:11)

  console.error
    ❌ [Handler Articles] Erreur création article: Error: 
        at Object.<anonymous> (C:\Users\guillaumehouthoofd\Documents\Benoit\Epreuve_intégrée\ClubManager\api\src\routes\magasin\__tests__\magasin.errors.test.ts:431:9)
        at Promise.then.completed (C:\Users\guillaumehouthoofd\Documents\Benoit\Epreuve_intégrée\ClubManager\api\node_modules\jest-circus\build\utils.js:298:28)
        at new Promise (<anonymous>)
        at callAsyncCircusFn (C:\Users\guillaumehouthoofd\Documents\Benoit\Epreuve_intégrée\ClubManager\api\node_modules\jest-circus\build\utils.js:231:10)
        at _callCircusTest (C:\Users\guillaumehouthoofd\Documents\Benoit\Epreuve_intégrée\ClubManager\api\node_modules\jest-circus\build\run.js:316:40)
        at processTicksAndRejections (node:internal/process/task_queues:105:5)
        at _runTest (C:\Users\guillaumehouthoofd\Documents\Benoit\Epreuve_intégrée\ClubManager\api\node_modules\jest-circus\build\run.js:252:3)
        at _runTestsForDescribeBlock (C:\Users\guillaumehouthoofd\Documents\Benoit\Epreuve_intégrée\ClubManager\api\node_modules\jest-circus\build\run.js:126:9)
        at _runTestsForDescribeBlock (C:\Users\guillaumehouthoofd\Documents\Benoit\Epreuve_intégrée\ClubManager\api\node_modules\jest-circus\build\run.js:121:9)
        at _runTestsForDescribeBlock (C:\Users\guillaumehouthoofd\Documents\Benoit\Epreuve_intégrée\ClubManager\api\node_modules\jest-circus\build\run.js:121:9)
        at run (C:\Users\guillaumehouthoofd\Documents\Benoit\Epreuve_intégrée\ClubManager\api\node_modules\jest-circus\build\run.js:71:3)
        at runAndTransformResultsToJestFormat (C:\Users\guillaumehouthoofd\Documents\Benoit\Epreuve_intégrée\ClubManager\api\node_modules\jest-circus\build\legacy-code-todo-rewrite\jestAdapterInit.js:122:21)
        at jestAdapter (C:\Users\guillaumehouthoofd\Documents\Benoit\Epreuve_intégrée\ClubManager\api\node_modules\jest-circus\build\legacy-code-todo-rewrite\jestAdapter.js:79:19)
        at runTestInternal (C:\Users\guillaumehouthoofd\Documents\Benoit\Epreuve_intégrée\ClubManager\api\node_modules\jest-runner\build\runTest.js:367:16)
        at runTest (C:\Users\guillaumehouthoofd\Documents\Benoit\Epreuve_intégrée\ClubManager\api\node_modules\jest-runner\build\runTest.js:444:34)
        at Object.worker (C:\Users\guillaumehouthoofd\Documents\Benoit\Epreuve_intégrée\ClubManager\api\node_modules\jest-runner\build\testWorker.js:106:12)

    [0m [90m 54 |[39m     }
     [90m 55 |[39m
    [31m[1m>[22m[39m[90m 56 |[39m     console[33m.[39merror([32m"❌ [Handler Articles] Erreur création article:"[39m[33m,[39m error)[33m;[39m
     [90m    |[39m             [31m[1m^[22m[39m
     [90m 57 |[39m     res[33m.[39mstatus([35m500[39m)[33m.[39mjson({
     [90m 58 |[39m       message[33m:[39m [32m"Erreur lors de la création de l'article"[39m[33m,[39m
     [90m 59 |[39m       error[33m:[39m error [36minstanceof[39m [33mError[39m [33m?[39m error[33m.[39mmessage [33m:[39m [32m"Erreur inconnue"[39m[33m,[39m[0m

      at createArticle (src/routes/magasin/core/handlers/create-article.handler.ts:56:13)
      at Object.<anonymous> (src/routes/magasin/__tests__/magasin.errors.test.ts:441:7)

  console.log
    ✅ [Handler Commandes] Commande créée avec succès: {
      unique_id: 'CMD-001-1770238460050-72C12C92',
      numero_commande: 'CMD-000001',
      isDuplicate: false
    }

      at createCommande (src/routes/magasin/core/handlers/create-commande.handler.ts:36:13)

  console.error
    ❌ [Handler Commandes] Erreur récupération commandes: Error: Impossible de récupérer les commandes
        at obtenirLesCommandes (C:\Users\guillaumehouthoofd\Documents\Benoit\Epreuve_intégrée\ClubManager\api\src\routes\magasin\core\services\magasin.service.ts:465:11)
        at processTicksAndRejections (node:internal/process/task_queues:105:5)
        at getCommandes (C:\Users\guillaumehouthoofd\Documents\Benoit\Epreuve_intégrée\ClubManager\api\src\routes\magasin\core\handlers\get-commandes.handler.ts:19:23)
        at Object.<anonymous> (C:\Users\guillaumehouthoofd\Documents\Benoit\Epreuve_intégrée\ClubManager\api\src\routes\magasin\__tests__\magasin.test.ts:570:7)

    [0m [90m 25 |[39m     res[33m.[39mstatus([35m200[39m)[33m.[39mjson({ commandes })[33m;[39m
     [90m 26 |[39m   } [36mcatch[39m (error) {
    [31m[1m>[22m[39m[90m 27 |[39m     console[33m.[39merror(
     [90m    |[39m             [31m[1m^[22m[39m
     [90m 28 |[39m       [32m"❌ [Handler Commandes] Erreur récupération commandes:"[39m[33m,[39m
     [90m 29 |[39m       error[33m,[39m
     [90m 30 |[39m     )[33m;[39m[0m

      at getCommandes (src/routes/magasin/core/handlers/get-commandes.handler.ts:27:13)
      at Object.<anonymous> (src/routes/magasin/__tests__/magasin.test.ts:570:7)

  console.log
    📝 [Handler Articles] Création d'un nouvel article

      at createArticle (src/routes/magasin/core/handlers/create-article.handler.ts:17:13)

  console.log
    📝 [Handler Commandes] Création d'une nouvelle commande

      at createCommande (src/routes/magasin/core/handlers/create-commande.handler.ts:19:13)

  console.log
    Corps reçu: {
      utilisateur_id: 1,
      articles: [ { article_id: 1, quantite: 0, taille: 'M' } ],
      total: 50
    }

      at createCommande (src/routes/magasin/core/handlers/create-commande.handler.ts:20:13)

  console.log
    📋 [Handler Commandes] Récupération de toutes les commandes

      at getCommandes (src/routes/magasin/core/handlers/get-commandes.handler.ts:17:13)

  console.log
    Données validées par le schéma Zod: {"nom":"Article 52","prix":25.99,"categorie_id":1,"images":[],"stocks":[],"actif":true}

      at createArticle (src/routes/magasin/core/handlers/create-article.handler.ts:22:13)

  console.log
    🔍 [Service Magasin] Récupération de toutes les commandes

      at obtenirLesCommandes (src/routes/magasin/core/services/magasin.service.ts:453:11)

  console.log
    📝 [Service Magasin] Ajout d'un nouvel article: Article 52

      at ajouterArticle (src/routes/magasin/core/services/magasin.service.ts:216:11)

  console.log
    🔍 [Handler Commandes] Vérification unicité commande

      at verifyCommandeUnicity (src/routes/magasin/core/handlers/verify-commande.handler.ts:17:13)

  console.error
    ❌ [Handler Commandes] Erreur de validation: [
      {
        code: 'too_small',
        minimum: 0,
        type: 'number',
        inclusive: false,
        exact: false,
        message: 'La quantité doit être positive',
        path: [ 'articles', 0, 'quantite' ]
      },
      {
        code: 'too_small',
        minimum: 1,
        type: 'number',
        inclusive: true,
        exact: false,
        message: 'La quantité minimum est 1',
        path: [ 'articles', 0, 'quantite' ]
      }
    ]

    [0m [90m 49 |[39m   } [36mcatch[39m (error) {
     [90m 50 |[39m     [36mif[39m (error [36minstanceof[39m z[33m.[39m[33mZodError[39m) {
    [31m[1m>[22m[39m[90m 51 |[39m       console[33m.[39merror(
     [90m    |[39m               [31m[1m^[22m[39m
     [90m 52 |[39m         [32m"❌ [Handler Commandes] Erreur de validation:"[39m[33m,[39m
     [90m 53 |[39m         error[33m.[39merrors[33m,[39m
     [90m 54 |[39m       )[33m;[39m[0m

      at createCommande (src/routes/magasin/core/handlers/create-commande.handler.ts:51:15)
      at Object.<anonymous> (src/routes/magasin/__tests__/magasin.edge-cases.test.ts:498:13)

  console.error
    ❌ Erreur génération numéro commande: Error: DB Error
        at Object.<anonymous> (C:\Users\guillaumehouthoofd\Documents\Benoit\Epreuve_intégrée\ClubManager\api\src\routes\magasin\__tests__\magasin.service-branches.test.ts:401:9)
        at Promise.then.completed (C:\Users\guillaumehouthoofd\Documents\Benoit\Epreuve_intégrée\ClubManager\api\node_modules\jest-circus\build\utils.js:298:28)
        at new Promise (<anonymous>)
        at callAsyncCircusFn (C:\Users\guillaumehouthoofd\Documents\Benoit\Epreuve_intégrée\ClubManager\api\node_modules\jest-circus\build\utils.js:231:10)
        at _callCircusTest (C:\Users\guillaumehouthoofd\Documents\Benoit\Epreuve_intégrée\ClubManager\api\node_modules\jest-circus\build\run.js:316:40)
        at processTicksAndRejections (node:internal/process/task_queues:105:5)
        at _runTest (C:\Users\guillaumehouthoofd\Documents\Benoit\Epreuve_intégrée\ClubManager\api\node_modules\jest-circus\build\run.js:252:3)
        at _runTestsForDescribeBlock (C:\Users\guillaumehouthoofd\Documents\Benoit\Epreuve_intégrée\ClubManager\api\node_modules\jest-circus\build\run.js:126:9)
        at _runTestsForDescribeBlock (C:\Users\guillaumehouthoofd\Documents\Benoit\Epreuve_intégrée\ClubManager\api\node_modules\jest-circus\build\run.js:121:9)
        at _runTestsForDescribeBlock (C:\Users\guillaumehouthoofd\Documents\Benoit\Epreuve_intégrée\ClubManager\api\node_modules\jest-circus\build\run.js:121:9)
        at run (C:\Users\guillaumehouthoofd\Documents\Benoit\Epreuve_intégrée\ClubManager\api\node_modules\jest-circus\build\run.js:71:3)
        at runAndTransformResultsToJestFormat (C:\Users\guillaumehouthoofd\Documents\Benoit\Epreuve_intégrée\ClubManager\api\node_modules\jest-circus\build\legacy-code-todo-rewrite\jestAdapterInit.js:122:21)
        at jestAdapter (C:\Users\guillaumehouthoofd\Documents\Benoit\Epreuve_intégrée\ClubManager\api\node_modules\jest-circus\build\legacy-code-todo-rewrite\jestAdapter.js:79:19)
        at runTestInternal (C:\Users\guillaumehouthoofd\Documents\Benoit\Epreuve_intégrée\ClubManager\api\node_modules\jest-runner\build\runTest.js:367:16)
        at runTest (C:\Users\guillaumehouthoofd\Documents\Benoit\Epreuve_intégrée\ClubManager\api\node_modules\jest-runner\build\runTest.js:444:34)
        at Object.worker (C:\Users\guillaumehouthoofd\Documents\Benoit\Epreuve_intégrée\ClubManager\api\node_modules\jest-runner\build\testWorker.js:106:12)

    [0m [90m 150 |[39m     [36mreturn[39m [32m`CMD-${nextNumber.toString().padStart(6, "0")}`[39m[33m;[39m
     [90m 151 |[39m   } [36mcatch[39m (error) {
    [31m[1m>[22m[39m[90m 152 |[39m     console[33m.[39merror([32m"❌ Erreur génération numéro commande:"[39m[33m,[39m error)[33m;[39m
     [90m     |[39m             [31m[1m^[22m[39m
     [90m 153 |[39m     [90m// Fallback vers timestamp en cas d'erreur[39m
     [90m 154 |[39m     [36mreturn[39m [32m`CMD-${Date.now()}`[39m[33m;[39m
     [90m 155 |[39m   }[0m

      at Module.generateSequentialCommandeNumber (src/routes/magasin/core/services/magasin.service.ts:152:13)
      at Object.<anonymous> (src/routes/magasin/__tests__/magasin.service-branches.test.ts:404:22)

  console.log
    📝 [Handler Commandes] Création d'une nouvelle commande

      at createCommande (src/routes/magasin/core/handlers/create-commande.handler.ts:19:13)

  console.log
    🔍 [Service Magasin] Vérification unicité commande: CMD-001-1234567890-ABCD1234

      at verifierUniciteCommande (src/routes/magasin/core/services/magasin.service.ts:478:11)

  console.log
    📝 [Handler Articles] Création d'un nouvel article

      at createArticle (src/routes/magasin/core/handlers/create-article.handler.ts:17:13)

  console.log
    Corps reçu: {
      utilisateur_id: 1,
      articles: [ { article_id: 1, quantite: 1, taille: 'M', prix: 0.01 } ],
      total: 0.01
    }

      at createCommande (src/routes/magasin/core/handlers/create-commande.handler.ts:20:13)

  console.log
    Données validées par le schéma Zod: {"nom":"Article 53","prix":25.99,"categorie_id":1,"images":[],"stocks":[],"actif":true}

      at createArticle (src/routes/magasin/core/handlers/create-article.handler.ts:22:13)

  console.log
    📊 [Service Magasin] Calcul des statistiques

      at Module.calculerStatistiquesMagasin (src/routes/magasin/core/services/magasin.service.ts:805:11)

  console.error
    ❌ [Service Magasin] Erreur récupération commandes: String error instead of Error object

    [0m [90m 462 |[39m     [36mreturn[39m commandes[33m;[39m
     [90m 463 |[39m   } [36mcatch[39m (error) {
    [31m[1m>[22m[39m[90m 464 |[39m     console[33m.[39merror([32m"❌ [Service Magasin] Erreur récupération commandes:"[39m[33m,[39m error)[33m;[39m
     [90m     |[39m             [31m[1m^[22m[39m
     [90m 465 |[39m     [36mthrow[39m [36mnew[39m [33mError[39m([32m"Impossible de récupérer les commandes"[39m)[33m;[39m
     [90m 466 |[39m   }
     [90m 467 |[39m }[0m

      at obtenirLesCommandes (src/routes/magasin/core/services/magasin.service.ts:464:13)
      at getCommandes (src/routes/magasin/core/handlers/get-commandes.handler.ts:19:23)
      at Object.<anonymous> (src/routes/magasin/__tests__/magasin.errors.test.ts:455:7)

  console.log
    📊 [Service Magasin] Calcul des statistiques

      at Module.calculerStatistiquesMagasin (src/routes/magasin/core/services/magasin.service.ts:805:11)

  console.log
    📝 [Service Magasin] Ajout d'un nouvel article: Article 53

      at ajouterArticle (src/routes/magasin/core/services/magasin.service.ts:216:11)

  console.log
    ✅ [Handler Commandes] Commande CMD-001-1234567890-ABCD1234 trouvée

      at verifyCommandeUnicity (src/routes/magasin/core/handlers/verify-commande.handler.ts:25:15)

  console.log
    Données validées par le schéma Zod: {"utilisateur_id":1,"articles":[{"article_id":1,"quantite":1,"taille":"M","prix":0.01}],"total":0.01,"statut":"en attente"}

      at createCommande (src/routes/magasin/core/handlers/create-commande.handler.ts:25:13)

  console.log
    📝 [Handler Articles] Création d'un nouvel article

      at createArticle (src/routes/magasin/core/handlers/create-article.handler.ts:17:13)

  console.error
    ❌ [Handler Commandes] Erreur récupération commandes: Error: Impossible de récupérer les commandes
        at obtenirLesCommandes (C:\Users\guillaumehouthoofd\Documents\Benoit\Epreuve_intégrée\ClubManager\api\src\routes\magasin\core\services\magasin.service.ts:465:11)
        at processTicksAndRejections (node:internal/process/task_queues:105:5)
        at getCommandes (C:\Users\guillaumehouthoofd\Documents\Benoit\Epreuve_intégrée\ClubManager\api\src\routes\magasin\core\handlers\get-commandes.handler.ts:19:23)
        at Object.<anonymous> (C:\Users\guillaumehouthoofd\Documents\Benoit\Epreuve_intégrée\ClubManager\api\src\routes\magasin\__tests__\magasin.errors.test.ts:455:7)

    [0m [90m 25 |[39m     res[33m.[39mstatus([35m200[39m)[33m.[39mjson({ commandes })[33m;[39m
     [90m 26 |[39m   } [36mcatch[39m (error) {
    [31m[1m>[22m[39m[90m 27 |[39m     console[33m.[39merror(
     [90m    |[39m             [31m[1m^[22m[39m
     [90m 28 |[39m       [32m"❌ [Handler Commandes] Erreur récupération commandes:"[39m[33m,[39m
     [90m 29 |[39m       error[33m,[39m
     [90m 30 |[39m     )[33m;[39m[0m

      at getCommandes (src/routes/magasin/core/handlers/get-commandes.handler.ts:27:13)
      at Object.<anonymous> (src/routes/magasin/__tests__/magasin.errors.test.ts:455:7)

  console.log
    📊 [Service Magasin] Calcul des statistiques

      at Module.calculerStatistiquesMagasin (src/routes/magasin/core/services/magasin.service.ts:805:11)

  console.log
    🔍 [Service Magasin] Vérification doublon commande: {
      cacheKey: '1-0.01-[{"id":1,"taille":"M","quantite":1}]...',
      utilisateur_id: 1,
      total: 0.01,
      nbArticles: 1
    }

      at creerCommande (src/routes/magasin/core/services/magasin.service.ts:325:11)

  console.log
    Données validées par le schéma Zod: {"nom":"Article 54","prix":25.99,"categorie_id":1,"images":[],"stocks":[],"actif":true}

      at createArticle (src/routes/magasin/core/handlers/create-article.handler.ts:22:13)

  console.log
    🆔 [Service Magasin] IDs générés: {
      uniqueCommandeId: 'CMD-001-1770238460086-EEB47707',
      numeroCommande: 'CMD-000001',
      utilisateur_id: 1
    }

      at creerCommande (src/routes/magasin/core/services/magasin.service.ts:373:11)

  console.log
    📊 [Service Magasin] Calcul des statistiques

      at Module.calculerStatistiquesMagasin (src/routes/magasin/core/services/magasin.service.ts:805:11)

  console.log
    📋 [Handler Articles] Récupération des articles par catégories

      at getArticles (src/routes/magasin/core/handlers/get-articles.handler.ts:23:13)

  console.log
    📝 [Service Magasin] Ajout d'un nouvel article: Article 54

      at ajouterArticle (src/routes/magasin/core/services/magasin.service.ts:216:11)

  console.log
    🔍 [Service Magasin] Récupération des articles par catégories

      at obtenirArticlesParCategories (src/routes/magasin/core/services/magasin.service.ts:166:11)

  console.log
    📝 [Handler Articles] Création d'un nouvel article

      at createArticle (src/routes/magasin/core/handlers/create-article.handler.ts:17:13)

  console.log
    ✅ [Service Magasin] Articles récupérés avec succès

      at obtenirArticlesParCategories (src/routes/magasin/core/services/magasin.service.ts:171:13)

  console.log
    ✅ [Handler Articles] Articles récupérés avec succès

      at getArticles (src/routes/magasin/core/handlers/get-articles.handler.ts:32:13)

  console.log
    Données validées par le schéma Zod: {"nom":"Article 55","prix":25.99,"categorie_id":1,"images":[],"stocks":[],"actif":true}

      at createArticle (src/routes/magasin/core/handlers/create-article.handler.ts:22:13)

  console.log
    📝 [Service Magasin] Ajout d'un nouvel article: Article 55

      at ajouterArticle (src/routes/magasin/core/services/magasin.service.ts:216:11)

  console.log
    📝 [Handler Articles] Création d'un nouvel article

      at createArticle (src/routes/magasin/core/handlers/create-article.handler.ts:17:13)

  console.log
    📝 [Handler Articles] Création d'un nouvel article

      at createArticle (src/routes/magasin/core/handlers/create-article.handler.ts:17:13)

  console.log
    🔍 [Handler Commandes] Vérification unicité commande

      at verifyCommandeUnicity (src/routes/magasin/core/handlers/verify-commande.handler.ts:17:13)

  console.error
    ❌ [Service Magasin] Utilisateur non trouvé: 1

    [0m [90m 772 |[39m
     [90m 773 |[39m     [36mif[39m (results[33m.[39mlength [33m===[39m [35m0[39m) {
    [31m[1m>[22m[39m[90m 774 |[39m       console[33m.[39merror(
     [90m     |[39m               [31m[1m^[22m[39m
     [90m 775 |[39m         [32m"❌ [Service Magasin] Utilisateur non trouvé:"[39m[33m,[39m
     [90m 776 |[39m         utilisateurId[33m,[39m
     [90m 777 |[39m       )[33m;[39m[0m

      at recupererDonneesUtilisateur (src/routes/magasin/core/services/magasin.service.ts:774:15)
      at src/routes/magasin/core/services/magasin.service.ts:393:26
      at creerCommande (src/routes/magasin/core/services/magasin.service.ts:432:28)
      at createCommande (src/routes/magasin/core/handlers/create-commande.handler.ts:30:20)
      at Object.<anonymous> (src/routes/magasin/__tests__/magasin.edge-cases.test.ts:528:7)

  console.log
    Données validées par le schéma Zod: {"nom":"Article 56","prix":25.99,"categorie_id":1,"images":[],"stocks":[],"actif":true}

      at createArticle (src/routes/magasin/core/handlers/create-article.handler.ts:22:13)

  console.error
    ❌ [Handler Articles] Erreur de validation: [
      {
        code: 'invalid_type',
        expected: 'object',
        received: 'undefined',
        path: [],
        message: 'Required'
      }
    ]

    [0m [90m 43 |[39m   } [36mcatch[39m (error) {
     [90m 44 |[39m     [36mif[39m (error [36minstanceof[39m z[33m.[39m[33mZodError[39m) {
    [31m[1m>[22m[39m[90m 45 |[39m       console[33m.[39merror(
     [90m    |[39m               [31m[1m^[22m[39m
     [90m 46 |[39m         [32m"❌ [Handler Articles] Erreur de validation:"[39m[33m,[39m
     [90m 47 |[39m         error[33m.[39merrors[33m,[39m
     [90m 48 |[39m       )[33m;[39m[0m

      at createArticle (src/routes/magasin/core/handlers/create-article.handler.ts:45:15)
      at Object.<anonymous> (src/routes/magasin/__tests__/magasin.errors.test.ts:486:13)

  console.error
    ❌ [Service Magasin] Erreur calcul statistiques: Error: DB Error
        at Object.<anonymous> (C:\Users\guillaumehouthoofd\Documents\Benoit\Epreuve_intégrée\ClubManager\api\src\routes\magasin\__tests__\magasin.service-branches.test.ts:476:9)
        at Promise.then.completed (C:\Users\guillaumehouthoofd\Documents\Benoit\Epreuve_intégrée\ClubManager\api\node_modules\jest-circus\build\utils.js:298:28)
        at new Promise (<anonymous>)
        at callAsyncCircusFn (C:\Users\guillaumehouthoofd\Documents\Benoit\Epreuve_intégrée\ClubManager\api\node_modules\jest-circus\build\utils.js:231:10)
        at _callCircusTest (C:\Users\guillaumehouthoofd\Documents\Benoit\Epreuve_intégrée\ClubManager\api\node_modules\jest-circus\build\run.js:316:40)
        at processTicksAndRejections (node:internal/process/task_queues:105:5)
        at _runTest (C:\Users\guillaumehouthoofd\Documents\Benoit\Epreuve_intégrée\ClubManager\api\node_modules\jest-circus\build\run.js:252:3)
        at _runTestsForDescribeBlock (C:\Users\guillaumehouthoofd\Documents\Benoit\Epreuve_intégrée\ClubManager\api\node_modules\jest-circus\build\run.js:126:9)
        at _runTestsForDescribeBlock (C:\Users\guillaumehouthoofd\Documents\Benoit\Epreuve_intégrée\ClubManager\api\node_modules\jest-circus\build\run.js:121:9)
        at _runTestsForDescribeBlock (C:\Users\guillaumehouthoofd\Documents\Benoit\Epreuve_intégrée\ClubManager\api\node_modules\jest-circus\build\run.js:121:9)
        at run (C:\Users\guillaumehouthoofd\Documents\Benoit\Epreuve_intégrée\ClubManager\api\node_modules\jest-circus\build\run.js:71:3)
        at runAndTransformResultsToJestFormat (C:\Users\guillaumehouthoofd\Documents\Benoit\Epreuve_intégrée\ClubManager\api\node_modules\jest-circus\build\legacy-code-todo-rewrite\jestAdapterInit.js:122:21)
        at jestAdapter (C:\Users\guillaumehouthoofd\Documents\Benoit\Epreuve_intégrée\ClubManager\api\node_modules\jest-circus\build\legacy-code-todo-rewrite\jestAdapter.js:79:19)
        at runTestInternal (C:\Users\guillaumehouthoofd\Documents\Benoit\Epreuve_intégrée\ClubManager\api\node_modules\jest-runner\build\runTest.js:367:16)
        at runTest (C:\Users\guillaumehouthoofd\Documents\Benoit\Epreuve_intégrée\ClubManager\api\node_modules\jest-runner\build\runTest.js:444:34)
        at Object.worker (C:\Users\guillaumehouthoofd\Documents\Benoit\Epreuve_intégrée\ClubManager\api\node_modules\jest-runner\build\testWorker.js:106:12)

    [0m [90m 839 |[39m     }[33m;[39m
     [90m 840 |[39m   } [36mcatch[39m (error) {
    [31m[1m>[22m[39m[90m 841 |[39m     console[33m.[39merror([32m"❌ [Service Magasin] Erreur calcul statistiques:"[39m[33m,[39m error)[33m;[39m
     [90m     |[39m             [31m[1m^[22m[39m
     [90m 842 |[39m     [36mthrow[39m [36mnew[39m [33mError[39m([32m"Impossible de calculer les statistiques"[39m)[33m;[39m
     [90m 843 |[39m   }
     [90m 844 |[39m }[0m

      at Module.calculerStatistiquesMagasin (src/routes/magasin/core/services/magasin.service.ts:841:13)
      at Object.<anonymous> (src/routes/magasin/__tests__/magasin.service-branches.test.ts:479:7)

  console.log
    📝 [Service Magasin] Ajout d'un nouvel article: Article 56

      at ajouterArticle (src/routes/magasin/core/services/magasin.service.ts:216:11)

  console.log
    🔍 [Service Magasin] Vérification unicité commande: CMD-999-9999999999-ABCD9999

      at verifierUniciteCommande (src/routes/magasin/core/services/magasin.service.ts:478:11)

  console.log
    📝 [Handler Articles] Création d'un nouvel article

      at createArticle (src/routes/magasin/core/handlers/create-article.handler.ts:17:13)

  console.log
    ⚠️ [Handler Commandes] Commande CMD-999-9999999999-ABCD9999 non trouvée

      at verifyCommandeUnicity (src/routes/magasin/core/handlers/verify-commande.handler.ts:28:15)

  console.log
    Données validées par le schéma Zod: {"nom":"Article 57","prix":25.99,"categorie_id":1,"images":[],"stocks":[],"actif":true}

      at createArticle (src/routes/magasin/core/handlers/create-article.handler.ts:22:13)

  console.log
    📝 [Service Magasin] Ajout d'un nouvel article: Article 57

      at ajouterArticle (src/routes/magasin/core/services/magasin.service.ts:216:11)

  console.log
    📊 [Handler Statistiques] Récupération des statistiques du magasin

      at getStatistiquesMagasin (src/routes/magasin/core/handlers/health.handler.ts:62:13)

  console.log
    📝 [Handler Articles] Création d'un nouvel article

      at createArticle (src/routes/magasin/core/handlers/create-article.handler.ts:17:13)

  console.log
    🔍 [Handler Commandes] Vérification unicité commande

      at verifyCommandeUnicity (src/routes/magasin/core/handlers/verify-commande.handler.ts:17:13)

  console.log
    📊 [Service Magasin] Calcul des statistiques

      at calculerStatistiquesMagasin (src/routes/magasin/core/services/magasin.service.ts:805:11)

  console.warn
    ⚠️ [Service Magasin] Impossible d'envoyer l'email - utilisateur non trouvé

    [0m [90m 402 |[39m           )[33m;[39m
     [90m 403 |[39m         } [36melse[39m {
    [31m[1m>[22m[39m[90m 404 |[39m           console[33m.[39mwarn(
     [90m     |[39m                   [31m[1m^[22m[39m
     [90m 405 |[39m             [32m"⚠️ [Service Magasin] Impossible d'envoyer l'email - utilisateur non trouvé"[39m[33m,[39m
     [90m 406 |[39m           )[33m;[39m
     [90m 407 |[39m         }[0m

      at src/routes/magasin/core/services/magasin.service.ts:404:19
      at creerCommande (src/routes/magasin/core/services/magasin.service.ts:432:28)
      at createCommande (src/routes/magasin/core/handlers/create-commande.handler.ts:30:20)
      at Object.<anonymous> (src/routes/magasin/__tests__/magasin.edge-cases.test.ts:528:7)

  console.log
    Données validées par le schéma Zod: {"nom":"Article 58","prix":25.99,"categorie_id":1,"images":[],"stocks":[],"actif":true}

      at createArticle (src/routes/magasin/core/handlers/create-article.handler.ts:22:13)

  console.log
    ✅ [Service Magasin] Commande créée avec protection doublon: {
      unique_id: 'CMD-001-1770238460086-EEB47707',
      numero_commande: 'CMD-000001'
    }

      at creerCommande (src/routes/magasin/core/services/magasin.service.ts:434:11)

  console.log
    ✅ [Handler Commandes] Commande créée avec succès: {
      unique_id: 'CMD-001-1770238460086-EEB47707',
      numero_commande: 'CMD-000001',
      isDuplicate: false
    }

      at createCommande (src/routes/magasin/core/handlers/create-commande.handler.ts:36:13)

  console.log
    📝 [Service Magasin] Ajout d'un nouvel article: Article 58

      at ajouterArticle (src/routes/magasin/core/services/magasin.service.ts:216:11)

  console.log
    📝 [Handler Articles] Création d'un nouvel article

      at createArticle (src/routes/magasin/core/handlers/create-article.handler.ts:17:13)

  console.log
    Données validées par le schéma Zod: {"nom":"Article 59","prix":25.99,"categorie_id":1,"images":[],"stocks":[],"actif":true}

      at createArticle (src/routes/magasin/core/handlers/create-article.handler.ts:22:13)

  console.log
    📝 [Service Magasin] Ajout d'un nouvel article: Article 59

      at ajouterArticle (src/routes/magasin/core/services/magasin.service.ts:216:11)

  console.log
    📝 [Handler Articles] Création d'un nouvel article

      at createArticle (src/routes/magasin/core/handlers/create-article.handler.ts:17:13)

  console.log
    Données validées par le schéma Zod: {"nom":"Article 60","prix":25.99,"categorie_id":1,"images":[],"stocks":[],"actif":true}

      at createArticle (src/routes/magasin/core/handlers/create-article.handler.ts:22:13)

  console.log
    📝 [Service Magasin] Ajout d'un nouvel article: Article 60

      at ajouterArticle (src/routes/magasin/core/services/magasin.service.ts:216:11)

  console.log
    📝 [Handler Articles] Création d'un nouvel article

      at createArticle (src/routes/magasin/core/handlers/create-article.handler.ts:17:13)

  console.log
    Données validées par le schéma Zod: {"nom":"Article 61","prix":25.99,"categorie_id":1,"images":[],"stocks":[],"actif":true}

      at createArticle (src/routes/magasin/core/handlers/create-article.handler.ts:22:13)

  console.log
    📝 [Service Magasin] Ajout d'un nouvel article: Article 61

      at ajouterArticle (src/routes/magasin/core/services/magasin.service.ts:216:11)

  console.log
    📝 [Handler Articles] Création d'un nouvel article

      at createArticle (src/routes/magasin/core/handlers/create-article.handler.ts:17:13)

  console.log
    Données validées par le schéma Zod: {"nom":"Article 62","prix":25.99,"categorie_id":1,"images":[],"stocks":[],"actif":true}

      at createArticle (src/routes/magasin/core/handlers/create-article.handler.ts:22:13)

  console.log
    📝 [Service Magasin] Ajout d'un nouvel article: Article 62

      at ajouterArticle (src/routes/magasin/core/services/magasin.service.ts:216:11)

  console.log
    📝 [Handler Articles] Création d'un nouvel article

      at createArticle (src/routes/magasin/core/handlers/create-article.handler.ts:17:13)

  console.log
    Données validées par le schéma Zod: {"nom":"Article 63","prix":25.99,"categorie_id":1,"images":[],"stocks":[],"actif":true}

      at createArticle (src/routes/magasin/core/handlers/create-article.handler.ts:22:13)

  console.log
    📝 [Service Magasin] Ajout d'un nouvel article: Article 63

      at ajouterArticle (src/routes/magasin/core/services/magasin.service.ts:216:11)

  console.log
    📝 [Handler Articles] Création d'un nouvel article

      at createArticle (src/routes/magasin/core/handlers/create-article.handler.ts:17:13)

  console.log
    Données validées par le schéma Zod: {"nom":"Article 64","prix":25.99,"categorie_id":1,"images":[],"stocks":[],"actif":true}

      at createArticle (src/routes/magasin/core/handlers/create-article.handler.ts:22:13)

  console.log
    📝 [Service Magasin] Ajout d'un nouvel article: Article 64

      at ajouterArticle (src/routes/magasin/core/services/magasin.service.ts:216:11)

  console.log
    📝 [Handler Articles] Création d'un nouvel article

      at createArticle (src/routes/magasin/core/handlers/create-article.handler.ts:17:13)

  console.log
    Données validées par le schéma Zod: {"nom":"Article 65","prix":25.99,"categorie_id":1,"images":[],"stocks":[],"actif":true}

      at createArticle (src/routes/magasin/core/handlers/create-article.handler.ts:22:13)

  console.log
    📝 [Service Magasin] Ajout d'un nouvel article: Article 65

      at ajouterArticle (src/routes/magasin/core/services/magasin.service.ts:216:11)

  console.log
    📝 [Handler Articles] Création d'un nouvel article

      at createArticle (src/routes/magasin/core/handlers/create-article.handler.ts:17:13)

  console.log
    Données validées par le schéma Zod: {"nom":"Article 66","prix":25.99,"categorie_id":1,"images":[],"stocks":[],"actif":true}

      at createArticle (src/routes/magasin/core/handlers/create-article.handler.ts:22:13)

  console.log
    📝 [Service Magasin] Ajout d'un nouvel article: Article 66

      at ajouterArticle (src/routes/magasin/core/services/magasin.service.ts:216:11)

  console.log
    📝 [Handler Articles] Création d'un nouvel article

      at createArticle (src/routes/magasin/core/handlers/create-article.handler.ts:17:13)

  console.log
    Données validées par le schéma Zod: {"nom":"Article 67","prix":25.99,"categorie_id":1,"images":[],"stocks":[],"actif":true}

      at createArticle (src/routes/magasin/core/handlers/create-article.handler.ts:22:13)

  console.log
    📝 [Service Magasin] Ajout d'un nouvel article: Article 67

      at ajouterArticle (src/routes/magasin/core/services/magasin.service.ts:216:11)

  console.log
    📝 [Handler Commandes] Création d'une nouvelle commande

      at createCommande (src/routes/magasin/core/handlers/create-commande.handler.ts:19:13)

  console.log
    Corps reçu: {
      utilisateur_id: 1,
      articles: [ { article_id: 1, quantite: 1, taille: 'M' } ],
      total: 50
    }

      at createCommande (src/routes/magasin/core/handlers/create-commande.handler.ts:20:13)

  console.log
    Données validées par le schéma Zod: {"utilisateur_id":1,"articles":[{"article_id":1,"quantite":1,"taille":"M"}],"total":50,"statut":"en attente"}

      at createCommande (src/routes/magasin/core/handlers/create-commande.handler.ts:25:13)

  console.log
    🔍 [Service Magasin] Vérification doublon commande: {
      cacheKey: '1-50-[{"id":1,"taille":"M","quantite":1}]...',
      utilisateur_id: 1,
      total: 50,
      nbArticles: 1
    }

      at creerCommande (src/routes/magasin/core/services/magasin.service.ts:325:11)

  console.log
    ⚠️ [Service Magasin] Commande identique détectée, attente... { delaiDepuisCommande: '82ms' }

      at creerCommande (src/routes/magasin/core/services/magasin.service.ts:339:15)

  console.log
    ✅ [Service Magasin] Première commande terminée, retour du même résultat

      at creerCommande (src/routes/magasin/core/services/magasin.service.ts:349:17)

  console.log
    ✅ [Handler Commandes] Commande créée avec succès: {
      unique_id: 'CMD-001-1770238460028-5D75A115',
      numero_commande: 'CMD-000001',
      isDuplicate: true
    }

      at createCommande (src/routes/magasin/core/handlers/create-commande.handler.ts:36:13)

  console.log
    📝 [Handler Commandes] Création d'une nouvelle commande

      at createCommande (src/routes/magasin/core/handlers/create-commande.handler.ts:19:13)

  console.log
    Corps reçu: {
      utilisateur_id: 1,
      articles: [ { article_id: 1, quantite: 1, taille: 'AAAAAAAAAAAAAAAAAAAA' } ],
      total: 50
    }

      at createCommande (src/routes/magasin/core/handlers/create-commande.handler.ts:20:13)

  console.log
    Données validées par le schéma Zod: {"utilisateur_id":1,"articles":[{"article_id":1,"quantite":1,"taille":"AAAAAAAAAAAAAAAAAAAA"}],"total":50,"statut":"en attente"}

      at createCommande (src/routes/magasin/core/handlers/create-commande.handler.ts:25:13)

  console.log
    🔍 [Service Magasin] Vérification doublon commande: {
      cacheKey: '1-50-[{"id":1,"taille":"AAAAAAAAAAAAAAAAAAAA","qua...',
      utilisateur_id: 1,
      total: 50,
      nbArticles: 1
    }

      at creerCommande (src/routes/magasin/core/services/magasin.service.ts:325:11)

  console.log
    🆔 [Service Magasin] IDs générés: {
      uniqueCommandeId: 'CMD-001-1770238460116-EB689950',
      numeroCommande: 'CMD-000001',
      utilisateur_id: 1
    }

      at creerCommande (src/routes/magasin/core/services/magasin.service.ts:373:11)

  console.error
    ❌ [Service Magasin] Utilisateur non trouvé: 1

    [0m [90m 772 |[39m
     [90m 773 |[39m     [36mif[39m (results[33m.[39mlength [33m===[39m [35m0[39m) {
    [31m[1m>[22m[39m[90m 774 |[39m       console[33m.[39merror(
     [90m     |[39m               [31m[1m^[22m[39m
     [90m 775 |[39m         [32m"❌ [Service Magasin] Utilisateur non trouvé:"[39m[33m,[39m
     [90m 776 |[39m         utilisateurId[33m,[39m
     [90m 777 |[39m       )[33m;[39m[0m

      at recupererDonneesUtilisateur (src/routes/magasin/core/services/magasin.service.ts:774:15)
      at src/routes/magasin/core/services/magasin.service.ts:393:26
      at creerCommande (src/routes/magasin/core/services/magasin.service.ts:432:28)
      at createCommande (src/routes/magasin/core/handlers/create-commande.handler.ts:30:20)
      at Object.<anonymous> (src/routes/magasin/__tests__/magasin.edge-cases.test.ts:586:7)

  console.warn
    ⚠️ [Service Magasin] Impossible d'envoyer l'email - utilisateur non trouvé

    [0m [90m 402 |[39m           )[33m;[39m
     [90m 403 |[39m         } [36melse[39m {
    [31m[1m>[22m[39m[90m 404 |[39m           console[33m.[39mwarn(
     [90m     |[39m                   [31m[1m^[22m[39m
     [90m 405 |[39m             [32m"⚠️ [Service Magasin] Impossible d'envoyer l'email - utilisateur non trouvé"[39m[33m,[39m
     [90m 406 |[39m           )[33m;[39m
     [90m 407 |[39m         }[0m

      at src/routes/magasin/core/services/magasin.service.ts:404:19
      at creerCommande (src/routes/magasin/core/services/magasin.service.ts:432:28)
      at createCommande (src/routes/magasin/core/handlers/create-commande.handler.ts:30:20)
      at Object.<anonymous> (src/routes/magasin/__tests__/magasin.edge-cases.test.ts:586:7)

  console.log
    ✅ [Service Magasin] Commande créée avec protection doublon: {
      unique_id: 'CMD-001-1770238460116-EB689950',
      numero_commande: 'CMD-000001'
    }

      at creerCommande (src/routes/magasin/core/services/magasin.service.ts:434:11)

  console.log
    ✅ [Handler Commandes] Commande créée avec succès: {
      unique_id: 'CMD-001-1770238460116-EB689950',
      numero_commande: 'CMD-000001',
      isDuplicate: false
    }

      at createCommande (src/routes/magasin/core/handlers/create-commande.handler.ts:36:13)

  console.log
    📝 [Handler Articles] Modification d'un article

      at updateArticle (src/routes/magasin/core/handlers/update-article.handler.ts:17:13)

  console.log
    Données validées par le schéma Zod: {"id":2147483647,"nom":"Test"}

      at updateArticle (src/routes/magasin/core/handlers/update-article.handler.ts:38:13)

  console.log
    📝 [Service Magasin] Modification de l'article 2147483647

      at modifierArticle (src/routes/magasin/core/services/magasin.service.ts:253:11)

  console.log
    ✅ [Service Magasin] Article modifié avec succès

      at modifierArticle (src/routes/magasin/core/services/magasin.service.ts:259:15)

  console.log
    ✅ [Handler Articles] Article modifié avec succès

      at updateArticle (src/routes/magasin/core/handlers/update-article.handler.ts:49:13)

  console.log
    📝 [Handler Commandes] Création d'une nouvelle commande

      at createCommande (src/routes/magasin/core/handlers/create-commande.handler.ts:19:13)

  console.log
    Corps reçu: {
      utilisateur_id: 999999999,
      articles: [ { article_id: 1, quantite: 1, taille: 'M' } ],
      total: 50
    }

      at createCommande (src/routes/magasin/core/handlers/create-commande.handler.ts:20:13)

  console.log
    Données validées par le schéma Zod: {"utilisateur_id":999999999,"articles":[{"article_id":1,"quantite":1,"taille":"M"}],"total":50,"statut":"en attente"}

      at createCommande (src/routes/magasin/core/handlers/create-commande.handler.ts:25:13)

  console.log
    🔍 [Service Magasin] Vérification doublon commande: {
      cacheKey: '999999999-50-[{"id":1,"taille":"M","quantite":1}]...',
      utilisateur_id: 999999999,
      total: 50,
      nbArticles: 1
    }

      at creerCommande (src/routes/magasin/core/services/magasin.service.ts:325:11)

  console.log
    🆔 [Service Magasin] IDs générés: {
      uniqueCommandeId: 'CMD-999999999-1770238460156-25582A10',
      numeroCommande: 'CMD-000001',
      utilisateur_id: 999999999
    }

      at creerCommande (src/routes/magasin/core/services/magasin.service.ts:373:11)

  console.error
    ❌ [Service Magasin] Utilisateur non trouvé: 999999999

    [0m [90m 772 |[39m
     [90m 773 |[39m     [36mif[39m (results[33m.[39mlength [33m===[39m [35m0[39m) {
    [31m[1m>[22m[39m[90m 774 |[39m       console[33m.[39merror(
     [90m     |[39m               [31m[1m^[22m[39m
     [90m 775 |[39m         [32m"❌ [Service Magasin] Utilisateur non trouvé:"[39m[33m,[39m
     [90m 776 |[39m         utilisateurId[33m,[39m
     [90m 777 |[39m       )[33m;[39m[0m

      at recupererDonneesUtilisateur (src/routes/magasin/core/services/magasin.service.ts:774:15)
      at src/routes/magasin/core/services/magasin.service.ts:393:26
      at creerCommande (src/routes/magasin/core/services/magasin.service.ts:432:28)
      at createCommande (src/routes/magasin/core/handlers/create-commande.handler.ts:30:20)
      at Object.<anonymous> (src/routes/magasin/__tests__/magasin.edge-cases.test.ts:638:7)

  console.warn
    ⚠️ [Service Magasin] Impossible d'envoyer l'email - utilisateur non trouvé

    [0m [90m 402 |[39m           )[33m;[39m
     [90m 403 |[39m         } [36melse[39m {
    [31m[1m>[22m[39m[90m 404 |[39m           console[33m.[39mwarn(
     [90m     |[39m                   [31m[1m^[22m[39m
     [90m 405 |[39m             [32m"⚠️ [Service Magasin] Impossible d'envoyer l'email - utilisateur non trouvé"[39m[33m,[39m
     [90m 406 |[39m           )[33m;[39m
     [90m 407 |[39m         }[0m

      at src/routes/magasin/core/services/magasin.service.ts:404:19
      at creerCommande (src/routes/magasin/core/services/magasin.service.ts:432:28)
      at createCommande (src/routes/magasin/core/handlers/create-commande.handler.ts:30:20)
      at Object.<anonymous> (src/routes/magasin/__tests__/magasin.edge-cases.test.ts:638:7)

  console.log
    ✅ [Service Magasin] Commande créée avec protection doublon: {
      unique_id: 'CMD-999999999-1770238460156-25582A10',
      numero_commande: 'CMD-000001'
    }

      at creerCommande (src/routes/magasin/core/services/magasin.service.ts:434:11)

  console.log
    ✅ [Handler Commandes] Commande créée avec succès: {
      unique_id: 'CMD-999999999-1770238460156-25582A10',
      numero_commande: 'CMD-000001',
      isDuplicate: false
    }

      at createCommande (src/routes/magasin/core/handlers/create-commande.handler.ts:36:13)

  console.log
    📋 [Handler Articles] Récupération des articles par catégories

      at getArticles (src/routes/magasin/core/handlers/get-articles.handler.ts:23:13)

  console.log
    🔍 [Service Magasin] Récupération des articles par catégories

      at obtenirArticlesParCategories (src/routes/magasin/core/services/magasin.service.ts:166:11)

  console.log
    ✅ [Service Magasin] Articles récupérés avec succès

      at obtenirArticlesParCategories (src/routes/magasin/core/services/magasin.service.ts:171:13)

  console.log
    ✅ [Handler Articles] Articles récupérés avec succès

      at getArticles (src/routes/magasin/core/handlers/get-articles.handler.ts:32:13)

  console.log
    📋 [Handler Articles] Récupération des articles par catégories

      at getArticles (src/routes/magasin/core/handlers/get-articles.handler.ts:23:13)

  console.log
    🔍 [Service Magasin] Récupération des articles par catégories

      at obtenirArticlesParCategories (src/routes/magasin/core/services/magasin.service.ts:166:11)

  console.log
    ✅ [Service Magasin] Articles récupérés avec succès

      at obtenirArticlesParCategories (src/routes/magasin/core/services/magasin.service.ts:171:13)

  console.log
    ✅ [Handler Articles] Articles récupérés avec succès

      at getArticles (src/routes/magasin/core/handlers/get-articles.handler.ts:32:13)

  console.error
    ❌ [Handler Commandes] Erreur de validation: [
      {
        validation: 'regex',
        code: 'invalid_string',
        message: "Format d'ID unique invalide (attendu: CMD-XXX-TIMESTAMP-XXXXXXXX)",
        path: [ 'uniqueId' ]
      }
    ]

    [0m [90m 31 |[39m   } [36mcatch[39m (error) {
     [90m 32 |[39m     [36mif[39m (error [36minstanceof[39m z[33m.[39m[33mZodError[39m) {
    [31m[1m>[22m[39m[90m 33 |[39m       console[33m.[39merror(
     [90m    |[39m               [31m[1m^[22m[39m
     [90m 34 |[39m         [32m"❌ [Handler Commandes] Erreur de validation:"[39m[33m,[39m
     [90m 35 |[39m         error[33m.[39merrors[33m,[39m
     [90m 36 |[39m       )[33m;[39m[0m

      at verifyCommandeUnicity (src/routes/magasin/core/handlers/verify-commande.handler.ts:33:15)
      at Object.<anonymous> (src/routes/magasin/__tests__/magasin.test.ts:644:13)

  console.log
    🏥 [Handler Health] Health check du module magasin

      at healthCheck (src/routes/magasin/core/handlers/health.handler.ts:19:13)

  console.log
    ✅ [Handler Health] Module magasin en bonne santé

      at healthCheck (src/routes/magasin/core/handlers/health.handler.ts:37:13)

  console.log
    📊 [Handler Statistiques] Récupération des statistiques du magasin

      at getStatistiquesMagasin (src/routes/magasin/core/handlers/health.handler.ts:62:13)

  console.log
    📊 [Service Magasin] Calcul des statistiques

      at calculerStatistiquesMagasin (src/routes/magasin/core/services/magasin.service.ts:805:11)

  console.log
    ✅ [Handler Statistiques] Statistiques récupérées avec succès

      at getStatistiquesMagasin (src/routes/magasin/core/handlers/health.handler.ts:75:13)

  console.log
    📊 [Handler Statistiques] Récupération des statistiques du magasin

      at getStatistiquesMagasin (src/routes/magasin/core/handlers/health.handler.ts:62:13)

  console.log
    📊 [Service Magasin] Calcul des statistiques

      at calculerStatistiquesMagasin (src/routes/magasin/core/services/magasin.service.ts:805:11)

  console.log
    ✅ [Handler Statistiques] Statistiques récupérées avec succès

      at getStatistiquesMagasin (src/routes/magasin/core/handlers/health.handler.ts:75:13)

  console.error
    ❌ [Service Magasin] Erreur calcul statistiques: Error: Erreur calcul statistiques
        at Object.<anonymous> (C:\Users\guillaumehouthoofd\Documents\Benoit\Epreuve_intégrée\ClubManager\api\src\routes\magasin\__tests__\magasin.errors.test.ts:501:9)
        at Promise.then.completed (C:\Users\guillaumehouthoofd\Documents\Benoit\Epreuve_intégrée\ClubManager\api\node_modules\jest-circus\build\utils.js:298:28)
        at new Promise (<anonymous>)
        at callAsyncCircusFn (C:\Users\guillaumehouthoofd\Documents\Benoit\Epreuve_intégrée\ClubManager\api\node_modules\jest-circus\build\utils.js:231:10)
        at _callCircusTest (C:\Users\guillaumehouthoofd\Documents\Benoit\Epreuve_intégrée\ClubManager\api\node_modules\jest-circus\build\run.js:316:40)
        at processTicksAndRejections (node:internal/process/task_queues:105:5)
        at _runTest (C:\Users\guillaumehouthoofd\Documents\Benoit\Epreuve_intégrée\ClubManager\api\node_modules\jest-circus\build\run.js:252:3)
        at _runTestsForDescribeBlock (C:\Users\guillaumehouthoofd\Documents\Benoit\Epreuve_intégrée\ClubManager\api\node_modules\jest-circus\build\run.js:126:9)
        at _runTestsForDescribeBlock (C:\Users\guillaumehouthoofd\Documents\Benoit\Epreuve_intégrée\ClubManager\api\node_modules\jest-circus\build\run.js:121:9)
        at _runTestsForDescribeBlock (C:\Users\guillaumehouthoofd\Documents\Benoit\Epreuve_intégrée\ClubManager\api\node_modules\jest-circus\build\run.js:121:9)
        at run (C:\Users\guillaumehouthoofd\Documents\Benoit\Epreuve_intégrée\ClubManager\api\node_modules\jest-circus\build\run.js:71:3)
        at runAndTransformResultsToJestFormat (C:\Users\guillaumehouthoofd\Documents\Benoit\Epreuve_intégrée\ClubManager\api\node_modules\jest-circus\build\legacy-code-todo-rewrite\jestAdapterInit.js:122:21)
        at jestAdapter (C:\Users\guillaumehouthoofd\Documents\Benoit\Epreuve_intégrée\ClubManager\api\node_modules\jest-circus\build\legacy-code-todo-rewrite\jestAdapter.js:79:19)
        at runTestInternal (C:\Users\guillaumehouthoofd\Documents\Benoit\Epreuve_intégrée\ClubManager\api\node_modules\jest-runner\build\runTest.js:367:16)
        at runTest (C:\Users\guillaumehouthoofd\Documents\Benoit\Epreuve_intégrée\ClubManager\api\node_modules\jest-runner\build\runTest.js:444:34)
        at Object.worker (C:\Users\guillaumehouthoofd\Documents\Benoit\Epreuve_intégrée\ClubManager\api\node_modules\jest-runner\build\testWorker.js:106:12)

    [0m [90m 839 |[39m     }[33m;[39m
     [90m 840 |[39m   } [36mcatch[39m (error) {
    [31m[1m>[22m[39m[90m 841 |[39m     console[33m.[39merror([32m"❌ [Service Magasin] Erreur calcul statistiques:"[39m[33m,[39m error)[33m;[39m
     [90m     |[39m             [31m[1m^[22m[39m
     [90m 842 |[39m     [36mthrow[39m [36mnew[39m [33mError[39m([32m"Impossible de calculer les statistiques"[39m)[33m;[39m
     [90m 843 |[39m   }
     [90m 844 |[39m }[0m

      at calculerStatistiquesMagasin (src/routes/magasin/core/services/magasin.service.ts:841:13)
      at getStatistiquesMagasin (src/routes/magasin/core/handlers/health.handler.ts:69:26)
      at Object.<anonymous> (src/routes/magasin/__tests__/magasin.errors.test.ts:504:7)

  console.error
    ❌ [Handler Statistiques] Erreur récupération statistiques: Error: Impossible de calculer les statistiques
        at calculerStatistiquesMagasin (C:\Users\guillaumehouthoofd\Documents\Benoit\Epreuve_intégrée\ClubManager\api\src\routes\magasin\core\services\magasin.service.ts:842:11)
        at processTicksAndRejections (node:internal/process/task_queues:105:5)
        at getStatistiquesMagasin (C:\Users\guillaumehouthoofd\Documents\Benoit\Epreuve_intégrée\ClubManager\api\src\routes\magasin\core\handlers\health.handler.ts:69:26)
        at Object.<anonymous> (C:\Users\guillaumehouthoofd\Documents\Benoit\Epreuve_intégrée\ClubManager\api\src\routes\magasin\__tests__\magasin.errors.test.ts:504:7)

    [0m [90m  99 |[39m     }
     [90m 100 |[39m
    [31m[1m>[22m[39m[90m 101 |[39m     console[33m.[39merror(
     [90m     |[39m             [31m[1m^[22m[39m
     [90m 102 |[39m       [32m"❌ [Handler Statistiques] Erreur récupération statistiques:"[39m[33m,[39m
     [90m 103 |[39m       error[33m,[39m
     [90m 104 |[39m     )[33m;[39m[0m

      at getStatistiquesMagasin (src/routes/magasin/core/handlers/health.handler.ts:101:13)
      at Object.<anonymous> (src/routes/magasin/__tests__/magasin.errors.test.ts:504:7)

  console.log
    📊 [Handler Statistiques] Récupération des statistiques du magasin

      at getStatistiquesMagasin (src/routes/magasin/core/handlers/health.handler.ts:62:13)

  console.error
    ❌ [Handler Statistiques] Erreur de validation: [
      {
        code: 'custom',
        message: 'La date de début doit être au format ISO valide (YYYY-MM-DD)',
        path: [ 'dateDebut' ]
      }
    ]

    [0m [90m 88 |[39m   } [36mcatch[39m (error) {
     [90m 89 |[39m     [36mif[39m (error [36minstanceof[39m z[33m.[39m[33mZodError[39m) {
    [31m[1m>[22m[39m[90m 90 |[39m       console[33m.[39merror(
     [90m    |[39m               [31m[1m^[22m[39m
     [90m 91 |[39m         [32m"❌ [Handler Statistiques] Erreur de validation:"[39m[33m,[39m
     [90m 92 |[39m         error[33m.[39merrors[33m,[39m
     [90m 93 |[39m       )[33m;[39m[0m

      at getStatistiquesMagasin (src/routes/magasin/core/handlers/health.handler.ts:90:15)
      at Object.<anonymous> (src/routes/magasin/__tests__/magasin.errors.test.ts:525:13)

  console.error
    ❌ [Service Magasin] Erreur calcul statistiques: Error: Query timeout
        at Timeout._onTimeout (C:\Users\guillaumehouthoofd\Documents\Benoit\Epreuve_intégrée\ClubManager\api\src\routes\magasin\__tests__\magasin.stats-advanced.test.ts:507:35)
        at listOnTimeout (node:internal/timers:588:17)
        at processTimers (node:internal/timers:523:7)

    [0m [90m 839 |[39m     }[33m;[39m
     [90m 840 |[39m   } [36mcatch[39m (error) {
    [31m[1m>[22m[39m[90m 841 |[39m     console[33m.[39merror([32m"❌ [Service Magasin] Erreur calcul statistiques:"[39m[33m,[39m error)[33m;[39m
     [90m     |[39m             [31m[1m^[22m[39m
     [90m 842 |[39m     [36mthrow[39m [36mnew[39m [33mError[39m([32m"Impossible de calculer les statistiques"[39m)[33m;[39m
     [90m 843 |[39m   }
     [90m 844 |[39m }[0m

      at Module.calculerStatistiquesMagasin (src/routes/magasin/core/services/magasin.service.ts:841:13)
      at Object.<anonymous> (src/routes/magasin/__tests__/magasin.stats-advanced.test.ts:511:7)

  console.log
    📊 [Handler Statistiques] Récupération des statistiques du magasin

      at getStatistiquesMagasin (src/routes/magasin/core/handlers/health.handler.ts:62:13)

  console.log
    📊 [Service Magasin] Calcul des statistiques

      at calculerStatistiquesMagasin (src/routes/magasin/core/services/magasin.service.ts:805:11)

  console.error
    ❌ [Service Magasin] Erreur calcul statistiques: Error: DB Error
        at Object.<anonymous> (C:\Users\guillaumehouthoofd\Documents\Benoit\Epreuve_intégrée\ClubManager\api\src\routes\magasin\__tests__\magasin.stats-advanced.test.ts:524:9)
        at Promise.then.completed (C:\Users\guillaumehouthoofd\Documents\Benoit\Epreuve_intégrée\ClubManager\api\node_modules\jest-circus\build\utils.js:298:28)
        at new Promise (<anonymous>)
        at callAsyncCircusFn (C:\Users\guillaumehouthoofd\Documents\Benoit\Epreuve_intégrée\ClubManager\api\node_modules\jest-circus\build\utils.js:231:10)
        at _callCircusTest (C:\Users\guillaumehouthoofd\Documents\Benoit\Epreuve_intégrée\ClubManager\api\node_modules\jest-circus\build\run.js:316:40)
        at _runTest (C:\Users\guillaumehouthoofd\Documents\Benoit\Epreuve_intégrée\ClubManager\api\node_modules\jest-circus\build\run.js:252:3)
        at _runTestsForDescribeBlock (C:\Users\guillaumehouthoofd\Documents\Benoit\Epreuve_intégrée\ClubManager\api\node_modules\jest-circus\build\run.js:126:9)
        at _runTestsForDescribeBlock (C:\Users\guillaumehouthoofd\Documents\Benoit\Epreuve_intégrée\ClubManager\api\node_modules\jest-circus\build\run.js:121:9)
        at _runTestsForDescribeBlock (C:\Users\guillaumehouthoofd\Documents\Benoit\Epreuve_intégrée\ClubManager\api\node_modules\jest-circus\build\run.js:121:9)
        at run (C:\Users\guillaumehouthoofd\Documents\Benoit\Epreuve_intégrée\ClubManager\api\node_modules\jest-circus\build\run.js:71:3)
        at runAndTransformResultsToJestFormat (C:\Users\guillaumehouthoofd\Documents\Benoit\Epreuve_intégrée\ClubManager\api\node_modules\jest-circus\build\legacy-code-todo-rewrite\jestAdapterInit.js:122:21)
        at jestAdapter (C:\Users\guillaumehouthoofd\Documents\Benoit\Epreuve_intégrée\ClubManager\api\node_modules\jest-circus\build\legacy-code-todo-rewrite\jestAdapter.js:79:19)
        at runTestInternal (C:\Users\guillaumehouthoofd\Documents\Benoit\Epreuve_intégrée\ClubManager\api\node_modules\jest-runner\build\runTest.js:367:16)
        at runTest (C:\Users\guillaumehouthoofd\Documents\Benoit\Epreuve_intégrée\ClubManager\api\node_modules\jest-runner\build\runTest.js:444:34)
        at Object.worker (C:\Users\guillaumehouthoofd\Documents\Benoit\Epreuve_intégrée\ClubManager\api\node_modules\jest-runner\build\testWorker.js:106:12)

    [0m [90m 839 |[39m     }[33m;[39m
     [90m 840 |[39m   } [36mcatch[39m (error) {
    [31m[1m>[22m[39m[90m 841 |[39m     console[33m.[39merror([32m"❌ [Service Magasin] Erreur calcul statistiques:"[39m[33m,[39m error)[33m;[39m
     [90m     |[39m             [31m[1m^[22m[39m
     [90m 842 |[39m     [36mthrow[39m [36mnew[39m [33mError[39m([32m"Impossible de calculer les statistiques"[39m)[33m;[39m
     [90m 843 |[39m   }
     [90m 844 |[39m }[0m

      at calculerStatistiquesMagasin (src/routes/magasin/core/services/magasin.service.ts:841:13)
      at getStatistiquesMagasin (src/routes/magasin/core/handlers/health.handler.ts:69:26)
      at Object.<anonymous> (src/routes/magasin/__tests__/magasin.stats-advanced.test.ts:527:7)

  console.error
    ❌ [Handler Statistiques] Erreur récupération statistiques: Error: Impossible de calculer les statistiques
        at calculerStatistiquesMagasin (C:\Users\guillaumehouthoofd\Documents\Benoit\Epreuve_intégrée\ClubManager\api\src\routes\magasin\core\services\magasin.service.ts:842:11)
        at getStatistiquesMagasin (C:\Users\guillaumehouthoofd\Documents\Benoit\Epreuve_intégrée\ClubManager\api\src\routes\magasin\core\handlers\health.handler.ts:69:26)
        at Object.<anonymous> (C:\Users\guillaumehouthoofd\Documents\Benoit\Epreuve_intégrée\ClubManager\api\src\routes\magasin\__tests__\magasin.stats-advanced.test.ts:527:7)

    [0m [90m  99 |[39m     }
     [90m 100 |[39m
    [31m[1m>[22m[39m[90m 101 |[39m     console[33m.[39merror(
     [90m     |[39m             [31m[1m^[22m[39m
     [90m 102 |[39m       [32m"❌ [Handler Statistiques] Erreur récupération statistiques:"[39m[33m,[39m
     [90m 103 |[39m       error[33m,[39m
     [90m 104 |[39m     )[33m;[39m[0m

      at getStatistiquesMagasin (src/routes/magasin/core/handlers/health.handler.ts:101:13)
      at Object.<anonymous> (src/routes/magasin/__tests__/magasin.stats-advanced.test.ts:527:7)

  console.log
    📊 [Handler Statistiques] Récupération des statistiques du magasin

      at getStatistiquesMagasin (src/routes/magasin/core/handlers/health.handler.ts:62:13)

  console.log
    📊 [Service Magasin] Calcul des statistiques

      at calculerStatistiquesMagasin (src/routes/magasin/core/services/magasin.service.ts:805:11)

  console.log
    ✅ [Handler Statistiques] Statistiques récupérées avec succès

      at getStatistiquesMagasin (src/routes/magasin/core/handlers/health.handler.ts:75:13)

  console.log
    📊 [Handler Statistiques] Récupération des statistiques du magasin

      at getStatistiquesMagasin (src/routes/magasin/core/handlers/health.handler.ts:62:13)

  console.error
    ❌ [Handler Statistiques] Erreur de validation: [
      {
        code: 'custom',
        message: 'La date de début doit être au format ISO valide (YYYY-MM-DD)',
        path: [ 'dateDebut' ]
      }
    ]

    [0m [90m 88 |[39m   } [36mcatch[39m (error) {
     [90m 89 |[39m     [36mif[39m (error [36minstanceof[39m z[33m.[39m[33mZodError[39m) {
    [31m[1m>[22m[39m[90m 90 |[39m       console[33m.[39merror(
     [90m    |[39m               [31m[1m^[22m[39m
     [90m 91 |[39m         [32m"❌ [Handler Statistiques] Erreur de validation:"[39m[33m,[39m
     [90m 92 |[39m         error[33m.[39merrors[33m,[39m
     [90m 93 |[39m       )[33m;[39m[0m

      at getStatistiquesMagasin (src/routes/magasin/core/handlers/health.handler.ts:90:15)
      at Object.<anonymous> (src/routes/magasin/__tests__/magasin.stats-advanced.test.ts:577:13)

  console.log
    📊 [Service Magasin] Calcul des statistiques

      at Module.calculerStatistiquesMagasin (src/routes/magasin/core/services/magasin.service.ts:805:11)

  console.log
    📝 [Handler Articles] Création d'un nouvel article

      at createArticle (src/routes/magasin/core/handlers/create-article.handler.ts:17:13)

  console.log
    Données validées par le schéma Zod: {"nom":"Article 68","prix":25.99,"categorie_id":1,"images":[],"stocks":[],"actif":true}

      at createArticle (src/routes/magasin/core/handlers/create-article.handler.ts:22:13)

  console.log
    📝 [Service Magasin] Ajout d'un nouvel article: Article 68

      at ajouterArticle (src/routes/magasin/core/services/magasin.service.ts:216:11)

  console.log
    📝 [Handler Articles] Création d'un nouvel article

      at createArticle (src/routes/magasin/core/handlers/create-article.handler.ts:17:13)

  console.log
    Données validées par le schéma Zod: {"nom":"Article 69","prix":25.99,"categorie_id":1,"images":[],"stocks":[],"actif":true}

      at createArticle (src/routes/magasin/core/handlers/create-article.handler.ts:22:13)

  console.log
    📝 [Service Magasin] Ajout d'un nouvel article: Article 69

      at ajouterArticle (src/routes/magasin/core/services/magasin.service.ts:216:11)

  console.log
    📝 [Handler Articles] Création d'un nouvel article

      at createArticle (src/routes/magasin/core/handlers/create-article.handler.ts:17:13)

  console.log
    Données validées par le schéma Zod: {"nom":"Article 70","prix":25.99,"categorie_id":1,"images":[],"stocks":[],"actif":true}

      at createArticle (src/routes/magasin/core/handlers/create-article.handler.ts:22:13)

  console.log
    📝 [Service Magasin] Ajout d'un nouvel article: Article 70

      at ajouterArticle (src/routes/magasin/core/services/magasin.service.ts:216:11)

  console.log
    📝 [Handler Articles] Création d'un nouvel article

      at createArticle (src/routes/magasin/core/handlers/create-article.handler.ts:17:13)

  console.log
    Données validées par le schéma Zod: {"nom":"Article 71","prix":25.99,"categorie_id":1,"images":[],"stocks":[],"actif":true}

      at createArticle (src/routes/magasin/core/handlers/create-article.handler.ts:22:13)

  console.log
    📝 [Service Magasin] Ajout d'un nouvel article: Article 71

      at ajouterArticle (src/routes/magasin/core/services/magasin.service.ts:216:11)

  console.log
    📝 [Handler Articles] Création d'un nouvel article

      at createArticle (src/routes/magasin/core/handlers/create-article.handler.ts:17:13)

  console.log
    Données validées par le schéma Zod: {"nom":"Article 72","prix":25.99,"categorie_id":1,"images":[],"stocks":[],"actif":true}

      at createArticle (src/routes/magasin/core/handlers/create-article.handler.ts:22:13)

  console.log
    📝 [Service Magasin] Ajout d'un nouvel article: Article 72

      at ajouterArticle (src/routes/magasin/core/services/magasin.service.ts:216:11)

  console.log
    📝 [Handler Articles] Création d'un nouvel article

      at createArticle (src/routes/magasin/core/handlers/create-article.handler.ts:17:13)

  console.log
    Données validées par le schéma Zod: {"nom":"Article 73","prix":25.99,"categorie_id":1,"images":[],"stocks":[],"actif":true}

      at createArticle (src/routes/magasin/core/handlers/create-article.handler.ts:22:13)

  console.log
    📝 [Service Magasin] Ajout d'un nouvel article: Article 73

      at ajouterArticle (src/routes/magasin/core/services/magasin.service.ts:216:11)

  console.log
    📝 [Handler Articles] Création d'un nouvel article

      at createArticle (src/routes/magasin/core/handlers/create-article.handler.ts:17:13)

  console.log
    Données validées par le schéma Zod: {"nom":"Article 74","prix":25.99,"categorie_id":1,"images":[],"stocks":[],"actif":true}

      at createArticle (src/routes/magasin/core/handlers/create-article.handler.ts:22:13)

  console.log
    [dotenv@17.2.2] injecting env (21) from .env.test -- tip: ⚙️  load multiple .env files with { path: ['.env.local', '.env'] }

      at _log (node_modules/dotenv/lib/main.js:139:11)

  console.log
    ✅ Loaded .env.test environment variables (CommonJS)

      at Object.<anonymous> (tests/jest.setup.cjs:37:11)

  console.log
    🔗 Database URL: mysql:****@localhost:3306/clubmanager_test

      at Object.<anonymous> (tests/jest.setup.cjs:48:11)

  console.log
    🧪 NODE_ENV: test

      at Object.<anonymous> (tests/jest.setup.cjs:55:11)

  console.log
    ⚙️  Jest setup complete (CommonJS) - ready to run tests

      at Object.<anonymous> (tests/jest.setup.cjs:58:9)

  console.log
    📝 [Handler Commandes] Création d'une nouvelle commande

      at createCommande (src/routes/magasin/core/handlers/create-commande.handler.ts:19:13)

  console.log
    Corps reçu: {
      utilisateur_id: 1,
      articles: [ { article_id: 1, quantite: 1, taille: 'M' } ],
      total: 50,
      date: '2024-01-15T10:30:00.000Z'
    }

      at createCommande (src/routes/magasin/core/handlers/create-commande.handler.ts:20:13)

  console.log
    📝 [Service Magasin] Ajout d'un nouvel article: Article 74

      at ajouterArticle (src/routes/magasin/core/services/magasin.service.ts:216:11)

  console.log
    📊 [Service Magasin] Calcul des statistiques

      at Module.calculerStatistiquesMagasin (src/routes/magasin/core/services/magasin.service.ts:805:11)

  console.log
    📝 [Handler Articles] Création d'un nouvel article

      at createArticle (src/routes/magasin/core/handlers/create-article.handler.ts:17:13)

  console.log
    Données validées par le schéma Zod: {"utilisateur_id":1,"articles":[{"article_id":1,"quantite":1,"taille":"M"}],"total":50,"statut":"en attente","date":"2024-01-15T10:30:00.000Z"}

      at createCommande (src/routes/magasin/core/handlers/create-commande.handler.ts:25:13)

  console.log
    🔍 [Service Magasin] Vérification doublon commande: {
      cacheKey: '1-50-[{"id":1,"taille":"M","quantite":1}]...',
      utilisateur_id: 1,
      total: 50,
      nbArticles: 1
    }

      at creerCommande (src/routes/magasin/core/services/magasin.service.ts:325:11)

  console.log
    ⚠️ [Service Magasin] Commande identique détectée, attente... { delaiDepuisCommande: '165ms' }

      at creerCommande (src/routes/magasin/core/services/magasin.service.ts:339:15)

  console.log
    ✅ [Service Magasin] Première commande terminée, retour du même résultat

      at creerCommande (src/routes/magasin/core/services/magasin.service.ts:349:17)

  console.log
    ✅ [Handler Commandes] Commande créée avec succès: {
      unique_id: 'CMD-001-1770238460028-5D75A115',
      numero_commande: 'CMD-000001',
      isDuplicate: true
    }

      at createCommande (src/routes/magasin/core/handlers/create-commande.handler.ts:36:13)

  console.log
    Données validées par le schéma Zod: {"nom":"Article 75","prix":25.99,"categorie_id":1,"images":[],"stocks":[],"actif":true}

      at createArticle (src/routes/magasin/core/handlers/create-article.handler.ts:22:13)

  console.log
    📝 [Service Magasin] Ajout d'un nouvel article: Article 75

      at ajouterArticle (src/routes/magasin/core/services/magasin.service.ts:216:11)

  console.log
    📝 [Handler Articles] Création d'un nouvel article

      at createArticle (src/routes/magasin/core/handlers/create-article.handler.ts:17:13)

  console.log
    Données validées par le schéma Zod: {"nom":"Article 76","prix":25.99,"categorie_id":1,"images":[],"stocks":[],"actif":true}

      at createArticle (src/routes/magasin/core/handlers/create-article.handler.ts:22:13)

  console.log
    📊 [Service Magasin] Calcul des statistiques

      at Module.calculerStatistiquesMagasin (src/routes/magasin/core/services/magasin.service.ts:805:11)

  console.log
    📝 [Service Magasin] Ajout d'un nouvel article: Article 76

      at ajouterArticle (src/routes/magasin/core/services/magasin.service.ts:216:11)

  console.log
    📝 [Handler Articles] Création d'un nouvel article

      at createArticle (src/routes/magasin/core/handlers/create-article.handler.ts:17:13)

  console.log
    📊 [Handler Statistiques] Récupération des statistiques du magasin

      at getStatistiquesMagasin (src/routes/magasin/core/handlers/health.handler.ts:62:13)

  console.log
    Données validées par le schéma Zod: {"nom":"Article 77","prix":25.99,"categorie_id":1,"images":[],"stocks":[],"actif":true}

      at createArticle (src/routes/magasin/core/handlers/create-article.handler.ts:22:13)

  console.log
    📊 [Service Magasin] Calcul des statistiques

      at calculerStatistiquesMagasin (src/routes/magasin/core/services/magasin.service.ts:805:11)

  console.log
    ✅ [Handler Statistiques] Statistiques récupérées avec succès

      at getStatistiquesMagasin (src/routes/magasin/core/handlers/health.handler.ts:75:13)

  console.log
    📝 [Handler Articles] Création d'un nouvel article

      at createArticle (src/routes/magasin/core/handlers/create-article.handler.ts:17:13)

  console.log
    Données validées par le schéma Zod: {"nom":"Test","prix":25.99,"categorie_id":1,"images":[],"stocks":[],"actif":true}

      at createArticle (src/routes/magasin/core/handlers/create-article.handler.ts:22:13)

  console.log
    📝 [Service Magasin] Ajout d'un nouvel article: Test

      at ajouterArticle (src/routes/magasin/core/services/magasin.service.ts:216:11)

  console.log
    ✅ [Service Magasin] Article ajouté avec succès

      at ajouterArticle (src/routes/magasin/core/services/magasin.service.ts:225:15)

  console.log
    ✅ [Handler Articles] Article créé avec succès

      at createArticle (src/routes/magasin/core/handlers/create-article.handler.ts:30:15)

  console.log
    📝 [Service Magasin] Ajout d'un nouvel article: Article 77

      at ajouterArticle (src/routes/magasin/core/services/magasin.service.ts:216:11)

  console.log
    📝 [Handler Articles] Création d'un nouvel article

      at createArticle (src/routes/magasin/core/handlers/create-article.handler.ts:17:13)

  console.log
    Données validées par le schéma Zod: {"nom":"Article 78","prix":25.99,"categorie_id":1,"images":[],"stocks":[],"actif":true}

      at createArticle (src/routes/magasin/core/handlers/create-article.handler.ts:22:13)

  console.log
    📝 [Service Magasin] Ajout d'un nouvel article: Article 78

      at ajouterArticle (src/routes/magasin/core/services/magasin.service.ts:216:11)

  console.log
    📝 [Handler Articles] Création d'un nouvel article

      at createArticle (src/routes/magasin/core/handlers/create-article.handler.ts:17:13)

  console.log
    [dotenv@17.2.2] injecting env (21) from .env.test -- tip: ⚙️  override existing env vars with { override: true }

      at _log (node_modules/dotenv/lib/main.js:139:11)

  console.log
    ✅ Loaded .env.test environment variables (CommonJS)

      at Object.<anonymous> (tests/jest.setup.cjs:37:11)

  console.log
    🔗 Database URL: mysql:****@localhost:3306/clubmanager_test

      at Object.<anonymous> (tests/jest.setup.cjs:48:11)

  console.log
    🧪 NODE_ENV: test

      at Object.<anonymous> (tests/jest.setup.cjs:55:11)

  console.log
    ⚙️  Jest setup complete (CommonJS) - ready to run tests

      at Object.<anonymous> (tests/jest.setup.cjs:58:9)

  console.log
    📝 [Handler Articles] Création d'un nouvel article

      at createArticle (src/routes/magasin/core/handlers/create-article.handler.ts:17:13)

  console.log
    Données validées par le schéma Zod: {"nom":"Article 79","prix":25.99,"categorie_id":1,"images":[],"stocks":[],"actif":true}

      at createArticle (src/routes/magasin/core/handlers/create-article.handler.ts:22:13)

  console.log
    [dotenv@17.2.2] injecting env (21) from .env.test -- tip: ⚙️  enable debug logging with { debug: true }

      at _log (node_modules/dotenv/lib/main.js:139:11)

  console.log
    📝 [Service Magasin] Ajout d'un nouvel article: Article 79

      at ajouterArticle (src/routes/magasin/core/services/magasin.service.ts:216:11)

  console.log
    ✅ Loaded .env.test environment variables (CommonJS)

      at Object.<anonymous> (tests/jest.setup.cjs:37:11)

  console.log
    📝 [Handler Articles] Création d'un nouvel article

      at createArticle (src/routes/magasin/core/handlers/create-article.handler.ts:17:13)

  console.log
    🔗 Database URL: mysql:****@localhost:3306/clubmanager_test

      at Object.<anonymous> (tests/jest.setup.cjs:48:11)

  console.log
    Données validées par le schéma Zod: {"nom":"Article 80","prix":25.99,"categorie_id":1,"images":[],"stocks":[],"actif":true}

      at createArticle (src/routes/magasin/core/handlers/create-article.handler.ts:22:13)

  console.log
    🧪 NODE_ENV: test

      at Object.<anonymous> (tests/jest.setup.cjs:55:11)

  console.log
    Données validées par le schéma Zod: {"nom":"Test","prix":25.99,"categorie_id":1,"images":[],"stocks":[],"actif":true}

      at createArticle (src/routes/magasin/core/handlers/create-article.handler.ts:22:13)

  console.log
    ⚙️  Jest setup complete (CommonJS) - ready to run tests

      at Object.<anonymous> (tests/jest.setup.cjs:58:9)

  console.log
    📝 [Service Magasin] Ajout d'un nouvel article: Article 80

      at ajouterArticle (src/routes/magasin/core/services/magasin.service.ts:216:11)

  console.log
    📝 [Service Magasin] Ajout d'un nouvel article: Test

      at ajouterArticle (src/routes/magasin/core/services/magasin.service.ts:216:11)

  console.log
    📝 [Handler Articles] Création d'un nouvel article

      at createArticle (src/routes/magasin/core/handlers/create-article.handler.ts:17:13)

  console.log
    Données validées par le schéma Zod: {"nom":"Article 81","prix":25.99,"categorie_id":1,"images":[],"stocks":[],"actif":true}

      at createArticle (src/routes/magasin/core/handlers/create-article.handler.ts:22:13)

  console.log
    📝 [Service Magasin] Ajout d'un nouvel article: Article 81

      at ajouterArticle (src/routes/magasin/core/services/magasin.service.ts:216:11)

  console.log
    ✅ [Service Magasin] Article ajouté avec succès

      at ajouterArticle (src/routes/magasin/core/services/magasin.service.ts:225:15)

  console.log
    ✅ [Handler Articles] Article créé avec succès

      at createArticle (src/routes/magasin/core/handlers/create-article.handler.ts:30:15)

  console.log
    📝 [Handler Articles] Création d'un nouvel article

      at createArticle (src/routes/magasin/core/handlers/create-article.handler.ts:17:13)

  console.log
    [dotenv@17.2.2] injecting env (21) from .env.test -- tip: ⚙️  write to custom object with { processEnv: myObject }

      at _log (node_modules/dotenv/lib/main.js:139:11)

  console.log
    Données validées par le schéma Zod: {"nom":"Article 82","prix":25.99,"categorie_id":1,"images":[],"stocks":[],"actif":true}

      at createArticle (src/routes/magasin/core/handlers/create-article.handler.ts:22:13)

  console.log
    ✅ Loaded .env.test environment variables (CommonJS)

      at Object.<anonymous> (tests/jest.setup.cjs:37:11)

  console.log
    📝 [Service Magasin] Ajout d'un nouvel article: Article 82

      at ajouterArticle (src/routes/magasin/core/services/magasin.service.ts:216:11)

  console.log
    🔗 Database URL: mysql:****@localhost:3306/clubmanager_test

      at Object.<anonymous> (tests/jest.setup.cjs:48:11)

  console.log
    🧪 NODE_ENV: test

      at Object.<anonymous> (tests/jest.setup.cjs:55:11)

  console.log
    📝 [Handler Articles] Création d'un nouvel article

      at createArticle (src/routes/magasin/core/handlers/create-article.handler.ts:17:13)

  console.log
    📝 [Handler Articles] Création d'un nouvel article

      at createArticle (src/routes/magasin/core/handlers/create-article.handler.ts:17:13)

  console.log
    Données validées par le schéma Zod: {"nom":"Article 83","prix":25.99,"categorie_id":1,"images":[],"stocks":[],"actif":true}

      at createArticle (src/routes/magasin/core/handlers/create-article.handler.ts:22:13)

  console.log
    ⚙️  Jest setup complete (CommonJS) - ready to run tests

      at Object.<anonymous> (tests/jest.setup.cjs:58:9)

  console.log
    📝 [Service Magasin] Ajout d'un nouvel article: Article 83

      at ajouterArticle (src/routes/magasin/core/services/magasin.service.ts:216:11)

  console.log
    Données validées par le schéma Zod: {"nom":"Test","prix":25.99,"categorie_id":1,"images":[],"stocks":[],"actif":true}

      at createArticle (src/routes/magasin/core/handlers/create-article.handler.ts:22:13)

  console.log
    📝 [Handler Articles] Création d'un nouvel article

      at createArticle (src/routes/magasin/core/handlers/create-article.handler.ts:17:13)

  console.log
    📝 [Service Magasin] Ajout d'un nouvel article: Test

      at ajouterArticle (src/routes/magasin/core/services/magasin.service.ts:216:11)

  console.log
    ✅ [Service Magasin] Article ajouté avec succès

      at ajouterArticle (src/routes/magasin/core/services/magasin.service.ts:225:15)

  console.log
    Données validées par le schéma Zod: {"nom":"Article 84","prix":25.99,"categorie_id":1,"images":[],"stocks":[],"actif":true}

      at createArticle (src/routes/magasin/core/handlers/create-article.handler.ts:22:13)

  console.log
    ✅ [Handler Articles] Article créé avec succès

      at createArticle (src/routes/magasin/core/handlers/create-article.handler.ts:30:15)

  console.log
    📝 [Service Magasin] Ajout d'un nouvel article: Article 84

      at ajouterArticle (src/routes/magasin/core/services/magasin.service.ts:216:11)

  console.log
    📝 [Handler Articles] Création d'un nouvel article

      at createArticle (src/routes/magasin/core/handlers/create-article.handler.ts:17:13)

  console.log
    Données validées par le schéma Zod: {"nom":"Article 85","prix":25.99,"categorie_id":1,"images":[],"stocks":[],"actif":true}

      at createArticle (src/routes/magasin/core/handlers/create-article.handler.ts:22:13)

  console.log
    📝 [Service Magasin] Ajout d'un nouvel article: Article 85

      at ajouterArticle (src/routes/magasin/core/services/magasin.service.ts:216:11)

  console.log
    📝 [Handler Articles] Création d'un nouvel article

      at createArticle (src/routes/magasin/core/handlers/create-article.handler.ts:17:13)

  console.log
    Données validées par le schéma Zod: {"nom":"Article 86","prix":25.99,"categorie_id":1,"images":[],"stocks":[],"actif":true}

      at createArticle (src/routes/magasin/core/handlers/create-article.handler.ts:22:13)

  console.log
    📝 [Service Magasin] Ajout d'un nouvel article: Article 86

      at ajouterArticle (src/routes/magasin/core/services/magasin.service.ts:216:11)

  console.log
    📝 [Handler Articles] Création d'un nouvel article

      at createArticle (src/routes/magasin/core/handlers/create-article.handler.ts:17:13)

  console.log
    Données validées par le schéma Zod: {"nom":"Article 87","prix":25.99,"categorie_id":1,"images":[],"stocks":[],"actif":true}

      at createArticle (src/routes/magasin/core/handlers/create-article.handler.ts:22:13)

  console.log
    📝 [Service Magasin] Ajout d'un nouvel article: Article 87

      at ajouterArticle (src/routes/magasin/core/services/magasin.service.ts:216:11)

  console.log
    📝 [Handler Articles] Création d'un nouvel article

      at createArticle (src/routes/magasin/core/handlers/create-article.handler.ts:17:13)

  console.log
    Données validées par le schéma Zod: {"nom":"Article 88","prix":25.99,"categorie_id":1,"images":[],"stocks":[],"actif":true}

      at createArticle (src/routes/magasin/core/handlers/create-article.handler.ts:22:13)

  console.log
    📝 [Service Magasin] Ajout d'un nouvel article: Article 88

      at ajouterArticle (src/routes/magasin/core/services/magasin.service.ts:216:11)

  console.log
    📝 [Handler Articles] Création d'un nouvel article

      at createArticle (src/routes/magasin/core/handlers/create-article.handler.ts:17:13)

  console.log
    Données validées par le schéma Zod: {"nom":"Article 89","prix":25.99,"categorie_id":1,"images":[],"stocks":[],"actif":true}

      at createArticle (src/routes/magasin/core/handlers/create-article.handler.ts:22:13)

  console.log
    📝 [Service Magasin] Ajout d'un nouvel article: Article 89

      at ajouterArticle (src/routes/magasin/core/services/magasin.service.ts:216:11)

  console.log
    📝 [Handler Articles] Création d'un nouvel article

      at createArticle (src/routes/magasin/core/handlers/create-article.handler.ts:17:13)

  console.log
    Données validées par le schéma Zod: {"nom":"Article 90","prix":25.99,"categorie_id":1,"images":[],"stocks":[],"actif":true}

      at createArticle (src/routes/magasin/core/handlers/create-article.handler.ts:22:13)

  console.log
    📝 [Service Magasin] Ajout d'un nouvel article: Article 90

      at ajouterArticle (src/routes/magasin/core/services/magasin.service.ts:216:11)

  console.log
    📝 [Handler Articles] Création d'un nouvel article

      at createArticle (src/routes/magasin/core/handlers/create-article.handler.ts:17:13)

  console.log
    Données validées par le schéma Zod: {"nom":"Article 91","prix":25.99,"categorie_id":1,"images":[],"stocks":[],"actif":true}

      at createArticle (src/routes/magasin/core/handlers/create-article.handler.ts:22:13)

  console.log
    📝 [Service Magasin] Ajout d'un nouvel article: Article 91

      at ajouterArticle (src/routes/magasin/core/services/magasin.service.ts:216:11)

  console.log
    📝 [Handler Articles] Création d'un nouvel article

      at createArticle (src/routes/magasin/core/handlers/create-article.handler.ts:17:13)

  console.log
    Données validées par le schéma Zod: {"nom":"Article 92","prix":25.99,"categorie_id":1,"images":[],"stocks":[],"actif":true}

      at createArticle (src/routes/magasin/core/handlers/create-article.handler.ts:22:13)

  console.log
    📝 [Service Magasin] Ajout d'un nouvel article: Article 92

      at ajouterArticle (src/routes/magasin/core/services/magasin.service.ts:216:11)

  console.log
    📝 [Handler Articles] Création d'un nouvel article

      at createArticle (src/routes/magasin/core/handlers/create-article.handler.ts:17:13)

  console.log
    Données validées par le schéma Zod: {"nom":"Article 93","prix":25.99,"categorie_id":1,"images":[],"stocks":[],"actif":true}

      at createArticle (src/routes/magasin/core/handlers/create-article.handler.ts:22:13)

  console.log
    📝 [Service Magasin] Ajout d'un nouvel article: Article 93

      at ajouterArticle (src/routes/magasin/core/services/magasin.service.ts:216:11)

  console.log
    📝 [Handler Articles] Création d'un nouvel article

      at createArticle (src/routes/magasin/core/handlers/create-article.handler.ts:17:13)

  console.log
    Données validées par le schéma Zod: {"nom":"Article 94","prix":25.99,"categorie_id":1,"images":[],"stocks":[],"actif":true}

      at createArticle (src/routes/magasin/core/handlers/create-article.handler.ts:22:13)

  console.log
    📝 [Service Magasin] Ajout d'un nouvel article: Article 94

      at ajouterArticle (src/routes/magasin/core/services/magasin.service.ts:216:11)

  console.log
    📝 [Handler Articles] Création d'un nouvel article

      at createArticle (src/routes/magasin/core/handlers/create-article.handler.ts:17:13)

  console.log
    Données validées par le schéma Zod: {"nom":"Article 95","prix":25.99,"categorie_id":1,"images":[],"stocks":[],"actif":true}

      at createArticle (src/routes/magasin/core/handlers/create-article.handler.ts:22:13)

  console.log
    📝 [Service Magasin] Ajout d'un nouvel article: Article 95

      at ajouterArticle (src/routes/magasin/core/services/magasin.service.ts:216:11)

  console.log
    📝 [Handler Articles] Création d'un nouvel article

      at createArticle (src/routes/magasin/core/handlers/create-article.handler.ts:17:13)

  console.log
    Données validées par le schéma Zod: {"nom":"Article 96","prix":25.99,"categorie_id":1,"images":[],"stocks":[],"actif":true}

      at createArticle (src/routes/magasin/core/handlers/create-article.handler.ts:22:13)

  console.log
    📝 [Service Magasin] Ajout d'un nouvel article: Article 96

      at ajouterArticle (src/routes/magasin/core/services/magasin.service.ts:216:11)

  console.log
    📝 [Handler Articles] Création d'un nouvel article

      at createArticle (src/routes/magasin/core/handlers/create-article.handler.ts:17:13)

  console.log
    Données validées par le schéma Zod: {"nom":"Article 97","prix":25.99,"categorie_id":1,"images":[],"stocks":[],"actif":true}

      at createArticle (src/routes/magasin/core/handlers/create-article.handler.ts:22:13)

  console.log
    📝 [Service Magasin] Ajout d'un nouvel article: Article 97

      at ajouterArticle (src/routes/magasin/core/services/magasin.service.ts:216:11)

  console.log
    📝 [Handler Articles] Création d'un nouvel article

      at createArticle (src/routes/magasin/core/handlers/create-article.handler.ts:17:13)

  console.log
    Données validées par le schéma Zod: {"nom":"Article 98","prix":25.99,"categorie_id":1,"images":[],"stocks":[],"actif":true}

      at createArticle (src/routes/magasin/core/handlers/create-article.handler.ts:22:13)

  console.log
    📝 [Service Magasin] Ajout d'un nouvel article: Article 98

      at ajouterArticle (src/routes/magasin/core/services/magasin.service.ts:216:11)

  console.log
    📝 [Handler Articles] Création d'un nouvel article

      at createArticle (src/routes/magasin/core/handlers/create-article.handler.ts:17:13)

  console.log
    Données validées par le schéma Zod: {"nom":"Article 99","prix":25.99,"categorie_id":1,"images":[],"stocks":[],"actif":true}

      at createArticle (src/routes/magasin/core/handlers/create-article.handler.ts:22:13)

  console.log
    📝 [Service Magasin] Ajout d'un nouvel article: Article 99

      at ajouterArticle (src/routes/magasin/core/services/magasin.service.ts:216:11)

  console.log
    ✅ [Service Magasin] Article ajouté avec succès

      at ajouterArticle (src/routes/magasin/core/services/magasin.service.ts:225:15)
          at async Promise.all (index 0)

  console.log
    ✅ [Service Magasin] Article ajouté avec succès

      at ajouterArticle (src/routes/magasin/core/services/magasin.service.ts:225:15)
          at async Promise.all (index 1)

  console.log
    ✅ [Service Magasin] Article ajouté avec succès

      at ajouterArticle (src/routes/magasin/core/services/magasin.service.ts:225:15)
          at async Promise.all (index 2)

  console.log
    ✅ [Service Magasin] Article ajouté avec succès

      at ajouterArticle (src/routes/magasin/core/services/magasin.service.ts:225:15)
          at async Promise.all (index 3)

  console.log
    ✅ [Service Magasin] Article ajouté avec succès

      at ajouterArticle (src/routes/magasin/core/services/magasin.service.ts:225:15)
          at async Promise.all (index 4)

  console.log
    ✅ [Service Magasin] Article ajouté avec succès

      at ajouterArticle (src/routes/magasin/core/services/magasin.service.ts:225:15)
          at async Promise.all (index 5)

  console.log
    ✅ [Service Magasin] Article ajouté avec succès

      at ajouterArticle (src/routes/magasin/core/services/magasin.service.ts:225:15)
          at async Promise.all (index 6)

  console.log
    ✅ [Service Magasin] Article ajouté avec succès

      at ajouterArticle (src/routes/magasin/core/services/magasin.service.ts:225:15)
          at async Promise.all (index 7)

  console.log
    ✅ [Service Magasin] Article ajouté avec succès

      at ajouterArticle (src/routes/magasin/core/services/magasin.service.ts:225:15)
          at async Promise.all (index 8)

  console.log
    ✅ [Service Magasin] Article ajouté avec succès

      at ajouterArticle (src/routes/magasin/core/services/magasin.service.ts:225:15)
          at async Promise.all (index 9)

  console.log
    ✅ [Service Magasin] Article ajouté avec succès

      at ajouterArticle (src/routes/magasin/core/services/magasin.service.ts:225:15)
          at async Promise.all (index 10)

  console.log
    ✅ [Service Magasin] Article ajouté avec succès

      at ajouterArticle (src/routes/magasin/core/services/magasin.service.ts:225:15)
          at async Promise.all (index 11)

  console.log
    ✅ [Service Magasin] Article ajouté avec succès

      at ajouterArticle (src/routes/magasin/core/services/magasin.service.ts:225:15)
          at async Promise.all (index 12)

  console.log
    ✅ [Service Magasin] Article ajouté avec succès

      at ajouterArticle (src/routes/magasin/core/services/magasin.service.ts:225:15)
          at async Promise.all (index 13)

  console.log
    ✅ [Service Magasin] Article ajouté avec succès

      at ajouterArticle (src/routes/magasin/core/services/magasin.service.ts:225:15)
          at async Promise.all (index 14)

  console.log
    ✅ [Service Magasin] Article ajouté avec succès

      at ajouterArticle (src/routes/magasin/core/services/magasin.service.ts:225:15)
          at async Promise.all (index 15)

  console.log
    ✅ [Service Magasin] Article ajouté avec succès

      at ajouterArticle (src/routes/magasin/core/services/magasin.service.ts:225:15)
          at async Promise.all (index 16)

  console.log
    ✅ [Service Magasin] Article ajouté avec succès

      at ajouterArticle (src/routes/magasin/core/services/magasin.service.ts:225:15)
          at async Promise.all (index 17)

  console.log
    ✅ [Service Magasin] Article ajouté avec succès

      at ajouterArticle (src/routes/magasin/core/services/magasin.service.ts:225:15)
          at async Promise.all (index 18)

  console.log
    ✅ [Service Magasin] Article ajouté avec succès

      at ajouterArticle (src/routes/magasin/core/services/magasin.service.ts:225:15)
          at async Promise.all (index 19)

  console.log
    ✅ [Service Magasin] Article ajouté avec succès

      at ajouterArticle (src/routes/magasin/core/services/magasin.service.ts:225:15)
          at async Promise.all (index 20)

  console.log
    ✅ [Service Magasin] Article ajouté avec succès

      at ajouterArticle (src/routes/magasin/core/services/magasin.service.ts:225:15)
          at async Promise.all (index 21)

  console.log
    ✅ [Service Magasin] Article ajouté avec succès

      at ajouterArticle (src/routes/magasin/core/services/magasin.service.ts:225:15)
          at async Promise.all (index 22)

  console.log
    ✅ [Service Magasin] Article ajouté avec succès

      at ajouterArticle (src/routes/magasin/core/services/magasin.service.ts:225:15)
          at async Promise.all (index 23)

  console.log
    ✅ [Service Magasin] Article ajouté avec succès

      at ajouterArticle (src/routes/magasin/core/services/magasin.service.ts:225:15)
          at async Promise.all (index 24)

  console.log
    ✅ [Service Magasin] Article ajouté avec succès

      at ajouterArticle (src/routes/magasin/core/services/magasin.service.ts:225:15)
          at async Promise.all (index 25)

  console.log
    ✅ [Service Magasin] Article ajouté avec succès

      at ajouterArticle (src/routes/magasin/core/services/magasin.service.ts:225:15)
          at async Promise.all (index 26)

  console.log
    ✅ [Service Magasin] Article ajouté avec succès

      at ajouterArticle (src/routes/magasin/core/services/magasin.service.ts:225:15)
          at async Promise.all (index 27)

  console.log
    ✅ [Service Magasin] Article ajouté avec succès

      at ajouterArticle (src/routes/magasin/core/services/magasin.service.ts:225:15)
          at async Promise.all (index 28)

  console.log
    ✅ [Service Magasin] Article ajouté avec succès

      at ajouterArticle (src/routes/magasin/core/services/magasin.service.ts:225:15)
          at async Promise.all (index 29)

  console.log
    ✅ [Service Magasin] Article ajouté avec succès

      at ajouterArticle (src/routes/magasin/core/services/magasin.service.ts:225:15)
          at async Promise.all (index 30)

  console.log
    ✅ [Service Magasin] Article ajouté avec succès

      at ajouterArticle (src/routes/magasin/core/services/magasin.service.ts:225:15)
          at async Promise.all (index 31)

  console.log
    ✅ [Service Magasin] Article ajouté avec succès

      at ajouterArticle (src/routes/magasin/core/services/magasin.service.ts:225:15)
          at async Promise.all (index 32)

  console.log
    ✅ [Service Magasin] Article ajouté avec succès

      at ajouterArticle (src/routes/magasin/core/services/magasin.service.ts:225:15)
          at async Promise.all (index 33)

  console.log
    ✅ [Service Magasin] Article ajouté avec succès

      at ajouterArticle (src/routes/magasin/core/services/magasin.service.ts:225:15)
          at async Promise.all (index 34)

  console.log
    ✅ [Service Magasin] Article ajouté avec succès

      at ajouterArticle (src/routes/magasin/core/services/magasin.service.ts:225:15)
          at async Promise.all (index 35)

  console.log
    ✅ [Service Magasin] Article ajouté avec succès

      at ajouterArticle (src/routes/magasin/core/services/magasin.service.ts:225:15)
          at async Promise.all (index 36)

  console.log
    ✅ [Service Magasin] Article ajouté avec succès

      at ajouterArticle (src/routes/magasin/core/services/magasin.service.ts:225:15)
          at async Promise.all (index 37)

  console.log
    ✅ [Service Magasin] Article ajouté avec succès

      at ajouterArticle (src/routes/magasin/core/services/magasin.service.ts:225:15)
          at async Promise.all (index 38)

  console.log
    ✅ [Service Magasin] Article ajouté avec succès

      at ajouterArticle (src/routes/magasin/core/services/magasin.service.ts:225:15)
          at async Promise.all (index 39)

  console.log
    ✅ [Service Magasin] Article ajouté avec succès

      at ajouterArticle (src/routes/magasin/core/services/magasin.service.ts:225:15)
          at async Promise.all (index 40)

  console.log
    ✅ [Service Magasin] Article ajouté avec succès

      at ajouterArticle (src/routes/magasin/core/services/magasin.service.ts:225:15)
          at async Promise.all (index 41)

  console.log
    ✅ [Service Magasin] Article ajouté avec succès

      at ajouterArticle (src/routes/magasin/core/services/magasin.service.ts:225:15)
          at async Promise.all (index 42)

  console.log
    ✅ [Service Magasin] Article ajouté avec succès

      at ajouterArticle (src/routes/magasin/core/services/magasin.service.ts:225:15)
          at async Promise.all (index 43)

  console.log
    ✅ [Service Magasin] Article ajouté avec succès

      at ajouterArticle (src/routes/magasin/core/services/magasin.service.ts:225:15)
          at async Promise.all (index 44)

  console.log
    ✅ [Service Magasin] Article ajouté avec succès

      at ajouterArticle (src/routes/magasin/core/services/magasin.service.ts:225:15)
          at async Promise.all (index 45)

  console.log
    ✅ [Service Magasin] Article ajouté avec succès

      at ajouterArticle (src/routes/magasin/core/services/magasin.service.ts:225:15)
          at async Promise.all (index 46)

  console.log
    ✅ [Service Magasin] Article ajouté avec succès

      at ajouterArticle (src/routes/magasin/core/services/magasin.service.ts:225:15)
          at async Promise.all (index 47)

  console.log
    ✅ [Service Magasin] Article ajouté avec succès

      at ajouterArticle (src/routes/magasin/core/services/magasin.service.ts:225:15)
          at async Promise.all (index 48)

  console.log
    ✅ [Service Magasin] Article ajouté avec succès

      at ajouterArticle (src/routes/magasin/core/services/magasin.service.ts:225:15)
          at async Promise.all (index 49)

  console.log
    ✅ [Service Magasin] Article ajouté avec succès

      at ajouterArticle (src/routes/magasin/core/services/magasin.service.ts:225:15)
          at async Promise.all (index 50)

  console.log
    ✅ [Service Magasin] Article ajouté avec succès

      at ajouterArticle (src/routes/magasin/core/services/magasin.service.ts:225:15)
          at async Promise.all (index 51)

  console.log
    ✅ [Service Magasin] Article ajouté avec succès

      at ajouterArticle (src/routes/magasin/core/services/magasin.service.ts:225:15)
          at async Promise.all (index 52)

  console.log
    ✅ [Service Magasin] Article ajouté avec succès

      at ajouterArticle (src/routes/magasin/core/services/magasin.service.ts:225:15)
          at async Promise.all (index 53)

  console.log
    ✅ [Service Magasin] Article ajouté avec succès

      at ajouterArticle (src/routes/magasin/core/services/magasin.service.ts:225:15)
          at async Promise.all (index 54)

  console.log
    ✅ [Service Magasin] Article ajouté avec succès

      at ajouterArticle (src/routes/magasin/core/services/magasin.service.ts:225:15)
          at async Promise.all (index 55)

  console.log
    ✅ [Service Magasin] Article ajouté avec succès

      at ajouterArticle (src/routes/magasin/core/services/magasin.service.ts:225:15)
          at async Promise.all (index 56)

  console.log
    ✅ [Service Magasin] Article ajouté avec succès

      at ajouterArticle (src/routes/magasin/core/services/magasin.service.ts:225:15)
          at async Promise.all (index 57)

  console.log
    ✅ [Service Magasin] Article ajouté avec succès

      at ajouterArticle (src/routes/magasin/core/services/magasin.service.ts:225:15)
          at async Promise.all (index 58)

  console.log
    ✅ [Service Magasin] Article ajouté avec succès

      at ajouterArticle (src/routes/magasin/core/services/magasin.service.ts:225:15)
          at async Promise.all (index 59)

  console.log
    ✅ [Service Magasin] Article ajouté avec succès

      at ajouterArticle (src/routes/magasin/core/services/magasin.service.ts:225:15)
          at async Promise.all (index 60)

  console.log
    ✅ [Service Magasin] Article ajouté avec succès

      at ajouterArticle (src/routes/magasin/core/services/magasin.service.ts:225:15)
          at async Promise.all (index 61)

  console.log
    ✅ [Service Magasin] Article ajouté avec succès

      at ajouterArticle (src/routes/magasin/core/services/magasin.service.ts:225:15)
          at async Promise.all (index 62)

  console.log
    ✅ [Service Magasin] Article ajouté avec succès

      at ajouterArticle (src/routes/magasin/core/services/magasin.service.ts:225:15)
          at async Promise.all (index 63)

  console.log
    ✅ [Service Magasin] Article ajouté avec succès

      at ajouterArticle (src/routes/magasin/core/services/magasin.service.ts:225:15)
          at async Promise.all (index 64)

  console.log
    ✅ [Service Magasin] Article ajouté avec succès

      at ajouterArticle (src/routes/magasin/core/services/magasin.service.ts:225:15)
          at async Promise.all (index 65)

  console.log
    ✅ [Service Magasin] Article ajouté avec succès

      at ajouterArticle (src/routes/magasin/core/services/magasin.service.ts:225:15)
          at async Promise.all (index 66)

  console.log
    ✅ [Service Magasin] Article ajouté avec succès

      at ajouterArticle (src/routes/magasin/core/services/magasin.service.ts:225:15)
          at async Promise.all (index 67)

  console.log
    ✅ [Service Magasin] Article ajouté avec succès

      at ajouterArticle (src/routes/magasin/core/services/magasin.service.ts:225:15)
          at async Promise.all (index 68)

  console.log
    ✅ [Service Magasin] Article ajouté avec succès

      at ajouterArticle (src/routes/magasin/core/services/magasin.service.ts:225:15)
          at async Promise.all (index 69)

  console.log
    ✅ [Service Magasin] Article ajouté avec succès

      at ajouterArticle (src/routes/magasin/core/services/magasin.service.ts:225:15)
          at async Promise.all (index 70)

  console.log
    ✅ [Service Magasin] Article ajouté avec succès

      at ajouterArticle (src/routes/magasin/core/services/magasin.service.ts:225:15)
          at async Promise.all (index 71)

  console.log
    ✅ [Service Magasin] Article ajouté avec succès

      at ajouterArticle (src/routes/magasin/core/services/magasin.service.ts:225:15)
          at async Promise.all (index 72)

  console.log
    ✅ [Service Magasin] Article ajouté avec succès

      at ajouterArticle (src/routes/magasin/core/services/magasin.service.ts:225:15)
          at async Promise.all (index 73)

  console.log
    ✅ [Service Magasin] Article ajouté avec succès

      at ajouterArticle (src/routes/magasin/core/services/magasin.service.ts:225:15)
          at async Promise.all (index 74)

  console.log
    ✅ [Service Magasin] Article ajouté avec succès

      at ajouterArticle (src/routes/magasin/core/services/magasin.service.ts:225:15)
          at async Promise.all (index 75)

  console.log
    ✅ [Service Magasin] Article ajouté avec succès

      at ajouterArticle (src/routes/magasin/core/services/magasin.service.ts:225:15)
          at async Promise.all (index 76)

  console.log
    ✅ [Service Magasin] Article ajouté avec succès

      at ajouterArticle (src/routes/magasin/core/services/magasin.service.ts:225:15)
          at async Promise.all (index 77)

  console.log
    ✅ [Service Magasin] Article ajouté avec succès

      at ajouterArticle (src/routes/magasin/core/services/magasin.service.ts:225:15)
          at async Promise.all (index 78)

  console.log
    ✅ [Service Magasin] Article ajouté avec succès

      at ajouterArticle (src/routes/magasin/core/services/magasin.service.ts:225:15)
          at async Promise.all (index 79)

  console.log
    ✅ [Service Magasin] Article ajouté avec succès

      at ajouterArticle (src/routes/magasin/core/services/magasin.service.ts:225:15)
          at async Promise.all (index 80)

  console.log
    ✅ [Service Magasin] Article ajouté avec succès

      at ajouterArticle (src/routes/magasin/core/services/magasin.service.ts:225:15)
          at async Promise.all (index 81)

  console.log
    ✅ [Service Magasin] Article ajouté avec succès

      at ajouterArticle (src/routes/magasin/core/services/magasin.service.ts:225:15)
          at async Promise.all (index 82)

  console.log
    ✅ [Service Magasin] Article ajouté avec succès

      at ajouterArticle (src/routes/magasin/core/services/magasin.service.ts:225:15)
          at async Promise.all (index 83)

  console.log
    ✅ [Service Magasin] Article ajouté avec succès

      at ajouterArticle (src/routes/magasin/core/services/magasin.service.ts:225:15)
          at async Promise.all (index 84)

  console.log
    ✅ [Service Magasin] Article ajouté avec succès

      at ajouterArticle (src/routes/magasin/core/services/magasin.service.ts:225:15)
          at async Promise.all (index 85)

  console.log
    ✅ [Service Magasin] Article ajouté avec succès

      at ajouterArticle (src/routes/magasin/core/services/magasin.service.ts:225:15)
          at async Promise.all (index 86)

  console.log
    ✅ [Service Magasin] Article ajouté avec succès

      at ajouterArticle (src/routes/magasin/core/services/magasin.service.ts:225:15)
          at async Promise.all (index 87)

  console.log
    ✅ [Service Magasin] Article ajouté avec succès

      at ajouterArticle (src/routes/magasin/core/services/magasin.service.ts:225:15)
          at async Promise.all (index 88)

  console.log
    ✅ [Service Magasin] Article ajouté avec succès

      at ajouterArticle (src/routes/magasin/core/services/magasin.service.ts:225:15)
          at async Promise.all (index 89)

  console.log
    ✅ [Service Magasin] Article ajouté avec succès

      at ajouterArticle (src/routes/magasin/core/services/magasin.service.ts:225:15)
          at async Promise.all (index 90)

  console.log
    ✅ [Service Magasin] Article ajouté avec succès

      at ajouterArticle (src/routes/magasin/core/services/magasin.service.ts:225:15)
          at async Promise.all (index 91)

  console.log
    ✅ [Service Magasin] Article ajouté avec succès

      at ajouterArticle (src/routes/magasin/core/services/magasin.service.ts:225:15)
          at async Promise.all (index 92)

  console.log
    ✅ [Service Magasin] Article ajouté avec succès

      at ajouterArticle (src/routes/magasin/core/services/magasin.service.ts:225:15)
          at async Promise.all (index 93)

  console.log
    ✅ [Service Magasin] Article ajouté avec succès

      at ajouterArticle (src/routes/magasin/core/services/magasin.service.ts:225:15)
          at async Promise.all (index 94)

  console.log
    ✅ [Service Magasin] Article ajouté avec succès

      at ajouterArticle (src/routes/magasin/core/services/magasin.service.ts:225:15)
          at async Promise.all (index 95)

  console.log
    ✅ [Service Magasin] Article ajouté avec succès

      at ajouterArticle (src/routes/magasin/core/services/magasin.service.ts:225:15)
          at async Promise.all (index 96)

  console.log
    ✅ [Service Magasin] Article ajouté avec succès

      at ajouterArticle (src/routes/magasin/core/services/magasin.service.ts:225:15)
          at async Promise.all (index 97)

  console.log
    ✅ [Service Magasin] Article ajouté avec succès

      at ajouterArticle (src/routes/magasin/core/services/magasin.service.ts:225:15)
          at async Promise.all (index 98)

  console.log
    ✅ [Service Magasin] Article ajouté avec succès

      at ajouterArticle (src/routes/magasin/core/services/magasin.service.ts:225:15)
          at async Promise.all (index 99)

  console.log
    ✅ [Handler Articles] Article créé avec succès

      at createArticle (src/routes/magasin/core/handlers/create-article.handler.ts:30:15)
          at async Promise.all (index 0)

  console.log
    ✅ [Handler Articles] Article créé avec succès

      at createArticle (src/routes/magasin/core/handlers/create-article.handler.ts:30:15)
          at async Promise.all (index 1)

  console.log
    ✅ [Handler Articles] Article créé avec succès

      at createArticle (src/routes/magasin/core/handlers/create-article.handler.ts:30:15)
          at async Promise.all (index 2)

  console.log
    ✅ [Handler Articles] Article créé avec succès

      at createArticle (src/routes/magasin/core/handlers/create-article.handler.ts:30:15)
          at async Promise.all (index 3)

  console.log
    ✅ [Handler Articles] Article créé avec succès

      at createArticle (src/routes/magasin/core/handlers/create-article.handler.ts:30:15)
          at async Promise.all (index 4)

  console.log
    ✅ [Handler Articles] Article créé avec succès

      at createArticle (src/routes/magasin/core/handlers/create-article.handler.ts:30:15)
          at async Promise.all (index 5)

  console.log
    ✅ [Handler Articles] Article créé avec succès

      at createArticle (src/routes/magasin/core/handlers/create-article.handler.ts:30:15)
          at async Promise.all (index 6)

  console.log
    ✅ [Handler Articles] Article créé avec succès

      at createArticle (src/routes/magasin/core/handlers/create-article.handler.ts:30:15)
          at async Promise.all (index 7)

  console.log
    ✅ [Handler Articles] Article créé avec succès

      at createArticle (src/routes/magasin/core/handlers/create-article.handler.ts:30:15)
          at async Promise.all (index 8)

  console.log
    ✅ [Handler Articles] Article créé avec succès

      at createArticle (src/routes/magasin/core/handlers/create-article.handler.ts:30:15)
          at async Promise.all (index 9)

  console.log
    ✅ [Handler Articles] Article créé avec succès

      at createArticle (src/routes/magasin/core/handlers/create-article.handler.ts:30:15)
          at async Promise.all (index 10)

  console.log
    ✅ [Handler Articles] Article créé avec succès

      at createArticle (src/routes/magasin/core/handlers/create-article.handler.ts:30:15)
          at async Promise.all (index 11)

  console.log
    ✅ [Handler Articles] Article créé avec succès

      at createArticle (src/routes/magasin/core/handlers/create-article.handler.ts:30:15)
          at async Promise.all (index 12)

  console.log
    ✅ [Handler Articles] Article créé avec succès

      at createArticle (src/routes/magasin/core/handlers/create-article.handler.ts:30:15)
          at async Promise.all (index 13)

  console.log
    ✅ [Handler Articles] Article créé avec succès

      at createArticle (src/routes/magasin/core/handlers/create-article.handler.ts:30:15)
          at async Promise.all (index 14)

  console.log
    ✅ [Handler Articles] Article créé avec succès

      at createArticle (src/routes/magasin/core/handlers/create-article.handler.ts:30:15)
          at async Promise.all (index 15)

  console.log
    ✅ [Handler Articles] Article créé avec succès

      at createArticle (src/routes/magasin/core/handlers/create-article.handler.ts:30:15)
          at async Promise.all (index 16)

  console.log
    ✅ [Handler Articles] Article créé avec succès

      at createArticle (src/routes/magasin/core/handlers/create-article.handler.ts:30:15)
          at async Promise.all (index 17)

  console.log
    ✅ [Handler Articles] Article créé avec succès

      at createArticle (src/routes/magasin/core/handlers/create-article.handler.ts:30:15)
          at async Promise.all (index 18)

  console.log
    ✅ [Handler Articles] Article créé avec succès

      at createArticle (src/routes/magasin/core/handlers/create-article.handler.ts:30:15)
          at async Promise.all (index 19)

  console.log
    ✅ [Handler Articles] Article créé avec succès

      at createArticle (src/routes/magasin/core/handlers/create-article.handler.ts:30:15)
          at async Promise.all (index 20)

  console.log
    ✅ [Handler Articles] Article créé avec succès

      at createArticle (src/routes/magasin/core/handlers/create-article.handler.ts:30:15)
          at async Promise.all (index 21)

  console.log
    ✅ [Handler Articles] Article créé avec succès

      at createArticle (src/routes/magasin/core/handlers/create-article.handler.ts:30:15)
          at async Promise.all (index 22)

  console.log
    ✅ [Handler Articles] Article créé avec succès

      at createArticle (src/routes/magasin/core/handlers/create-article.handler.ts:30:15)
          at async Promise.all (index 23)

  console.log
    ✅ [Handler Articles] Article créé avec succès

      at createArticle (src/routes/magasin/core/handlers/create-article.handler.ts:30:15)
          at async Promise.all (index 24)

  console.log
    ✅ [Handler Articles] Article créé avec succès

      at createArticle (src/routes/magasin/core/handlers/create-article.handler.ts:30:15)
          at async Promise.all (index 25)

  console.log
    ✅ [Handler Articles] Article créé avec succès

      at createArticle (src/routes/magasin/core/handlers/create-article.handler.ts:30:15)
          at async Promise.all (index 26)

  console.log
    ✅ [Handler Articles] Article créé avec succès

      at createArticle (src/routes/magasin/core/handlers/create-article.handler.ts:30:15)
          at async Promise.all (index 27)

  console.log
    ✅ [Handler Articles] Article créé avec succès

      at createArticle (src/routes/magasin/core/handlers/create-article.handler.ts:30:15)
          at async Promise.all (index 28)

  console.log
    ✅ [Handler Articles] Article créé avec succès

      at createArticle (src/routes/magasin/core/handlers/create-article.handler.ts:30:15)
          at async Promise.all (index 29)

  console.log
    ✅ [Handler Articles] Article créé avec succès

      at createArticle (src/routes/magasin/core/handlers/create-article.handler.ts:30:15)
          at async Promise.all (index 30)

  console.log
    ✅ [Handler Articles] Article créé avec succès

      at createArticle (src/routes/magasin/core/handlers/create-article.handler.ts:30:15)
          at async Promise.all (index 31)

  console.log
    ✅ [Handler Articles] Article créé avec succès

      at createArticle (src/routes/magasin/core/handlers/create-article.handler.ts:30:15)
          at async Promise.all (index 32)

  console.log
    ✅ [Handler Articles] Article créé avec succès

      at createArticle (src/routes/magasin/core/handlers/create-article.handler.ts:30:15)
          at async Promise.all (index 33)

  console.log
    ✅ [Handler Articles] Article créé avec succès

      at createArticle (src/routes/magasin/core/handlers/create-article.handler.ts:30:15)
          at async Promise.all (index 34)

  console.log
    ✅ [Handler Articles] Article créé avec succès

      at createArticle (src/routes/magasin/core/handlers/create-article.handler.ts:30:15)
          at async Promise.all (index 35)

  console.log
    ✅ [Handler Articles] Article créé avec succès

      at createArticle (src/routes/magasin/core/handlers/create-article.handler.ts:30:15)
          at async Promise.all (index 36)

  console.log
    ✅ [Handler Articles] Article créé avec succès

      at createArticle (src/routes/magasin/core/handlers/create-article.handler.ts:30:15)
          at async Promise.all (index 37)

  console.log
    ✅ [Handler Articles] Article créé avec succès

      at createArticle (src/routes/magasin/core/handlers/create-article.handler.ts:30:15)
          at async Promise.all (index 38)

  console.log
    ✅ [Handler Articles] Article créé avec succès

      at createArticle (src/routes/magasin/core/handlers/create-article.handler.ts:30:15)
          at async Promise.all (index 39)

  console.log
    ✅ [Handler Articles] Article créé avec succès

      at createArticle (src/routes/magasin/core/handlers/create-article.handler.ts:30:15)
          at async Promise.all (index 40)

  console.log
    ✅ [Handler Articles] Article créé avec succès

      at createArticle (src/routes/magasin/core/handlers/create-article.handler.ts:30:15)
          at async Promise.all (index 41)

  console.log
    ✅ [Handler Articles] Article créé avec succès

      at createArticle (src/routes/magasin/core/handlers/create-article.handler.ts:30:15)
          at async Promise.all (index 42)

  console.log
    ✅ [Handler Articles] Article créé avec succès

      at createArticle (src/routes/magasin/core/handlers/create-article.handler.ts:30:15)
          at async Promise.all (index 43)

  console.log
    ✅ [Handler Articles] Article créé avec succès

      at createArticle (src/routes/magasin/core/handlers/create-article.handler.ts:30:15)
          at async Promise.all (index 44)

  console.log
    ✅ [Handler Articles] Article créé avec succès

      at createArticle (src/routes/magasin/core/handlers/create-article.handler.ts:30:15)
          at async Promise.all (index 45)

  console.log
    ✅ [Handler Articles] Article créé avec succès

      at createArticle (src/routes/magasin/core/handlers/create-article.handler.ts:30:15)
          at async Promise.all (index 46)

  console.log
    ✅ [Handler Articles] Article créé avec succès

      at createArticle (src/routes/magasin/core/handlers/create-article.handler.ts:30:15)
          at async Promise.all (index 47)

  console.log
    ✅ [Handler Articles] Article créé avec succès

      at createArticle (src/routes/magasin/core/handlers/create-article.handler.ts:30:15)
          at async Promise.all (index 48)

  console.log
    ✅ [Handler Articles] Article créé avec succès

      at createArticle (src/routes/magasin/core/handlers/create-article.handler.ts:30:15)
          at async Promise.all (index 49)

  console.log
    ✅ [Handler Articles] Article créé avec succès

      at createArticle (src/routes/magasin/core/handlers/create-article.handler.ts:30:15)
          at async Promise.all (index 50)

  console.log
    ✅ [Handler Articles] Article créé avec succès

      at createArticle (src/routes/magasin/core/handlers/create-article.handler.ts:30:15)
          at async Promise.all (index 51)

  console.log
    ✅ [Handler Articles] Article créé avec succès

      at createArticle (src/routes/magasin/core/handlers/create-article.handler.ts:30:15)
          at async Promise.all (index 52)

  console.log
    ✅ [Handler Articles] Article créé avec succès

      at createArticle (src/routes/magasin/core/handlers/create-article.handler.ts:30:15)
          at async Promise.all (index 53)

  console.log
    ✅ [Handler Articles] Article créé avec succès

      at createArticle (src/routes/magasin/core/handlers/create-article.handler.ts:30:15)
          at async Promise.all (index 54)

  console.log
    ✅ [Handler Articles] Article créé avec succès

      at createArticle (src/routes/magasin/core/handlers/create-article.handler.ts:30:15)
          at async Promise.all (index 55)

  console.log
    ✅ [Handler Articles] Article créé avec succès

      at createArticle (src/routes/magasin/core/handlers/create-article.handler.ts:30:15)
          at async Promise.all (index 56)

  console.log
    ✅ [Handler Articles] Article créé avec succès

      at createArticle (src/routes/magasin/core/handlers/create-article.handler.ts:30:15)
          at async Promise.all (index 57)

  console.log
    ✅ [Handler Articles] Article créé avec succès

      at createArticle (src/routes/magasin/core/handlers/create-article.handler.ts:30:15)
          at async Promise.all (index 58)

  console.log
    ✅ [Handler Articles] Article créé avec succès

      at createArticle (src/routes/magasin/core/handlers/create-article.handler.ts:30:15)
          at async Promise.all (index 59)

  console.log
    ✅ [Handler Articles] Article créé avec succès

      at createArticle (src/routes/magasin/core/handlers/create-article.handler.ts:30:15)
          at async Promise.all (index 60)

  console.log
    ✅ [Handler Articles] Article créé avec succès

      at createArticle (src/routes/magasin/core/handlers/create-article.handler.ts:30:15)
          at async Promise.all (index 61)

  console.log
    ✅ [Handler Articles] Article créé avec succès

      at createArticle (src/routes/magasin/core/handlers/create-article.handler.ts:30:15)
          at async Promise.all (index 62)

  console.log
    ✅ [Handler Articles] Article créé avec succès

      at createArticle (src/routes/magasin/core/handlers/create-article.handler.ts:30:15)
          at async Promise.all (index 63)

  console.log
    ✅ [Handler Articles] Article créé avec succès

      at createArticle (src/routes/magasin/core/handlers/create-article.handler.ts:30:15)
          at async Promise.all (index 64)

  console.log
    ✅ [Handler Articles] Article créé avec succès

      at createArticle (src/routes/magasin/core/handlers/create-article.handler.ts:30:15)
          at async Promise.all (index 65)

  console.log
    ✅ [Handler Articles] Article créé avec succès

      at createArticle (src/routes/magasin/core/handlers/create-article.handler.ts:30:15)
          at async Promise.all (index 66)

  console.log
    ✅ [Handler Articles] Article créé avec succès

      at createArticle (src/routes/magasin/core/handlers/create-article.handler.ts:30:15)
          at async Promise.all (index 67)

  console.log
    ✅ [Handler Articles] Article créé avec succès

      at createArticle (src/routes/magasin/core/handlers/create-article.handler.ts:30:15)
          at async Promise.all (index 68)

  console.log
    ✅ [Handler Articles] Article créé avec succès

      at createArticle (src/routes/magasin/core/handlers/create-article.handler.ts:30:15)
          at async Promise.all (index 69)

  console.log
    ✅ [Handler Articles] Article créé avec succès

      at createArticle (src/routes/magasin/core/handlers/create-article.handler.ts:30:15)
          at async Promise.all (index 70)

  console.log
    ✅ [Handler Articles] Article créé avec succès

      at createArticle (src/routes/magasin/core/handlers/create-article.handler.ts:30:15)
          at async Promise.all (index 71)

  console.log
    ✅ [Handler Articles] Article créé avec succès

      at createArticle (src/routes/magasin/core/handlers/create-article.handler.ts:30:15)
          at async Promise.all (index 72)

  console.log
    ✅ [Handler Articles] Article créé avec succès

      at createArticle (src/routes/magasin/core/handlers/create-article.handler.ts:30:15)
          at async Promise.all (index 73)

  console.log
    ✅ [Handler Articles] Article créé avec succès

      at createArticle (src/routes/magasin/core/handlers/create-article.handler.ts:30:15)
          at async Promise.all (index 74)

  console.log
    ✅ [Handler Articles] Article créé avec succès

      at createArticle (src/routes/magasin/core/handlers/create-article.handler.ts:30:15)
          at async Promise.all (index 75)

  console.log
    ✅ [Handler Articles] Article créé avec succès

      at createArticle (src/routes/magasin/core/handlers/create-article.handler.ts:30:15)
          at async Promise.all (index 76)

  console.log
    ✅ [Handler Articles] Article créé avec succès

      at createArticle (src/routes/magasin/core/handlers/create-article.handler.ts:30:15)
          at async Promise.all (index 77)

  console.log
    ✅ [Handler Articles] Article créé avec succès

      at createArticle (src/routes/magasin/core/handlers/create-article.handler.ts:30:15)
          at async Promise.all (index 78)

  console.log
    ✅ [Handler Articles] Article créé avec succès

      at createArticle (src/routes/magasin/core/handlers/create-article.handler.ts:30:15)
          at async Promise.all (index 79)

  console.log
    ✅ [Handler Articles] Article créé avec succès

      at createArticle (src/routes/magasin/core/handlers/create-article.handler.ts:30:15)
          at async Promise.all (index 80)

  console.log
    ✅ [Handler Articles] Article créé avec succès

      at createArticle (src/routes/magasin/core/handlers/create-article.handler.ts:30:15)
          at async Promise.all (index 81)

  console.log
    ✅ [Handler Articles] Article créé avec succès

      at createArticle (src/routes/magasin/core/handlers/create-article.handler.ts:30:15)
          at async Promise.all (index 82)

  console.log
    ✅ [Handler Articles] Article créé avec succès

      at createArticle (src/routes/magasin/core/handlers/create-article.handler.ts:30:15)
          at async Promise.all (index 83)

  console.log
    ✅ [Handler Articles] Article créé avec succès

      at createArticle (src/routes/magasin/core/handlers/create-article.handler.ts:30:15)
          at async Promise.all (index 84)

  console.log
    ✅ [Handler Articles] Article créé avec succès

      at createArticle (src/routes/magasin/core/handlers/create-article.handler.ts:30:15)
          at async Promise.all (index 85)

  console.log
    ✅ [Handler Articles] Article créé avec succès

      at createArticle (src/routes/magasin/core/handlers/create-article.handler.ts:30:15)
          at async Promise.all (index 86)

  console.log
    ✅ [Handler Articles] Article créé avec succès

      at createArticle (src/routes/magasin/core/handlers/create-article.handler.ts:30:15)
          at async Promise.all (index 87)

  console.log
    ✅ [Handler Articles] Article créé avec succès

      at createArticle (src/routes/magasin/core/handlers/create-article.handler.ts:30:15)
          at async Promise.all (index 88)

  console.log
    ✅ [Handler Articles] Article créé avec succès

      at createArticle (src/routes/magasin/core/handlers/create-article.handler.ts:30:15)
          at async Promise.all (index 89)

  console.log
    ✅ [Handler Articles] Article créé avec succès

      at createArticle (src/routes/magasin/core/handlers/create-article.handler.ts:30:15)
          at async Promise.all (index 90)

  console.log
    ✅ [Handler Articles] Article créé avec succès

      at createArticle (src/routes/magasin/core/handlers/create-article.handler.ts:30:15)
          at async Promise.all (index 91)

  console.log
    ✅ [Handler Articles] Article créé avec succès

      at createArticle (src/routes/magasin/core/handlers/create-article.handler.ts:30:15)
          at async Promise.all (index 92)

  console.log
    ✅ [Handler Articles] Article créé avec succès

      at createArticle (src/routes/magasin/core/handlers/create-article.handler.ts:30:15)
          at async Promise.all (index 93)

  console.log
    ✅ [Handler Articles] Article créé avec succès

      at createArticle (src/routes/magasin/core/handlers/create-article.handler.ts:30:15)
          at async Promise.all (index 94)

  console.log
    ✅ [Handler Articles] Article créé avec succès

      at createArticle (src/routes/magasin/core/handlers/create-article.handler.ts:30:15)
          at async Promise.all (index 95)

  console.log
    ✅ [Handler Articles] Article créé avec succès

      at createArticle (src/routes/magasin/core/handlers/create-article.handler.ts:30:15)
          at async Promise.all (index 96)

  console.log
    ✅ [Handler Articles] Article créé avec succès

      at createArticle (src/routes/magasin/core/handlers/create-article.handler.ts:30:15)
          at async Promise.all (index 97)

  console.log
    ✅ [Handler Articles] Article créé avec succès

      at createArticle (src/routes/magasin/core/handlers/create-article.handler.ts:30:15)
          at async Promise.all (index 98)

  console.log
    ✅ [Handler Articles] Article créé avec succès

      at createArticle (src/routes/magasin/core/handlers/create-article.handler.ts:30:15)
          at async Promise.all (index 99)

  console.log
    📋 [Handler Articles] Récupération des articles par catégories

      at getArticles (src/routes/magasin/core/handlers/get-articles.handler.ts:23:13)

  console.log
    🔍 [Service Magasin] Récupération des articles par catégories

      at obtenirArticlesParCategories (src/routes/magasin/core/services/magasin.service.ts:166:11)

  console.log
    📋 [Handler Articles] Récupération des articles par catégories

      at getArticles (src/routes/magasin/core/handlers/get-articles.handler.ts:23:13)

  console.log
    🔍 [Service Magasin] Récupération des articles par catégories

      at obtenirArticlesParCategories (src/routes/magasin/core/services/magasin.service.ts:166:11)

  console.log
    📋 [Handler Articles] Récupération des articles par catégories

      at getArticles (src/routes/magasin/core/handlers/get-articles.handler.ts:23:13)

  console.log
    🔍 [Service Magasin] Récupération des articles par catégories

      at obtenirArticlesParCategories (src/routes/magasin/core/services/magasin.service.ts:166:11)

  console.log
    📋 [Handler Articles] Récupération des articles par catégories

      at getArticles (src/routes/magasin/core/handlers/get-articles.handler.ts:23:13)

  console.log
    🔍 [Service Magasin] Récupération des articles par catégories

      at obtenirArticlesParCategories (src/routes/magasin/core/services/magasin.service.ts:166:11)

  console.log
    📋 [Handler Articles] Récupération des articles par catégories

      at getArticles (src/routes/magasin/core/handlers/get-articles.handler.ts:23:13)

  console.log
    🔍 [Service Magasin] Récupération des articles par catégories

      at obtenirArticlesParCategories (src/routes/magasin/core/services/magasin.service.ts:166:11)

  console.log
    📋 [Handler Articles] Récupération des articles par catégories

      at getArticles (src/routes/magasin/core/handlers/get-articles.handler.ts:23:13)

  console.log
    🔍 [Service Magasin] Récupération des articles par catégories

      at obtenirArticlesParCategories (src/routes/magasin/core/services/magasin.service.ts:166:11)

  console.log
    📋 [Handler Articles] Récupération des articles par catégories

      at getArticles (src/routes/magasin/core/handlers/get-articles.handler.ts:23:13)

  console.log
    🔍 [Service Magasin] Récupération des articles par catégories

      at obtenirArticlesParCategories (src/routes/magasin/core/services/magasin.service.ts:166:11)

  console.log
    📋 [Handler Articles] Récupération des articles par catégories

      at getArticles (src/routes/magasin/core/handlers/get-articles.handler.ts:23:13)

  console.log
    🔍 [Service Magasin] Récupération des articles par catégories

      at obtenirArticlesParCategories (src/routes/magasin/core/services/magasin.service.ts:166:11)

  console.log
    📋 [Handler Articles] Récupération des articles par catégories

      at getArticles (src/routes/magasin/core/handlers/get-articles.handler.ts:23:13)

  console.log
    🔍 [Service Magasin] Récupération des articles par catégories

      at obtenirArticlesParCategories (src/routes/magasin/core/services/magasin.service.ts:166:11)

  console.log
    📋 [Handler Articles] Récupération des articles par catégories

      at getArticles (src/routes/magasin/core/handlers/get-articles.handler.ts:23:13)

  console.log
    🔍 [Service Magasin] Récupération des articles par catégories

      at obtenirArticlesParCategories (src/routes/magasin/core/services/magasin.service.ts:166:11)

  console.log
    📋 [Handler Articles] Récupération des articles par catégories

      at getArticles (src/routes/magasin/core/handlers/get-articles.handler.ts:23:13)

  console.log
    🔍 [Service Magasin] Récupération des articles par catégories

      at obtenirArticlesParCategories (src/routes/magasin/core/services/magasin.service.ts:166:11)

  console.log
    📋 [Handler Articles] Récupération des articles par catégories

      at getArticles (src/routes/magasin/core/handlers/get-articles.handler.ts:23:13)

  console.log
    🔍 [Service Magasin] Récupération des articles par catégories

      at obtenirArticlesParCategories (src/routes/magasin/core/services/magasin.service.ts:166:11)

  console.log
    📋 [Handler Articles] Récupération des articles par catégories

      at getArticles (src/routes/magasin/core/handlers/get-articles.handler.ts:23:13)

  console.log
    🔍 [Service Magasin] Récupération des articles par catégories

      at obtenirArticlesParCategories (src/routes/magasin/core/services/magasin.service.ts:166:11)

  console.log
    📋 [Handler Articles] Récupération des articles par catégories

      at getArticles (src/routes/magasin/core/handlers/get-articles.handler.ts:23:13)

  console.log
    🔍 [Service Magasin] Récupération des articles par catégories

      at obtenirArticlesParCategories (src/routes/magasin/core/services/magasin.service.ts:166:11)

  console.log
    📋 [Handler Articles] Récupération des articles par catégories

      at getArticles (src/routes/magasin/core/handlers/get-articles.handler.ts:23:13)

  console.log
    🔍 [Service Magasin] Récupération des articles par catégories

      at obtenirArticlesParCategories (src/routes/magasin/core/services/magasin.service.ts:166:11)

  console.log
    📋 [Handler Articles] Récupération des articles par catégories

      at getArticles (src/routes/magasin/core/handlers/get-articles.handler.ts:23:13)

  console.log
    🔍 [Service Magasin] Récupération des articles par catégories

      at obtenirArticlesParCategories (src/routes/magasin/core/services/magasin.service.ts:166:11)

  console.log
    📋 [Handler Articles] Récupération des articles par catégories

      at getArticles (src/routes/magasin/core/handlers/get-articles.handler.ts:23:13)

  console.log
    🔍 [Service Magasin] Récupération des articles par catégories

      at obtenirArticlesParCategories (src/routes/magasin/core/services/magasin.service.ts:166:11)

  console.log
    📋 [Handler Articles] Récupération des articles par catégories

      at getArticles (src/routes/magasin/core/handlers/get-articles.handler.ts:23:13)

  console.log
    🔍 [Service Magasin] Récupération des articles par catégories

      at obtenirArticlesParCategories (src/routes/magasin/core/services/magasin.service.ts:166:11)

  console.log
    📋 [Handler Articles] Récupération des articles par catégories

      at getArticles (src/routes/magasin/core/handlers/get-articles.handler.ts:23:13)

  console.log
    🔍 [Service Magasin] Récupération des articles par catégories

      at obtenirArticlesParCategories (src/routes/magasin/core/services/magasin.service.ts:166:11)

  console.log
    📋 [Handler Articles] Récupération des articles par catégories

      at getArticles (src/routes/magasin/core/handlers/get-articles.handler.ts:23:13)

  console.log
    🔍 [Service Magasin] Récupération des articles par catégories

      at obtenirArticlesParCategories (src/routes/magasin/core/services/magasin.service.ts:166:11)

  console.log
    📋 [Handler Articles] Récupération des articles par catégories

      at getArticles (src/routes/magasin/core/handlers/get-articles.handler.ts:23:13)

  console.log
    🔍 [Service Magasin] Récupération des articles par catégories

      at obtenirArticlesParCategories (src/routes/magasin/core/services/magasin.service.ts:166:11)

  console.log
    📋 [Handler Articles] Récupération des articles par catégories

      at getArticles (src/routes/magasin/core/handlers/get-articles.handler.ts:23:13)

  console.log
    🔍 [Service Magasin] Récupération des articles par catégories

      at obtenirArticlesParCategories (src/routes/magasin/core/services/magasin.service.ts:166:11)

  console.log
    📋 [Handler Articles] Récupération des articles par catégories

      at getArticles (src/routes/magasin/core/handlers/get-articles.handler.ts:23:13)

  console.log
    🔍 [Service Magasin] Récupération des articles par catégories

      at obtenirArticlesParCategories (src/routes/magasin/core/services/magasin.service.ts:166:11)

  console.log
    📋 [Handler Articles] Récupération des articles par catégories

      at getArticles (src/routes/magasin/core/handlers/get-articles.handler.ts:23:13)

  console.log
    🔍 [Service Magasin] Récupération des articles par catégories

      at obtenirArticlesParCategories (src/routes/magasin/core/services/magasin.service.ts:166:11)

  console.log
    📋 [Handler Articles] Récupération des articles par catégories

      at getArticles (src/routes/magasin/core/handlers/get-articles.handler.ts:23:13)

  console.log
    🔍 [Service Magasin] Récupération des articles par catégories

      at obtenirArticlesParCategories (src/routes/magasin/core/services/magasin.service.ts:166:11)

  console.log
    📋 [Handler Articles] Récupération des articles par catégories

      at getArticles (src/routes/magasin/core/handlers/get-articles.handler.ts:23:13)

  console.log
    🔍 [Service Magasin] Récupération des articles par catégories

      at obtenirArticlesParCategories (src/routes/magasin/core/services/magasin.service.ts:166:11)

  console.log
    📋 [Handler Articles] Récupération des articles par catégories

      at getArticles (src/routes/magasin/core/handlers/get-articles.handler.ts:23:13)

  console.log
    🔍 [Service Magasin] Récupération des articles par catégories

      at obtenirArticlesParCategories (src/routes/magasin/core/services/magasin.service.ts:166:11)

  console.log
    📋 [Handler Articles] Récupération des articles par catégories

      at getArticles (src/routes/magasin/core/handlers/get-articles.handler.ts:23:13)

  console.log
    🔍 [Service Magasin] Récupération des articles par catégories

      at obtenirArticlesParCategories (src/routes/magasin/core/services/magasin.service.ts:166:11)

  console.log
    📋 [Handler Articles] Récupération des articles par catégories

      at getArticles (src/routes/magasin/core/handlers/get-articles.handler.ts:23:13)

  console.log
    🔍 [Service Magasin] Récupération des articles par catégories

      at obtenirArticlesParCategories (src/routes/magasin/core/services/magasin.service.ts:166:11)

  console.log
    📋 [Handler Articles] Récupération des articles par catégories

      at getArticles (src/routes/magasin/core/handlers/get-articles.handler.ts:23:13)

  console.log
    🔍 [Service Magasin] Récupération des articles par catégories

      at obtenirArticlesParCategories (src/routes/magasin/core/services/magasin.service.ts:166:11)

  console.log
    📋 [Handler Articles] Récupération des articles par catégories

      at getArticles (src/routes/magasin/core/handlers/get-articles.handler.ts:23:13)

  console.log
    🔍 [Service Magasin] Récupération des articles par catégories

      at obtenirArticlesParCategories (src/routes/magasin/core/services/magasin.service.ts:166:11)

  console.log
    📋 [Handler Articles] Récupération des articles par catégories

      at getArticles (src/routes/magasin/core/handlers/get-articles.handler.ts:23:13)

  console.log
    🔍 [Service Magasin] Récupération des articles par catégories

      at obtenirArticlesParCategories (src/routes/magasin/core/services/magasin.service.ts:166:11)

  console.log
    📋 [Handler Articles] Récupération des articles par catégories

      at getArticles (src/routes/magasin/core/handlers/get-articles.handler.ts:23:13)

  console.log
    🔍 [Service Magasin] Récupération des articles par catégories

      at obtenirArticlesParCategories (src/routes/magasin/core/services/magasin.service.ts:166:11)

  console.log
    📋 [Handler Articles] Récupération des articles par catégories

      at getArticles (src/routes/magasin/core/handlers/get-articles.handler.ts:23:13)

  console.log
    🔍 [Service Magasin] Récupération des articles par catégories

      at obtenirArticlesParCategories (src/routes/magasin/core/services/magasin.service.ts:166:11)

  console.log
    📋 [Handler Articles] Récupération des articles par catégories

      at getArticles (src/routes/magasin/core/handlers/get-articles.handler.ts:23:13)

  console.log
    🔍 [Service Magasin] Récupération des articles par catégories

      at obtenirArticlesParCategories (src/routes/magasin/core/services/magasin.service.ts:166:11)

  console.log
    📋 [Handler Articles] Récupération des articles par catégories

      at getArticles (src/routes/magasin/core/handlers/get-articles.handler.ts:23:13)

  console.log
    🔍 [Service Magasin] Récupération des articles par catégories

      at obtenirArticlesParCategories (src/routes/magasin/core/services/magasin.service.ts:166:11)

  console.log
    📋 [Handler Articles] Récupération des articles par catégories

      at getArticles (src/routes/magasin/core/handlers/get-articles.handler.ts:23:13)

  console.log
    🔍 [Service Magasin] Récupération des articles par catégories

      at obtenirArticlesParCategories (src/routes/magasin/core/services/magasin.service.ts:166:11)

  console.log
    📋 [Handler Articles] Récupération des articles par catégories

      at getArticles (src/routes/magasin/core/handlers/get-articles.handler.ts:23:13)

  console.log
    🔍 [Service Magasin] Récupération des articles par catégories

      at obtenirArticlesParCategories (src/routes/magasin/core/services/magasin.service.ts:166:11)

  console.log
    📋 [Handler Articles] Récupération des articles par catégories

      at getArticles (src/routes/magasin/core/handlers/get-articles.handler.ts:23:13)

  console.log
    🔍 [Service Magasin] Récupération des articles par catégories

      at obtenirArticlesParCategories (src/routes/magasin/core/services/magasin.service.ts:166:11)

  console.log
    📋 [Handler Articles] Récupération des articles par catégories

      at getArticles (src/routes/magasin/core/handlers/get-articles.handler.ts:23:13)

  console.log
    🔍 [Service Magasin] Récupération des articles par catégories

      at obtenirArticlesParCategories (src/routes/magasin/core/services/magasin.service.ts:166:11)

  console.log
    📋 [Handler Articles] Récupération des articles par catégories

      at getArticles (src/routes/magasin/core/handlers/get-articles.handler.ts:23:13)

  console.log
    🔍 [Service Magasin] Récupération des articles par catégories

      at obtenirArticlesParCategories (src/routes/magasin/core/services/magasin.service.ts:166:11)

  console.log
    📋 [Handler Articles] Récupération des articles par catégories

      at getArticles (src/routes/magasin/core/handlers/get-articles.handler.ts:23:13)

  console.log
    🔍 [Service Magasin] Récupération des articles par catégories

      at obtenirArticlesParCategories (src/routes/magasin/core/services/magasin.service.ts:166:11)

  console.log
    📋 [Handler Articles] Récupération des articles par catégories

      at getArticles (src/routes/magasin/core/handlers/get-articles.handler.ts:23:13)

  console.log
    🔍 [Service Magasin] Récupération des articles par catégories

      at obtenirArticlesParCategories (src/routes/magasin/core/services/magasin.service.ts:166:11)

  console.log
    📋 [Handler Articles] Récupération des articles par catégories

      at getArticles (src/routes/magasin/core/handlers/get-articles.handler.ts:23:13)

  console.log
    🔍 [Service Magasin] Récupération des articles par catégories

      at obtenirArticlesParCategories (src/routes/magasin/core/services/magasin.service.ts:166:11)

  console.log
    📋 [Handler Articles] Récupération des articles par catégories

      at getArticles (src/routes/magasin/core/handlers/get-articles.handler.ts:23:13)

  console.log
    🔍 [Service Magasin] Récupération des articles par catégories

      at obtenirArticlesParCategories (src/routes/magasin/core/services/magasin.service.ts:166:11)

  console.log
    📋 [Handler Articles] Récupération des articles par catégories

      at getArticles (src/routes/magasin/core/handlers/get-articles.handler.ts:23:13)

  console.log
    🔍 [Service Magasin] Récupération des articles par catégories

      at obtenirArticlesParCategories (src/routes/magasin/core/services/magasin.service.ts:166:11)

  console.log
    📋 [Handler Articles] Récupération des articles par catégories

      at getArticles (src/routes/magasin/core/handlers/get-articles.handler.ts:23:13)

  console.log
    🔍 [Service Magasin] Récupération des articles par catégories

      at obtenirArticlesParCategories (src/routes/magasin/core/services/magasin.service.ts:166:11)

  console.log
    📋 [Handler Articles] Récupération des articles par catégories

      at getArticles (src/routes/magasin/core/handlers/get-articles.handler.ts:23:13)

  console.log
    🔍 [Service Magasin] Récupération des articles par catégories

      at obtenirArticlesParCategories (src/routes/magasin/core/services/magasin.service.ts:166:11)

  console.log
    📋 [Handler Articles] Récupération des articles par catégories

      at getArticles (src/routes/magasin/core/handlers/get-articles.handler.ts:23:13)

  console.log
    🔍 [Service Magasin] Récupération des articles par catégories

      at obtenirArticlesParCategories (src/routes/magasin/core/services/magasin.service.ts:166:11)

  console.log
    📋 [Handler Articles] Récupération des articles par catégories

      at getArticles (src/routes/magasin/core/handlers/get-articles.handler.ts:23:13)

  console.log
    🔍 [Service Magasin] Récupération des articles par catégories

      at obtenirArticlesParCategories (src/routes/magasin/core/services/magasin.service.ts:166:11)

  console.log
    ✅ [Service Magasin] Articles récupérés avec succès

      at obtenirArticlesParCategories (src/routes/magasin/core/services/magasin.service.ts:171:13)
          at async Promise.all (index 0)

  console.log
    ✅ [Service Magasin] Articles récupérés avec succès

      at obtenirArticlesParCategories (src/routes/magasin/core/services/magasin.service.ts:171:13)
          at async Promise.all (index 1)

  console.log
    ✅ [Service Magasin] Articles récupérés avec succès

      at obtenirArticlesParCategories (src/routes/magasin/core/services/magasin.service.ts:171:13)
          at async Promise.all (index 2)

  console.log
    ✅ [Service Magasin] Articles récupérés avec succès

      at obtenirArticlesParCategories (src/routes/magasin/core/services/magasin.service.ts:171:13)
          at async Promise.all (index 3)

  console.log
    ✅ [Service Magasin] Articles récupérés avec succès

      at obtenirArticlesParCategories (src/routes/magasin/core/services/magasin.service.ts:171:13)
          at async Promise.all (index 4)

  console.log
    ✅ [Service Magasin] Articles récupérés avec succès

      at obtenirArticlesParCategories (src/routes/magasin/core/services/magasin.service.ts:171:13)
          at async Promise.all (index 5)

  console.log
    ✅ [Service Magasin] Articles récupérés avec succès

      at obtenirArticlesParCategories (src/routes/magasin/core/services/magasin.service.ts:171:13)
          at async Promise.all (index 6)

  console.log
    ✅ [Service Magasin] Articles récupérés avec succès

      at obtenirArticlesParCategories (src/routes/magasin/core/services/magasin.service.ts:171:13)
          at async Promise.all (index 7)

  console.log
    ✅ [Service Magasin] Articles récupérés avec succès

      at obtenirArticlesParCategories (src/routes/magasin/core/services/magasin.service.ts:171:13)
          at async Promise.all (index 8)

  console.log
    ✅ [Service Magasin] Articles récupérés avec succès

      at obtenirArticlesParCategories (src/routes/magasin/core/services/magasin.service.ts:171:13)
          at async Promise.all (index 9)

  console.log
    ✅ [Service Magasin] Articles récupérés avec succès

      at obtenirArticlesParCategories (src/routes/magasin/core/services/magasin.service.ts:171:13)
          at async Promise.all (index 10)

  console.log
    ✅ [Service Magasin] Articles récupérés avec succès

      at obtenirArticlesParCategories (src/routes/magasin/core/services/magasin.service.ts:171:13)
          at async Promise.all (index 11)

  console.log
    ✅ [Service Magasin] Articles récupérés avec succès

      at obtenirArticlesParCategories (src/routes/magasin/core/services/magasin.service.ts:171:13)
          at async Promise.all (index 12)

  console.log
    ✅ [Service Magasin] Articles récupérés avec succès

      at obtenirArticlesParCategories (src/routes/magasin/core/services/magasin.service.ts:171:13)
          at async Promise.all (index 13)

  console.log
    ✅ [Service Magasin] Articles récupérés avec succès

      at obtenirArticlesParCategories (src/routes/magasin/core/services/magasin.service.ts:171:13)
          at async Promise.all (index 14)

  console.log
    ✅ [Service Magasin] Articles récupérés avec succès

      at obtenirArticlesParCategories (src/routes/magasin/core/services/magasin.service.ts:171:13)
          at async Promise.all (index 15)

  console.log
    ✅ [Service Magasin] Articles récupérés avec succès

      at obtenirArticlesParCategories (src/routes/magasin/core/services/magasin.service.ts:171:13)
          at async Promise.all (index 16)

  console.log
    ✅ [Service Magasin] Articles récupérés avec succès

      at obtenirArticlesParCategories (src/routes/magasin/core/services/magasin.service.ts:171:13)
          at async Promise.all (index 17)

  console.log
    ✅ [Service Magasin] Articles récupérés avec succès

      at obtenirArticlesParCategories (src/routes/magasin/core/services/magasin.service.ts:171:13)
          at async Promise.all (index 18)

  console.log
    ✅ [Service Magasin] Articles récupérés avec succès

      at obtenirArticlesParCategories (src/routes/magasin/core/services/magasin.service.ts:171:13)
          at async Promise.all (index 19)

  console.log
    ✅ [Service Magasin] Articles récupérés avec succès

      at obtenirArticlesParCategories (src/routes/magasin/core/services/magasin.service.ts:171:13)
          at async Promise.all (index 20)

  console.log
    ✅ [Service Magasin] Articles récupérés avec succès

      at obtenirArticlesParCategories (src/routes/magasin/core/services/magasin.service.ts:171:13)
          at async Promise.all (index 21)

  console.log
    ✅ [Service Magasin] Articles récupérés avec succès

      at obtenirArticlesParCategories (src/routes/magasin/core/services/magasin.service.ts:171:13)
          at async Promise.all (index 22)

  console.log
    ✅ [Service Magasin] Articles récupérés avec succès

      at obtenirArticlesParCategories (src/routes/magasin/core/services/magasin.service.ts:171:13)
          at async Promise.all (index 23)

  console.log
    ✅ [Service Magasin] Articles récupérés avec succès

      at obtenirArticlesParCategories (src/routes/magasin/core/services/magasin.service.ts:171:13)
          at async Promise.all (index 24)

  console.log
    ✅ [Service Magasin] Articles récupérés avec succès

      at obtenirArticlesParCategories (src/routes/magasin/core/services/magasin.service.ts:171:13)
          at async Promise.all (index 25)

  console.log
    ✅ [Service Magasin] Articles récupérés avec succès

      at obtenirArticlesParCategories (src/routes/magasin/core/services/magasin.service.ts:171:13)
          at async Promise.all (index 26)

  console.log
    ✅ [Service Magasin] Articles récupérés avec succès

      at obtenirArticlesParCategories (src/routes/magasin/core/services/magasin.service.ts:171:13)
          at async Promise.all (index 27)

  console.log
    ✅ [Service Magasin] Articles récupérés avec succès

      at obtenirArticlesParCategories (src/routes/magasin/core/services/magasin.service.ts:171:13)
          at async Promise.all (index 28)

  console.log
    ✅ [Service Magasin] Articles récupérés avec succès

      at obtenirArticlesParCategories (src/routes/magasin/core/services/magasin.service.ts:171:13)
          at async Promise.all (index 29)

  console.log
    ✅ [Service Magasin] Articles récupérés avec succès

      at obtenirArticlesParCategories (src/routes/magasin/core/services/magasin.service.ts:171:13)
          at async Promise.all (index 30)

  console.log
    ✅ [Service Magasin] Articles récupérés avec succès

      at obtenirArticlesParCategories (src/routes/magasin/core/services/magasin.service.ts:171:13)
          at async Promise.all (index 31)

  console.log
    ✅ [Service Magasin] Articles récupérés avec succès

      at obtenirArticlesParCategories (src/routes/magasin/core/services/magasin.service.ts:171:13)
          at async Promise.all (index 32)

  console.log
    ✅ [Service Magasin] Articles récupérés avec succès

      at obtenirArticlesParCategories (src/routes/magasin/core/services/magasin.service.ts:171:13)
          at async Promise.all (index 33)

  console.log
    ✅ [Service Magasin] Articles récupérés avec succès

      at obtenirArticlesParCategories (src/routes/magasin/core/services/magasin.service.ts:171:13)
          at async Promise.all (index 34)

  console.log
    ✅ [Service Magasin] Articles récupérés avec succès

      at obtenirArticlesParCategories (src/routes/magasin/core/services/magasin.service.ts:171:13)
          at async Promise.all (index 35)

  console.log
    ✅ [Service Magasin] Articles récupérés avec succès

      at obtenirArticlesParCategories (src/routes/magasin/core/services/magasin.service.ts:171:13)
          at async Promise.all (index 36)

  console.log
    ✅ [Service Magasin] Articles récupérés avec succès

      at obtenirArticlesParCategories (src/routes/magasin/core/services/magasin.service.ts:171:13)
          at async Promise.all (index 37)

  console.log
    ✅ [Service Magasin] Articles récupérés avec succès

      at obtenirArticlesParCategories (src/routes/magasin/core/services/magasin.service.ts:171:13)
          at async Promise.all (index 38)

  console.log
    ✅ [Service Magasin] Articles récupérés avec succès

      at obtenirArticlesParCategories (src/routes/magasin/core/services/magasin.service.ts:171:13)
          at async Promise.all (index 39)

  console.log
    ✅ [Service Magasin] Articles récupérés avec succès

      at obtenirArticlesParCategories (src/routes/magasin/core/services/magasin.service.ts:171:13)
          at async Promise.all (index 40)

  console.log
    ✅ [Service Magasin] Articles récupérés avec succès

      at obtenirArticlesParCategories (src/routes/magasin/core/services/magasin.service.ts:171:13)
          at async Promise.all (index 41)

  console.log
    ✅ [Service Magasin] Articles récupérés avec succès

      at obtenirArticlesParCategories (src/routes/magasin/core/services/magasin.service.ts:171:13)
          at async Promise.all (index 42)

  console.log
    ✅ [Service Magasin] Articles récupérés avec succès

      at obtenirArticlesParCategories (src/routes/magasin/core/services/magasin.service.ts:171:13)
          at async Promise.all (index 43)

  console.log
    ✅ [Service Magasin] Articles récupérés avec succès

      at obtenirArticlesParCategories (src/routes/magasin/core/services/magasin.service.ts:171:13)
          at async Promise.all (index 44)

  console.log
    ✅ [Service Magasin] Articles récupérés avec succès

      at obtenirArticlesParCategories (src/routes/magasin/core/services/magasin.service.ts:171:13)
          at async Promise.all (index 45)

  console.log
    ✅ [Service Magasin] Articles récupérés avec succès

      at obtenirArticlesParCategories (src/routes/magasin/core/services/magasin.service.ts:171:13)
          at async Promise.all (index 46)

  console.log
    ✅ [Service Magasin] Articles récupérés avec succès

      at obtenirArticlesParCategories (src/routes/magasin/core/services/magasin.service.ts:171:13)
          at async Promise.all (index 47)

  console.log
    ✅ [Service Magasin] Articles récupérés avec succès

      at obtenirArticlesParCategories (src/routes/magasin/core/services/magasin.service.ts:171:13)
          at async Promise.all (index 48)

  console.log
    ✅ [Service Magasin] Articles récupérés avec succès

      at obtenirArticlesParCategories (src/routes/magasin/core/services/magasin.service.ts:171:13)
          at async Promise.all (index 49)

  console.log
    ✅ [Handler Articles] Articles récupérés avec succès

      at getArticles (src/routes/magasin/core/handlers/get-articles.handler.ts:32:13)
          at async Promise.all (index 0)

  console.log
    ✅ [Handler Articles] Articles récupérés avec succès

      at getArticles (src/routes/magasin/core/handlers/get-articles.handler.ts:32:13)
          at async Promise.all (index 1)

  console.log
    ✅ [Handler Articles] Articles récupérés avec succès

      at getArticles (src/routes/magasin/core/handlers/get-articles.handler.ts:32:13)
          at async Promise.all (index 2)

  console.log
    ✅ [Handler Articles] Articles récupérés avec succès

      at getArticles (src/routes/magasin/core/handlers/get-articles.handler.ts:32:13)
          at async Promise.all (index 3)

  console.log
    ✅ [Handler Articles] Articles récupérés avec succès

      at getArticles (src/routes/magasin/core/handlers/get-articles.handler.ts:32:13)
          at async Promise.all (index 4)

  console.log
    ✅ [Handler Articles] Articles récupérés avec succès

      at getArticles (src/routes/magasin/core/handlers/get-articles.handler.ts:32:13)
          at async Promise.all (index 5)

  console.log
    ✅ [Handler Articles] Articles récupérés avec succès

      at getArticles (src/routes/magasin/core/handlers/get-articles.handler.ts:32:13)
          at async Promise.all (index 6)

  console.log
    ✅ [Handler Articles] Articles récupérés avec succès

      at getArticles (src/routes/magasin/core/handlers/get-articles.handler.ts:32:13)
          at async Promise.all (index 7)

  console.log
    ✅ [Handler Articles] Articles récupérés avec succès

      at getArticles (src/routes/magasin/core/handlers/get-articles.handler.ts:32:13)
          at async Promise.all (index 8)

  console.log
    ✅ [Handler Articles] Articles récupérés avec succès

      at getArticles (src/routes/magasin/core/handlers/get-articles.handler.ts:32:13)
          at async Promise.all (index 9)

  console.log
    ✅ [Handler Articles] Articles récupérés avec succès

      at getArticles (src/routes/magasin/core/handlers/get-articles.handler.ts:32:13)
          at async Promise.all (index 10)

  console.log
    ✅ [Handler Articles] Articles récupérés avec succès

      at getArticles (src/routes/magasin/core/handlers/get-articles.handler.ts:32:13)
          at async Promise.all (index 11)

  console.log
    ✅ [Handler Articles] Articles récupérés avec succès

      at getArticles (src/routes/magasin/core/handlers/get-articles.handler.ts:32:13)
          at async Promise.all (index 12)

  console.log
    ✅ [Handler Articles] Articles récupérés avec succès

      at getArticles (src/routes/magasin/core/handlers/get-articles.handler.ts:32:13)
          at async Promise.all (index 13)

  console.log
    ✅ [Handler Articles] Articles récupérés avec succès

      at getArticles (src/routes/magasin/core/handlers/get-articles.handler.ts:32:13)
          at async Promise.all (index 14)

  console.log
    ✅ [Handler Articles] Articles récupérés avec succès

      at getArticles (src/routes/magasin/core/handlers/get-articles.handler.ts:32:13)
          at async Promise.all (index 15)

  console.log
    ✅ [Handler Articles] Articles récupérés avec succès

      at getArticles (src/routes/magasin/core/handlers/get-articles.handler.ts:32:13)
          at async Promise.all (index 16)

  console.log
    ✅ [Handler Articles] Articles récupérés avec succès

      at getArticles (src/routes/magasin/core/handlers/get-articles.handler.ts:32:13)
          at async Promise.all (index 17)

  console.log
    ✅ [Handler Articles] Articles récupérés avec succès

      at getArticles (src/routes/magasin/core/handlers/get-articles.handler.ts:32:13)
          at async Promise.all (index 18)

  console.log
    ✅ [Handler Articles] Articles récupérés avec succès

      at getArticles (src/routes/magasin/core/handlers/get-articles.handler.ts:32:13)
          at async Promise.all (index 19)

  console.log
    ✅ [Handler Articles] Articles récupérés avec succès

      at getArticles (src/routes/magasin/core/handlers/get-articles.handler.ts:32:13)
          at async Promise.all (index 20)

  console.log
    ✅ [Handler Articles] Articles récupérés avec succès

      at getArticles (src/routes/magasin/core/handlers/get-articles.handler.ts:32:13)
          at async Promise.all (index 21)

  console.log
    ✅ [Handler Articles] Articles récupérés avec succès

      at getArticles (src/routes/magasin/core/handlers/get-articles.handler.ts:32:13)
          at async Promise.all (index 22)

  console.log
    ✅ [Handler Articles] Articles récupérés avec succès

      at getArticles (src/routes/magasin/core/handlers/get-articles.handler.ts:32:13)
          at async Promise.all (index 23)

  console.log
    ✅ [Handler Articles] Articles récupérés avec succès

      at getArticles (src/routes/magasin/core/handlers/get-articles.handler.ts:32:13)
          at async Promise.all (index 24)

  console.log
    ✅ [Handler Articles] Articles récupérés avec succès

      at getArticles (src/routes/magasin/core/handlers/get-articles.handler.ts:32:13)
          at async Promise.all (index 25)

  console.log
    ✅ [Handler Articles] Articles récupérés avec succès

      at getArticles (src/routes/magasin/core/handlers/get-articles.handler.ts:32:13)
          at async Promise.all (index 26)

  console.log
    ✅ [Handler Articles] Articles récupérés avec succès

      at getArticles (src/routes/magasin/core/handlers/get-articles.handler.ts:32:13)
          at async Promise.all (index 27)

  console.log
    ✅ [Handler Articles] Articles récupérés avec succès

      at getArticles (src/routes/magasin/core/handlers/get-articles.handler.ts:32:13)
          at async Promise.all (index 28)

  console.log
    ✅ [Handler Articles] Articles récupérés avec succès

      at getArticles (src/routes/magasin/core/handlers/get-articles.handler.ts:32:13)
          at async Promise.all (index 29)

  console.log
    ✅ [Handler Articles] Articles récupérés avec succès

      at getArticles (src/routes/magasin/core/handlers/get-articles.handler.ts:32:13)
          at async Promise.all (index 30)

  console.log
    ✅ [Handler Articles] Articles récupérés avec succès

      at getArticles (src/routes/magasin/core/handlers/get-articles.handler.ts:32:13)
          at async Promise.all (index 31)

  console.log
    ✅ [Handler Articles] Articles récupérés avec succès

      at getArticles (src/routes/magasin/core/handlers/get-articles.handler.ts:32:13)
          at async Promise.all (index 32)

  console.log
    ✅ [Handler Articles] Articles récupérés avec succès

      at getArticles (src/routes/magasin/core/handlers/get-articles.handler.ts:32:13)
          at async Promise.all (index 33)

  console.log
    ✅ [Handler Articles] Articles récupérés avec succès

      at getArticles (src/routes/magasin/core/handlers/get-articles.handler.ts:32:13)
          at async Promise.all (index 34)

  console.log
    ✅ [Handler Articles] Articles récupérés avec succès

      at getArticles (src/routes/magasin/core/handlers/get-articles.handler.ts:32:13)
          at async Promise.all (index 35)

  console.log
    ✅ [Handler Articles] Articles récupérés avec succès

      at getArticles (src/routes/magasin/core/handlers/get-articles.handler.ts:32:13)
          at async Promise.all (index 36)

  console.log
    ✅ [Handler Articles] Articles récupérés avec succès

      at getArticles (src/routes/magasin/core/handlers/get-articles.handler.ts:32:13)
          at async Promise.all (index 37)

  console.log
    ✅ [Handler Articles] Articles récupérés avec succès

      at getArticles (src/routes/magasin/core/handlers/get-articles.handler.ts:32:13)
          at async Promise.all (index 38)

  console.log
    ✅ [Handler Articles] Articles récupérés avec succès

      at getArticles (src/routes/magasin/core/handlers/get-articles.handler.ts:32:13)
          at async Promise.all (index 39)

  console.log
    ✅ [Handler Articles] Articles récupérés avec succès

      at getArticles (src/routes/magasin/core/handlers/get-articles.handler.ts:32:13)
          at async Promise.all (index 40)

  console.log
    ✅ [Handler Articles] Articles récupérés avec succès

      at getArticles (src/routes/magasin/core/handlers/get-articles.handler.ts:32:13)
          at async Promise.all (index 41)

  console.log
    ✅ [Handler Articles] Articles récupérés avec succès

      at getArticles (src/routes/magasin/core/handlers/get-articles.handler.ts:32:13)
          at async Promise.all (index 42)

  console.log
    ✅ [Handler Articles] Articles récupérés avec succès

      at getArticles (src/routes/magasin/core/handlers/get-articles.handler.ts:32:13)
          at async Promise.all (index 43)

  console.log
    ✅ [Handler Articles] Articles récupérés avec succès

      at getArticles (src/routes/magasin/core/handlers/get-articles.handler.ts:32:13)
          at async Promise.all (index 44)

  console.log
    ✅ [Handler Articles] Articles récupérés avec succès

      at getArticles (src/routes/magasin/core/handlers/get-articles.handler.ts:32:13)
          at async Promise.all (index 45)

  console.log
    ✅ [Handler Articles] Articles récupérés avec succès

      at getArticles (src/routes/magasin/core/handlers/get-articles.handler.ts:32:13)
          at async Promise.all (index 46)

  console.log
    ✅ [Handler Articles] Articles récupérés avec succès

      at getArticles (src/routes/magasin/core/handlers/get-articles.handler.ts:32:13)
          at async Promise.all (index 47)

  console.log
    ✅ [Handler Articles] Articles récupérés avec succès

      at getArticles (src/routes/magasin/core/handlers/get-articles.handler.ts:32:13)
          at async Promise.all (index 48)

  console.log
    ✅ [Handler Articles] Articles récupérés avec succès

      at getArticles (src/routes/magasin/core/handlers/get-articles.handler.ts:32:13)
          at async Promise.all (index 49)

  console.log
    📋 [Handler Articles] Récupération des articles par catégories

      at getArticles (src/routes/magasin/core/handlers/get-articles.handler.ts:23:13)

  console.log
    🔍 [Service Magasin] Récupération des articles par catégories

      at obtenirArticlesParCategories (src/routes/magasin/core/services/magasin.service.ts:166:11)

  console.log
    ✅ [Service Magasin] Articles récupérés avec succès

      at obtenirArticlesParCategories (src/routes/magasin/core/services/magasin.service.ts:171:13)

  console.log
    ✅ [Handler Articles] Articles récupérés avec succès

      at getArticles (src/routes/magasin/core/handlers/get-articles.handler.ts:32:13)

  console.log
    📋 [Handler Articles] Récupération des articles par catégories

      at getArticles (src/routes/magasin/core/handlers/get-articles.handler.ts:23:13)

  console.log
    🔍 [Service Magasin] Récupération des articles par catégories

      at obtenirArticlesParCategories (src/routes/magasin/core/services/magasin.service.ts:166:11)

  console.log
    ✅ [Service Magasin] Articles récupérés avec succès

      at obtenirArticlesParCategories (src/routes/magasin/core/services/magasin.service.ts:171:13)

  console.log
    ✅ [Handler Articles] Articles récupérés avec succès

      at getArticles (src/routes/magasin/core/handlers/get-articles.handler.ts:32:13)

  console.log
    📋 [Handler Articles] Récupération des articles par catégories

      at getArticles (src/routes/magasin/core/handlers/get-articles.handler.ts:23:13)

  console.log
    🔍 [Service Magasin] Récupération des articles par catégories

      at obtenirArticlesParCategories (src/routes/magasin/core/services/magasin.service.ts:166:11)

  console.log
    ✅ [Service Magasin] Articles récupérés avec succès

      at obtenirArticlesParCategories (src/routes/magasin/core/services/magasin.service.ts:171:13)

  console.log
    ✅ [Handler Articles] Articles récupérés avec succès

      at getArticles (src/routes/magasin/core/handlers/get-articles.handler.ts:32:13)

  console.log
    📋 [Handler Articles] Récupération des articles par catégories

      at getArticles (src/routes/magasin/core/handlers/get-articles.handler.ts:23:13)

  console.log
    🔍 [Service Magasin] Récupération des articles par catégories

      at obtenirArticlesParCategories (src/routes/magasin/core/services/magasin.service.ts:166:11)

  console.log
    ✅ [Service Magasin] Articles récupérés avec succès

      at obtenirArticlesParCategories (src/routes/magasin/core/services/magasin.service.ts:171:13)

  console.log
    ✅ [Handler Articles] Articles récupérés avec succès

      at getArticles (src/routes/magasin/core/handlers/get-articles.handler.ts:32:13)

  console.log
    📋 [Handler Articles] Récupération des articles par catégories

      at getArticles (src/routes/magasin/core/handlers/get-articles.handler.ts:23:13)

  console.log
    🔍 [Service Magasin] Récupération des articles par catégories

      at obtenirArticlesParCategories (src/routes/magasin/core/services/magasin.service.ts:166:11)

  console.log
    ✅ [Service Magasin] Articles récupérés avec succès

      at obtenirArticlesParCategories (src/routes/magasin/core/services/magasin.service.ts:171:13)

  console.log
    ✅ [Handler Articles] Articles récupérés avec succès

      at getArticles (src/routes/magasin/core/handlers/get-articles.handler.ts:32:13)

  console.log
    📋 [Handler Articles] Récupération des articles par catégories

      at getArticles (src/routes/magasin/core/handlers/get-articles.handler.ts:23:13)

  console.log
    🔍 [Service Magasin] Récupération des articles par catégories

      at obtenirArticlesParCategories (src/routes/magasin/core/services/magasin.service.ts:166:11)

  console.log
    ✅ [Service Magasin] Articles récupérés avec succès

      at obtenirArticlesParCategories (src/routes/magasin/core/services/magasin.service.ts:171:13)

  console.log
    ✅ [Handler Articles] Articles récupérés avec succès

      at getArticles (src/routes/magasin/core/handlers/get-articles.handler.ts:32:13)

  console.log
    📋 [Handler Articles] Récupération des articles par catégories

      at getArticles (src/routes/magasin/core/handlers/get-articles.handler.ts:23:13)

  console.log
    🔍 [Service Magasin] Récupération des articles par catégories

      at obtenirArticlesParCategories (src/routes/magasin/core/services/magasin.service.ts:166:11)

  console.log
    ✅ [Service Magasin] Articles récupérés avec succès

      at obtenirArticlesParCategories (src/routes/magasin/core/services/magasin.service.ts:171:13)

  console.log
    ✅ [Handler Articles] Articles récupérés avec succès

      at getArticles (src/routes/magasin/core/handlers/get-articles.handler.ts:32:13)

  console.log
    📋 [Handler Articles] Récupération des articles par catégories

      at getArticles (src/routes/magasin/core/handlers/get-articles.handler.ts:23:13)

  console.log
    🔍 [Service Magasin] Récupération des articles par catégories

      at obtenirArticlesParCategories (src/routes/magasin/core/services/magasin.service.ts:166:11)

  console.log
    ✅ [Service Magasin] Articles récupérés avec succès

      at obtenirArticlesParCategories (src/routes/magasin/core/services/magasin.service.ts:171:13)

  console.log
    ✅ [Handler Articles] Articles récupérés avec succès

      at getArticles (src/routes/magasin/core/handlers/get-articles.handler.ts:32:13)

  console.log
    📋 [Handler Articles] Récupération des articles par catégories

      at getArticles (src/routes/magasin/core/handlers/get-articles.handler.ts:23:13)

  console.log
    🔍 [Service Magasin] Récupération des articles par catégories

      at obtenirArticlesParCategories (src/routes/magasin/core/services/magasin.service.ts:166:11)

  console.log
    ✅ [Service Magasin] Articles récupérés avec succès

      at obtenirArticlesParCategories (src/routes/magasin/core/services/magasin.service.ts:171:13)

  console.log
    ✅ [Handler Articles] Articles récupérés avec succès

      at getArticles (src/routes/magasin/core/handlers/get-articles.handler.ts:32:13)

  console.log
    📋 [Handler Articles] Récupération des articles par catégories

      at getArticles (src/routes/magasin/core/handlers/get-articles.handler.ts:23:13)

  console.log
    🔍 [Service Magasin] Récupération des articles par catégories

      at obtenirArticlesParCategories (src/routes/magasin/core/services/magasin.service.ts:166:11)

  console.log
    ✅ [Service Magasin] Articles récupérés avec succès

      at obtenirArticlesParCategories (src/routes/magasin/core/services/magasin.service.ts:171:13)

  console.log
    ✅ [Handler Articles] Articles récupérés avec succès

      at getArticles (src/routes/magasin/core/handlers/get-articles.handler.ts:32:13)

  console.log
    Performance getArticles - Avg: 1.5ms, Min: 1ms, Max: 2ms

      at Object.<anonymous> (src/routes/magasin/__tests__/magasin.performance.test.ts:461:15)

  console.log
    📝 [Handler Commandes] Création d'une nouvelle commande

      at createCommande (src/routes/magasin/core/handlers/create-commande.handler.ts:19:13)

  console.log
    Corps reçu: {
      utilisateur_id: 1,
      articles: [ { article_id: 1, quantite: 1, taille: 'M' } ],
      total: 45.99
    }

      at createCommande (src/routes/magasin/core/handlers/create-commande.handler.ts:20:13)

  console.log
    Données validées par le schéma Zod: {"utilisateur_id":1,"articles":[{"article_id":1,"quantite":1,"taille":"M"}],"total":45.99,"statut":"en attente"}

      at createCommande (src/routes/magasin/core/handlers/create-commande.handler.ts:25:13)

  console.log
    🔍 [Service Magasin] Vérification doublon commande: {
      cacheKey: '1-45.99-[{"id":1,"taille":"M","quantite":1}]...',
      utilisateur_id: 1,
      total: 45.99,
      nbArticles: 1
    }

      at creerCommande (src/routes/magasin/core/services/magasin.service.ts:325:11)

  console.log
    ⚠️ [Service Magasin] Commande identique détectée, attente... { delaiDepuisCommande: '875ms' }

      at creerCommande (src/routes/magasin/core/services/magasin.service.ts:339:15)

  console.log
    ✅ [Service Magasin] Première commande terminée, retour du même résultat

      at creerCommande (src/routes/magasin/core/services/magasin.service.ts:349:17)

  console.log
    ✅ [Handler Commandes] Commande créée avec succès: {
      unique_id: 'CMD-001-1770238459638-3C18B15D',
      numero_commande: 'CMD-000001',
      isDuplicate: true
    }

      at createCommande (src/routes/magasin/core/handlers/create-commande.handler.ts:36:13)

  console.log
    📝 [Handler Commandes] Création d'une nouvelle commande

      at createCommande (src/routes/magasin/core/handlers/create-commande.handler.ts:19:13)

  console.log
    Corps reçu: {
      utilisateur_id: 1,
      articles: [ { article_id: 1, quantite: 1, taille: 'M' } ],
      total: 45.99
    }

      at createCommande (src/routes/magasin/core/handlers/create-commande.handler.ts:20:13)

  console.log
    Données validées par le schéma Zod: {"utilisateur_id":1,"articles":[{"article_id":1,"quantite":1,"taille":"M"}],"total":45.99,"statut":"en attente"}

      at createCommande (src/routes/magasin/core/handlers/create-commande.handler.ts:25:13)

  console.log
    🔍 [Service Magasin] Vérification doublon commande: {
      cacheKey: '1-45.99-[{"id":1,"taille":"M","quantite":1}]...',
      utilisateur_id: 1,
      total: 45.99,
      nbArticles: 1
    }

      at creerCommande (src/routes/magasin/core/services/magasin.service.ts:325:11)

  console.log
    ⚠️ [Service Magasin] Commande identique détectée, attente... { delaiDepuisCommande: '878ms' }

      at creerCommande (src/routes/magasin/core/services/magasin.service.ts:339:15)

  console.log
    ✅ [Service Magasin] Première commande terminée, retour du même résultat

      at creerCommande (src/routes/magasin/core/services/magasin.service.ts:349:17)

  console.log
    ✅ [Handler Commandes] Commande créée avec succès: {
      unique_id: 'CMD-001-1770238459638-3C18B15D',
      numero_commande: 'CMD-000001',
      isDuplicate: true
    }

      at createCommande (src/routes/magasin/core/handlers/create-commande.handler.ts:36:13)

  console.log
    📝 [Handler Commandes] Création d'une nouvelle commande

      at createCommande (src/routes/magasin/core/handlers/create-commande.handler.ts:19:13)

  console.log
    Corps reçu: {
      utilisateur_id: 1,
      articles: [ { article_id: 1, quantite: 1, taille: 'M' } ],
      total: 45.99
    }

      at createCommande (src/routes/magasin/core/handlers/create-commande.handler.ts:20:13)

  console.log
    Données validées par le schéma Zod: {"utilisateur_id":1,"articles":[{"article_id":1,"quantite":1,"taille":"M"}],"total":45.99,"statut":"en attente"}

      at createCommande (src/routes/magasin/core/handlers/create-commande.handler.ts:25:13)

  console.log
    🔍 [Service Magasin] Vérification doublon commande: {
      cacheKey: '1-45.99-[{"id":1,"taille":"M","quantite":1}]...',
      utilisateur_id: 1,
      total: 45.99,
      nbArticles: 1
    }

      at creerCommande (src/routes/magasin/core/services/magasin.service.ts:325:11)

  console.log
    ⚠️ [Service Magasin] Commande identique détectée, attente... { delaiDepuisCommande: '881ms' }

      at creerCommande (src/routes/magasin/core/services/magasin.service.ts:339:15)

  console.log
    ✅ [Service Magasin] Première commande terminée, retour du même résultat

      at creerCommande (src/routes/magasin/core/services/magasin.service.ts:349:17)

  console.log
    ✅ [Handler Commandes] Commande créée avec succès: {
      unique_id: 'CMD-001-1770238459638-3C18B15D',
      numero_commande: 'CMD-000001',
      isDuplicate: true
    }

      at createCommande (src/routes/magasin/core/handlers/create-commande.handler.ts:36:13)

  console.log
    📝 [Handler Commandes] Création d'une nouvelle commande

      at createCommande (src/routes/magasin/core/handlers/create-commande.handler.ts:19:13)

  console.log
    Corps reçu: {
      utilisateur_id: 1,
      articles: [ { article_id: 1, quantite: 1, taille: 'M' } ],
      total: 45.99
    }

      at createCommande (src/routes/magasin/core/handlers/create-commande.handler.ts:20:13)

  console.log
    Données validées par le schéma Zod: {"utilisateur_id":1,"articles":[{"article_id":1,"quantite":1,"taille":"M"}],"total":45.99,"statut":"en attente"}

      at createCommande (src/routes/magasin/core/handlers/create-commande.handler.ts:25:13)

  console.log
    🔍 [Service Magasin] Vérification doublon commande: {
      cacheKey: '1-45.99-[{"id":1,"taille":"M","quantite":1}]...',
      utilisateur_id: 1,
      total: 45.99,
      nbArticles: 1
    }

      at creerCommande (src/routes/magasin/core/services/magasin.service.ts:325:11)

  console.log
    ⚠️ [Service Magasin] Commande identique détectée, attente... { delaiDepuisCommande: '886ms' }

      at creerCommande (src/routes/magasin/core/services/magasin.service.ts:339:15)

  console.log
    ✅ [Service Magasin] Première commande terminée, retour du même résultat

      at creerCommande (src/routes/magasin/core/services/magasin.service.ts:349:17)

  console.log
    ✅ [Handler Commandes] Commande créée avec succès: {
      unique_id: 'CMD-001-1770238459638-3C18B15D',
      numero_commande: 'CMD-000001',
      isDuplicate: true
    }

      at createCommande (src/routes/magasin/core/handlers/create-commande.handler.ts:36:13)

  console.log
    📝 [Handler Commandes] Création d'une nouvelle commande

      at createCommande (src/routes/magasin/core/handlers/create-commande.handler.ts:19:13)

  console.log
    Corps reçu: {
      utilisateur_id: 1,
      articles: [ { article_id: 1, quantite: 1, taille: 'M' } ],
      total: 45.99
    }

      at createCommande (src/routes/magasin/core/handlers/create-commande.handler.ts:20:13)

  console.log
    Données validées par le schéma Zod: {"utilisateur_id":1,"articles":[{"article_id":1,"quantite":1,"taille":"M"}],"total":45.99,"statut":"en attente"}

      at createCommande (src/routes/magasin/core/handlers/create-commande.handler.ts:25:13)

  console.log
    🔍 [Service Magasin] Vérification doublon commande: {
      cacheKey: '1-45.99-[{"id":1,"taille":"M","quantite":1}]...',
      utilisateur_id: 1,
      total: 45.99,
      nbArticles: 1
    }

      at creerCommande (src/routes/magasin/core/services/magasin.service.ts:325:11)

  console.log
    ⚠️ [Service Magasin] Commande identique détectée, attente... { delaiDepuisCommande: '889ms' }

      at creerCommande (src/routes/magasin/core/services/magasin.service.ts:339:15)

  console.log
    ✅ [Service Magasin] Première commande terminée, retour du même résultat

      at creerCommande (src/routes/magasin/core/services/magasin.service.ts:349:17)

  console.log
    ✅ [Handler Commandes] Commande créée avec succès: {
      unique_id: 'CMD-001-1770238459638-3C18B15D',
      numero_commande: 'CMD-000001',
      isDuplicate: true
    }

      at createCommande (src/routes/magasin/core/handlers/create-commande.handler.ts:36:13)

  console.log
    📝 [Handler Commandes] Création d'une nouvelle commande

      at createCommande (src/routes/magasin/core/handlers/create-commande.handler.ts:19:13)

  console.log
    Corps reçu: {
      utilisateur_id: 1,
      articles: [ { article_id: 1, quantite: 1, taille: 'M' } ],
      total: 45.99
    }

      at createCommande (src/routes/magasin/core/handlers/create-commande.handler.ts:20:13)

  console.log
    Données validées par le schéma Zod: {"utilisateur_id":1,"articles":[{"article_id":1,"quantite":1,"taille":"M"}],"total":45.99,"statut":"en attente"}

      at createCommande (src/routes/magasin/core/handlers/create-commande.handler.ts:25:13)

  console.log
    🔍 [Service Magasin] Vérification doublon commande: {
      cacheKey: '1-45.99-[{"id":1,"taille":"M","quantite":1}]...',
      utilisateur_id: 1,
      total: 45.99,
      nbArticles: 1
    }

      at creerCommande (src/routes/magasin/core/services/magasin.service.ts:325:11)

  console.log
    ⚠️ [Service Magasin] Commande identique détectée, attente... { delaiDepuisCommande: '891ms' }

      at creerCommande (src/routes/magasin/core/services/magasin.service.ts:339:15)

  console.log
    ✅ [Service Magasin] Première commande terminée, retour du même résultat

      at creerCommande (src/routes/magasin/core/services/magasin.service.ts:349:17)

  console.log
    ✅ [Handler Commandes] Commande créée avec succès: {
      unique_id: 'CMD-001-1770238459638-3C18B15D',
      numero_commande: 'CMD-000001',
      isDuplicate: true
    }

      at createCommande (src/routes/magasin/core/handlers/create-commande.handler.ts:36:13)

  console.log
    📝 [Handler Commandes] Création d'une nouvelle commande

      at createCommande (src/routes/magasin/core/handlers/create-commande.handler.ts:19:13)

  console.log
    Corps reçu: {
      utilisateur_id: 1,
      articles: [ { article_id: 1, quantite: 1, taille: 'M' } ],
      total: 45.99
    }

      at createCommande (src/routes/magasin/core/handlers/create-commande.handler.ts:20:13)

  console.log
    Données validées par le schéma Zod: {"utilisateur_id":1,"articles":[{"article_id":1,"quantite":1,"taille":"M"}],"total":45.99,"statut":"en attente"}

      at createCommande (src/routes/magasin/core/handlers/create-commande.handler.ts:25:13)

  console.log
    🔍 [Service Magasin] Vérification doublon commande: {
      cacheKey: '1-45.99-[{"id":1,"taille":"M","quantite":1}]...',
      utilisateur_id: 1,
      total: 45.99,
      nbArticles: 1
    }

      at creerCommande (src/routes/magasin/core/services/magasin.service.ts:325:11)

  console.log
    ⚠️ [Service Magasin] Commande identique détectée, attente... { delaiDepuisCommande: '893ms' }

      at creerCommande (src/routes/magasin/core/services/magasin.service.ts:339:15)

  console.log
    ✅ [Service Magasin] Première commande terminée, retour du même résultat

      at creerCommande (src/routes/magasin/core/services/magasin.service.ts:349:17)

  console.log
    ✅ [Handler Commandes] Commande créée avec succès: {
      unique_id: 'CMD-001-1770238459638-3C18B15D',
      numero_commande: 'CMD-000001',
      isDuplicate: true
    }

      at createCommande (src/routes/magasin/core/handlers/create-commande.handler.ts:36:13)

  console.log
    📝 [Handler Commandes] Création d'une nouvelle commande

      at createCommande (src/routes/magasin/core/handlers/create-commande.handler.ts:19:13)

  console.log
    Corps reçu: {
      utilisateur_id: 1,
      articles: [ { article_id: 1, quantite: 1, taille: 'M' } ],
      total: 45.99
    }

      at createCommande (src/routes/magasin/core/handlers/create-commande.handler.ts:20:13)

  console.log
    Données validées par le schéma Zod: {"utilisateur_id":1,"articles":[{"article_id":1,"quantite":1,"taille":"M"}],"total":45.99,"statut":"en attente"}

      at createCommande (src/routes/magasin/core/handlers/create-commande.handler.ts:25:13)

  console.log
    🔍 [Service Magasin] Vérification doublon commande: {
      cacheKey: '1-45.99-[{"id":1,"taille":"M","quantite":1}]...',
      utilisateur_id: 1,
      total: 45.99,
      nbArticles: 1
    }

      at creerCommande (src/routes/magasin/core/services/magasin.service.ts:325:11)

  console.log
    ⚠️ [Service Magasin] Commande identique détectée, attente... { delaiDepuisCommande: '895ms' }

      at creerCommande (src/routes/magasin/core/services/magasin.service.ts:339:15)

  console.log
    ✅ [Service Magasin] Première commande terminée, retour du même résultat

      at creerCommande (src/routes/magasin/core/services/magasin.service.ts:349:17)

  console.log
    ✅ [Handler Commandes] Commande créée avec succès: {
      unique_id: 'CMD-001-1770238459638-3C18B15D',
      numero_commande: 'CMD-000001',
      isDuplicate: true
    }

      at createCommande (src/routes/magasin/core/handlers/create-commande.handler.ts:36:13)

  console.log
    📝 [Handler Commandes] Création d'une nouvelle commande

      at createCommande (src/routes/magasin/core/handlers/create-commande.handler.ts:19:13)

  console.log
    Corps reçu: {
      utilisateur_id: 1,
      articles: [ { article_id: 1, quantite: 1, taille: 'M' } ],
      total: 45.99
    }

      at createCommande (src/routes/magasin/core/handlers/create-commande.handler.ts:20:13)

  console.log
    Données validées par le schéma Zod: {"utilisateur_id":1,"articles":[{"article_id":1,"quantite":1,"taille":"M"}],"total":45.99,"statut":"en attente"}

      at createCommande (src/routes/magasin/core/handlers/create-commande.handler.ts:25:13)

  console.log
    🔍 [Service Magasin] Vérification doublon commande: {
      cacheKey: '1-45.99-[{"id":1,"taille":"M","quantite":1}]...',
      utilisateur_id: 1,
      total: 45.99,
      nbArticles: 1
    }

      at creerCommande (src/routes/magasin/core/services/magasin.service.ts:325:11)

  console.log
    ⚠️ [Service Magasin] Commande identique détectée, attente... { delaiDepuisCommande: '898ms' }

      at creerCommande (src/routes/magasin/core/services/magasin.service.ts:339:15)

  console.log
    ✅ [Service Magasin] Première commande terminée, retour du même résultat

      at creerCommande (src/routes/magasin/core/services/magasin.service.ts:349:17)

  console.log
    ✅ [Handler Commandes] Commande créée avec succès: {
      unique_id: 'CMD-001-1770238459638-3C18B15D',
      numero_commande: 'CMD-000001',
      isDuplicate: true
    }

      at createCommande (src/routes/magasin/core/handlers/create-commande.handler.ts:36:13)

  console.log
    📝 [Handler Commandes] Création d'une nouvelle commande

      at createCommande (src/routes/magasin/core/handlers/create-commande.handler.ts:19:13)

  console.log
    Corps reçu: {
      utilisateur_id: 1,
      articles: [ { article_id: 1, quantite: 1, taille: 'M' } ],
      total: 45.99
    }

      at createCommande (src/routes/magasin/core/handlers/create-commande.handler.ts:20:13)

  console.log
    Données validées par le schéma Zod: {"utilisateur_id":1,"articles":[{"article_id":1,"quantite":1,"taille":"M"}],"total":45.99,"statut":"en attente"}

      at createCommande (src/routes/magasin/core/handlers/create-commande.handler.ts:25:13)

  console.log
    🔍 [Service Magasin] Vérification doublon commande: {
      cacheKey: '1-45.99-[{"id":1,"taille":"M","quantite":1}]...',
      utilisateur_id: 1,
      total: 45.99,
      nbArticles: 1
    }

      at creerCommande (src/routes/magasin/core/services/magasin.service.ts:325:11)

  console.log
    ⚠️ [Service Magasin] Commande identique détectée, attente... { delaiDepuisCommande: '900ms' }

      at creerCommande (src/routes/magasin/core/services/magasin.service.ts:339:15)

  console.log
    ✅ [Service Magasin] Première commande terminée, retour du même résultat

      at creerCommande (src/routes/magasin/core/services/magasin.service.ts:349:17)

  console.log
    ✅ [Handler Commandes] Commande créée avec succès: {
      unique_id: 'CMD-001-1770238459638-3C18B15D',
      numero_commande: 'CMD-000001',
      isDuplicate: true
    }

      at createCommande (src/routes/magasin/core/handlers/create-commande.handler.ts:36:13)

  console.log
    📝 [Handler Commandes] Création d'une nouvelle commande

      at createCommande (src/routes/magasin/core/handlers/create-commande.handler.ts:19:13)

  console.log
    Corps reçu: {
      utilisateur_id: 1,
      articles: [ { article_id: 1, quantite: 1, taille: 'M' } ],
      total: 45.99
    }

      at createCommande (src/routes/magasin/core/handlers/create-commande.handler.ts:20:13)

  console.log
    Données validées par le schéma Zod: {"utilisateur_id":1,"articles":[{"article_id":1,"quantite":1,"taille":"M"}],"total":45.99,"statut":"en attente"}

      at createCommande (src/routes/magasin/core/handlers/create-commande.handler.ts:25:13)

  console.log
    🔍 [Service Magasin] Vérification doublon commande: {
      cacheKey: '1-45.99-[{"id":1,"taille":"M","quantite":1}]...',
      utilisateur_id: 1,
      total: 45.99,
      nbArticles: 1
    }

      at creerCommande (src/routes/magasin/core/services/magasin.service.ts:325:11)

  console.log
    ⚠️ [Service Magasin] Commande identique détectée, attente... { delaiDepuisCommande: '903ms' }

      at creerCommande (src/routes/magasin/core/services/magasin.service.ts:339:15)

  console.log
    ✅ [Service Magasin] Première commande terminée, retour du même résultat

      at creerCommande (src/routes/magasin/core/services/magasin.service.ts:349:17)

  console.log
    ✅ [Handler Commandes] Commande créée avec succès: {
      unique_id: 'CMD-001-1770238459638-3C18B15D',
      numero_commande: 'CMD-000001',
      isDuplicate: true
    }

      at createCommande (src/routes/magasin/core/handlers/create-commande.handler.ts:36:13)

  console.log
    📝 [Handler Commandes] Création d'une nouvelle commande

      at createCommande (src/routes/magasin/core/handlers/create-commande.handler.ts:19:13)

  console.log
    Corps reçu: {
      utilisateur_id: 1,
      articles: [ { article_id: 1, quantite: 1, taille: 'M' } ],
      total: 45.99
    }

      at createCommande (src/routes/magasin/core/handlers/create-commande.handler.ts:20:13)

  console.log
    Données validées par le schéma Zod: {"utilisateur_id":1,"articles":[{"article_id":1,"quantite":1,"taille":"M"}],"total":45.99,"statut":"en attente"}

      at createCommande (src/routes/magasin/core/handlers/create-commande.handler.ts:25:13)

  console.log
    🔍 [Service Magasin] Vérification doublon commande: {
      cacheKey: '1-45.99-[{"id":1,"taille":"M","quantite":1}]...',
      utilisateur_id: 1,
      total: 45.99,
      nbArticles: 1
    }

      at creerCommande (src/routes/magasin/core/services/magasin.service.ts:325:11)

  console.log
    ⚠️ [Service Magasin] Commande identique détectée, attente... { delaiDepuisCommande: '905ms' }

      at creerCommande (src/routes/magasin/core/services/magasin.service.ts:339:15)

  console.log
    ✅ [Service Magasin] Première commande terminée, retour du même résultat

      at creerCommande (src/routes/magasin/core/services/magasin.service.ts:349:17)

  console.log
    ✅ [Handler Commandes] Commande créée avec succès: {
      unique_id: 'CMD-001-1770238459638-3C18B15D',
      numero_commande: 'CMD-000001',
      isDuplicate: true
    }

      at createCommande (src/routes/magasin/core/handlers/create-commande.handler.ts:36:13)

  console.log
    📝 [Handler Commandes] Création d'une nouvelle commande

      at createCommande (src/routes/magasin/core/handlers/create-commande.handler.ts:19:13)

  console.log
    Corps reçu: {
      utilisateur_id: 1,
      articles: [ { article_id: 1, quantite: 1, taille: 'M' } ],
      total: 45.99
    }

      at createCommande (src/routes/magasin/core/handlers/create-commande.handler.ts:20:13)

  console.log
    Données validées par le schéma Zod: {"utilisateur_id":1,"articles":[{"article_id":1,"quantite":1,"taille":"M"}],"total":45.99,"statut":"en attente"}

      at createCommande (src/routes/magasin/core/handlers/create-commande.handler.ts:25:13)

  console.log
    🔍 [Service Magasin] Vérification doublon commande: {
      cacheKey: '1-45.99-[{"id":1,"taille":"M","quantite":1}]...',
      utilisateur_id: 1,
      total: 45.99,
      nbArticles: 1
    }

      at creerCommande (src/routes/magasin/core/services/magasin.service.ts:325:11)

  console.log
    ⚠️ [Service Magasin] Commande identique détectée, attente... { delaiDepuisCommande: '908ms' }

      at creerCommande (src/routes/magasin/core/services/magasin.service.ts:339:15)

  console.log
    ✅ [Service Magasin] Première commande terminée, retour du même résultat

      at creerCommande (src/routes/magasin/core/services/magasin.service.ts:349:17)

  console.log
    ✅ [Handler Commandes] Commande créée avec succès: {
      unique_id: 'CMD-001-1770238459638-3C18B15D',
      numero_commande: 'CMD-000001',
      isDuplicate: true
    }

      at createCommande (src/routes/magasin/core/handlers/create-commande.handler.ts:36:13)

  console.log
    📝 [Handler Commandes] Création d'une nouvelle commande

      at createCommande (src/routes/magasin/core/handlers/create-commande.handler.ts:19:13)

  console.log
    Corps reçu: {
      utilisateur_id: 1,
      articles: [ { article_id: 1, quantite: 1, taille: 'M' } ],
      total: 45.99
    }

      at createCommande (src/routes/magasin/core/handlers/create-commande.handler.ts:20:13)

  console.log
    Données validées par le schéma Zod: {"utilisateur_id":1,"articles":[{"article_id":1,"quantite":1,"taille":"M"}],"total":45.99,"statut":"en attente"}

      at createCommande (src/routes/magasin/core/handlers/create-commande.handler.ts:25:13)

  console.log
    🔍 [Service Magasin] Vérification doublon commande: {
      cacheKey: '1-45.99-[{"id":1,"taille":"M","quantite":1}]...',
      utilisateur_id: 1,
      total: 45.99,
      nbArticles: 1
    }

      at creerCommande (src/routes/magasin/core/services/magasin.service.ts:325:11)

  console.log
    ⚠️ [Service Magasin] Commande identique détectée, attente... { delaiDepuisCommande: '910ms' }

      at creerCommande (src/routes/magasin/core/services/magasin.service.ts:339:15)

  console.log
    ✅ [Service Magasin] Première commande terminée, retour du même résultat

      at creerCommande (src/routes/magasin/core/services/magasin.service.ts:349:17)

  console.log
    ✅ [Handler Commandes] Commande créée avec succès: {
      unique_id: 'CMD-001-1770238459638-3C18B15D',
      numero_commande: 'CMD-000001',
      isDuplicate: true
    }

      at createCommande (src/routes/magasin/core/handlers/create-commande.handler.ts:36:13)

  console.log
    📝 [Handler Commandes] Création d'une nouvelle commande

      at createCommande (src/routes/magasin/core/handlers/create-commande.handler.ts:19:13)

  console.log
    Corps reçu: {
      utilisateur_id: 1,
      articles: [ { article_id: 1, quantite: 1, taille: 'M' } ],
      total: 45.99
    }

      at createCommande (src/routes/magasin/core/handlers/create-commande.handler.ts:20:13)

  console.log
    Données validées par le schéma Zod: {"utilisateur_id":1,"articles":[{"article_id":1,"quantite":1,"taille":"M"}],"total":45.99,"statut":"en attente"}

      at createCommande (src/routes/magasin/core/handlers/create-commande.handler.ts:25:13)

  console.log
    🔍 [Service Magasin] Vérification doublon commande: {
      cacheKey: '1-45.99-[{"id":1,"taille":"M","quantite":1}]...',
      utilisateur_id: 1,
      total: 45.99,
      nbArticles: 1
    }

      at creerCommande (src/routes/magasin/core/services/magasin.service.ts:325:11)

  console.log
    ⚠️ [Service Magasin] Commande identique détectée, attente... { delaiDepuisCommande: '913ms' }

      at creerCommande (src/routes/magasin/core/services/magasin.service.ts:339:15)

  console.log
    ✅ [Service Magasin] Première commande terminée, retour du même résultat

      at creerCommande (src/routes/magasin/core/services/magasin.service.ts:349:17)

  console.log
    ✅ [Handler Commandes] Commande créée avec succès: {
      unique_id: 'CMD-001-1770238459638-3C18B15D',
      numero_commande: 'CMD-000001',
      isDuplicate: true
    }

      at createCommande (src/routes/magasin/core/handlers/create-commande.handler.ts:36:13)

  console.log
    📝 [Handler Commandes] Création d'une nouvelle commande

      at createCommande (src/routes/magasin/core/handlers/create-commande.handler.ts:19:13)

  console.log
    Corps reçu: {
      utilisateur_id: 1,
      articles: [ { article_id: 1, quantite: 1, taille: 'M' } ],
      total: 45.99
    }

      at createCommande (src/routes/magasin/core/handlers/create-commande.handler.ts:20:13)

  console.log
    Données validées par le schéma Zod: {"utilisateur_id":1,"articles":[{"article_id":1,"quantite":1,"taille":"M"}],"total":45.99,"statut":"en attente"}

      at createCommande (src/routes/magasin/core/handlers/create-commande.handler.ts:25:13)

  console.log
    🔍 [Service Magasin] Vérification doublon commande: {
      cacheKey: '1-45.99-[{"id":1,"taille":"M","quantite":1}]...',
      utilisateur_id: 1,
      total: 45.99,
      nbArticles: 1
    }

      at creerCommande (src/routes/magasin/core/services/magasin.service.ts:325:11)

  console.log
    ⚠️ [Service Magasin] Commande identique détectée, attente... { delaiDepuisCommande: '915ms' }

      at creerCommande (src/routes/magasin/core/services/magasin.service.ts:339:15)

  console.log
    ✅ [Service Magasin] Première commande terminée, retour du même résultat

      at creerCommande (src/routes/magasin/core/services/magasin.service.ts:349:17)

  console.log
    ✅ [Handler Commandes] Commande créée avec succès: {
      unique_id: 'CMD-001-1770238459638-3C18B15D',
      numero_commande: 'CMD-000001',
      isDuplicate: true
    }

      at createCommande (src/routes/magasin/core/handlers/create-commande.handler.ts:36:13)

  console.log
    📝 [Handler Commandes] Création d'une nouvelle commande

      at createCommande (src/routes/magasin/core/handlers/create-commande.handler.ts:19:13)

  console.log
    Corps reçu: {
      utilisateur_id: 1,
      articles: [ { article_id: 1, quantite: 1, taille: 'M' } ],
      total: 45.99
    }

      at createCommande (src/routes/magasin/core/handlers/create-commande.handler.ts:20:13)

  console.log
    Données validées par le schéma Zod: {"utilisateur_id":1,"articles":[{"article_id":1,"quantite":1,"taille":"M"}],"total":45.99,"statut":"en attente"}

      at createCommande (src/routes/magasin/core/handlers/create-commande.handler.ts:25:13)

  console.log
    🔍 [Service Magasin] Vérification doublon commande: {
      cacheKey: '1-45.99-[{"id":1,"taille":"M","quantite":1}]...',
      utilisateur_id: 1,
      total: 45.99,
      nbArticles: 1
    }

      at creerCommande (src/routes/magasin/core/services/magasin.service.ts:325:11)

  console.log
    ⚠️ [Service Magasin] Commande identique détectée, attente... { delaiDepuisCommande: '918ms' }

      at creerCommande (src/routes/magasin/core/services/magasin.service.ts:339:15)

  console.log
    ✅ [Service Magasin] Première commande terminée, retour du même résultat

      at creerCommande (src/routes/magasin/core/services/magasin.service.ts:349:17)

  console.log
    ✅ [Handler Commandes] Commande créée avec succès: {
      unique_id: 'CMD-001-1770238459638-3C18B15D',
      numero_commande: 'CMD-000001',
      isDuplicate: true
    }

      at createCommande (src/routes/magasin/core/handlers/create-commande.handler.ts:36:13)

  console.log
    📝 [Handler Commandes] Création d'une nouvelle commande

      at createCommande (src/routes/magasin/core/handlers/create-commande.handler.ts:19:13)

  console.log
    Corps reçu: {
      utilisateur_id: 1,
      articles: [ { article_id: 1, quantite: 1, taille: 'M' } ],
      total: 45.99
    }

      at createCommande (src/routes/magasin/core/handlers/create-commande.handler.ts:20:13)

  console.log
    Données validées par le schéma Zod: {"utilisateur_id":1,"articles":[{"article_id":1,"quantite":1,"taille":"M"}],"total":45.99,"statut":"en attente"}

      at createCommande (src/routes/magasin/core/handlers/create-commande.handler.ts:25:13)

  console.log
    🔍 [Service Magasin] Vérification doublon commande: {
      cacheKey: '1-45.99-[{"id":1,"taille":"M","quantite":1}]...',
      utilisateur_id: 1,
      total: 45.99,
      nbArticles: 1
    }

      at creerCommande (src/routes/magasin/core/services/magasin.service.ts:325:11)

  console.log
    ⚠️ [Service Magasin] Commande identique détectée, attente... { delaiDepuisCommande: '920ms' }

      at creerCommande (src/routes/magasin/core/services/magasin.service.ts:339:15)

  console.log
    ✅ [Service Magasin] Première commande terminée, retour du même résultat

      at creerCommande (src/routes/magasin/core/services/magasin.service.ts:349:17)

  console.log
    ✅ [Handler Commandes] Commande créée avec succès: {
      unique_id: 'CMD-001-1770238459638-3C18B15D',
      numero_commande: 'CMD-000001',
      isDuplicate: true
    }

      at createCommande (src/routes/magasin/core/handlers/create-commande.handler.ts:36:13)

  console.log
    📝 [Handler Commandes] Création d'une nouvelle commande

      at createCommande (src/routes/magasin/core/handlers/create-commande.handler.ts:19:13)

  console.log
    Corps reçu: {
      utilisateur_id: 1,
      articles: [ { article_id: 1, quantite: 1, taille: 'M' } ],
      total: 45.99
    }

      at createCommande (src/routes/magasin/core/handlers/create-commande.handler.ts:20:13)

  console.log
    Données validées par le schéma Zod: {"utilisateur_id":1,"articles":[{"article_id":1,"quantite":1,"taille":"M"}],"total":45.99,"statut":"en attente"}

      at createCommande (src/routes/magasin/core/handlers/create-commande.handler.ts:25:13)

  console.log
    🔍 [Service Magasin] Vérification doublon commande: {
      cacheKey: '1-45.99-[{"id":1,"taille":"M","quantite":1}]...',
      utilisateur_id: 1,
      total: 45.99,
      nbArticles: 1
    }

      at creerCommande (src/routes/magasin/core/services/magasin.service.ts:325:11)

  console.log
    ⚠️ [Service Magasin] Commande identique détectée, attente... { delaiDepuisCommande: '922ms' }

      at creerCommande (src/routes/magasin/core/services/magasin.service.ts:339:15)

  console.log
    ✅ [Service Magasin] Première commande terminée, retour du même résultat

      at creerCommande (src/routes/magasin/core/services/magasin.service.ts:349:17)

  console.log
    ✅ [Handler Commandes] Commande créée avec succès: {
      unique_id: 'CMD-001-1770238459638-3C18B15D',
      numero_commande: 'CMD-000001',
      isDuplicate: true
    }

      at createCommande (src/routes/magasin/core/handlers/create-commande.handler.ts:36:13)

  console.log
    📝 [Handler Commandes] Création d'une nouvelle commande

      at createCommande (src/routes/magasin/core/handlers/create-commande.handler.ts:19:13)

  console.log
    Corps reçu: {
      utilisateur_id: 1,
      articles: [ { article_id: 1, quantite: 1, taille: 'M' } ],
      total: 45.99
    }

      at createCommande (src/routes/magasin/core/handlers/create-commande.handler.ts:20:13)

  console.log
    Données validées par le schéma Zod: {"utilisateur_id":1,"articles":[{"article_id":1,"quantite":1,"taille":"M"}],"total":45.99,"statut":"en attente"}

      at createCommande (src/routes/magasin/core/handlers/create-commande.handler.ts:25:13)

  console.log
    🔍 [Service Magasin] Vérification doublon commande: {
      cacheKey: '1-45.99-[{"id":1,"taille":"M","quantite":1}]...',
      utilisateur_id: 1,
      total: 45.99,
      nbArticles: 1
    }

      at creerCommande (src/routes/magasin/core/services/magasin.service.ts:325:11)

  console.log
    ⚠️ [Service Magasin] Commande identique détectée, attente... { delaiDepuisCommande: '923ms' }

      at creerCommande (src/routes/magasin/core/services/magasin.service.ts:339:15)

  console.log
    ✅ [Service Magasin] Première commande terminée, retour du même résultat

      at creerCommande (src/routes/magasin/core/services/magasin.service.ts:349:17)

  console.log
    ✅ [Handler Commandes] Commande créée avec succès: {
      unique_id: 'CMD-001-1770238459638-3C18B15D',
      numero_commande: 'CMD-000001',
      isDuplicate: true
    }

      at createCommande (src/routes/magasin/core/handlers/create-commande.handler.ts:36:13)

  console.log
    📝 [Handler Commandes] Création d'une nouvelle commande

      at createCommande (src/routes/magasin/core/handlers/create-commande.handler.ts:19:13)

  console.log
    Corps reçu: {
      utilisateur_id: 1,
      articles: [ { article_id: 1, quantite: 1, taille: 'M' } ],
      total: 45.99
    }

      at createCommande (src/routes/magasin/core/handlers/create-commande.handler.ts:20:13)

  console.log
    Données validées par le schéma Zod: {"utilisateur_id":1,"articles":[{"article_id":1,"quantite":1,"taille":"M"}],"total":45.99,"statut":"en attente"}

      at createCommande (src/routes/magasin/core/handlers/create-commande.handler.ts:25:13)

  console.log
    🔍 [Service Magasin] Vérification doublon commande: {
      cacheKey: '1-45.99-[{"id":1,"taille":"M","quantite":1}]...',
      utilisateur_id: 1,
      total: 45.99,
      nbArticles: 1
    }

      at creerCommande (src/routes/magasin/core/services/magasin.service.ts:325:11)

  console.log
    ⚠️ [Service Magasin] Commande identique détectée, attente... { delaiDepuisCommande: '925ms' }

      at creerCommande (src/routes/magasin/core/services/magasin.service.ts:339:15)

  console.log
    ✅ [Service Magasin] Première commande terminée, retour du même résultat

      at creerCommande (src/routes/magasin/core/services/magasin.service.ts:349:17)

  console.log
    ✅ [Handler Commandes] Commande créée avec succès: {
      unique_id: 'CMD-001-1770238459638-3C18B15D',
      numero_commande: 'CMD-000001',
      isDuplicate: true
    }

      at createCommande (src/routes/magasin/core/handlers/create-commande.handler.ts:36:13)

  console.log
    📝 [Handler Commandes] Création d'une nouvelle commande

      at createCommande (src/routes/magasin/core/handlers/create-commande.handler.ts:19:13)

  console.log
    Corps reçu: {
      utilisateur_id: 1,
      articles: [ { article_id: 1, quantite: 1, taille: 'M' } ],
      total: 45.99
    }

      at createCommande (src/routes/magasin/core/handlers/create-commande.handler.ts:20:13)

  console.log
    Données validées par le schéma Zod: {"utilisateur_id":1,"articles":[{"article_id":1,"quantite":1,"taille":"M"}],"total":45.99,"statut":"en attente"}

      at createCommande (src/routes/magasin/core/handlers/create-commande.handler.ts:25:13)

  console.log
    🔍 [Service Magasin] Vérification doublon commande: {
      cacheKey: '1-45.99-[{"id":1,"taille":"M","quantite":1}]...',
      utilisateur_id: 1,
      total: 45.99,
      nbArticles: 1
    }

      at creerCommande (src/routes/magasin/core/services/magasin.service.ts:325:11)

  console.log
    ⚠️ [Service Magasin] Commande identique détectée, attente... { delaiDepuisCommande: '926ms' }

      at creerCommande (src/routes/magasin/core/services/magasin.service.ts:339:15)

  console.log
    ✅ [Service Magasin] Première commande terminée, retour du même résultat

      at creerCommande (src/routes/magasin/core/services/magasin.service.ts:349:17)

  console.log
    ✅ [Handler Commandes] Commande créée avec succès: {
      unique_id: 'CMD-001-1770238459638-3C18B15D',
      numero_commande: 'CMD-000001',
      isDuplicate: true
    }

      at createCommande (src/routes/magasin/core/handlers/create-commande.handler.ts:36:13)

  console.log
    📝 [Handler Commandes] Création d'une nouvelle commande

      at createCommande (src/routes/magasin/core/handlers/create-commande.handler.ts:19:13)

  console.log
    Corps reçu: {
      utilisateur_id: 1,
      articles: [ { article_id: 1, quantite: 1, taille: 'M' } ],
      total: 45.99
    }

      at createCommande (src/routes/magasin/core/handlers/create-commande.handler.ts:20:13)

  console.log
    Données validées par le schéma Zod: {"utilisateur_id":1,"articles":[{"article_id":1,"quantite":1,"taille":"M"}],"total":45.99,"statut":"en attente"}

      at createCommande (src/routes/magasin/core/handlers/create-commande.handler.ts:25:13)

  console.log
    🔍 [Service Magasin] Vérification doublon commande: {
      cacheKey: '1-45.99-[{"id":1,"taille":"M","quantite":1}]...',
      utilisateur_id: 1,
      total: 45.99,
      nbArticles: 1
    }

      at creerCommande (src/routes/magasin/core/services/magasin.service.ts:325:11)

  console.log
    ⚠️ [Service Magasin] Commande identique détectée, attente... { delaiDepuisCommande: '928ms' }

      at creerCommande (src/routes/magasin/core/services/magasin.service.ts:339:15)

  console.log
    ✅ [Service Magasin] Première commande terminée, retour du même résultat

      at creerCommande (src/routes/magasin/core/services/magasin.service.ts:349:17)

  console.log
    ✅ [Handler Commandes] Commande créée avec succès: {
      unique_id: 'CMD-001-1770238459638-3C18B15D',
      numero_commande: 'CMD-000001',
      isDuplicate: true
    }

      at createCommande (src/routes/magasin/core/handlers/create-commande.handler.ts:36:13)

  console.log
    📝 [Handler Commandes] Création d'une nouvelle commande

      at createCommande (src/routes/magasin/core/handlers/create-commande.handler.ts:19:13)

  console.log
    Corps reçu: {
      utilisateur_id: 1,
      articles: [ { article_id: 1, quantite: 1, taille: 'M' } ],
      total: 45.99
    }

      at createCommande (src/routes/magasin/core/handlers/create-commande.handler.ts:20:13)

  console.log
    Données validées par le schéma Zod: {"utilisateur_id":1,"articles":[{"article_id":1,"quantite":1,"taille":"M"}],"total":45.99,"statut":"en attente"}

      at createCommande (src/routes/magasin/core/handlers/create-commande.handler.ts:25:13)

  console.log
    🔍 [Service Magasin] Vérification doublon commande: {
      cacheKey: '1-45.99-[{"id":1,"taille":"M","quantite":1}]...',
      utilisateur_id: 1,
      total: 45.99,
      nbArticles: 1
    }

      at creerCommande (src/routes/magasin/core/services/magasin.service.ts:325:11)

  console.log
    ⚠️ [Service Magasin] Commande identique détectée, attente... { delaiDepuisCommande: '930ms' }

      at creerCommande (src/routes/magasin/core/services/magasin.service.ts:339:15)

  console.log
    ✅ [Service Magasin] Première commande terminée, retour du même résultat

      at creerCommande (src/routes/magasin/core/services/magasin.service.ts:349:17)

  console.log
    ✅ [Handler Commandes] Commande créée avec succès: {
      unique_id: 'CMD-001-1770238459638-3C18B15D',
      numero_commande: 'CMD-000001',
      isDuplicate: true
    }

      at createCommande (src/routes/magasin/core/handlers/create-commande.handler.ts:36:13)

  console.log
    📝 [Handler Commandes] Création d'une nouvelle commande

      at createCommande (src/routes/magasin/core/handlers/create-commande.handler.ts:19:13)

  console.log
    Corps reçu: {
      utilisateur_id: 1,
      articles: [ { article_id: 1, quantite: 1, taille: 'M' } ],
      total: 45.99
    }

      at createCommande (src/routes/magasin/core/handlers/create-commande.handler.ts:20:13)

  console.log
    Données validées par le schéma Zod: {"utilisateur_id":1,"articles":[{"article_id":1,"quantite":1,"taille":"M"}],"total":45.99,"statut":"en attente"}

      at createCommande (src/routes/magasin/core/handlers/create-commande.handler.ts:25:13)

  console.log
    🔍 [Service Magasin] Vérification doublon commande: {
      cacheKey: '1-45.99-[{"id":1,"taille":"M","quantite":1}]...',
      utilisateur_id: 1,
      total: 45.99,
      nbArticles: 1
    }

      at creerCommande (src/routes/magasin/core/services/magasin.service.ts:325:11)

  console.log
    ⚠️ [Service Magasin] Commande identique détectée, attente... { delaiDepuisCommande: '932ms' }

      at creerCommande (src/routes/magasin/core/services/magasin.service.ts:339:15)

  console.log
    ✅ [Service Magasin] Première commande terminée, retour du même résultat

      at creerCommande (src/routes/magasin/core/services/magasin.service.ts:349:17)

  console.log
    ✅ [Handler Commandes] Commande créée avec succès: {
      unique_id: 'CMD-001-1770238459638-3C18B15D',
      numero_commande: 'CMD-000001',
      isDuplicate: true
    }

      at createCommande (src/routes/magasin/core/handlers/create-commande.handler.ts:36:13)

  console.log
    📝 [Handler Commandes] Création d'une nouvelle commande

      at createCommande (src/routes/magasin/core/handlers/create-commande.handler.ts:19:13)

  console.log
    Corps reçu: {
      utilisateur_id: 1,
      articles: [ { article_id: 1, quantite: 1, taille: 'M' } ],
      total: 45.99
    }

      at createCommande (src/routes/magasin/core/handlers/create-commande.handler.ts:20:13)

  console.log
    Données validées par le schéma Zod: {"utilisateur_id":1,"articles":[{"article_id":1,"quantite":1,"taille":"M"}],"total":45.99,"statut":"en attente"}

      at createCommande (src/routes/magasin/core/handlers/create-commande.handler.ts:25:13)

  console.log
    🔍 [Service Magasin] Vérification doublon commande: {
      cacheKey: '1-45.99-[{"id":1,"taille":"M","quantite":1}]...',
      utilisateur_id: 1,
      total: 45.99,
      nbArticles: 1
    }

      at creerCommande (src/routes/magasin/core/services/magasin.service.ts:325:11)

  console.log
    ⚠️ [Service Magasin] Commande identique détectée, attente... { delaiDepuisCommande: '936ms' }

      at creerCommande (src/routes/magasin/core/services/magasin.service.ts:339:15)

  console.log
    ✅ [Service Magasin] Première commande terminée, retour du même résultat

      at creerCommande (src/routes/magasin/core/services/magasin.service.ts:349:17)

  console.log
    ✅ [Handler Commandes] Commande créée avec succès: {
      unique_id: 'CMD-001-1770238459638-3C18B15D',
      numero_commande: 'CMD-000001',
      isDuplicate: true
    }

      at createCommande (src/routes/magasin/core/handlers/create-commande.handler.ts:36:13)

  console.log
    📝 [Handler Commandes] Création d'une nouvelle commande

      at createCommande (src/routes/magasin/core/handlers/create-commande.handler.ts:19:13)

  console.log
    Corps reçu: {
      utilisateur_id: 1,
      articles: [ { article_id: 1, quantite: 1, taille: 'M' } ],
      total: 45.99
    }

      at createCommande (src/routes/magasin/core/handlers/create-commande.handler.ts:20:13)

  console.log
    Données validées par le schéma Zod: {"utilisateur_id":1,"articles":[{"article_id":1,"quantite":1,"taille":"M"}],"total":45.99,"statut":"en attente"}

      at createCommande (src/routes/magasin/core/handlers/create-commande.handler.ts:25:13)

  console.log
    🔍 [Service Magasin] Vérification doublon commande: {
      cacheKey: '1-45.99-[{"id":1,"taille":"M","quantite":1}]...',
      utilisateur_id: 1,
      total: 45.99,
      nbArticles: 1
    }

      at creerCommande (src/routes/magasin/core/services/magasin.service.ts:325:11)

  console.log
    ⚠️ [Service Magasin] Commande identique détectée, attente... { delaiDepuisCommande: '938ms' }

      at creerCommande (src/routes/magasin/core/services/magasin.service.ts:339:15)

  console.log
    ✅ [Service Magasin] Première commande terminée, retour du même résultat

      at creerCommande (src/routes/magasin/core/services/magasin.service.ts:349:17)

  console.log
    ✅ [Handler Commandes] Commande créée avec succès: {
      unique_id: 'CMD-001-1770238459638-3C18B15D',
      numero_commande: 'CMD-000001',
      isDuplicate: true
    }

      at createCommande (src/routes/magasin/core/handlers/create-commande.handler.ts:36:13)

  console.log
    📝 [Handler Commandes] Création d'une nouvelle commande

      at createCommande (src/routes/magasin/core/handlers/create-commande.handler.ts:19:13)

  console.log
    Corps reçu: {
      utilisateur_id: 1,
      articles: [ { article_id: 1, quantite: 1, taille: 'M' } ],
      total: 45.99
    }

      at createCommande (src/routes/magasin/core/handlers/create-commande.handler.ts:20:13)

  console.log
    Données validées par le schéma Zod: {"utilisateur_id":1,"articles":[{"article_id":1,"quantite":1,"taille":"M"}],"total":45.99,"statut":"en attente"}

      at createCommande (src/routes/magasin/core/handlers/create-commande.handler.ts:25:13)

  console.log
    🔍 [Service Magasin] Vérification doublon commande: {
      cacheKey: '1-45.99-[{"id":1,"taille":"M","quantite":1}]...',
      utilisateur_id: 1,
      total: 45.99,
      nbArticles: 1
    }

      at creerCommande (src/routes/magasin/core/services/magasin.service.ts:325:11)

  console.log
    ⚠️ [Service Magasin] Commande identique détectée, attente... { delaiDepuisCommande: '941ms' }

      at creerCommande (src/routes/magasin/core/services/magasin.service.ts:339:15)

  console.log
    ✅ [Service Magasin] Première commande terminée, retour du même résultat

      at creerCommande (src/routes/magasin/core/services/magasin.service.ts:349:17)

  console.log
    ✅ [Handler Commandes] Commande créée avec succès: {
      unique_id: 'CMD-001-1770238459638-3C18B15D',
      numero_commande: 'CMD-000001',
      isDuplicate: true
    }

      at createCommande (src/routes/magasin/core/handlers/create-commande.handler.ts:36:13)

  console.log
    📝 [Handler Commandes] Création d'une nouvelle commande

      at createCommande (src/routes/magasin/core/handlers/create-commande.handler.ts:19:13)

  console.log
    Corps reçu: {
      utilisateur_id: 1,
      articles: [ { article_id: 1, quantite: 1, taille: 'M' } ],
      total: 45.99
    }

      at createCommande (src/routes/magasin/core/handlers/create-commande.handler.ts:20:13)

  console.log
    Données validées par le schéma Zod: {"utilisateur_id":1,"articles":[{"article_id":1,"quantite":1,"taille":"M"}],"total":45.99,"statut":"en attente"}

      at createCommande (src/routes/magasin/core/handlers/create-commande.handler.ts:25:13)

  console.log
    🔍 [Service Magasin] Vérification doublon commande: {
      cacheKey: '1-45.99-[{"id":1,"taille":"M","quantite":1}]...',
      utilisateur_id: 1,
      total: 45.99,
      nbArticles: 1
    }

      at creerCommande (src/routes/magasin/core/services/magasin.service.ts:325:11)

  console.log
    ⚠️ [Service Magasin] Commande identique détectée, attente... { delaiDepuisCommande: '943ms' }

      at creerCommande (src/routes/magasin/core/services/magasin.service.ts:339:15)

  console.log
    ✅ [Service Magasin] Première commande terminée, retour du même résultat

      at creerCommande (src/routes/magasin/core/services/magasin.service.ts:349:17)

  console.log
    ✅ [Handler Commandes] Commande créée avec succès: {
      unique_id: 'CMD-001-1770238459638-3C18B15D',
      numero_commande: 'CMD-000001',
      isDuplicate: true
    }

      at createCommande (src/routes/magasin/core/handlers/create-commande.handler.ts:36:13)

  console.log
    📝 [Handler Commandes] Création d'une nouvelle commande

      at createCommande (src/routes/magasin/core/handlers/create-commande.handler.ts:19:13)

  console.log
    Corps reçu: {
      utilisateur_id: 1,
      articles: [ { article_id: 1, quantite: 1, taille: 'M' } ],
      total: 45.99
    }

      at createCommande (src/routes/magasin/core/handlers/create-commande.handler.ts:20:13)

  console.log
    Données validées par le schéma Zod: {"utilisateur_id":1,"articles":[{"article_id":1,"quantite":1,"taille":"M"}],"total":45.99,"statut":"en attente"}

      at createCommande (src/routes/magasin/core/handlers/create-commande.handler.ts:25:13)

  console.log
    🔍 [Service Magasin] Vérification doublon commande: {
      cacheKey: '1-45.99-[{"id":1,"taille":"M","quantite":1}]...',
      utilisateur_id: 1,
      total: 45.99,
      nbArticles: 1
    }

      at creerCommande (src/routes/magasin/core/services/magasin.service.ts:325:11)

  console.log
    ⚠️ [Service Magasin] Commande identique détectée, attente... { delaiDepuisCommande: '945ms' }

      at creerCommande (src/routes/magasin/core/services/magasin.service.ts:339:15)

  console.log
    ✅ [Service Magasin] Première commande terminée, retour du même résultat

      at creerCommande (src/routes/magasin/core/services/magasin.service.ts:349:17)

  console.log
    ✅ [Handler Commandes] Commande créée avec succès: {
      unique_id: 'CMD-001-1770238459638-3C18B15D',
      numero_commande: 'CMD-000001',
      isDuplicate: true
    }

      at createCommande (src/routes/magasin/core/handlers/create-commande.handler.ts:36:13)

  console.log
    📝 [Handler Commandes] Création d'une nouvelle commande

      at createCommande (src/routes/magasin/core/handlers/create-commande.handler.ts:19:13)

  console.log
    Corps reçu: {
      utilisateur_id: 1,
      articles: [ { article_id: 1, quantite: 1, taille: 'M' } ],
      total: 45.99
    }

      at createCommande (src/routes/magasin/core/handlers/create-commande.handler.ts:20:13)

  console.log
    Données validées par le schéma Zod: {"utilisateur_id":1,"articles":[{"article_id":1,"quantite":1,"taille":"M"}],"total":45.99,"statut":"en attente"}

      at createCommande (src/routes/magasin/core/handlers/create-commande.handler.ts:25:13)

  console.log
    🔍 [Service Magasin] Vérification doublon commande: {
      cacheKey: '1-45.99-[{"id":1,"taille":"M","quantite":1}]...',
      utilisateur_id: 1,
      total: 45.99,
      nbArticles: 1
    }

      at creerCommande (src/routes/magasin/core/services/magasin.service.ts:325:11)

  console.log
    ⚠️ [Service Magasin] Commande identique détectée, attente... { delaiDepuisCommande: '947ms' }

      at creerCommande (src/routes/magasin/core/services/magasin.service.ts:339:15)

  console.log
    ✅ [Service Magasin] Première commande terminée, retour du même résultat

      at creerCommande (src/routes/magasin/core/services/magasin.service.ts:349:17)

  console.log
    ✅ [Handler Commandes] Commande créée avec succès: {
      unique_id: 'CMD-001-1770238459638-3C18B15D',
      numero_commande: 'CMD-000001',
      isDuplicate: true
    }

      at createCommande (src/routes/magasin/core/handlers/create-commande.handler.ts:36:13)

  console.log
    📝 [Handler Commandes] Création d'une nouvelle commande

      at createCommande (src/routes/magasin/core/handlers/create-commande.handler.ts:19:13)

  console.log
    Corps reçu: {
      utilisateur_id: 1,
      articles: [ { article_id: 1, quantite: 1, taille: 'M' } ],
      total: 45.99
    }

      at createCommande (src/routes/magasin/core/handlers/create-commande.handler.ts:20:13)

  console.log
    Données validées par le schéma Zod: {"utilisateur_id":1,"articles":[{"article_id":1,"quantite":1,"taille":"M"}],"total":45.99,"statut":"en attente"}

      at createCommande (src/routes/magasin/core/handlers/create-commande.handler.ts:25:13)

  console.log
    🔍 [Service Magasin] Vérification doublon commande: {
      cacheKey: '1-45.99-[{"id":1,"taille":"M","quantite":1}]...',
      utilisateur_id: 1,
      total: 45.99,
      nbArticles: 1
    }

      at creerCommande (src/routes/magasin/core/services/magasin.service.ts:325:11)

  console.log
    ⚠️ [Service Magasin] Commande identique détectée, attente... { delaiDepuisCommande: '949ms' }

      at creerCommande (src/routes/magasin/core/services/magasin.service.ts:339:15)

  console.log
    ✅ [Service Magasin] Première commande terminée, retour du même résultat

      at creerCommande (src/routes/magasin/core/services/magasin.service.ts:349:17)

  console.log
    ✅ [Handler Commandes] Commande créée avec succès: {
      unique_id: 'CMD-001-1770238459638-3C18B15D',
      numero_commande: 'CMD-000001',
      isDuplicate: true
    }

      at createCommande (src/routes/magasin/core/handlers/create-commande.handler.ts:36:13)

  console.log
    📝 [Handler Commandes] Création d'une nouvelle commande

      at createCommande (src/routes/magasin/core/handlers/create-commande.handler.ts:19:13)

  console.log
    Corps reçu: {
      utilisateur_id: 1,
      articles: [ { article_id: 1, quantite: 1, taille: 'M' } ],
      total: 45.99
    }

      at createCommande (src/routes/magasin/core/handlers/create-commande.handler.ts:20:13)

  console.log
    Données validées par le schéma Zod: {"utilisateur_id":1,"articles":[{"article_id":1,"quantite":1,"taille":"M"}],"total":45.99,"statut":"en attente"}

      at createCommande (src/routes/magasin/core/handlers/create-commande.handler.ts:25:13)

  console.log
    🔍 [Service Magasin] Vérification doublon commande: {
      cacheKey: '1-45.99-[{"id":1,"taille":"M","quantite":1}]...',
      utilisateur_id: 1,
      total: 45.99,
      nbArticles: 1
    }

      at creerCommande (src/routes/magasin/core/services/magasin.service.ts:325:11)

  console.log
    ⚠️ [Service Magasin] Commande identique détectée, attente... { delaiDepuisCommande: '951ms' }

      at creerCommande (src/routes/magasin/core/services/magasin.service.ts:339:15)

  console.log
    ✅ [Service Magasin] Première commande terminée, retour du même résultat

      at creerCommande (src/routes/magasin/core/services/magasin.service.ts:349:17)

  console.log
    ✅ [Handler Commandes] Commande créée avec succès: {
      unique_id: 'CMD-001-1770238459638-3C18B15D',
      numero_commande: 'CMD-000001',
      isDuplicate: true
    }

      at createCommande (src/routes/magasin/core/handlers/create-commande.handler.ts:36:13)

  console.log
    📝 [Handler Commandes] Création d'une nouvelle commande

      at createCommande (src/routes/magasin/core/handlers/create-commande.handler.ts:19:13)

  console.log
    Corps reçu: {
      utilisateur_id: 1,
      articles: [ { article_id: 1, quantite: 1, taille: 'M' } ],
      total: 45.99
    }

      at createCommande (src/routes/magasin/core/handlers/create-commande.handler.ts:20:13)

  console.log
    Données validées par le schéma Zod: {"utilisateur_id":1,"articles":[{"article_id":1,"quantite":1,"taille":"M"}],"total":45.99,"statut":"en attente"}

      at createCommande (src/routes/magasin/core/handlers/create-commande.handler.ts:25:13)

  console.log
    🔍 [Service Magasin] Vérification doublon commande: {
      cacheKey: '1-45.99-[{"id":1,"taille":"M","quantite":1}]...',
      utilisateur_id: 1,
      total: 45.99,
      nbArticles: 1
    }

      at creerCommande (src/routes/magasin/core/services/magasin.service.ts:325:11)

  console.log
    ⚠️ [Service Magasin] Commande identique détectée, attente... { delaiDepuisCommande: '953ms' }

      at creerCommande (src/routes/magasin/core/services/magasin.service.ts:339:15)

  console.log
    ✅ [Service Magasin] Première commande terminée, retour du même résultat

      at creerCommande (src/routes/magasin/core/services/magasin.service.ts:349:17)

  console.log
    ✅ [Handler Commandes] Commande créée avec succès: {
      unique_id: 'CMD-001-1770238459638-3C18B15D',
      numero_commande: 'CMD-000001',
      isDuplicate: true
    }

      at createCommande (src/routes/magasin/core/handlers/create-commande.handler.ts:36:13)

  console.log
    📝 [Handler Commandes] Création d'une nouvelle commande

      at createCommande (src/routes/magasin/core/handlers/create-commande.handler.ts:19:13)

  console.log
    Corps reçu: {
      utilisateur_id: 1,
      articles: [ { article_id: 1, quantite: 1, taille: 'M' } ],
      total: 45.99
    }

      at createCommande (src/routes/magasin/core/handlers/create-commande.handler.ts:20:13)

  console.log
    Données validées par le schéma Zod: {"utilisateur_id":1,"articles":[{"article_id":1,"quantite":1,"taille":"M"}],"total":45.99,"statut":"en attente"}

      at createCommande (src/routes/magasin/core/handlers/create-commande.handler.ts:25:13)

  console.log
    🔍 [Service Magasin] Vérification doublon commande: {
      cacheKey: '1-45.99-[{"id":1,"taille":"M","quantite":1}]...',
      utilisateur_id: 1,
      total: 45.99,
      nbArticles: 1
    }

      at creerCommande (src/routes/magasin/core/services/magasin.service.ts:325:11)

  console.log
    ⚠️ [Service Magasin] Commande identique détectée, attente... { delaiDepuisCommande: '955ms' }

      at creerCommande (src/routes/magasin/core/services/magasin.service.ts:339:15)

  console.log
    ✅ [Service Magasin] Première commande terminée, retour du même résultat

      at creerCommande (src/routes/magasin/core/services/magasin.service.ts:349:17)

  console.log
    ✅ [Handler Commandes] Commande créée avec succès: {
      unique_id: 'CMD-001-1770238459638-3C18B15D',
      numero_commande: 'CMD-000001',
      isDuplicate: true
    }

      at createCommande (src/routes/magasin/core/handlers/create-commande.handler.ts:36:13)

  console.log
    📝 [Handler Commandes] Création d'une nouvelle commande

      at createCommande (src/routes/magasin/core/handlers/create-commande.handler.ts:19:13)

  console.log
    Corps reçu: {
      utilisateur_id: 1,
      articles: [ { article_id: 1, quantite: 1, taille: 'M' } ],
      total: 45.99
    }

      at createCommande (src/routes/magasin/core/handlers/create-commande.handler.ts:20:13)

  console.log
    Données validées par le schéma Zod: {"utilisateur_id":1,"articles":[{"article_id":1,"quantite":1,"taille":"M"}],"total":45.99,"statut":"en attente"}

      at createCommande (src/routes/magasin/core/handlers/create-commande.handler.ts:25:13)

  console.log
    🔍 [Service Magasin] Vérification doublon commande: {
      cacheKey: '1-45.99-[{"id":1,"taille":"M","quantite":1}]...',
      utilisateur_id: 1,
      total: 45.99,
      nbArticles: 1
    }

      at creerCommande (src/routes/magasin/core/services/magasin.service.ts:325:11)

  console.log
    ⚠️ [Service Magasin] Commande identique détectée, attente... { delaiDepuisCommande: '956ms' }

      at creerCommande (src/routes/magasin/core/services/magasin.service.ts:339:15)

  console.log
    ✅ [Service Magasin] Première commande terminée, retour du même résultat

      at creerCommande (src/routes/magasin/core/services/magasin.service.ts:349:17)

  console.log
    ✅ [Handler Commandes] Commande créée avec succès: {
      unique_id: 'CMD-001-1770238459638-3C18B15D',
      numero_commande: 'CMD-000001',
      isDuplicate: true
    }

      at createCommande (src/routes/magasin/core/handlers/create-commande.handler.ts:36:13)

  console.log
    📝 [Handler Commandes] Création d'une nouvelle commande

      at createCommande (src/routes/magasin/core/handlers/create-commande.handler.ts:19:13)

  console.log
    Corps reçu: {
      utilisateur_id: 1,
      articles: [ { article_id: 1, quantite: 1, taille: 'M' } ],
      total: 45.99
    }

      at createCommande (src/routes/magasin/core/handlers/create-commande.handler.ts:20:13)

  console.log
    Données validées par le schéma Zod: {"utilisateur_id":1,"articles":[{"article_id":1,"quantite":1,"taille":"M"}],"total":45.99,"statut":"en attente"}

      at createCommande (src/routes/magasin/core/handlers/create-commande.handler.ts:25:13)

  console.log
    🔍 [Service Magasin] Vérification doublon commande: {
      cacheKey: '1-45.99-[{"id":1,"taille":"M","quantite":1}]...',
      utilisateur_id: 1,
      total: 45.99,
      nbArticles: 1
    }

      at creerCommande (src/routes/magasin/core/services/magasin.service.ts:325:11)

  console.log
    ⚠️ [Service Magasin] Commande identique détectée, attente... { delaiDepuisCommande: '958ms' }

      at creerCommande (src/routes/magasin/core/services/magasin.service.ts:339:15)

  console.log
    ✅ [Service Magasin] Première commande terminée, retour du même résultat

      at creerCommande (src/routes/magasin/core/services/magasin.service.ts:349:17)

  console.log
    ✅ [Handler Commandes] Commande créée avec succès: {
      unique_id: 'CMD-001-1770238459638-3C18B15D',
      numero_commande: 'CMD-000001',
      isDuplicate: true
    }

      at createCommande (src/routes/magasin/core/handlers/create-commande.handler.ts:36:13)

  console.log
    📝 [Handler Commandes] Création d'une nouvelle commande

      at createCommande (src/routes/magasin/core/handlers/create-commande.handler.ts:19:13)

  console.log
    Corps reçu: {
      utilisateur_id: 1,
      articles: [ { article_id: 1, quantite: 1, taille: 'M' } ],
      total: 45.99
    }

      at createCommande (src/routes/magasin/core/handlers/create-commande.handler.ts:20:13)

  console.log
    Données validées par le schéma Zod: {"utilisateur_id":1,"articles":[{"article_id":1,"quantite":1,"taille":"M"}],"total":45.99,"statut":"en attente"}

      at createCommande (src/routes/magasin/core/handlers/create-commande.handler.ts:25:13)

  console.log
    🔍 [Service Magasin] Vérification doublon commande: {
      cacheKey: '1-45.99-[{"id":1,"taille":"M","quantite":1}]...',
      utilisateur_id: 1,
      total: 45.99,
      nbArticles: 1
    }

      at creerCommande (src/routes/magasin/core/services/magasin.service.ts:325:11)

  console.log
    ⚠️ [Service Magasin] Commande identique détectée, attente... { delaiDepuisCommande: '960ms' }

      at creerCommande (src/routes/magasin/core/services/magasin.service.ts:339:15)

  console.log
    ✅ [Service Magasin] Première commande terminée, retour du même résultat

      at creerCommande (src/routes/magasin/core/services/magasin.service.ts:349:17)

  console.log
    ✅ [Handler Commandes] Commande créée avec succès: {
      unique_id: 'CMD-001-1770238459638-3C18B15D',
      numero_commande: 'CMD-000001',
      isDuplicate: true
    }

      at createCommande (src/routes/magasin/core/handlers/create-commande.handler.ts:36:13)

  console.log
    📝 [Handler Commandes] Création d'une nouvelle commande

      at createCommande (src/routes/magasin/core/handlers/create-commande.handler.ts:19:13)

  console.log
    Corps reçu: {
      utilisateur_id: 1,
      articles: [ { article_id: 1, quantite: 1, taille: 'M' } ],
      total: 45.99
    }

      at createCommande (src/routes/magasin/core/handlers/create-commande.handler.ts:20:13)

  console.log
    Données validées par le schéma Zod: {"utilisateur_id":1,"articles":[{"article_id":1,"quantite":1,"taille":"M"}],"total":45.99,"statut":"en attente"}

      at createCommande (src/routes/magasin/core/handlers/create-commande.handler.ts:25:13)

  console.log
    🔍 [Service Magasin] Vérification doublon commande: {
      cacheKey: '1-45.99-[{"id":1,"taille":"M","quantite":1}]...',
      utilisateur_id: 1,
      total: 45.99,
      nbArticles: 1
    }

      at creerCommande (src/routes/magasin/core/services/magasin.service.ts:325:11)

  console.log
    ⚠️ [Service Magasin] Commande identique détectée, attente... { delaiDepuisCommande: '962ms' }

      at creerCommande (src/routes/magasin/core/services/magasin.service.ts:339:15)

  console.log
    ✅ [Service Magasin] Première commande terminée, retour du même résultat

      at creerCommande (src/routes/magasin/core/services/magasin.service.ts:349:17)

  console.log
    ✅ [Handler Commandes] Commande créée avec succès: {
      unique_id: 'CMD-001-1770238459638-3C18B15D',
      numero_commande: 'CMD-000001',
      isDuplicate: true
    }

      at createCommande (src/routes/magasin/core/handlers/create-commande.handler.ts:36:13)

  console.log
    📝 [Handler Commandes] Création d'une nouvelle commande

      at createCommande (src/routes/magasin/core/handlers/create-commande.handler.ts:19:13)

  console.log
    Corps reçu: {
      utilisateur_id: 1,
      articles: [ { article_id: 1, quantite: 1, taille: 'M' } ],
      total: 45.99
    }

      at createCommande (src/routes/magasin/core/handlers/create-commande.handler.ts:20:13)

  console.log
    Données validées par le schéma Zod: {"utilisateur_id":1,"articles":[{"article_id":1,"quantite":1,"taille":"M"}],"total":45.99,"statut":"en attente"}

      at createCommande (src/routes/magasin/core/handlers/create-commande.handler.ts:25:13)

  console.log
    🔍 [Service Magasin] Vérification doublon commande: {
      cacheKey: '1-45.99-[{"id":1,"taille":"M","quantite":1}]...',
      utilisateur_id: 1,
      total: 45.99,
      nbArticles: 1
    }

      at creerCommande (src/routes/magasin/core/services/magasin.service.ts:325:11)

  console.log
    ⚠️ [Service Magasin] Commande identique détectée, attente... { delaiDepuisCommande: '964ms' }

      at creerCommande (src/routes/magasin/core/services/magasin.service.ts:339:15)

  console.log
    ✅ [Service Magasin] Première commande terminée, retour du même résultat

      at creerCommande (src/routes/magasin/core/services/magasin.service.ts:349:17)

  console.log
    ✅ [Handler Commandes] Commande créée avec succès: {
      unique_id: 'CMD-001-1770238459638-3C18B15D',
      numero_commande: 'CMD-000001',
      isDuplicate: true
    }

      at createCommande (src/routes/magasin/core/handlers/create-commande.handler.ts:36:13)

  console.log
    📝 [Handler Commandes] Création d'une nouvelle commande

      at createCommande (src/routes/magasin/core/handlers/create-commande.handler.ts:19:13)

  console.log
    Corps reçu: {
      utilisateur_id: 1,
      articles: [ { article_id: 1, quantite: 1, taille: 'M' } ],
      total: 45.99
    }

      at createCommande (src/routes/magasin/core/handlers/create-commande.handler.ts:20:13)

  console.log
    Données validées par le schéma Zod: {"utilisateur_id":1,"articles":[{"article_id":1,"quantite":1,"taille":"M"}],"total":45.99,"statut":"en attente"}

      at createCommande (src/routes/magasin/core/handlers/create-commande.handler.ts:25:13)

  console.log
    🔍 [Service Magasin] Vérification doublon commande: {
      cacheKey: '1-45.99-[{"id":1,"taille":"M","quantite":1}]...',
      utilisateur_id: 1,
      total: 45.99,
      nbArticles: 1
    }

      at creerCommande (src/routes/magasin/core/services/magasin.service.ts:325:11)

  console.log
    ⚠️ [Service Magasin] Commande identique détectée, attente... { delaiDepuisCommande: '965ms' }

      at creerCommande (src/routes/magasin/core/services/magasin.service.ts:339:15)

  console.log
    ✅ [Service Magasin] Première commande terminée, retour du même résultat

      at creerCommande (src/routes/magasin/core/services/magasin.service.ts:349:17)

  console.log
    ✅ [Handler Commandes] Commande créée avec succès: {
      unique_id: 'CMD-001-1770238459638-3C18B15D',
      numero_commande: 'CMD-000001',
      isDuplicate: true
    }

      at createCommande (src/routes/magasin/core/handlers/create-commande.handler.ts:36:13)

  console.log
    📝 [Handler Commandes] Création d'une nouvelle commande

      at createCommande (src/routes/magasin/core/handlers/create-commande.handler.ts:19:13)

  console.log
    Corps reçu: {
      utilisateur_id: 1,
      articles: [ { article_id: 1, quantite: 1, taille: 'M' } ],
      total: 45.99
    }

      at createCommande (src/routes/magasin/core/handlers/create-commande.handler.ts:20:13)

  console.log
    Données validées par le schéma Zod: {"utilisateur_id":1,"articles":[{"article_id":1,"quantite":1,"taille":"M"}],"total":45.99,"statut":"en attente"}

      at createCommande (src/routes/magasin/core/handlers/create-commande.handler.ts:25:13)

  console.log
    🔍 [Service Magasin] Vérification doublon commande: {
      cacheKey: '1-45.99-[{"id":1,"taille":"M","quantite":1}]...',
      utilisateur_id: 1,
      total: 45.99,
      nbArticles: 1
    }

      at creerCommande (src/routes/magasin/core/services/magasin.service.ts:325:11)

  console.log
    ⚠️ [Service Magasin] Commande identique détectée, attente... { delaiDepuisCommande: '967ms' }

      at creerCommande (src/routes/magasin/core/services/magasin.service.ts:339:15)

  console.log
    ✅ [Service Magasin] Première commande terminée, retour du même résultat

      at creerCommande (src/routes/magasin/core/services/magasin.service.ts:349:17)

  console.log
    ✅ [Handler Commandes] Commande créée avec succès: {
      unique_id: 'CMD-001-1770238459638-3C18B15D',
      numero_commande: 'CMD-000001',
      isDuplicate: true
    }

      at createCommande (src/routes/magasin/core/handlers/create-commande.handler.ts:36:13)

  console.log
    📝 [Handler Commandes] Création d'une nouvelle commande

      at createCommande (src/routes/magasin/core/handlers/create-commande.handler.ts:19:13)

  console.log
    Corps reçu: {
      utilisateur_id: 1,
      articles: [ { article_id: 1, quantite: 1, taille: 'M' } ],
      total: 45.99
    }

      at createCommande (src/routes/magasin/core/handlers/create-commande.handler.ts:20:13)

  console.log
    Données validées par le schéma Zod: {"utilisateur_id":1,"articles":[{"article_id":1,"quantite":1,"taille":"M"}],"total":45.99,"statut":"en attente"}

      at createCommande (src/routes/magasin/core/handlers/create-commande.handler.ts:25:13)

  console.log
    🔍 [Service Magasin] Vérification doublon commande: {
      cacheKey: '1-45.99-[{"id":1,"taille":"M","quantite":1}]...',
      utilisateur_id: 1,
      total: 45.99,
      nbArticles: 1
    }

      at creerCommande (src/routes/magasin/core/services/magasin.service.ts:325:11)

  console.log
    ⚠️ [Service Magasin] Commande identique détectée, attente... { delaiDepuisCommande: '969ms' }

      at creerCommande (src/routes/magasin/core/services/magasin.service.ts:339:15)

  console.log
    ✅ [Service Magasin] Première commande terminée, retour du même résultat

      at creerCommande (src/routes/magasin/core/services/magasin.service.ts:349:17)

  console.log
    ✅ [Handler Commandes] Commande créée avec succès: {
      unique_id: 'CMD-001-1770238459638-3C18B15D',
      numero_commande: 'CMD-000001',
      isDuplicate: true
    }

      at createCommande (src/routes/magasin/core/handlers/create-commande.handler.ts:36:13)

  console.log
    📝 [Handler Commandes] Création d'une nouvelle commande

      at createCommande (src/routes/magasin/core/handlers/create-commande.handler.ts:19:13)

  console.log
    Corps reçu: {
      utilisateur_id: 1,
      articles: [ { article_id: 1, quantite: 1, taille: 'M' } ],
      total: 45.99
    }

      at createCommande (src/routes/magasin/core/handlers/create-commande.handler.ts:20:13)

  console.log
    Données validées par le schéma Zod: {"utilisateur_id":1,"articles":[{"article_id":1,"quantite":1,"taille":"M"}],"total":45.99,"statut":"en attente"}

      at createCommande (src/routes/magasin/core/handlers/create-commande.handler.ts:25:13)

  console.log
    🔍 [Service Magasin] Vérification doublon commande: {
      cacheKey: '1-45.99-[{"id":1,"taille":"M","quantite":1}]...',
      utilisateur_id: 1,
      total: 45.99,
      nbArticles: 1
    }

      at creerCommande (src/routes/magasin/core/services/magasin.service.ts:325:11)

  console.log
    ⚠️ [Service Magasin] Commande identique détectée, attente... { delaiDepuisCommande: '972ms' }

      at creerCommande (src/routes/magasin/core/services/magasin.service.ts:339:15)

  console.log
    ✅ [Service Magasin] Première commande terminée, retour du même résultat

      at creerCommande (src/routes/magasin/core/services/magasin.service.ts:349:17)

  console.log
    ✅ [Handler Commandes] Commande créée avec succès: {
      unique_id: 'CMD-001-1770238459638-3C18B15D',
      numero_commande: 'CMD-000001',
      isDuplicate: true
    }

      at createCommande (src/routes/magasin/core/handlers/create-commande.handler.ts:36:13)

  console.log
    📝 [Handler Commandes] Création d'une nouvelle commande

      at createCommande (src/routes/magasin/core/handlers/create-commande.handler.ts:19:13)

  console.log
    Corps reçu: {
      utilisateur_id: 1,
      articles: [ { article_id: 1, quantite: 1, taille: 'M' } ],
      total: 45.99
    }

      at createCommande (src/routes/magasin/core/handlers/create-commande.handler.ts:20:13)

  console.log
    Données validées par le schéma Zod: {"utilisateur_id":1,"articles":[{"article_id":1,"quantite":1,"taille":"M"}],"total":45.99,"statut":"en attente"}

      at createCommande (src/routes/magasin/core/handlers/create-commande.handler.ts:25:13)

  console.log
    🔍 [Service Magasin] Vérification doublon commande: {
      cacheKey: '1-45.99-[{"id":1,"taille":"M","quantite":1}]...',
      utilisateur_id: 1,
      total: 45.99,
      nbArticles: 1
    }

      at creerCommande (src/routes/magasin/core/services/magasin.service.ts:325:11)

  console.log
    ⚠️ [Service Magasin] Commande identique détectée, attente... { delaiDepuisCommande: '974ms' }

      at creerCommande (src/routes/magasin/core/services/magasin.service.ts:339:15)

  console.log
    ✅ [Service Magasin] Première commande terminée, retour du même résultat

      at creerCommande (src/routes/magasin/core/services/magasin.service.ts:349:17)

  console.log
    ✅ [Handler Commandes] Commande créée avec succès: {
      unique_id: 'CMD-001-1770238459638-3C18B15D',
      numero_commande: 'CMD-000001',
      isDuplicate: true
    }

      at createCommande (src/routes/magasin/core/handlers/create-commande.handler.ts:36:13)

  console.log
    📝 [Handler Commandes] Création d'une nouvelle commande

      at createCommande (src/routes/magasin/core/handlers/create-commande.handler.ts:19:13)

  console.log
    Corps reçu: {
      utilisateur_id: 1,
      articles: [ { article_id: 1, quantite: 1, taille: 'M' } ],
      total: 45.99
    }

      at createCommande (src/routes/magasin/core/handlers/create-commande.handler.ts:20:13)

  console.log
    Données validées par le schéma Zod: {"utilisateur_id":1,"articles":[{"article_id":1,"quantite":1,"taille":"M"}],"total":45.99,"statut":"en attente"}

      at createCommande (src/routes/magasin/core/handlers/create-commande.handler.ts:25:13)

  console.log
    🔍 [Service Magasin] Vérification doublon commande: {
      cacheKey: '1-45.99-[{"id":1,"taille":"M","quantite":1}]...',
      utilisateur_id: 1,
      total: 45.99,
      nbArticles: 1
    }

      at creerCommande (src/routes/magasin/core/services/magasin.service.ts:325:11)

  console.log
    ⚠️ [Service Magasin] Commande identique détectée, attente... { delaiDepuisCommande: '976ms' }

      at creerCommande (src/routes/magasin/core/services/magasin.service.ts:339:15)

  console.log
    ✅ [Service Magasin] Première commande terminée, retour du même résultat

      at creerCommande (src/routes/magasin/core/services/magasin.service.ts:349:17)

  console.log
    ✅ [Handler Commandes] Commande créée avec succès: {
      unique_id: 'CMD-001-1770238459638-3C18B15D',
      numero_commande: 'CMD-000001',
      isDuplicate: true
    }

      at createCommande (src/routes/magasin/core/handlers/create-commande.handler.ts:36:13)

  console.log
    📝 [Handler Commandes] Création d'une nouvelle commande

      at createCommande (src/routes/magasin/core/handlers/create-commande.handler.ts:19:13)

  console.log
    Corps reçu: {
      utilisateur_id: 1,
      articles: [ { article_id: 1, quantite: 1, taille: 'M' } ],
      total: 45.99
    }

      at createCommande (src/routes/magasin/core/handlers/create-commande.handler.ts:20:13)

  console.log
    Données validées par le schéma Zod: {"utilisateur_id":1,"articles":[{"article_id":1,"quantite":1,"taille":"M"}],"total":45.99,"statut":"en attente"}

      at createCommande (src/routes/magasin/core/handlers/create-commande.handler.ts:25:13)

  console.log
    🔍 [Service Magasin] Vérification doublon commande: {
      cacheKey: '1-45.99-[{"id":1,"taille":"M","quantite":1}]...',
      utilisateur_id: 1,
      total: 45.99,
      nbArticles: 1
    }

      at creerCommande (src/routes/magasin/core/services/magasin.service.ts:325:11)

  console.log
    ⚠️ [Service Magasin] Commande identique détectée, attente... { delaiDepuisCommande: '978ms' }

      at creerCommande (src/routes/magasin/core/services/magasin.service.ts:339:15)

  console.log
    ✅ [Service Magasin] Première commande terminée, retour du même résultat

      at creerCommande (src/routes/magasin/core/services/magasin.service.ts:349:17)

  console.log
    ✅ [Handler Commandes] Commande créée avec succès: {
      unique_id: 'CMD-001-1770238459638-3C18B15D',
      numero_commande: 'CMD-000001',
      isDuplicate: true
    }

      at createCommande (src/routes/magasin/core/handlers/create-commande.handler.ts:36:13)

  console.log
    📝 [Handler Commandes] Création d'une nouvelle commande

      at createCommande (src/routes/magasin/core/handlers/create-commande.handler.ts:19:13)

  console.log
    Corps reçu: {
      utilisateur_id: 1,
      articles: [ { article_id: 1, quantite: 1, taille: 'M' } ],
      total: 45.99
    }

      at createCommande (src/routes/magasin/core/handlers/create-commande.handler.ts:20:13)

  console.log
    Données validées par le schéma Zod: {"utilisateur_id":1,"articles":[{"article_id":1,"quantite":1,"taille":"M"}],"total":45.99,"statut":"en attente"}

      at createCommande (src/routes/magasin/core/handlers/create-commande.handler.ts:25:13)

  console.log
    🔍 [Service Magasin] Vérification doublon commande: {
      cacheKey: '1-45.99-[{"id":1,"taille":"M","quantite":1}]...',
      utilisateur_id: 1,
      total: 45.99,
      nbArticles: 1
    }

      at creerCommande (src/routes/magasin/core/services/magasin.service.ts:325:11)

  console.log
    ⚠️ [Service Magasin] Commande identique détectée, attente... { delaiDepuisCommande: '980ms' }

      at creerCommande (src/routes/magasin/core/services/magasin.service.ts:339:15)

  console.log
    ✅ [Service Magasin] Première commande terminée, retour du même résultat

      at creerCommande (src/routes/magasin/core/services/magasin.service.ts:349:17)

  console.log
    ✅ [Handler Commandes] Commande créée avec succès: {
      unique_id: 'CMD-001-1770238459638-3C18B15D',
      numero_commande: 'CMD-000001',
      isDuplicate: true
    }

      at createCommande (src/routes/magasin/core/handlers/create-commande.handler.ts:36:13)

  console.log
    📝 [Handler Commandes] Création d'une nouvelle commande

      at createCommande (src/routes/magasin/core/handlers/create-commande.handler.ts:19:13)

  console.log
    Corps reçu: {
      utilisateur_id: 1,
      articles: [ { article_id: 1, quantite: 1, taille: 'M' } ],
      total: 45.99
    }

      at createCommande (src/routes/magasin/core/handlers/create-commande.handler.ts:20:13)

  console.log
    Données validées par le schéma Zod: {"utilisateur_id":1,"articles":[{"article_id":1,"quantite":1,"taille":"M"}],"total":45.99,"statut":"en attente"}

      at createCommande (src/routes/magasin/core/handlers/create-commande.handler.ts:25:13)

  console.log
    🔍 [Service Magasin] Vérification doublon commande: {
      cacheKey: '1-45.99-[{"id":1,"taille":"M","quantite":1}]...',
      utilisateur_id: 1,
      total: 45.99,
      nbArticles: 1
    }

      at creerCommande (src/routes/magasin/core/services/magasin.service.ts:325:11)

  console.log
    ⚠️ [Service Magasin] Commande identique détectée, attente... { delaiDepuisCommande: '987ms' }

      at creerCommande (src/routes/magasin/core/services/magasin.service.ts:339:15)

  console.log
    ✅ [Service Magasin] Première commande terminée, retour du même résultat

      at creerCommande (src/routes/magasin/core/services/magasin.service.ts:349:17)

  console.log
    ✅ [Handler Commandes] Commande créée avec succès: {
      unique_id: 'CMD-001-1770238459638-3C18B15D',
      numero_commande: 'CMD-000001',
      isDuplicate: true
    }

      at createCommande (src/routes/magasin/core/handlers/create-commande.handler.ts:36:13)

  console.log
    📝 [Handler Commandes] Création d'une nouvelle commande

      at createCommande (src/routes/magasin/core/handlers/create-commande.handler.ts:19:13)

  console.log
    Corps reçu: {
      utilisateur_id: 1,
      articles: [ { article_id: 1, quantite: 1, taille: 'M' } ],
      total: 45.99
    }

      at createCommande (src/routes/magasin/core/handlers/create-commande.handler.ts:20:13)

  console.log
    Données validées par le schéma Zod: {"utilisateur_id":1,"articles":[{"article_id":1,"quantite":1,"taille":"M"}],"total":45.99,"statut":"en attente"}

      at createCommande (src/routes/magasin/core/handlers/create-commande.handler.ts:25:13)

  console.log
    🔍 [Service Magasin] Vérification doublon commande: {
      cacheKey: '1-45.99-[{"id":1,"taille":"M","quantite":1}]...',
      utilisateur_id: 1,
      total: 45.99,
      nbArticles: 1
    }

      at creerCommande (src/routes/magasin/core/services/magasin.service.ts:325:11)

  console.log
    ⚠️ [Service Magasin] Commande identique détectée, attente... { delaiDepuisCommande: '990ms' }

      at creerCommande (src/routes/magasin/core/services/magasin.service.ts:339:15)

  console.log
    ✅ [Service Magasin] Première commande terminée, retour du même résultat

      at creerCommande (src/routes/magasin/core/services/magasin.service.ts:349:17)

  console.log
    ✅ [Handler Commandes] Commande créée avec succès: {
      unique_id: 'CMD-001-1770238459638-3C18B15D',
      numero_commande: 'CMD-000001',
      isDuplicate: true
    }

      at createCommande (src/routes/magasin/core/handlers/create-commande.handler.ts:36:13)

  console.log
    📝 [Handler Commandes] Création d'une nouvelle commande

      at createCommande (src/routes/magasin/core/handlers/create-commande.handler.ts:19:13)

  console.log
    Corps reçu: {
      utilisateur_id: 1,
      articles: [ { article_id: 1, quantite: 1, taille: 'M' } ],
      total: 45.99
    }

      at createCommande (src/routes/magasin/core/handlers/create-commande.handler.ts:20:13)

  console.log
    Données validées par le schéma Zod: {"utilisateur_id":1,"articles":[{"article_id":1,"quantite":1,"taille":"M"}],"total":45.99,"statut":"en attente"}

      at createCommande (src/routes/magasin/core/handlers/create-commande.handler.ts:25:13)

  console.log
    🔍 [Service Magasin] Vérification doublon commande: {
      cacheKey: '1-45.99-[{"id":1,"taille":"M","quantite":1}]...',
      utilisateur_id: 1,
      total: 45.99,
      nbArticles: 1
    }

      at creerCommande (src/routes/magasin/core/services/magasin.service.ts:325:11)

  console.log
    ⚠️ [Service Magasin] Commande identique détectée, attente... { delaiDepuisCommande: '993ms' }

      at creerCommande (src/routes/magasin/core/services/magasin.service.ts:339:15)

  console.log
    ✅ [Service Magasin] Première commande terminée, retour du même résultat

      at creerCommande (src/routes/magasin/core/services/magasin.service.ts:349:17)

  console.log
    C:\Users\guillaumehouthoofd\Documents\Benoit\Epreuve_intégrée\ClubManager\api\api

      at src/db/connector/mysqlconnector.ts:13:9

  console.log
    ✅ [Handler Commandes] Commande créée avec succès: {
      unique_id: 'CMD-001-1770238459638-3C18B15D',
      numero_commande: 'CMD-000001',
      isDuplicate: true
    }

      at createCommande (src/routes/magasin/core/handlers/create-commande.handler.ts:36:13)

  console.log
    ✅  Variables d'environnement déjà chargées (mode test ou DATABASE_URL présent)

      at src/db/connector/mysqlconnector.ts:36:11

  console.log
    📝 [Handler Commandes] Création d'une nouvelle commande

      at createCommande (src/routes/magasin/core/handlers/create-commande.handler.ts:19:13)

  console.log
    Corps reçu: {
      utilisateur_id: 1,
      articles: [ { article_id: 1, quantite: 1, taille: 'M' } ],
      total: 45.99
    }

      at createCommande (src/routes/magasin/core/handlers/create-commande.handler.ts:20:13)

  console.log
    Données validées par le schéma Zod: {"utilisateur_id":1,"articles":[{"article_id":1,"quantite":1,"taille":"M"}],"total":45.99,"statut":"en attente"}

      at createCommande (src/routes/magasin/core/handlers/create-commande.handler.ts:25:13)

  console.log
    🔍 [Service Magasin] Vérification doublon commande: {
      cacheKey: '1-45.99-[{"id":1,"taille":"M","quantite":1}]...',
      utilisateur_id: 1,
      total: 45.99,
      nbArticles: 1
    }

      at creerCommande (src/routes/magasin/core/services/magasin.service.ts:325:11)

  console.log
    ⚠️ [Service Magasin] Commande identique détectée, attente... { delaiDepuisCommande: '1001ms' }

      at creerCommande (src/routes/magasin/core/services/magasin.service.ts:339:15)

  console.log
    ✅ [Service Magasin] Première commande terminée, retour du même résultat

      at creerCommande (src/routes/magasin/core/services/magasin.service.ts:349:17)

  console.log
    ✅ [Handler Commandes] Commande créée avec succès: {
      unique_id: 'CMD-001-1770238459638-3C18B15D',
      numero_commande: 'CMD-000001',
      isDuplicate: true
    }

      at createCommande (src/routes/magasin/core/handlers/create-commande.handler.ts:36:13)

  console.log
    📝 [Handler Commandes] Création d'une nouvelle commande

      at createCommande (src/routes/magasin/core/handlers/create-commande.handler.ts:19:13)

  console.log
    Corps reçu: {
      utilisateur_id: 1,
      articles: [ { article_id: 1, quantite: 1, taille: 'M' } ],
      total: 45.99
    }

      at createCommande (src/routes/magasin/core/handlers/create-commande.handler.ts:20:13)

  console.log
    Données validées par le schéma Zod: {"utilisateur_id":1,"articles":[{"article_id":1,"quantite":1,"taille":"M"}],"total":45.99,"statut":"en attente"}

      at createCommande (src/routes/magasin/core/handlers/create-commande.handler.ts:25:13)

  console.log
    🔍 [Service Magasin] Vérification doublon commande: {
      cacheKey: '1-45.99-[{"id":1,"taille":"M","quantite":1}]...',
      utilisateur_id: 1,
      total: 45.99,
      nbArticles: 1
    }

      at creerCommande (src/routes/magasin/core/services/magasin.service.ts:325:11)

  console.log
    ⚠️ [Service Magasin] Commande identique détectée, attente... { delaiDepuisCommande: '1009ms' }

      at creerCommande (src/routes/magasin/core/services/magasin.service.ts:339:15)

  console.log
    ✅ [Service Magasin] Première commande terminée, retour du même résultat

      at creerCommande (src/routes/magasin/core/services/magasin.service.ts:349:17)

  console.log
    ✅ [Handler Commandes] Commande créée avec succès: {
      unique_id: 'CMD-001-1770238459638-3C18B15D',
      numero_commande: 'CMD-000001',
      isDuplicate: true
    }

      at createCommande (src/routes/magasin/core/handlers/create-commande.handler.ts:36:13)

  console.log
    📝 [Handler Commandes] Création d'une nouvelle commande

      at createCommande (src/routes/magasin/core/handlers/create-commande.handler.ts:19:13)

  console.log
    Corps reçu: {
      utilisateur_id: 1,
      articles: [ { article_id: 1, quantite: 1, taille: 'M' } ],
      total: 45.99
    }

      at createCommande (src/routes/magasin/core/handlers/create-commande.handler.ts:20:13)

  console.log
    Données validées par le schéma Zod: {"utilisateur_id":1,"articles":[{"article_id":1,"quantite":1,"taille":"M"}],"total":45.99,"statut":"en attente"}

      at createCommande (src/routes/magasin/core/handlers/create-commande.handler.ts:25:13)

  console.log
    🔍 [Service Magasin] Vérification doublon commande: {
      cacheKey: '1-45.99-[{"id":1,"taille":"M","quantite":1}]...',
      utilisateur_id: 1,
      total: 45.99,
      nbArticles: 1
    }

      at creerCommande (src/routes/magasin/core/services/magasin.service.ts:325:11)

  console.log
    ⚠️ [Service Magasin] Commande identique détectée, attente... { delaiDepuisCommande: '1011ms' }

      at creerCommande (src/routes/magasin/core/services/magasin.service.ts:339:15)

  console.log
    ✅ [Service Magasin] Première commande terminée, retour du même résultat

      at creerCommande (src/routes/magasin/core/services/magasin.service.ts:349:17)

  console.log
    ✅ [Handler Commandes] Commande créée avec succès: {
      unique_id: 'CMD-001-1770238459638-3C18B15D',
      numero_commande: 'CMD-000001',
      isDuplicate: true
    }

      at createCommande (src/routes/magasin/core/handlers/create-commande.handler.ts:36:13)

  console.log
    📝 [Handler Commandes] Création d'une nouvelle commande

      at createCommande (src/routes/magasin/core/handlers/create-commande.handler.ts:19:13)

  console.log
    Corps reçu: {
      utilisateur_id: 1,
      articles: [ { article_id: 1, quantite: 1, taille: 'M' } ],
      total: 45.99
    }

      at createCommande (src/routes/magasin/core/handlers/create-commande.handler.ts:20:13)

  console.log
    Données validées par le schéma Zod: {"utilisateur_id":1,"articles":[{"article_id":1,"quantite":1,"taille":"M"}],"total":45.99,"statut":"en attente"}

      at createCommande (src/routes/magasin/core/handlers/create-commande.handler.ts:25:13)

  console.log
    🔍 [Service Magasin] Vérification doublon commande: {
      cacheKey: '1-45.99-[{"id":1,"taille":"M","quantite":1}]...',
      utilisateur_id: 1,
      total: 45.99,
      nbArticles: 1
    }

      at creerCommande (src/routes/magasin/core/services/magasin.service.ts:325:11)

  console.log
    ⚠️ [Service Magasin] Commande identique détectée, attente... { delaiDepuisCommande: '1013ms' }

      at creerCommande (src/routes/magasin/core/services/magasin.service.ts:339:15)

  console.log
    ✅ [Service Magasin] Première commande terminée, retour du même résultat

      at creerCommande (src/routes/magasin/core/services/magasin.service.ts:349:17)

  console.log
    ✅ [Handler Commandes] Commande créée avec succès: {
      unique_id: 'CMD-001-1770238459638-3C18B15D',
      numero_commande: 'CMD-000001',
      isDuplicate: true
    }

      at createCommande (src/routes/magasin/core/handlers/create-commande.handler.ts:36:13)

  console.log
    📝 [Handler Commandes] Création d'une nouvelle commande

      at createCommande (src/routes/magasin/core/handlers/create-commande.handler.ts:19:13)

  console.log
    Corps reçu: {
      utilisateur_id: 1,
      articles: [ { article_id: 1, quantite: 1, taille: 'M' } ],
      total: 45.99
    }

      at createCommande (src/routes/magasin/core/handlers/create-commande.handler.ts:20:13)

  console.log
    Données validées par le schéma Zod: {"utilisateur_id":1,"articles":[{"article_id":1,"quantite":1,"taille":"M"}],"total":45.99,"statut":"en attente"}

      at createCommande (src/routes/magasin/core/handlers/create-commande.handler.ts:25:13)

  console.log
    🔍 [Service Magasin] Vérification doublon commande: {
      cacheKey: '1-45.99-[{"id":1,"taille":"M","quantite":1}]...',
      utilisateur_id: 1,
      total: 45.99,
      nbArticles: 1
    }

      at creerCommande (src/routes/magasin/core/services/magasin.service.ts:325:11)

  console.log
    ⚠️ [Service Magasin] Commande identique détectée, attente... { delaiDepuisCommande: '1015ms' }

      at creerCommande (src/routes/magasin/core/services/magasin.service.ts:339:15)

  console.log
    ✅ [Service Magasin] Première commande terminée, retour du même résultat

      at creerCommande (src/routes/magasin/core/services/magasin.service.ts:349:17)

  console.log
    ✅ [Handler Commandes] Commande créée avec succès: {
      unique_id: 'CMD-001-1770238459638-3C18B15D',
      numero_commande: 'CMD-000001',
      isDuplicate: true
    }

      at createCommande (src/routes/magasin/core/handlers/create-commande.handler.ts:36:13)

  console.log
    📝 [Handler Commandes] Création d'une nouvelle commande

      at createCommande (src/routes/magasin/core/handlers/create-commande.handler.ts:19:13)

  console.log
    Corps reçu: {
      utilisateur_id: 1,
      articles: [ { article_id: 1, quantite: 1, taille: 'M' } ],
      total: 45.99
    }

      at createCommande (src/routes/magasin/core/handlers/create-commande.handler.ts:20:13)

  console.log
    Données validées par le schéma Zod: {"utilisateur_id":1,"articles":[{"article_id":1,"quantite":1,"taille":"M"}],"total":45.99,"statut":"en attente"}

      at createCommande (src/routes/magasin/core/handlers/create-commande.handler.ts:25:13)

  console.log
    🔍 [Service Magasin] Vérification doublon commande: {
      cacheKey: '1-45.99-[{"id":1,"taille":"M","quantite":1}]...',
      utilisateur_id: 1,
      total: 45.99,
      nbArticles: 1
    }

      at creerCommande (src/routes/magasin/core/services/magasin.service.ts:325:11)

  console.log
    ⚠️ [Service Magasin] Commande identique détectée, attente... { delaiDepuisCommande: '1018ms' }

      at creerCommande (src/routes/magasin/core/services/magasin.service.ts:339:15)

  console.log
    ✅ [Service Magasin] Première commande terminée, retour du même résultat

      at creerCommande (src/routes/magasin/core/services/magasin.service.ts:349:17)

  console.log
    ✅ [Handler Commandes] Commande créée avec succès: {
      unique_id: 'CMD-001-1770238459638-3C18B15D',
      numero_commande: 'CMD-000001',
      isDuplicate: true
    }

      at createCommande (src/routes/magasin/core/handlers/create-commande.handler.ts:36:13)

  console.log
    📝 [Handler Commandes] Création d'une nouvelle commande

      at createCommande (src/routes/magasin/core/handlers/create-commande.handler.ts:19:13)

  console.log
    Corps reçu: {
      utilisateur_id: 1,
      articles: [ { article_id: 1, quantite: 1, taille: 'M' } ],
      total: 45.99
    }

      at createCommande (src/routes/magasin/core/handlers/create-commande.handler.ts:20:13)

  console.log
    Données validées par le schéma Zod: {"utilisateur_id":1,"articles":[{"article_id":1,"quantite":1,"taille":"M"}],"total":45.99,"statut":"en attente"}

      at createCommande (src/routes/magasin/core/handlers/create-commande.handler.ts:25:13)

  console.log
    🔍 [Service Magasin] Vérification doublon commande: {
      cacheKey: '1-45.99-[{"id":1,"taille":"M","quantite":1}]...',
      utilisateur_id: 1,
      total: 45.99,
      nbArticles: 1
    }

      at creerCommande (src/routes/magasin/core/services/magasin.service.ts:325:11)

  console.log
    ⚠️ [Service Magasin] Commande identique détectée, attente... { delaiDepuisCommande: '1020ms' }

      at creerCommande (src/routes/magasin/core/services/magasin.service.ts:339:15)

  console.log
    ✅ [Service Magasin] Première commande terminée, retour du même résultat

      at creerCommande (src/routes/magasin/core/services/magasin.service.ts:349:17)

  console.log
    ✅ [Handler Commandes] Commande créée avec succès: {
      unique_id: 'CMD-001-1770238459638-3C18B15D',
      numero_commande: 'CMD-000001',
      isDuplicate: true
    }

      at createCommande (src/routes/magasin/core/handlers/create-commande.handler.ts:36:13)

  console.log
    📝 [Handler Commandes] Création d'une nouvelle commande

      at createCommande (src/routes/magasin/core/handlers/create-commande.handler.ts:19:13)

  console.log
    Corps reçu: {
      utilisateur_id: 1,
      articles: [ { article_id: 1, quantite: 1, taille: 'M' } ],
      total: 45.99
    }

      at createCommande (src/routes/magasin/core/handlers/create-commande.handler.ts:20:13)

  console.log
    Données validées par le schéma Zod: {"utilisateur_id":1,"articles":[{"article_id":1,"quantite":1,"taille":"M"}],"total":45.99,"statut":"en attente"}

      at createCommande (src/routes/magasin/core/handlers/create-commande.handler.ts:25:13)

  console.log
    🔍 [Service Magasin] Vérification doublon commande: {
      cacheKey: '1-45.99-[{"id":1,"taille":"M","quantite":1}]...',
      utilisateur_id: 1,
      total: 45.99,
      nbArticles: 1
    }

      at creerCommande (src/routes/magasin/core/services/magasin.service.ts:325:11)

  console.log
    ⚠️ [Service Magasin] Commande identique détectée, attente... { delaiDepuisCommande: '1023ms' }

      at creerCommande (src/routes/magasin/core/services/magasin.service.ts:339:15)

  console.log
    ✅ [Service Magasin] Première commande terminée, retour du même résultat

      at creerCommande (src/routes/magasin/core/services/magasin.service.ts:349:17)

  console.log
    ✅ [Handler Commandes] Commande créée avec succès: {
      unique_id: 'CMD-001-1770238459638-3C18B15D',
      numero_commande: 'CMD-000001',
      isDuplicate: true
    }

      at createCommande (src/routes/magasin/core/handlers/create-commande.handler.ts:36:13)

  console.log
    📝 [Handler Commandes] Création d'une nouvelle commande

      at createCommande (src/routes/magasin/core/handlers/create-commande.handler.ts:19:13)

  console.log
    Corps reçu: {
      utilisateur_id: 1,
      articles: [ { article_id: 1, quantite: 1, taille: 'M' } ],
      total: 45.99
    }

      at createCommande (src/routes/magasin/core/handlers/create-commande.handler.ts:20:13)

  console.log
    Données validées par le schéma Zod: {"utilisateur_id":1,"articles":[{"article_id":1,"quantite":1,"taille":"M"}],"total":45.99,"statut":"en attente"}

      at createCommande (src/routes/magasin/core/handlers/create-commande.handler.ts:25:13)

  console.log
    🔍 [Service Magasin] Vérification doublon commande: {
      cacheKey: '1-45.99-[{"id":1,"taille":"M","quantite":1}]...',
      utilisateur_id: 1,
      total: 45.99,
      nbArticles: 1
    }

      at creerCommande (src/routes/magasin/core/services/magasin.service.ts:325:11)

  console.log
    ⚠️ [Service Magasin] Commande identique détectée, attente... { delaiDepuisCommande: '1025ms' }

      at creerCommande (src/routes/magasin/core/services/magasin.service.ts:339:15)

  console.log
    ✅ [Service Magasin] Première commande terminée, retour du même résultat

      at creerCommande (src/routes/magasin/core/services/magasin.service.ts:349:17)

  console.log
    ✅ [Handler Commandes] Commande créée avec succès: {
      unique_id: 'CMD-001-1770238459638-3C18B15D',
      numero_commande: 'CMD-000001',
      isDuplicate: true
    }

      at createCommande (src/routes/magasin/core/handlers/create-commande.handler.ts:36:13)

  console.log
    📝 [Handler Commandes] Création d'une nouvelle commande

      at createCommande (src/routes/magasin/core/handlers/create-commande.handler.ts:19:13)

  console.log
    Corps reçu: {
      utilisateur_id: 1,
      articles: [ { article_id: 1, quantite: 1, taille: 'M' } ],
      total: 45.99
    }

      at createCommande (src/routes/magasin/core/handlers/create-commande.handler.ts:20:13)

  console.log
    Données validées par le schéma Zod: {"utilisateur_id":1,"articles":[{"article_id":1,"quantite":1,"taille":"M"}],"total":45.99,"statut":"en attente"}

      at createCommande (src/routes/magasin/core/handlers/create-commande.handler.ts:25:13)

  console.log
    🔍 [Service Magasin] Vérification doublon commande: {
      cacheKey: '1-45.99-[{"id":1,"taille":"M","quantite":1}]...',
      utilisateur_id: 1,
      total: 45.99,
      nbArticles: 1
    }

      at creerCommande (src/routes/magasin/core/services/magasin.service.ts:325:11)

  console.log
    ⚠️ [Service Magasin] Commande identique détectée, attente... { delaiDepuisCommande: '1027ms' }

      at creerCommande (src/routes/magasin/core/services/magasin.service.ts:339:15)

  console.log
    ✅ [Service Magasin] Première commande terminée, retour du même résultat

      at creerCommande (src/routes/magasin/core/services/magasin.service.ts:349:17)

  console.log
    ✅ [Handler Commandes] Commande créée avec succès: {
      unique_id: 'CMD-001-1770238459638-3C18B15D',
      numero_commande: 'CMD-000001',
      isDuplicate: true
    }

      at createCommande (src/routes/magasin/core/handlers/create-commande.handler.ts:36:13)

  console.log
    📝 [Handler Commandes] Création d'une nouvelle commande

      at createCommande (src/routes/magasin/core/handlers/create-commande.handler.ts:19:13)

  console.log
    Corps reçu: {
      utilisateur_id: 1,
      articles: [ { article_id: 1, quantite: 1, taille: 'M' } ],
      total: 45.99
    }

      at createCommande (src/routes/magasin/core/handlers/create-commande.handler.ts:20:13)

  console.log
    Données validées par le schéma Zod: {"utilisateur_id":1,"articles":[{"article_id":1,"quantite":1,"taille":"M"}],"total":45.99,"statut":"en attente"}

      at createCommande (src/routes/magasin/core/handlers/create-commande.handler.ts:25:13)

  console.log
    🔍 [Service Magasin] Vérification doublon commande: {
      cacheKey: '1-45.99-[{"id":1,"taille":"M","quantite":1}]...',
      utilisateur_id: 1,
      total: 45.99,
      nbArticles: 1
    }

      at creerCommande (src/routes/magasin/core/services/magasin.service.ts:325:11)

  console.log
    ⚠️ [Service Magasin] Commande identique détectée, attente... { delaiDepuisCommande: '1029ms' }

      at creerCommande (src/routes/magasin/core/services/magasin.service.ts:339:15)

  console.log
    ✅ [Service Magasin] Première commande terminée, retour du même résultat

      at creerCommande (src/routes/magasin/core/services/magasin.service.ts:349:17)

  console.log
    ✅ [Handler Commandes] Commande créée avec succès: {
      unique_id: 'CMD-001-1770238459638-3C18B15D',
      numero_commande: 'CMD-000001',
      isDuplicate: true
    }

      at createCommande (src/routes/magasin/core/handlers/create-commande.handler.ts:36:13)

  console.log
    📝 [Handler Commandes] Création d'une nouvelle commande

      at createCommande (src/routes/magasin/core/handlers/create-commande.handler.ts:19:13)

  console.log
    Corps reçu: {
      utilisateur_id: 1,
      articles: [ { article_id: 1, quantite: 1, taille: 'M' } ],
      total: 45.99
    }

      at createCommande (src/routes/magasin/core/handlers/create-commande.handler.ts:20:13)

  console.log
    Données validées par le schéma Zod: {"utilisateur_id":1,"articles":[{"article_id":1,"quantite":1,"taille":"M"}],"total":45.99,"statut":"en attente"}

      at createCommande (src/routes/magasin/core/handlers/create-commande.handler.ts:25:13)

  console.log
    🔍 [Service Magasin] Vérification doublon commande: {
      cacheKey: '1-45.99-[{"id":1,"taille":"M","quantite":1}]...',
      utilisateur_id: 1,
      total: 45.99,
      nbArticles: 1
    }

      at creerCommande (src/routes/magasin/core/services/magasin.service.ts:325:11)

  console.log
    ⚠️ [Service Magasin] Commande identique détectée, attente... { delaiDepuisCommande: '1031ms' }

      at creerCommande (src/routes/magasin/core/services/magasin.service.ts:339:15)

  console.log
    ✅ [Service Magasin] Première commande terminée, retour du même résultat

      at creerCommande (src/routes/magasin/core/services/magasin.service.ts:349:17)

  console.log
    ✅ [Handler Commandes] Commande créée avec succès: {
      unique_id: 'CMD-001-1770238459638-3C18B15D',
      numero_commande: 'CMD-000001',
      isDuplicate: true
    }

      at createCommande (src/routes/magasin/core/handlers/create-commande.handler.ts:36:13)

  console.log
    📝 [Handler Commandes] Création d'une nouvelle commande

      at createCommande (src/routes/magasin/core/handlers/create-commande.handler.ts:19:13)

  console.log
    Corps reçu: {
      utilisateur_id: 1,
      articles: [ { article_id: 1, quantite: 1, taille: 'M' } ],
      total: 45.99
    }

      at createCommande (src/routes/magasin/core/handlers/create-commande.handler.ts:20:13)

  console.log
    Données validées par le schéma Zod: {"utilisateur_id":1,"articles":[{"article_id":1,"quantite":1,"taille":"M"}],"total":45.99,"statut":"en attente"}

      at createCommande (src/routes/magasin/core/handlers/create-commande.handler.ts:25:13)

  console.log
    🔍 [Service Magasin] Vérification doublon commande: {
      cacheKey: '1-45.99-[{"id":1,"taille":"M","quantite":1}]...',
      utilisateur_id: 1,
      total: 45.99,
      nbArticles: 1
    }

      at creerCommande (src/routes/magasin/core/services/magasin.service.ts:325:11)

  console.log
    ⚠️ [Service Magasin] Commande identique détectée, attente... { delaiDepuisCommande: '1034ms' }

      at creerCommande (src/routes/magasin/core/services/magasin.service.ts:339:15)

  console.log
    ✅ [Service Magasin] Première commande terminée, retour du même résultat

      at creerCommande (src/routes/magasin/core/services/magasin.service.ts:349:17)

  console.log
    ✅ [Handler Commandes] Commande créée avec succès: {
      unique_id: 'CMD-001-1770238459638-3C18B15D',
      numero_commande: 'CMD-000001',
      isDuplicate: true
    }

      at createCommande (src/routes/magasin/core/handlers/create-commande.handler.ts:36:13)

  console.log
    📝 [Handler Commandes] Création d'une nouvelle commande

      at createCommande (src/routes/magasin/core/handlers/create-commande.handler.ts:19:13)

  console.log
    Corps reçu: {
      utilisateur_id: 1,
      articles: [ { article_id: 1, quantite: 1, taille: 'M' } ],
      total: 45.99
    }

      at createCommande (src/routes/magasin/core/handlers/create-commande.handler.ts:20:13)

  console.log
    Données validées par le schéma Zod: {"utilisateur_id":1,"articles":[{"article_id":1,"quantite":1,"taille":"M"}],"total":45.99,"statut":"en attente"}

      at createCommande (src/routes/magasin/core/handlers/create-commande.handler.ts:25:13)

  console.log
    🔍 [Service Magasin] Vérification doublon commande: {
      cacheKey: '1-45.99-[{"id":1,"taille":"M","quantite":1}]...',
      utilisateur_id: 1,
      total: 45.99,
      nbArticles: 1
    }

      at creerCommande (src/routes/magasin/core/services/magasin.service.ts:325:11)

  console.log
    ⚠️ [Service Magasin] Commande identique détectée, attente... { delaiDepuisCommande: '1036ms' }

      at creerCommande (src/routes/magasin/core/services/magasin.service.ts:339:15)

  console.log
    ✅ [Service Magasin] Première commande terminée, retour du même résultat

      at creerCommande (src/routes/magasin/core/services/magasin.service.ts:349:17)

  console.log
    ✅ [Handler Commandes] Commande créée avec succès: {
      unique_id: 'CMD-001-1770238459638-3C18B15D',
      numero_commande: 'CMD-000001',
      isDuplicate: true
    }

      at createCommande (src/routes/magasin/core/handlers/create-commande.handler.ts:36:13)

  console.log
    📝 [Handler Commandes] Création d'une nouvelle commande

      at createCommande (src/routes/magasin/core/handlers/create-commande.handler.ts:19:13)

  console.log
    Corps reçu: {
      utilisateur_id: 1,
      articles: [ { article_id: 1, quantite: 1, taille: 'M' } ],
      total: 45.99
    }

      at createCommande (src/routes/magasin/core/handlers/create-commande.handler.ts:20:13)

  console.log
    Données validées par le schéma Zod: {"utilisateur_id":1,"articles":[{"article_id":1,"quantite":1,"taille":"M"}],"total":45.99,"statut":"en attente"}

      at createCommande (src/routes/magasin/core/handlers/create-commande.handler.ts:25:13)

  console.log
    🔍 [Service Magasin] Vérification doublon commande: {
      cacheKey: '1-45.99-[{"id":1,"taille":"M","quantite":1}]...',
      utilisateur_id: 1,
      total: 45.99,
      nbArticles: 1
    }

      at creerCommande (src/routes/magasin/core/services/magasin.service.ts:325:11)

  console.log
    ⚠️ [Service Magasin] Commande identique détectée, attente... { delaiDepuisCommande: '1038ms' }

      at creerCommande (src/routes/magasin/core/services/magasin.service.ts:339:15)

  console.log
    ✅ [Service Magasin] Première commande terminée, retour du même résultat

      at creerCommande (src/routes/magasin/core/services/magasin.service.ts:349:17)

  console.log
    ✅ [Handler Commandes] Commande créée avec succès: {
      unique_id: 'CMD-001-1770238459638-3C18B15D',
      numero_commande: 'CMD-000001',
      isDuplicate: true
    }

      at createCommande (src/routes/magasin/core/handlers/create-commande.handler.ts:36:13)

  console.log
    📝 [Handler Commandes] Création d'une nouvelle commande

      at createCommande (src/routes/magasin/core/handlers/create-commande.handler.ts:19:13)

  console.log
    Corps reçu: {
      utilisateur_id: 1,
      articles: [ { article_id: 1, quantite: 1, taille: 'M' } ],
      total: 45.99
    }

      at createCommande (src/routes/magasin/core/handlers/create-commande.handler.ts:20:13)

  console.log
    Données validées par le schéma Zod: {"utilisateur_id":1,"articles":[{"article_id":1,"quantite":1,"taille":"M"}],"total":45.99,"statut":"en attente"}

      at createCommande (src/routes/magasin/core/handlers/create-commande.handler.ts:25:13)

  console.log
    🔍 [Service Magasin] Vérification doublon commande: {
      cacheKey: '1-45.99-[{"id":1,"taille":"M","quantite":1}]...',
      utilisateur_id: 1,
      total: 45.99,
      nbArticles: 1
    }

      at creerCommande (src/routes/magasin/core/services/magasin.service.ts:325:11)

  console.log
    ⚠️ [Service Magasin] Commande identique détectée, attente... { delaiDepuisCommande: '1041ms' }

      at creerCommande (src/routes/magasin/core/services/magasin.service.ts:339:15)

  console.log
    ✅ [Service Magasin] Première commande terminée, retour du même résultat

      at creerCommande (src/routes/magasin/core/services/magasin.service.ts:349:17)

  console.log
    ✅ [Handler Commandes] Commande créée avec succès: {
      unique_id: 'CMD-001-1770238459638-3C18B15D',
      numero_commande: 'CMD-000001',
      isDuplicate: true
    }

      at createCommande (src/routes/magasin/core/handlers/create-commande.handler.ts:36:13)

  console.log
    📝 [Handler Commandes] Création d'une nouvelle commande

      at createCommande (src/routes/magasin/core/handlers/create-commande.handler.ts:19:13)

  console.log
    Corps reçu: {
      utilisateur_id: 1,
      articles: [ { article_id: 1, quantite: 1, taille: 'M' } ],
      total: 45.99
    }

      at createCommande (src/routes/magasin/core/handlers/create-commande.handler.ts:20:13)

  console.log
    Données validées par le schéma Zod: {"utilisateur_id":1,"articles":[{"article_id":1,"quantite":1,"taille":"M"}],"total":45.99,"statut":"en attente"}

      at createCommande (src/routes/magasin/core/handlers/create-commande.handler.ts:25:13)

  console.log
    🔍 [Service Magasin] Vérification doublon commande: {
      cacheKey: '1-45.99-[{"id":1,"taille":"M","quantite":1}]...',
      utilisateur_id: 1,
      total: 45.99,
      nbArticles: 1
    }

      at creerCommande (src/routes/magasin/core/services/magasin.service.ts:325:11)

  console.log
    ⚠️ [Service Magasin] Commande identique détectée, attente... { delaiDepuisCommande: '1043ms' }

      at creerCommande (src/routes/magasin/core/services/magasin.service.ts:339:15)

  console.log
    ✅ [Service Magasin] Première commande terminée, retour du même résultat

      at creerCommande (src/routes/magasin/core/services/magasin.service.ts:349:17)

  console.log
    ✅ [Handler Commandes] Commande créée avec succès: {
      unique_id: 'CMD-001-1770238459638-3C18B15D',
      numero_commande: 'CMD-000001',
      isDuplicate: true
    }

      at createCommande (src/routes/magasin/core/handlers/create-commande.handler.ts:36:13)

  console.log
    📝 [Handler Commandes] Création d'une nouvelle commande

      at createCommande (src/routes/magasin/core/handlers/create-commande.handler.ts:19:13)

  console.log
    🧪 [EmailService] Mode test - initialisation email désactivée

      at new EmailService (src/services/emailService.ts:63:15)

  console.log
    Corps reçu: {
      utilisateur_id: 1,
      articles: [ { article_id: 1, quantite: 1, taille: 'M' } ],
      total: 45.99
    }

      at createCommande (src/routes/magasin/core/handlers/create-commande.handler.ts:20:13)

  console.log
    Données validées par le schéma Zod: {"utilisateur_id":1,"articles":[{"article_id":1,"quantite":1,"taille":"M"}],"total":45.99,"statut":"en attente"}

      at createCommande (src/routes/magasin/core/handlers/create-commande.handler.ts:25:13)

  console.log
    🔍 [Service Magasin] Vérification doublon commande: {
      cacheKey: '1-45.99-[{"id":1,"taille":"M","quantite":1}]...',
      utilisateur_id: 1,
      total: 45.99,
      nbArticles: 1
    }

      at creerCommande (src/routes/magasin/core/services/magasin.service.ts:325:11)

  console.log
    🧪 [EmailService] Mode test - initialisation email désactivée

      at new EmailService (src/services/emailService.ts:63:15)

  console.log
    ⚠️ [Service Magasin] Commande identique détectée, attente... { delaiDepuisCommande: '1046ms' }

      at creerCommande (src/routes/magasin/core/services/magasin.service.ts:339:15)

  console.log
    ✅ [Service Magasin] Première commande terminée, retour du même résultat

      at creerCommande (src/routes/magasin/core/services/magasin.service.ts:349:17)

  console.log
    ✅ [Handler Commandes] Commande créée avec succès: {
      unique_id: 'CMD-001-1770238459638-3C18B15D',
      numero_commande: 'CMD-000001',
      isDuplicate: true
    }

      at createCommande (src/routes/magasin/core/handlers/create-commande.handler.ts:36:13)

  console.log
    📝 [Handler Commandes] Création d'une nouvelle commande

      at createCommande (src/routes/magasin/core/handlers/create-commande.handler.ts:19:13)

  console.log
    Corps reçu: {
      utilisateur_id: 1,
      articles: [ { article_id: 1, quantite: 1, taille: 'M' } ],
      total: 45.99
    }

      at createCommande (src/routes/magasin/core/handlers/create-commande.handler.ts:20:13)

  console.log
    Données validées par le schéma Zod: {"utilisateur_id":1,"articles":[{"article_id":1,"quantite":1,"taille":"M"}],"total":45.99,"statut":"en attente"}

      at createCommande (src/routes/magasin/core/handlers/create-commande.handler.ts:25:13)

  console.log
    🔍 [Service Magasin] Vérification doublon commande: {
      cacheKey: '1-45.99-[{"id":1,"taille":"M","quantite":1}]...',
      utilisateur_id: 1,
      total: 45.99,
      nbArticles: 1
    }

      at creerCommande (src/routes/magasin/core/services/magasin.service.ts:325:11)

  console.log
    ⚠️ [Service Magasin] Commande identique détectée, attente... { delaiDepuisCommande: '1048ms' }

      at creerCommande (src/routes/magasin/core/services/magasin.service.ts:339:15)

  console.log
    ✅ [Service Magasin] Première commande terminée, retour du même résultat

      at creerCommande (src/routes/magasin/core/services/magasin.service.ts:349:17)

  console.log
    ✅ [Handler Commandes] Commande créée avec succès: {
      unique_id: 'CMD-001-1770238459638-3C18B15D',
      numero_commande: 'CMD-000001',
      isDuplicate: true
    }

      at createCommande (src/routes/magasin/core/handlers/create-commande.handler.ts:36:13)

  console.log
    📝 [Handler Commandes] Création d'une nouvelle commande

      at createCommande (src/routes/magasin/core/handlers/create-commande.handler.ts:19:13)

  console.log
    Corps reçu: {
      utilisateur_id: 1,
      articles: [ { article_id: 1, quantite: 1, taille: 'M' } ],
      total: 45.99
    }

      at createCommande (src/routes/magasin/core/handlers/create-commande.handler.ts:20:13)

  console.log
    Données validées par le schéma Zod: {"utilisateur_id":1,"articles":[{"article_id":1,"quantite":1,"taille":"M"}],"total":45.99,"statut":"en attente"}

      at createCommande (src/routes/magasin/core/handlers/create-commande.handler.ts:25:13)

  console.log
    🔍 [Service Magasin] Vérification doublon commande: {
      cacheKey: '1-45.99-[{"id":1,"taille":"M","quantite":1}]...',
      utilisateur_id: 1,
      total: 45.99,
      nbArticles: 1
    }

      at creerCommande (src/routes/magasin/core/services/magasin.service.ts:325:11)

  console.log
    ⚠️ [Service Magasin] Commande identique détectée, attente... { delaiDepuisCommande: '1050ms' }

      at creerCommande (src/routes/magasin/core/services/magasin.service.ts:339:15)

  console.log
    ✅ [Service Magasin] Première commande terminée, retour du même résultat

      at creerCommande (src/routes/magasin/core/services/magasin.service.ts:349:17)

  console.log
    ✅ [Handler Commandes] Commande créée avec succès: {
      unique_id: 'CMD-001-1770238459638-3C18B15D',
      numero_commande: 'CMD-000001',
      isDuplicate: true
    }

      at createCommande (src/routes/magasin/core/handlers/create-commande.handler.ts:36:13)

  console.log
    📝 [Handler Commandes] Création d'une nouvelle commande

      at createCommande (src/routes/magasin/core/handlers/create-commande.handler.ts:19:13)

  console.log
    Corps reçu: {
      utilisateur_id: 1,
      articles: [ { article_id: 1, quantite: 1, taille: 'M' } ],
      total: 45.99
    }

      at createCommande (src/routes/magasin/core/handlers/create-commande.handler.ts:20:13)

  console.log
    Données validées par le schéma Zod: {"utilisateur_id":1,"articles":[{"article_id":1,"quantite":1,"taille":"M"}],"total":45.99,"statut":"en attente"}

      at createCommande (src/routes/magasin/core/handlers/create-commande.handler.ts:25:13)

  console.log
    🔍 [Service Magasin] Vérification doublon commande: {
      cacheKey: '1-45.99-[{"id":1,"taille":"M","quantite":1}]...',
      utilisateur_id: 1,
      total: 45.99,
      nbArticles: 1
    }

      at creerCommande (src/routes/magasin/core/services/magasin.service.ts:325:11)

  console.log
    ⚠️ [Service Magasin] Commande identique détectée, attente... { delaiDepuisCommande: '1052ms' }

      at creerCommande (src/routes/magasin/core/services/magasin.service.ts:339:15)

  console.log
    ✅ [Service Magasin] Première commande terminée, retour du même résultat

      at creerCommande (src/routes/magasin/core/services/magasin.service.ts:349:17)

  console.log
    ✅ [Handler Commandes] Commande créée avec succès: {
      unique_id: 'CMD-001-1770238459638-3C18B15D',
      numero_commande: 'CMD-000001',
      isDuplicate: true
    }

      at createCommande (src/routes/magasin/core/handlers/create-commande.handler.ts:36:13)

  console.log
    📝 [Handler Commandes] Création d'une nouvelle commande

      at createCommande (src/routes/magasin/core/handlers/create-commande.handler.ts:19:13)

  console.log
    Corps reçu: {
      utilisateur_id: 1,
      articles: [ { article_id: 1, quantite: 1, taille: 'M' } ],
      total: 45.99
    }

      at createCommande (src/routes/magasin/core/handlers/create-commande.handler.ts:20:13)

  console.log
    Données validées par le schéma Zod: {"utilisateur_id":1,"articles":[{"article_id":1,"quantite":1,"taille":"M"}],"total":45.99,"statut":"en attente"}

      at createCommande (src/routes/magasin/core/handlers/create-commande.handler.ts:25:13)

  console.log
    🔍 [Service Magasin] Vérification doublon commande: {
      cacheKey: '1-45.99-[{"id":1,"taille":"M","quantite":1}]...',
      utilisateur_id: 1,
      total: 45.99,
      nbArticles: 1
    }

      at creerCommande (src/routes/magasin/core/services/magasin.service.ts:325:11)

  console.log
    ⚠️ [Service Magasin] Commande identique détectée, attente... { delaiDepuisCommande: '1054ms' }

      at creerCommande (src/routes/magasin/core/services/magasin.service.ts:339:15)

  console.log
    ✅ [Service Magasin] Première commande terminée, retour du même résultat

      at creerCommande (src/routes/magasin/core/services/magasin.service.ts:349:17)

  console.log
    ✅ [Handler Commandes] Commande créée avec succès: {
      unique_id: 'CMD-001-1770238459638-3C18B15D',
      numero_commande: 'CMD-000001',
      isDuplicate: true
    }

      at createCommande (src/routes/magasin/core/handlers/create-commande.handler.ts:36:13)

  console.log
    📝 [Handler Commandes] Création d'une nouvelle commande

      at createCommande (src/routes/magasin/core/handlers/create-commande.handler.ts:19:13)

  console.log
    Corps reçu: {
      utilisateur_id: 1,
      articles: [ { article_id: 1, quantite: 1, taille: 'M' } ],
      total: 45.99
    }

      at createCommande (src/routes/magasin/core/handlers/create-commande.handler.ts:20:13)

  console.log
    Données validées par le schéma Zod: {"utilisateur_id":1,"articles":[{"article_id":1,"quantite":1,"taille":"M"}],"total":45.99,"statut":"en attente"}

      at createCommande (src/routes/magasin/core/handlers/create-commande.handler.ts:25:13)

  console.log
    🔍 [Service Magasin] Vérification doublon commande: {
      cacheKey: '1-45.99-[{"id":1,"taille":"M","quantite":1}]...',
      utilisateur_id: 1,
      total: 45.99,
      nbArticles: 1
    }

      at creerCommande (src/routes/magasin/core/services/magasin.service.ts:325:11)

  console.log
    ⚠️ [Service Magasin] Commande identique détectée, attente... { delaiDepuisCommande: '1056ms' }

      at creerCommande (src/routes/magasin/core/services/magasin.service.ts:339:15)

  console.log
    ✅ [Service Magasin] Première commande terminée, retour du même résultat

      at creerCommande (src/routes/magasin/core/services/magasin.service.ts:349:17)

  console.log
    ✅ [Handler Commandes] Commande créée avec succès: {
      unique_id: 'CMD-001-1770238459638-3C18B15D',
      numero_commande: 'CMD-000001',
      isDuplicate: true
    }

      at createCommande (src/routes/magasin/core/handlers/create-commande.handler.ts:36:13)

  console.log
    📝 [Handler Commandes] Création d'une nouvelle commande

      at createCommande (src/routes/magasin/core/handlers/create-commande.handler.ts:19:13)

  console.log
    Corps reçu: {
      utilisateur_id: 1,
      articles: [ { article_id: 1, quantite: 1, taille: 'M' } ],
      total: 45.99
    }

      at createCommande (src/routes/magasin/core/handlers/create-commande.handler.ts:20:13)

  console.log
    Données validées par le schéma Zod: {"utilisateur_id":1,"articles":[{"article_id":1,"quantite":1,"taille":"M"}],"total":45.99,"statut":"en attente"}

      at createCommande (src/routes/magasin/core/handlers/create-commande.handler.ts:25:13)

  console.log
    🔍 [Service Magasin] Vérification doublon commande: {
      cacheKey: '1-45.99-[{"id":1,"taille":"M","quantite":1}]...',
      utilisateur_id: 1,
      total: 45.99,
      nbArticles: 1
    }

      at creerCommande (src/routes/magasin/core/services/magasin.service.ts:325:11)

  console.log
    ⚠️ [Service Magasin] Commande identique détectée, attente... { delaiDepuisCommande: '1059ms' }

      at creerCommande (src/routes/magasin/core/services/magasin.service.ts:339:15)

  console.log
    ✅ [Service Magasin] Première commande terminée, retour du même résultat

      at creerCommande (src/routes/magasin/core/services/magasin.service.ts:349:17)

  console.log
    ✅ [Handler Commandes] Commande créée avec succès: {
      unique_id: 'CMD-001-1770238459638-3C18B15D',
      numero_commande: 'CMD-000001',
      isDuplicate: true
    }

      at createCommande (src/routes/magasin/core/handlers/create-commande.handler.ts:36:13)

  console.log
    📝 [Handler Commandes] Création d'une nouvelle commande

      at createCommande (src/routes/magasin/core/handlers/create-commande.handler.ts:19:13)

  console.log
    Corps reçu: {
      utilisateur_id: 1,
      articles: [ { article_id: 1, quantite: 1, taille: 'M' } ],
      total: 45.99
    }

      at createCommande (src/routes/magasin/core/handlers/create-commande.handler.ts:20:13)

  console.log
    Données validées par le schéma Zod: {"utilisateur_id":1,"articles":[{"article_id":1,"quantite":1,"taille":"M"}],"total":45.99,"statut":"en attente"}

      at createCommande (src/routes/magasin/core/handlers/create-commande.handler.ts:25:13)

  console.log
    🔍 [Service Magasin] Vérification doublon commande: {
      cacheKey: '1-45.99-[{"id":1,"taille":"M","quantite":1}]...',
      utilisateur_id: 1,
      total: 45.99,
      nbArticles: 1
    }

      at creerCommande (src/routes/magasin/core/services/magasin.service.ts:325:11)

  console.log
    ⚠️ [Service Magasin] Commande identique détectée, attente... { delaiDepuisCommande: '1061ms' }

      at creerCommande (src/routes/magasin/core/services/magasin.service.ts:339:15)

  console.log
    ✅ [Service Magasin] Première commande terminée, retour du même résultat

      at creerCommande (src/routes/magasin/core/services/magasin.service.ts:349:17)

  console.log
    ✅ [Handler Commandes] Commande créée avec succès: {
      unique_id: 'CMD-001-1770238459638-3C18B15D',
      numero_commande: 'CMD-000001',
      isDuplicate: true
    }

      at createCommande (src/routes/magasin/core/handlers/create-commande.handler.ts:36:13)

  console.log
    📝 [Handler Commandes] Création d'une nouvelle commande

      at createCommande (src/routes/magasin/core/handlers/create-commande.handler.ts:19:13)

  console.log
    🏥 [Handler Health] Health check du module magasin

      at healthCheck (src/routes/magasin/core/handlers/health.handler.ts:19:13)

  console.log
    Corps reçu: {
      utilisateur_id: 1,
      articles: [ { article_id: 1, quantite: 1, taille: 'M' } ],
      total: 45.99
    }

      at createCommande (src/routes/magasin/core/handlers/create-commande.handler.ts:20:13)

  console.log
    Données validées par le schéma Zod: {"utilisateur_id":1,"articles":[{"article_id":1,"quantite":1,"taille":"M"}],"total":45.99,"statut":"en attente"}

      at createCommande (src/routes/magasin/core/handlers/create-commande.handler.ts:25:13)

  console.log
    ✅ [Handler Health] Module magasin en bonne santé

      at healthCheck (src/routes/magasin/core/handlers/health.handler.ts:37:13)

  console.log
    🔍 [Service Magasin] Vérification doublon commande: {
      cacheKey: '1-45.99-[{"id":1,"taille":"M","quantite":1}]...',
      utilisateur_id: 1,
      total: 45.99,
      nbArticles: 1
    }

      at creerCommande (src/routes/magasin/core/services/magasin.service.ts:325:11)

  console.log
    ⚠️ [Service Magasin] Commande identique détectée, attente... { delaiDepuisCommande: '1065ms' }

      at creerCommande (src/routes/magasin/core/services/magasin.service.ts:339:15)

  console.log
    ✅ [Service Magasin] Première commande terminée, retour du même résultat

      at creerCommande (src/routes/magasin/core/services/magasin.service.ts:349:17)

  console.log
    ✅ [Handler Commandes] Commande créée avec succès: {
      unique_id: 'CMD-001-1770238459638-3C18B15D',
      numero_commande: 'CMD-000001',
      isDuplicate: true
    }

      at createCommande (src/routes/magasin/core/handlers/create-commande.handler.ts:36:13)

  console.log
    📝 [Handler Commandes] Création d'une nouvelle commande

      at createCommande (src/routes/magasin/core/handlers/create-commande.handler.ts:19:13)

  console.log
    Corps reçu: {
      utilisateur_id: 1,
      articles: [ { article_id: 1, quantite: 1, taille: 'M' } ],
      total: 45.99
    }

      at createCommande (src/routes/magasin/core/handlers/create-commande.handler.ts:20:13)

  console.log
    Données validées par le schéma Zod: {"utilisateur_id":1,"articles":[{"article_id":1,"quantite":1,"taille":"M"}],"total":45.99,"statut":"en attente"}

      at createCommande (src/routes/magasin/core/handlers/create-commande.handler.ts:25:13)

  console.log
    🔍 [Service Magasin] Vérification doublon commande: {
      cacheKey: '1-45.99-[{"id":1,"taille":"M","quantite":1}]...',
      utilisateur_id: 1,
      total: 45.99,
      nbArticles: 1
    }

      at creerCommande (src/routes/magasin/core/services/magasin.service.ts:325:11)

  console.log
    ⚠️ [Service Magasin] Commande identique détectée, attente... { delaiDepuisCommande: '1067ms' }

      at creerCommande (src/routes/magasin/core/services/magasin.service.ts:339:15)

  console.log
    ✅ [Service Magasin] Première commande terminée, retour du même résultat

      at creerCommande (src/routes/magasin/core/services/magasin.service.ts:349:17)

  console.log
    ✅ [Handler Commandes] Commande créée avec succès: {
      unique_id: 'CMD-001-1770238459638-3C18B15D',
      numero_commande: 'CMD-000001',
      isDuplicate: true
    }

      at createCommande (src/routes/magasin/core/handlers/create-commande.handler.ts:36:13)

  console.log
    📝 [Handler Commandes] Création d'une nouvelle commande

      at createCommande (src/routes/magasin/core/handlers/create-commande.handler.ts:19:13)

  console.log
    Corps reçu: {
      utilisateur_id: 1,
      articles: [ { article_id: 1, quantite: 1, taille: 'M' } ],
      total: 45.99
    }

      at createCommande (src/routes/magasin/core/handlers/create-commande.handler.ts:20:13)

  console.log
    🏥 [Handler Health] Health check du module magasin

      at healthCheck (src/routes/magasin/core/handlers/health.handler.ts:19:13)

  console.log
    Données validées par le schéma Zod: {"utilisateur_id":1,"articles":[{"article_id":1,"quantite":1,"taille":"M"}],"total":45.99,"statut":"en attente"}

      at createCommande (src/routes/magasin/core/handlers/create-commande.handler.ts:25:13)

  console.log
    🔍 [Service Magasin] Vérification doublon commande: {
      cacheKey: '1-45.99-[{"id":1,"taille":"M","quantite":1}]...',
      utilisateur_id: 1,
      total: 45.99,
      nbArticles: 1
    }

      at creerCommande (src/routes/magasin/core/services/magasin.service.ts:325:11)

  console.log
    ⚠️ [Service Magasin] Commande identique détectée, attente... { delaiDepuisCommande: '1069ms' }

      at creerCommande (src/routes/magasin/core/services/magasin.service.ts:339:15)

  console.log
    ✅ [Handler Health] Module magasin en bonne santé

      at healthCheck (src/routes/magasin/core/handlers/health.handler.ts:37:13)

  console.log
    ✅ [Service Magasin] Première commande terminée, retour du même résultat

      at creerCommande (src/routes/magasin/core/services/magasin.service.ts:349:17)

  console.log
    ✅ [Handler Commandes] Commande créée avec succès: {
      unique_id: 'CMD-001-1770238459638-3C18B15D',
      numero_commande: 'CMD-000001',
      isDuplicate: true
    }

      at createCommande (src/routes/magasin/core/handlers/create-commande.handler.ts:36:13)

  console.log
    📝 [Handler Commandes] Création d'une nouvelle commande

      at createCommande (src/routes/magasin/core/handlers/create-commande.handler.ts:19:13)

  console.log
    Corps reçu: {
      utilisateur_id: 1,
      articles: [ { article_id: 1, quantite: 1, taille: 'M' } ],
      total: 45.99
    }

      at createCommande (src/routes/magasin/core/handlers/create-commande.handler.ts:20:13)

  console.log
    Données validées par le schéma Zod: {"utilisateur_id":1,"articles":[{"article_id":1,"quantite":1,"taille":"M"}],"total":45.99,"statut":"en attente"}

      at createCommande (src/routes/magasin/core/handlers/create-commande.handler.ts:25:13)

  console.log
    🔍 [Service Magasin] Vérification doublon commande: {
      cacheKey: '1-45.99-[{"id":1,"taille":"M","quantite":1}]...',
      utilisateur_id: 1,
      total: 45.99,
      nbArticles: 1
    }

      at creerCommande (src/routes/magasin/core/services/magasin.service.ts:325:11)

  console.log
    🏥 [Handler Health] Health check du module magasin

      at healthCheck (src/routes/magasin/core/handlers/health.handler.ts:19:13)

  console.log
    ⚠️ [Service Magasin] Commande identique détectée, attente... { delaiDepuisCommande: '1071ms' }

      at creerCommande (src/routes/magasin/core/services/magasin.service.ts:339:15)

  console.log
    ✅ [Service Magasin] Première commande terminée, retour du même résultat

      at creerCommande (src/routes/magasin/core/services/magasin.service.ts:349:17)

  console.log
    ✅ [Handler Commandes] Commande créée avec succès: {
      unique_id: 'CMD-001-1770238459638-3C18B15D',
      numero_commande: 'CMD-000001',
      isDuplicate: true
    }

      at createCommande (src/routes/magasin/core/handlers/create-commande.handler.ts:36:13)

  console.log
    📝 [Handler Commandes] Création d'une nouvelle commande

      at createCommande (src/routes/magasin/core/handlers/create-commande.handler.ts:19:13)

  console.log
    ✅ [Handler Health] Module magasin en bonne santé

      at healthCheck (src/routes/magasin/core/handlers/health.handler.ts:37:13)

  console.log
    Corps reçu: {
      utilisateur_id: 1,
      articles: [ { article_id: 1, quantite: 1, taille: 'M' } ],
      total: 45.99
    }

      at createCommande (src/routes/magasin/core/handlers/create-commande.handler.ts:20:13)

  console.log
    Données validées par le schéma Zod: {"utilisateur_id":1,"articles":[{"article_id":1,"quantite":1,"taille":"M"}],"total":45.99,"statut":"en attente"}

      at createCommande (src/routes/magasin/core/handlers/create-commande.handler.ts:25:13)

  console.log
    🔍 [Service Magasin] Vérification doublon commande: {
      cacheKey: '1-45.99-[{"id":1,"taille":"M","quantite":1}]...',
      utilisateur_id: 1,
      total: 45.99,
      nbArticles: 1
    }

      at creerCommande (src/routes/magasin/core/services/magasin.service.ts:325:11)

  console.log
    ⚠️ [Service Magasin] Commande identique détectée, attente... { delaiDepuisCommande: '1073ms' }

      at creerCommande (src/routes/magasin/core/services/magasin.service.ts:339:15)

  console.log
    ✅ [Service Magasin] Première commande terminée, retour du même résultat

      at creerCommande (src/routes/magasin/core/services/magasin.service.ts:349:17)

  console.log
    ✅ [Handler Commandes] Commande créée avec succès: {
      unique_id: 'CMD-001-1770238459638-3C18B15D',
      numero_commande: 'CMD-000001',
      isDuplicate: true
    }

      at createCommande (src/routes/magasin/core/handlers/create-commande.handler.ts:36:13)

  console.log
    📝 [Handler Commandes] Création d'une nouvelle commande

      at createCommande (src/routes/magasin/core/handlers/create-commande.handler.ts:19:13)

  console.log
    🏥 [Handler Health] Health check du module magasin

      at healthCheck (src/routes/magasin/core/handlers/health.handler.ts:19:13)

  console.log
    Corps reçu: {
      utilisateur_id: 1,
      articles: [ { article_id: 1, quantite: 1, taille: 'M' } ],
      total: 45.99
    }

      at createCommande (src/routes/magasin/core/handlers/create-commande.handler.ts:20:13)

  console.log
    Données validées par le schéma Zod: {"utilisateur_id":1,"articles":[{"article_id":1,"quantite":1,"taille":"M"}],"total":45.99,"statut":"en attente"}

      at createCommande (src/routes/magasin/core/handlers/create-commande.handler.ts:25:13)

  console.log
    🔍 [Service Magasin] Vérification doublon commande: {
      cacheKey: '1-45.99-[{"id":1,"taille":"M","quantite":1}]...',
      utilisateur_id: 1,
      total: 45.99,
      nbArticles: 1
    }

      at creerCommande (src/routes/magasin/core/services/magasin.service.ts:325:11)

  console.log
    ✅ [Handler Health] Module magasin en bonne santé

      at healthCheck (src/routes/magasin/core/handlers/health.handler.ts:37:13)

  console.log
    ⚠️ [Service Magasin] Commande identique détectée, attente... { delaiDepuisCommande: '1075ms' }

      at creerCommande (src/routes/magasin/core/services/magasin.service.ts:339:15)

  console.log
    ✅ [Service Magasin] Première commande terminée, retour du même résultat

      at creerCommande (src/routes/magasin/core/services/magasin.service.ts:349:17)

  console.log
    ✅ [Handler Commandes] Commande créée avec succès: {
      unique_id: 'CMD-001-1770238459638-3C18B15D',
      numero_commande: 'CMD-000001',
      isDuplicate: true
    }

      at createCommande (src/routes/magasin/core/handlers/create-commande.handler.ts:36:13)

  console.log
    📝 [Handler Commandes] Création d'une nouvelle commande

      at createCommande (src/routes/magasin/core/handlers/create-commande.handler.ts:19:13)

  console.log
    Corps reçu: {
      utilisateur_id: 1,
      articles: [ { article_id: 1, quantite: 1, taille: 'M' } ],
      total: 45.99
    }

      at createCommande (src/routes/magasin/core/handlers/create-commande.handler.ts:20:13)

  console.log
    Données validées par le schéma Zod: {"utilisateur_id":1,"articles":[{"article_id":1,"quantite":1,"taille":"M"}],"total":45.99,"statut":"en attente"}

      at createCommande (src/routes/magasin/core/handlers/create-commande.handler.ts:25:13)

  console.log
    🔍 [Service Magasin] Vérification doublon commande: {
      cacheKey: '1-45.99-[{"id":1,"taille":"M","quantite":1}]...',
      utilisateur_id: 1,
      total: 45.99,
      nbArticles: 1
    }

      at creerCommande (src/routes/magasin/core/services/magasin.service.ts:325:11)

  console.log
    🏥 [Handler Health] Health check du module magasin

      at healthCheck (src/routes/magasin/core/handlers/health.handler.ts:19:13)

  console.log
    ⚠️ [Service Magasin] Commande identique détectée, attente... { delaiDepuisCommande: '1077ms' }

      at creerCommande (src/routes/magasin/core/services/magasin.service.ts:339:15)

  console.log
    ✅ [Service Magasin] Première commande terminée, retour du même résultat

      at creerCommande (src/routes/magasin/core/services/magasin.service.ts:349:17)

  console.log
    ✅ [Handler Commandes] Commande créée avec succès: {
      unique_id: 'CMD-001-1770238459638-3C18B15D',
      numero_commande: 'CMD-000001',
      isDuplicate: true
    }

      at createCommande (src/routes/magasin/core/handlers/create-commande.handler.ts:36:13)

  console.log
    ✅ [Handler Health] Module magasin en bonne santé

      at healthCheck (src/routes/magasin/core/handlers/health.handler.ts:37:13)

  console.log
    📝 [Handler Commandes] Création d'une nouvelle commande

      at createCommande (src/routes/magasin/core/handlers/create-commande.handler.ts:19:13)

  console.log
    Corps reçu: {
      utilisateur_id: 1,
      articles: [ { article_id: 1, quantite: 1, taille: 'M' } ],
      total: 45.99
    }

      at createCommande (src/routes/magasin/core/handlers/create-commande.handler.ts:20:13)

  console.log
    Données validées par le schéma Zod: {"utilisateur_id":1,"articles":[{"article_id":1,"quantite":1,"taille":"M"}],"total":45.99,"statut":"en attente"}

      at createCommande (src/routes/magasin/core/handlers/create-commande.handler.ts:25:13)

  console.log
    🔍 [Service Magasin] Vérification doublon commande: {
      cacheKey: '1-45.99-[{"id":1,"taille":"M","quantite":1}]...',
      utilisateur_id: 1,
      total: 45.99,
      nbArticles: 1
    }

      at creerCommande (src/routes/magasin/core/services/magasin.service.ts:325:11)

  console.log
    ⚠️ [Service Magasin] Commande identique détectée, attente... { delaiDepuisCommande: '1079ms' }

      at creerCommande (src/routes/magasin/core/services/magasin.service.ts:339:15)

  console.log
    ✅ [Service Magasin] Première commande terminée, retour du même résultat

      at creerCommande (src/routes/magasin/core/services/magasin.service.ts:349:17)

  console.log
    ✅ [Handler Commandes] Commande créée avec succès: {
      unique_id: 'CMD-001-1770238459638-3C18B15D',
      numero_commande: 'CMD-000001',
      isDuplicate: true
    }

      at createCommande (src/routes/magasin/core/handlers/create-commande.handler.ts:36:13)

  console.log
    🏥 [Handler Health] Health check du module magasin

      at healthCheck (src/routes/magasin/core/handlers/health.handler.ts:19:13)

  console.log
    📝 [Handler Commandes] Création d'une nouvelle commande

      at createCommande (src/routes/magasin/core/handlers/create-commande.handler.ts:19:13)

  console.log
    Corps reçu: {
      utilisateur_id: 1,
      articles: [ { article_id: 1, quantite: 1, taille: 'M' } ],
      total: 45.99
    }

      at createCommande (src/routes/magasin/core/handlers/create-commande.handler.ts:20:13)

  console.log
    ✅ [Handler Health] Module magasin en bonne santé

      at healthCheck (src/routes/magasin/core/handlers/health.handler.ts:37:13)

  console.log
    Données validées par le schéma Zod: {"utilisateur_id":1,"articles":[{"article_id":1,"quantite":1,"taille":"M"}],"total":45.99,"statut":"en attente"}

      at createCommande (src/routes/magasin/core/handlers/create-commande.handler.ts:25:13)

  console.log
    🔍 [Service Magasin] Vérification doublon commande: {
      cacheKey: '1-45.99-[{"id":1,"taille":"M","quantite":1}]...',
      utilisateur_id: 1,
      total: 45.99,
      nbArticles: 1
    }

      at creerCommande (src/routes/magasin/core/services/magasin.service.ts:325:11)

  console.log
    ⚠️ [Service Magasin] Commande identique détectée, attente... { delaiDepuisCommande: '1081ms' }

      at creerCommande (src/routes/magasin/core/services/magasin.service.ts:339:15)

  console.log
    ✅ [Service Magasin] Première commande terminée, retour du même résultat

      at creerCommande (src/routes/magasin/core/services/magasin.service.ts:349:17)

  console.log
    ✅ [Handler Commandes] Commande créée avec succès: {
      unique_id: 'CMD-001-1770238459638-3C18B15D',
      numero_commande: 'CMD-000001',
      isDuplicate: true
    }

      at createCommande (src/routes/magasin/core/handlers/create-commande.handler.ts:36:13)

  console.log
    🏥 [Handler Health] Health check du module magasin

      at healthCheck (src/routes/magasin/core/handlers/health.handler.ts:19:13)

  console.log
    📝 [Handler Commandes] Création d'une nouvelle commande

      at createCommande (src/routes/magasin/core/handlers/create-commande.handler.ts:19:13)

  console.log
    Corps reçu: {
      utilisateur_id: 1,
      articles: [ { article_id: 1, quantite: 1, taille: 'M' } ],
      total: 45.99
    }

      at createCommande (src/routes/magasin/core/handlers/create-commande.handler.ts:20:13)

  console.log
    ✅ [Handler Health] Module magasin en bonne santé

      at healthCheck (src/routes/magasin/core/handlers/health.handler.ts:37:13)

  console.log
    Données validées par le schéma Zod: {"utilisateur_id":1,"articles":[{"article_id":1,"quantite":1,"taille":"M"}],"total":45.99,"statut":"en attente"}

      at createCommande (src/routes/magasin/core/handlers/create-commande.handler.ts:25:13)

  console.log
    🔍 [Service Magasin] Vérification doublon commande: {
      cacheKey: '1-45.99-[{"id":1,"taille":"M","quantite":1}]...',
      utilisateur_id: 1,
      total: 45.99,
      nbArticles: 1
    }

      at creerCommande (src/routes/magasin/core/services/magasin.service.ts:325:11)

  console.log
    ⚠️ [Service Magasin] Commande identique détectée, attente... { delaiDepuisCommande: '1083ms' }

      at creerCommande (src/routes/magasin/core/services/magasin.service.ts:339:15)

  console.log
    ✅ [Service Magasin] Première commande terminée, retour du même résultat

      at creerCommande (src/routes/magasin/core/services/magasin.service.ts:349:17)

  console.log
    ✅ [Handler Commandes] Commande créée avec succès: {
      unique_id: 'CMD-001-1770238459638-3C18B15D',
      numero_commande: 'CMD-000001',
      isDuplicate: true
    }

      at createCommande (src/routes/magasin/core/handlers/create-commande.handler.ts:36:13)

  console.log
    📝 [Handler Commandes] Création d'une nouvelle commande

      at createCommande (src/routes/magasin/core/handlers/create-commande.handler.ts:19:13)

  console.log
    Corps reçu: {
      utilisateur_id: 1,
      articles: [ { article_id: 1, quantite: 1, taille: 'M' } ],
      total: 45.99
    }

      at createCommande (src/routes/magasin/core/handlers/create-commande.handler.ts:20:13)

  console.log
    Données validées par le schéma Zod: {"utilisateur_id":1,"articles":[{"article_id":1,"quantite":1,"taille":"M"}],"total":45.99,"statut":"en attente"}

      at createCommande (src/routes/magasin/core/handlers/create-commande.handler.ts:25:13)

  console.log
    🔍 [Service Magasin] Vérification doublon commande: {
      cacheKey: '1-45.99-[{"id":1,"taille":"M","quantite":1}]...',
      utilisateur_id: 1,
      total: 45.99,
      nbArticles: 1
    }

      at creerCommande (src/routes/magasin/core/services/magasin.service.ts:325:11)

  console.log
    ⚠️ [Service Magasin] Commande identique détectée, attente... { delaiDepuisCommande: '1085ms' }

      at creerCommande (src/routes/magasin/core/services/magasin.service.ts:339:15)

  console.log
    ✅ [Service Magasin] Première commande terminée, retour du même résultat

      at creerCommande (src/routes/magasin/core/services/magasin.service.ts:349:17)

  console.log
    ✅ [Handler Commandes] Commande créée avec succès: {
      unique_id: 'CMD-001-1770238459638-3C18B15D',
      numero_commande: 'CMD-000001',
      isDuplicate: true
    }

      at createCommande (src/routes/magasin/core/handlers/create-commande.handler.ts:36:13)

  console.log
    📝 [Handler Commandes] Création d'une nouvelle commande

      at createCommande (src/routes/magasin/core/handlers/create-commande.handler.ts:19:13)

  console.log
    Corps reçu: {
      utilisateur_id: 1,
      articles: [ { article_id: 1, quantite: 1, taille: 'M' } ],
      total: 45.99
    }

      at createCommande (src/routes/magasin/core/handlers/create-commande.handler.ts:20:13)

  console.log
    Données validées par le schéma Zod: {"utilisateur_id":1,"articles":[{"article_id":1,"quantite":1,"taille":"M"}],"total":45.99,"statut":"en attente"}

      at createCommande (src/routes/magasin/core/handlers/create-commande.handler.ts:25:13)

  console.log
    🔍 [Service Magasin] Vérification doublon commande: {
      cacheKey: '1-45.99-[{"id":1,"taille":"M","quantite":1}]...',
      utilisateur_id: 1,
      total: 45.99,
      nbArticles: 1
    }

      at creerCommande (src/routes/magasin/core/services/magasin.service.ts:325:11)

  console.log
    ⚠️ [Service Magasin] Commande identique détectée, attente... { delaiDepuisCommande: '1088ms' }

      at creerCommande (src/routes/magasin/core/services/magasin.service.ts:339:15)

  console.log
    ✅ [Service Magasin] Première commande terminée, retour du même résultat

      at creerCommande (src/routes/magasin/core/services/magasin.service.ts:349:17)

  console.log
    ✅ [Handler Commandes] Commande créée avec succès: {
      unique_id: 'CMD-001-1770238459638-3C18B15D',
      numero_commande: 'CMD-000001',
      isDuplicate: true
    }

      at createCommande (src/routes/magasin/core/handlers/create-commande.handler.ts:36:13)

  console.log
    📝 [Handler Commandes] Création d'une nouvelle commande

      at createCommande (src/routes/magasin/core/handlers/create-commande.handler.ts:19:13)

  console.log
    Corps reçu: {
      utilisateur_id: 1,
      articles: [ { article_id: 1, quantite: 1, taille: 'M' } ],
      total: 45.99
    }

      at createCommande (src/routes/magasin/core/handlers/create-commande.handler.ts:20:13)

  console.log
    Données validées par le schéma Zod: {"utilisateur_id":1,"articles":[{"article_id":1,"quantite":1,"taille":"M"}],"total":45.99,"statut":"en attente"}

      at createCommande (src/routes/magasin/core/handlers/create-commande.handler.ts:25:13)

  console.log
    🔍 [Service Magasin] Vérification doublon commande: {
      cacheKey: '1-45.99-[{"id":1,"taille":"M","quantite":1}]...',
      utilisateur_id: 1,
      total: 45.99,
      nbArticles: 1
    }

      at creerCommande (src/routes/magasin/core/services/magasin.service.ts:325:11)

  console.log
    ⚠️ [Service Magasin] Commande identique détectée, attente... { delaiDepuisCommande: '1090ms' }

      at creerCommande (src/routes/magasin/core/services/magasin.service.ts:339:15)

  console.log
    ✅ [Service Magasin] Première commande terminée, retour du même résultat

      at creerCommande (src/routes/magasin/core/services/magasin.service.ts:349:17)

  console.log
    ✅ [Handler Commandes] Commande créée avec succès: {
      unique_id: 'CMD-001-1770238459638-3C18B15D',
      numero_commande: 'CMD-000001',
      isDuplicate: true
    }

      at createCommande (src/routes/magasin/core/handlers/create-commande.handler.ts:36:13)

  console.log
    📝 [Handler Commandes] Création d'une nouvelle commande

      at createCommande (src/routes/magasin/core/handlers/create-commande.handler.ts:19:13)

  console.log
    Corps reçu: {
      utilisateur_id: 1,
      articles: [ { article_id: 1, quantite: 1, taille: 'M' } ],
      total: 45.99
    }

      at createCommande (src/routes/magasin/core/handlers/create-commande.handler.ts:20:13)

  console.log
    Données validées par le schéma Zod: {"utilisateur_id":1,"articles":[{"article_id":1,"quantite":1,"taille":"M"}],"total":45.99,"statut":"en attente"}

      at createCommande (src/routes/magasin/core/handlers/create-commande.handler.ts:25:13)

  console.log
    🔍 [Service Magasin] Vérification doublon commande: {
      cacheKey: '1-45.99-[{"id":1,"taille":"M","quantite":1}]...',
      utilisateur_id: 1,
      total: 45.99,
      nbArticles: 1
    }

      at creerCommande (src/routes/magasin/core/services/magasin.service.ts:325:11)

  console.log
    ⚠️ [Service Magasin] Commande identique détectée, attente... { delaiDepuisCommande: '1092ms' }

      at creerCommande (src/routes/magasin/core/services/magasin.service.ts:339:15)

  console.log
    ✅ [Service Magasin] Première commande terminée, retour du même résultat

      at creerCommande (src/routes/magasin/core/services/magasin.service.ts:349:17)

  console.log
    ✅ [Handler Commandes] Commande créée avec succès: {
      unique_id: 'CMD-001-1770238459638-3C18B15D',
      numero_commande: 'CMD-000001',
      isDuplicate: true
    }

      at createCommande (src/routes/magasin/core/handlers/create-commande.handler.ts:36:13)

  console.log
    📝 [Handler Commandes] Création d'une nouvelle commande

      at createCommande (src/routes/magasin/core/handlers/create-commande.handler.ts:19:13)

  console.log
    Corps reçu: {
      utilisateur_id: 1,
      articles: [ { article_id: 1, quantite: 1, taille: 'M' } ],
      total: 45.99
    }

      at createCommande (src/routes/magasin/core/handlers/create-commande.handler.ts:20:13)

  console.log
    Données validées par le schéma Zod: {"utilisateur_id":1,"articles":[{"article_id":1,"quantite":1,"taille":"M"}],"total":45.99,"statut":"en attente"}

      at createCommande (src/routes/magasin/core/handlers/create-commande.handler.ts:25:13)

  console.log
    🔍 [Service Magasin] Vérification doublon commande: {
      cacheKey: '1-45.99-[{"id":1,"taille":"M","quantite":1}]...',
      utilisateur_id: 1,
      total: 45.99,
      nbArticles: 1
    }

      at creerCommande (src/routes/magasin/core/services/magasin.service.ts:325:11)

  console.log
    ⚠️ [Service Magasin] Commande identique détectée, attente... { delaiDepuisCommande: '1094ms' }

      at creerCommande (src/routes/magasin/core/services/magasin.service.ts:339:15)

  console.log
    ✅ [Service Magasin] Première commande terminée, retour du même résultat

      at creerCommande (src/routes/magasin/core/services/magasin.service.ts:349:17)

  console.log
    ✅ [Handler Commandes] Commande créée avec succès: {
      unique_id: 'CMD-001-1770238459638-3C18B15D',
      numero_commande: 'CMD-000001',
      isDuplicate: true
    }

      at createCommande (src/routes/magasin/core/handlers/create-commande.handler.ts:36:13)

  console.log
    📝 [Handler Commandes] Création d'une nouvelle commande

      at createCommande (src/routes/magasin/core/handlers/create-commande.handler.ts:19:13)

  console.log
    Corps reçu: {
      utilisateur_id: 1,
      articles: [ { article_id: 1, quantite: 1, taille: 'M' } ],
      total: 45.99
    }

      at createCommande (src/routes/magasin/core/handlers/create-commande.handler.ts:20:13)

  console.log
    Données validées par le schéma Zod: {"utilisateur_id":1,"articles":[{"article_id":1,"quantite":1,"taille":"M"}],"total":45.99,"statut":"en attente"}

      at createCommande (src/routes/magasin/core/handlers/create-commande.handler.ts:25:13)

  console.log
    🔍 [Service Magasin] Vérification doublon commande: {
      cacheKey: '1-45.99-[{"id":1,"taille":"M","quantite":1}]...',
      utilisateur_id: 1,
      total: 45.99,
      nbArticles: 1
    }

      at creerCommande (src/routes/magasin/core/services/magasin.service.ts:325:11)

  console.log
    ⚠️ [Service Magasin] Commande identique détectée, attente... { delaiDepuisCommande: '1097ms' }

      at creerCommande (src/routes/magasin/core/services/magasin.service.ts:339:15)

  console.log
    ✅ [Service Magasin] Première commande terminée, retour du même résultat

      at creerCommande (src/routes/magasin/core/services/magasin.service.ts:349:17)

  console.log
    ✅ [Handler Commandes] Commande créée avec succès: {
      unique_id: 'CMD-001-1770238459638-3C18B15D',
      numero_commande: 'CMD-000001',
      isDuplicate: true
    }

      at createCommande (src/routes/magasin/core/handlers/create-commande.handler.ts:36:13)

  console.log
    📝 [Handler Commandes] Création d'une nouvelle commande

      at createCommande (src/routes/magasin/core/handlers/create-commande.handler.ts:19:13)

  console.log
    Corps reçu: {
      utilisateur_id: 1,
      articles: [ { article_id: 1, quantite: 1, taille: 'M' } ],
      total: 45.99
    }

      at createCommande (src/routes/magasin/core/handlers/create-commande.handler.ts:20:13)

  console.log
    Données validées par le schéma Zod: {"utilisateur_id":1,"articles":[{"article_id":1,"quantite":1,"taille":"M"}],"total":45.99,"statut":"en attente"}

      at createCommande (src/routes/magasin/core/handlers/create-commande.handler.ts:25:13)

  console.log
    🔍 [Service Magasin] Vérification doublon commande: {
      cacheKey: '1-45.99-[{"id":1,"taille":"M","quantite":1}]...',
      utilisateur_id: 1,
      total: 45.99,
      nbArticles: 1
    }

      at creerCommande (src/routes/magasin/core/services/magasin.service.ts:325:11)

  console.log
    ⚠️ [Service Magasin] Commande identique détectée, attente... { delaiDepuisCommande: '1099ms' }

      at creerCommande (src/routes/magasin/core/services/magasin.service.ts:339:15)

  console.log
    ✅ [Service Magasin] Première commande terminée, retour du même résultat

      at creerCommande (src/routes/magasin/core/services/magasin.service.ts:349:17)

  console.log
    ✅ [Handler Commandes] Commande créée avec succès: {
      unique_id: 'CMD-001-1770238459638-3C18B15D',
      numero_commande: 'CMD-000001',
      isDuplicate: true
    }

      at createCommande (src/routes/magasin/core/handlers/create-commande.handler.ts:36:13)

  console.log
    📝 [Handler Commandes] Création d'une nouvelle commande

      at createCommande (src/routes/magasin/core/handlers/create-commande.handler.ts:19:13)

  console.log
    Corps reçu: {
      utilisateur_id: 1,
      articles: [ { article_id: 1, quantite: 1, taille: 'M' } ],
      total: 45.99
    }

      at createCommande (src/routes/magasin/core/handlers/create-commande.handler.ts:20:13)

  console.log
    Données validées par le schéma Zod: {"utilisateur_id":1,"articles":[{"article_id":1,"quantite":1,"taille":"M"}],"total":45.99,"statut":"en attente"}

      at createCommande (src/routes/magasin/core/handlers/create-commande.handler.ts:25:13)

  console.log
    🔍 [Service Magasin] Vérification doublon commande: {
      cacheKey: '1-45.99-[{"id":1,"taille":"M","quantite":1}]...',
      utilisateur_id: 1,
      total: 45.99,
      nbArticles: 1
    }

      at creerCommande (src/routes/magasin/core/services/magasin.service.ts:325:11)

  console.log
    ⚠️ [Service Magasin] Commande identique détectée, attente... { delaiDepuisCommande: '1101ms' }

      at creerCommande (src/routes/magasin/core/services/magasin.service.ts:339:15)

  console.log
    ✅ [Service Magasin] Première commande terminée, retour du même résultat

      at creerCommande (src/routes/magasin/core/services/magasin.service.ts:349:17)

  console.log
    ✅ [Handler Commandes] Commande créée avec succès: {
      unique_id: 'CMD-001-1770238459638-3C18B15D',
      numero_commande: 'CMD-000001',
      isDuplicate: true
    }

      at createCommande (src/routes/magasin/core/handlers/create-commande.handler.ts:36:13)

  console.log
    📝 [Handler Commandes] Création d'une nouvelle commande

      at createCommande (src/routes/magasin/core/handlers/create-commande.handler.ts:19:13)

  console.log
    Corps reçu: {
      utilisateur_id: 1,
      articles: [ { article_id: 1, quantite: 1, taille: 'M' } ],
      total: 45.99
    }

      at createCommande (src/routes/magasin/core/handlers/create-commande.handler.ts:20:13)

  console.log
    Données validées par le schéma Zod: {"utilisateur_id":1,"articles":[{"article_id":1,"quantite":1,"taille":"M"}],"total":45.99,"statut":"en attente"}

      at createCommande (src/routes/magasin/core/handlers/create-commande.handler.ts:25:13)

  console.log
    🔍 [Service Magasin] Vérification doublon commande: {
      cacheKey: '1-45.99-[{"id":1,"taille":"M","quantite":1}]...',
      utilisateur_id: 1,
      total: 45.99,
      nbArticles: 1
    }

      at creerCommande (src/routes/magasin/core/services/magasin.service.ts:325:11)

  console.log
    ⚠️ [Service Magasin] Commande identique détectée, attente... { delaiDepuisCommande: '1103ms' }

      at creerCommande (src/routes/magasin/core/services/magasin.service.ts:339:15)

  console.log
    ✅ [Service Magasin] Première commande terminée, retour du même résultat

      at creerCommande (src/routes/magasin/core/services/magasin.service.ts:349:17)

  console.log
    ✅ [Handler Commandes] Commande créée avec succès: {
      unique_id: 'CMD-001-1770238459638-3C18B15D',
      numero_commande: 'CMD-000001',
      isDuplicate: true
    }

      at createCommande (src/routes/magasin/core/handlers/create-commande.handler.ts:36:13)

  console.log
    📝 [Handler Commandes] Création d'une nouvelle commande

      at createCommande (src/routes/magasin/core/handlers/create-commande.handler.ts:19:13)

  console.log
    Corps reçu: {
      utilisateur_id: 1,
      articles: [ { article_id: 1, quantite: 1, taille: 'M' } ],
      total: 45.99
    }

      at createCommande (src/routes/magasin/core/handlers/create-commande.handler.ts:20:13)

  console.log
    Données validées par le schéma Zod: {"utilisateur_id":1,"articles":[{"article_id":1,"quantite":1,"taille":"M"}],"total":45.99,"statut":"en attente"}

      at createCommande (src/routes/magasin/core/handlers/create-commande.handler.ts:25:13)

  console.log
    🔍 [Service Magasin] Vérification doublon commande: {
      cacheKey: '1-45.99-[{"id":1,"taille":"M","quantite":1}]...',
      utilisateur_id: 1,
      total: 45.99,
      nbArticles: 1
    }

      at creerCommande (src/routes/magasin/core/services/magasin.service.ts:325:11)

  console.log
    ⚠️ [Service Magasin] Commande identique détectée, attente... { delaiDepuisCommande: '1106ms' }

      at creerCommande (src/routes/magasin/core/services/magasin.service.ts:339:15)

  console.log
    ✅ [Service Magasin] Première commande terminée, retour du même résultat

      at creerCommande (src/routes/magasin/core/services/magasin.service.ts:349:17)

  console.log
    ✅ [Handler Commandes] Commande créée avec succès: {
      unique_id: 'CMD-001-1770238459638-3C18B15D',
      numero_commande: 'CMD-000001',
      isDuplicate: true
    }

      at createCommande (src/routes/magasin/core/handlers/create-commande.handler.ts:36:13)

  console.log
    📝 [Handler Commandes] Création d'une nouvelle commande

      at createCommande (src/routes/magasin/core/handlers/create-commande.handler.ts:19:13)

  console.log
    Corps reçu: {
      utilisateur_id: 1,
      articles: [ { article_id: 1, quantite: 1, taille: 'M' } ],
      total: 45.99
    }

      at createCommande (src/routes/magasin/core/handlers/create-commande.handler.ts:20:13)

  console.error
    ❌ [Handler Health] Erreur health check: Error: JSON Error
        at Object.<anonymous> (C:\Users\guillaumehouthoofd\Documents\Benoit\Epreuve_intégrée\ClubManager\api\src\routes\magasin\__tests__\magasin.health-advanced.test.ts:125:15)
        at C:\Users\guillaumehouthoofd\Documents\Benoit\Epreuve_intégrée\ClubManager\api\node_modules\jest-mock\build\index.js:397:39
        at Object.<anonymous> (C:\Users\guillaumehouthoofd\Documents\Benoit\Epreuve_intégrée\ClubManager\api\node_modules\jest-mock\build\index.js:404:13)
        at Object.mockConstructor [as json] (C:\Users\guillaumehouthoofd\Documents\Benoit\Epreuve_intégrée\ClubManager\api\node_modules\jest-mock\build\index.js:148:19)
        at healthCheck (C:\Users\guillaumehouthoofd\Documents\Benoit\Epreuve_intégrée\ClubManager\api\src\routes\magasin\core\handlers\health.handler.ts:39:21)
        at Object.<anonymous> (C:\Users\guillaumehouthoofd\Documents\Benoit\Epreuve_intégrée\ClubManager\api\src\routes\magasin\__tests__\magasin.health-advanced.test.ts:129:9)
        at Promise.then.completed (C:\Users\guillaumehouthoofd\Documents\Benoit\Epreuve_intégrée\ClubManager\api\node_modules\jest-circus\build\utils.js:298:28)
        at new Promise (<anonymous>)
        at callAsyncCircusFn (C:\Users\guillaumehouthoofd\Documents\Benoit\Epreuve_intégrée\ClubManager\api\node_modules\jest-circus\build\utils.js:231:10)
        at _callCircusTest (C:\Users\guillaumehouthoofd\Documents\Benoit\Epreuve_intégrée\ClubManager\api\node_modules\jest-circus\build\run.js:316:40)
        at processTicksAndRejections (node:internal/process/task_queues:105:5)
        at _runTest (C:\Users\guillaumehouthoofd\Documents\Benoit\Epreuve_intégrée\ClubManager\api\node_modules\jest-circus\build\run.js:252:3)
        at _runTestsForDescribeBlock (C:\Users\guillaumehouthoofd\Documents\Benoit\Epreuve_intégrée\ClubManager\api\node_modules\jest-circus\build\run.js:126:9)
        at _runTestsForDescribeBlock (C:\Users\guillaumehouthoofd\Documents\Benoit\Epreuve_intégrée\ClubManager\api\node_modules\jest-circus\build\run.js:121:9)
        at _runTestsForDescribeBlock (C:\Users\guillaumehouthoofd\Documents\Benoit\Epreuve_intégrée\ClubManager\api\node_modules\jest-circus\build\run.js:121:9)
        at run (C:\Users\guillaumehouthoofd\Documents\Benoit\Epreuve_intégrée\ClubManager\api\node_modules\jest-circus\build\run.js:71:3)
        at runAndTransformResultsToJestFormat (C:\Users\guillaumehouthoofd\Documents\Benoit\Epreuve_intégrée\ClubManager\api\node_modules\jest-circus\build\legacy-code-todo-rewrite\jestAdapterInit.js:122:21)
        at jestAdapter (C:\Users\guillaumehouthoofd\Documents\Benoit\Epreuve_intégrée\ClubManager\api\node_modules\jest-circus\build\legacy-code-todo-rewrite\jestAdapter.js:79:19)
        at runTestInternal (C:\Users\guillaumehouthoofd\Documents\Benoit\Epreuve_intégrée\ClubManager\api\node_modules\jest-runner\build\runTest.js:367:16)
        at runTest (C:\Users\guillaumehouthoofd\Documents\Benoit\Epreuve_intégrée\ClubManager\api\node_modules\jest-runner\build\runTest.js:444:34)
        at Object.worker (C:\Users\guillaumehouthoofd\Documents\Benoit\Epreuve_intégrée\ClubManager\api\node_modules\jest-runner\build\testWorker.js:106:12)

    [0m [90m 39 |[39m     res[33m.[39mstatus([35m200[39m)[33m.[39mjson(health)[33m;[39m
     [90m 40 |[39m   } [36mcatch[39m (error) {
    [31m[1m>[22m[39m[90m 41 |[39m     console[33m.[39merror([32m"❌ [Handler Health] Erreur health check:"[39m[33m,[39m error)[33m;[39m
     [90m    |[39m             [31m[1m^[22m[39m
     [90m 42 |[39m     res[33m.[39mstatus([35m500[39m)[33m.[39mjson({
     [90m 43 |[39m       status[33m:[39m [32m"unhealthy"[39m[33m,[39m
     [90m 44 |[39m       module[33m:[39m [32m"magasin"[39m[33m,[39m[0m

      at healthCheck (src/routes/magasin/core/handlers/health.handler.ts:41:13)
      at Object.<anonymous> (src/routes/magasin/__tests__/magasin.health-advanced.test.ts:129:9)

  console.log
    Données validées par le schéma Zod: {"utilisateur_id":1,"articles":[{"article_id":1,"quantite":1,"taille":"M"}],"total":45.99,"statut":"en attente"}

      at createCommande (src/routes/magasin/core/handlers/create-commande.handler.ts:25:13)

  console.log
    🔍 [Service Magasin] Vérification doublon commande: {
      cacheKey: '1-45.99-[{"id":1,"taille":"M","quantite":1}]...',
      utilisateur_id: 1,
      total: 45.99,
      nbArticles: 1
    }

      at creerCommande (src/routes/magasin/core/services/magasin.service.ts:325:11)

  console.log
    ⚠️ [Service Magasin] Commande identique détectée, attente... { delaiDepuisCommande: '1108ms' }

      at creerCommande (src/routes/magasin/core/services/magasin.service.ts:339:15)

  console.log
    ✅ [Service Magasin] Première commande terminée, retour du même résultat

      at creerCommande (src/routes/magasin/core/services/magasin.service.ts:349:17)

  console.log
    ✅ [Handler Commandes] Commande créée avec succès: {
      unique_id: 'CMD-001-1770238459638-3C18B15D',
      numero_commande: 'CMD-000001',
      isDuplicate: true
    }

      at createCommande (src/routes/magasin/core/handlers/create-commande.handler.ts:36:13)

  console.log
    📝 [Handler Commandes] Création d'une nouvelle commande

      at createCommande (src/routes/magasin/core/handlers/create-commande.handler.ts:19:13)

  console.log
    Corps reçu: {
      utilisateur_id: 1,
      articles: [ { article_id: 1, quantite: 1, taille: 'M' } ],
      total: 45.99
    }

      at createCommande (src/routes/magasin/core/handlers/create-commande.handler.ts:20:13)

  console.log
    Données validées par le schéma Zod: {"utilisateur_id":1,"articles":[{"article_id":1,"quantite":1,"taille":"M"}],"total":45.99,"statut":"en attente"}

      at createCommande (src/routes/magasin/core/handlers/create-commande.handler.ts:25:13)

  console.log
    🔍 [Service Magasin] Vérification doublon commande: {
      cacheKey: '1-45.99-[{"id":1,"taille":"M","quantite":1}]...',
      utilisateur_id: 1,
      total: 45.99,
      nbArticles: 1
    }

      at creerCommande (src/routes/magasin/core/services/magasin.service.ts:325:11)

  console.log
    ⚠️ [Service Magasin] Commande identique détectée, attente... { delaiDepuisCommande: '1111ms' }

      at creerCommande (src/routes/magasin/core/services/magasin.service.ts:339:15)

  console.log
    ✅ [Service Magasin] Première commande terminée, retour du même résultat

      at creerCommande (src/routes/magasin/core/services/magasin.service.ts:349:17)

  console.log
    ✅ [Handler Commandes] Commande créée avec succès: {
      unique_id: 'CMD-001-1770238459638-3C18B15D',
      numero_commande: 'CMD-000001',
      isDuplicate: true
    }

      at createCommande (src/routes/magasin/core/handlers/create-commande.handler.ts:36:13)

  console.log
    📝 [Handler Commandes] Création d'une nouvelle commande

      at createCommande (src/routes/magasin/core/handlers/create-commande.handler.ts:19:13)

  console.log
    Corps reçu: {
      utilisateur_id: 1,
      articles: [ { article_id: 1, quantite: 1, taille: 'M' } ],
      total: 45.99
    }

      at createCommande (src/routes/magasin/core/handlers/create-commande.handler.ts:20:13)

  console.log
    🔍 [Handler Diagnostic] Diagnostic du module magasin

      at getDiagnostic (src/routes/magasin/core/handlers/health.handler.ts:123:13)

  console.log
    Données validées par le schéma Zod: {"utilisateur_id":1,"articles":[{"article_id":1,"quantite":1,"taille":"M"}],"total":45.99,"statut":"en attente"}

      at createCommande (src/routes/magasin/core/handlers/create-commande.handler.ts:25:13)

  console.log
    🔍 [Service Magasin] Vérification doublon commande: {
      cacheKey: '1-45.99-[{"id":1,"taille":"M","quantite":1}]...',
      utilisateur_id: 1,
      total: 45.99,
      nbArticles: 1
    }

      at creerCommande (src/routes/magasin/core/services/magasin.service.ts:325:11)

  console.log
    ⚠️ [Service Magasin] Commande identique détectée, attente... { delaiDepuisCommande: '1119ms' }

      at creerCommande (src/routes/magasin/core/services/magasin.service.ts:339:15)

  console.log
    ✅ [Service Magasin] Première commande terminée, retour du même résultat

      at creerCommande (src/routes/magasin/core/services/magasin.service.ts:349:17)

  console.log
    ✅ [Handler Commandes] Commande créée avec succès: {
      unique_id: 'CMD-001-1770238459638-3C18B15D',
      numero_commande: 'CMD-000001',
      isDuplicate: true
    }

      at createCommande (src/routes/magasin/core/handlers/create-commande.handler.ts:36:13)

  console.log
    📝 [Handler Commandes] Création d'une nouvelle commande

      at createCommande (src/routes/magasin/core/handlers/create-commande.handler.ts:19:13)

  console.log
    Corps reçu: {
      utilisateur_id: 1,
      articles: [ { article_id: 1, quantite: 1, taille: 'M' } ],
      total: 45.99
    }

      at createCommande (src/routes/magasin/core/handlers/create-commande.handler.ts:20:13)

  console.log
    Données validées par le schéma Zod: {"utilisateur_id":1,"articles":[{"article_id":1,"quantite":1,"taille":"M"}],"total":45.99,"statut":"en attente"}

      at createCommande (src/routes/magasin/core/handlers/create-commande.handler.ts:25:13)

  console.log
    🔍 [Service Magasin] Vérification doublon commande: {
      cacheKey: '1-45.99-[{"id":1,"taille":"M","quantite":1}]...',
      utilisateur_id: 1,
      total: 45.99,
      nbArticles: 1
    }

      at creerCommande (src/routes/magasin/core/services/magasin.service.ts:325:11)

  console.log
    ⚠️ [Service Magasin] Commande identique détectée, attente... { delaiDepuisCommande: '1121ms' }

      at creerCommande (src/routes/magasin/core/services/magasin.service.ts:339:15)

  console.log
    ✅ [Service Magasin] Première commande terminée, retour du même résultat

      at creerCommande (src/routes/magasin/core/services/magasin.service.ts:349:17)

  console.log
    ✅ [Handler Commandes] Commande créée avec succès: {
      unique_id: 'CMD-001-1770238459638-3C18B15D',
      numero_commande: 'CMD-000001',
      isDuplicate: true
    }

      at createCommande (src/routes/magasin/core/handlers/create-commande.handler.ts:36:13)

  console.log
    Performance createCommande - p95: 5ms

      at Object.<anonymous> (src/routes/magasin/__tests__/magasin.performance.test.ts:505:15)

  console.log
    🔍 [Handler Diagnostic] Diagnostic du module magasin

      at getDiagnostic (src/routes/magasin/core/handlers/health.handler.ts:123:13)

  console.log
    🔍 [Handler Diagnostic] Diagnostic du module magasin

      at getDiagnostic (src/routes/magasin/core/handlers/health.handler.ts:123:13)

  console.log
    🔍 [Handler Diagnostic] Diagnostic du module magasin

      at getDiagnostic (src/routes/magasin/core/handlers/health.handler.ts:123:13)

  console.log
    🔍 [Handler Diagnostic] Diagnostic du module magasin

      at getDiagnostic (src/routes/magasin/core/handlers/health.handler.ts:123:13)

  console.log
    🔍 [Handler Diagnostic] Diagnostic du module magasin

      at getDiagnostic (src/routes/magasin/core/handlers/health.handler.ts:123:13)

