
> clubmanager@1.0.0 test:api
> npm --prefix ./api run test:windows routes/magasin


> api@0.0.0 test:windows
> set NODE_ENV=test&& set NODE_OPTIONS=--experimental-vm-modules&& jest --config jest.config.cjs routes/magasin

  console.log
    [dotenv@17.2.2] injecting env (21) from .env.test -- tip: ⚙️  write to custom object with { processEnv: myObject }

      at _log (node_modules/dotenv/lib/main.js:139:11)

  console.log
    [dotenv@17.2.2] injecting env (21) from .env.test -- tip: 🔐 prevent committing .env to code: https://dotenvx.com/precommit

      at _log (node_modules/dotenv/lib/main.js:139:11)

  console.log
    ✅ Loaded .env.test environment variables (CommonJS)

      at Object.<anonymous> (tests/jest.setup.cjs:37:11)

  console.log
    ✅ Loaded .env.test environment variables (CommonJS)

      at Object.<anonymous> (tests/jest.setup.cjs:37:11)

  console.log
    🔗 Database URL: mysql:****@localhost:3306/clubmanager_test

      at Object.<anonymous> (tests/jest.setup.cjs:48:11)

  console.log
    🧪 NODE_ENV: test

      at Object.<anonymous> (tests/jest.setup.cjs:55:11)

  console.log
    ⚙️  Jest setup complete (CommonJS) - ready to run tests

      at Object.<anonymous> (tests/jest.setup.cjs:58:9)

  console.log
    🔗 Database URL: mysql:****@localhost:3306/clubmanager_test

      at Object.<anonymous> (tests/jest.setup.cjs:48:11)

  console.log
    [dotenv@17.2.2] injecting env (21) from .env.test -- tip: ⚙️  specify custom .env file path with { path: '/custom/path/.env' }

      at _log (node_modules/dotenv/lib/main.js:139:11)

  console.log
    🧪 NODE_ENV: test

      at Object.<anonymous> (tests/jest.setup.cjs:55:11)

  console.log
    ⚙️  Jest setup complete (CommonJS) - ready to run tests

      at Object.<anonymous> (tests/jest.setup.cjs:58:9)

  console.log
    ✅ Loaded .env.test environment variables (CommonJS)

      at Object.<anonymous> (tests/jest.setup.cjs:37:11)

  console.log
    🔗 Database URL: mysql:****@localhost:3306/clubmanager_test

      at Object.<anonymous> (tests/jest.setup.cjs:48:11)

  console.log
    🧪 NODE_ENV: test

      at Object.<anonymous> (tests/jest.setup.cjs:55:11)

  console.log
    ⚙️  Jest setup complete (CommonJS) - ready to run tests

      at Object.<anonymous> (tests/jest.setup.cjs:58:9)

  console.log
    [dotenv@17.2.2] injecting env (21) from .env.test -- tip: ⚙️  load multiple .env files with { path: ['.env.local', '.env'] }

      at _log (node_modules/dotenv/lib/main.js:139:11)

  console.log
    [dotenv@17.2.2] injecting env (21) from .env.test -- tip: ⚙️  enable debug logging with { debug: true }

      at _log (node_modules/dotenv/lib/main.js:139:11)

  console.log
    ✅ Loaded .env.test environment variables (CommonJS)

      at Object.<anonymous> (tests/jest.setup.cjs:37:11)

  console.log
    ✅ Loaded .env.test environment variables (CommonJS)

      at Object.<anonymous> (tests/jest.setup.cjs:37:11)

  console.log
    🔗 Database URL: mysql:****@localhost:3306/clubmanager_test

      at Object.<anonymous> (tests/jest.setup.cjs:48:11)

  console.log
    🧪 NODE_ENV: test

      at Object.<anonymous> (tests/jest.setup.cjs:55:11)

  console.log
    🔗 Database URL: mysql:****@localhost:3306/clubmanager_test

      at Object.<anonymous> (tests/jest.setup.cjs:48:11)

  console.log
    ⚙️  Jest setup complete (CommonJS) - ready to run tests

      at Object.<anonymous> (tests/jest.setup.cjs:58:9)

  console.log
    🧪 NODE_ENV: test

      at Object.<anonymous> (tests/jest.setup.cjs:55:11)

  console.log
    ⚙️  Jest setup complete (CommonJS) - ready to run tests

      at Object.<anonymous> (tests/jest.setup.cjs:58:9)

  console.log
    [dotenv@17.2.2] injecting env (21) from .env.test -- tip: ⚙️  enable debug logging with { debug: true }

      at _log (node_modules/dotenv/lib/main.js:139:11)

  console.log
    ✅ Loaded .env.test environment variables (CommonJS)

      at Object.<anonymous> (tests/jest.setup.cjs:37:11)

  console.log
    🔗 Database URL: mysql:****@localhost:3306/clubmanager_test

      at Object.<anonymous> (tests/jest.setup.cjs:48:11)

  console.log
    🧪 NODE_ENV: test

      at Object.<anonymous> (tests/jest.setup.cjs:55:11)

  console.log
    ⚙️  Jest setup complete (CommonJS) - ready to run tests

      at Object.<anonymous> (tests/jest.setup.cjs:58:9)

  console.log
    [dotenv@17.2.2] injecting env (21) from .env.test -- tip: 📡 observe env with Radar: https://dotenvx.com/radar

      at _log (node_modules/dotenv/lib/main.js:139:11)

  console.log
    ✅ Loaded .env.test environment variables (CommonJS)

      at Object.<anonymous> (tests/jest.setup.cjs:37:11)

  console.log
    🔗 Database URL: mysql:****@localhost:3306/clubmanager_test

      at Object.<anonymous> (tests/jest.setup.cjs:48:11)

  console.log
    🧪 NODE_ENV: test

      at Object.<anonymous> (tests/jest.setup.cjs:55:11)

  console.log
    ⚙️  Jest setup complete (CommonJS) - ready to run tests

      at Object.<anonymous> (tests/jest.setup.cjs:58:9)

ts-jest[ts-jest-transformer] (WARN) Define `ts-jest` config under `globals` is deprecated. Please do
transform: {
    <transform_regex>: ['ts-jest', { /* ts-jest config goes here in Jest */ }],
},
See more at https://kulshekhar.github.io/ts-jest/docs/getting-started/presets#advanced
ts-jest[ts-jest-transformer] (WARN) Define `ts-jest` config under `globals` is deprecated. Please do
transform: {
    <transform_regex>: ['ts-jest', { /* ts-jest config goes here in Jest */ }],
},
See more at https://kulshekhar.github.io/ts-jest/docs/getting-started/presets#advanced
ts-jest[ts-jest-transformer] (WARN) Define `ts-jest` config under `globals` is deprecated. Please do
transform: {
    <transform_regex>: ['ts-jest', { /* ts-jest config goes here in Jest */ }],
},
See more at https://kulshekhar.github.io/ts-jest/docs/getting-started/presets#advanced
ts-jest[ts-jest-transformer] (WARN) Define `ts-jest` config under `globals` is deprecated. Please do
transform: {
    <transform_regex>: ['ts-jest', { /* ts-jest config goes here in Jest */ }],
},
See more at https://kulshekhar.github.io/ts-jest/docs/getting-started/presets#advanced
ts-jest[ts-jest-transformer] (WARN) Define `ts-jest` config under `globals` is deprecated. Please do
transform: {
    <transform_regex>: ['ts-jest', { /* ts-jest config goes here in Jest */ }],
},
See more at https://kulshekhar.github.io/ts-jest/docs/getting-started/presets#advanced
ts-jest[ts-jest-transformer] (WARN) Define `ts-jest` config under `globals` is deprecated. Please do
transform: {
    <transform_regex>: ['ts-jest', { /* ts-jest config goes here in Jest */ }],
},
See more at https://kulshekhar.github.io/ts-jest/docs/getting-started/presets#advanced
ts-jest[ts-jest-transformer] (WARN) Define `ts-jest` config under `globals` is deprecated. Please do
transform: {
    <transform_regex>: ['ts-jest', { /* ts-jest config goes here in Jest */ }],
},
See more at https://kulshekhar.github.io/ts-jest/docs/getting-started/presets#advanced
  console.log
    C:\Users\guillaumehouthoofd\Documents\Benoit\Epreuve_intégrée\ClubManager\api\api

      at src/db/connector/mysqlconnector.ts:13:9

  console.log
    ✅  Variables d'environnement déjà chargées (mode test ou DATABASE_URL présent)

      at src/db/connector/mysqlconnector.ts:36:11

  console.log
    C:\Users\guillaumehouthoofd\Documents\Benoit\Epreuve_intégrée\ClubManager\api\api

      at src/db/connector/mysqlconnector.ts:13:9

  console.log
    ✅  Variables d'environnement déjà chargées (mode test ou DATABASE_URL présent)

      at src/db/connector/mysqlconnector.ts:36:11

  console.log
    C:\Users\guillaumehouthoofd\Documents\Benoit\Epreuve_intégrée\ClubManager\api\api

      at src/db/connector/mysqlconnector.ts:13:9

  console.log
    ✅  Variables d'environnement déjà chargées (mode test ou DATABASE_URL présent)

      at src/db/connector/mysqlconnector.ts:36:11

  console.log
    C:\Users\guillaumehouthoofd\Documents\Benoit\Epreuve_intégrée\ClubManager\api\api

      at src/db/connector/mysqlconnector.ts:13:9

  console.log
    ✅  Variables d'environnement déjà chargées (mode test ou DATABASE_URL présent)

      at src/db/connector/mysqlconnector.ts:36:11

  console.log
    C:\Users\guillaumehouthoofd\Documents\Benoit\Epreuve_intégrée\ClubManager\api\api

      at src/db/connector/mysqlconnector.ts:13:9

  console.log
    ✅  Variables d'environnement déjà chargées (mode test ou DATABASE_URL présent)

      at src/db/connector/mysqlconnector.ts:36:11

  console.log
    C:\Users\guillaumehouthoofd\Documents\Benoit\Epreuve_intégrée\ClubManager\api\api

      at src/db/connector/mysqlconnector.ts:13:9

  console.log
    ✅  Variables d'environnement déjà chargées (mode test ou DATABASE_URL présent)

      at src/db/connector/mysqlconnector.ts:36:11

  console.log
    C:\Users\guillaumehouthoofd\Documents\Benoit\Epreuve_intégrée\ClubManager\api\api

      at src/db/connector/mysqlconnector.ts:13:9

  console.log
    ✅  Variables d'environnement déjà chargées (mode test ou DATABASE_URL présent)

      at src/db/connector/mysqlconnector.ts:36:11

  console.log
    ✅ [EmailService] Transporteur initialisé avec succès

      at EmailService.initializeTransporter (src/services/emailService.ts:98:15)

  console.log
    ✅ [EmailService] Transporteur initialisé avec succès

      at EmailService.initializeTransporter (src/services/emailService.ts:98:15)

  console.warn
    API key does not start with "SG.".

    [0m [90m 61 |[39m
     [90m 62 |[39m     [36mif[39m (process[33m.[39menv[33m.[39m[33mSENDGRID_API_KEY[39m) {
    [31m[1m>[22m[39m[90m 63 |[39m       sgMail[33m.[39msetApiKey(process[33m.[39menv[33m.[39m[33mSENDGRID_API_KEY[39m)[33m;[39m
     [90m    |[39m              [31m[1m^[22m[39m
     [90m 64 |[39m       console[33m.[39mlog([32m'📧 [EmailService] SendGrid configuré avec API Key'[39m)[33m;[39m
     [90m 65 |[39m     } [36melse[39m {
     [90m 66 |[39m       console[33m.[39mwarn([32m'⚠️ [EmailService] SENDGRID_API_KEY manquante'[39m)[33m;[39m[0m

      at Client.setApiKey (node_modules/@sendgrid/client/src/classes/client.js:50:15)
      at MailService.setApiKey (node_modules/@sendgrid/mail/src/classes/mail-service.js:38:17)
      at new EmailService (src/services/emailService.ts:63:14)
      at src/services/emailService.ts:666:29

  console.log
    📧 [EmailService] SendGrid configuré avec API Key

      at new EmailService (src/services/emailService.ts:64:15)

  console.log
    ✅ [EmailService] Transporteur initialisé avec succès

      at EmailService.initializeTransporter (src/services/emailService.ts:98:15)

  console.warn
    API key does not start with "SG.".

    [0m [90m 61 |[39m
     [90m 62 |[39m     [36mif[39m (process[33m.[39menv[33m.[39m[33mSENDGRID_API_KEY[39m) {
    [31m[1m>[22m[39m[90m 63 |[39m       sgMail[33m.[39msetApiKey(process[33m.[39menv[33m.[39m[33mSENDGRID_API_KEY[39m)[33m;[39m
     [90m    |[39m              [31m[1m^[22m[39m
     [90m 64 |[39m       console[33m.[39mlog([32m'📧 [EmailService] SendGrid configuré avec API Key'[39m)[33m;[39m
     [90m 65 |[39m     } [36melse[39m {
     [90m 66 |[39m       console[33m.[39mwarn([32m'⚠️ [EmailService] SENDGRID_API_KEY manquante'[39m)[33m;[39m[0m

      at Client.setApiKey (node_modules/@sendgrid/client/src/classes/client.js:50:15)
      at MailService.setApiKey (node_modules/@sendgrid/mail/src/classes/mail-service.js:38:17)
      at new EmailService (src/services/emailService.ts:63:14)
      at src/services/emailService.ts:666:29

  console.log
    📧 [EmailService] SendGrid configuré avec API Key

      at new EmailService (src/services/emailService.ts:64:15)

  console.warn
    API key does not start with "SG.".

    [0m [90m 61 |[39m
     [90m 62 |[39m     [36mif[39m (process[33m.[39menv[33m.[39m[33mSENDGRID_API_KEY[39m) {
    [31m[1m>[22m[39m[90m 63 |[39m       sgMail[33m.[39msetApiKey(process[33m.[39menv[33m.[39m[33mSENDGRID_API_KEY[39m)[33m;[39m
     [90m    |[39m              [31m[1m^[22m[39m
     [90m 64 |[39m       console[33m.[39mlog([32m'📧 [EmailService] SendGrid configuré avec API Key'[39m)[33m;[39m
     [90m 65 |[39m     } [36melse[39m {
     [90m 66 |[39m       console[33m.[39mwarn([32m'⚠️ [EmailService] SENDGRID_API_KEY manquante'[39m)[33m;[39m[0m

      at Client.setApiKey (node_modules/@sendgrid/client/src/classes/client.js:50:15)
      at MailService.setApiKey (node_modules/@sendgrid/mail/src/classes/mail-service.js:38:17)
      at new EmailService (src/services/emailService.ts:63:14)
      at src/db/clients/messagerie/emailClient.ts:524:22

  console.log
    📧 [EmailService] SendGrid configuré avec API Key

      at new EmailService (src/services/emailService.ts:64:15)

  console.log
    🔄 [EmailClient] Initialisation des templates...

      at EmailClient.initialiserTemplates (src/db/clients/messagerie/emailClient.ts:274:15)

  console.log
    🔄 [EmailTemplateService] Synchronisation des templates...

      at EmailTemplateService.syncDefaultTemplates (src/services/emailTemplateService.ts:39:15)

  console.log
    ✅ [EmailService] Transporteur initialisé avec succès

      at EmailService.initializeTransporter (src/services/emailService.ts:98:15)

  console.warn
    API key does not start with "SG.".

    [0m [90m 61 |[39m
     [90m 62 |[39m     [36mif[39m (process[33m.[39menv[33m.[39m[33mSENDGRID_API_KEY[39m) {
    [31m[1m>[22m[39m[90m 63 |[39m       sgMail[33m.[39msetApiKey(process[33m.[39menv[33m.[39m[33mSENDGRID_API_KEY[39m)[33m;[39m
     [90m    |[39m              [31m[1m^[22m[39m
     [90m 64 |[39m       console[33m.[39mlog([32m'📧 [EmailService] SendGrid configuré avec API Key'[39m)[33m;[39m
     [90m 65 |[39m     } [36melse[39m {
     [90m 66 |[39m       console[33m.[39mwarn([32m'⚠️ [EmailService] SENDGRID_API_KEY manquante'[39m)[33m;[39m[0m

      at Client.setApiKey (node_modules/@sendgrid/client/src/classes/client.js:50:15)
      at MailService.setApiKey (node_modules/@sendgrid/mail/src/classes/mail-service.js:38:17)
      at new EmailService (src/services/emailService.ts:63:14)
      at src/db/clients/messagerie/emailClient.ts:524:22

  console.log
    📧 [EmailService] SendGrid configuré avec API Key

      at new EmailService (src/services/emailService.ts:64:15)

  console.log
    🔄 [EmailClient] Initialisation des templates...

      at EmailClient.initialiserTemplates (src/db/clients/messagerie/emailClient.ts:274:15)

  console.log
    🔄 [EmailTemplateService] Synchronisation des templates...

      at EmailTemplateService.syncDefaultTemplates (src/services/emailTemplateService.ts:39:15)

  console.log
    ✅ [EmailService] Transporteur initialisé avec succès

      at EmailService.initializeTransporter (src/services/emailService.ts:98:15)

  console.log
    ✅ [EmailService] Transporteur initialisé avec succès

      at EmailService.initializeTransporter (src/services/emailService.ts:98:15)

  console.warn
    API key does not start with "SG.".

    [0m [90m 61 |[39m
     [90m 62 |[39m     [36mif[39m (process[33m.[39menv[33m.[39m[33mSENDGRID_API_KEY[39m) {
    [31m[1m>[22m[39m[90m 63 |[39m       sgMail[33m.[39msetApiKey(process[33m.[39menv[33m.[39m[33mSENDGRID_API_KEY[39m)[33m;[39m
     [90m    |[39m              [31m[1m^[22m[39m
     [90m 64 |[39m       console[33m.[39mlog([32m'📧 [EmailService] SendGrid configuré avec API Key'[39m)[33m;[39m
     [90m 65 |[39m     } [36melse[39m {
     [90m 66 |[39m       console[33m.[39mwarn([32m'⚠️ [EmailService] SENDGRID_API_KEY manquante'[39m)[33m;[39m[0m

      at Client.setApiKey (node_modules/@sendgrid/client/src/classes/client.js:50:15)
      at MailService.setApiKey (node_modules/@sendgrid/mail/src/classes/mail-service.js:38:17)
      at new EmailService (src/services/emailService.ts:63:14)
      at src/services/emailService.ts:666:29

  console.log
    📧 [EmailService] SendGrid configuré avec API Key

      at new EmailService (src/services/emailService.ts:64:15)

  console.log
    📝 [Handler Articles] Création d'un nouvel article

      at createArticle (src/routes/magasin/core/handlers/create-article.handler.ts:17:13)

  console.log
    ✅ [EmailService] Transporteur initialisé avec succès

      at EmailService.initializeTransporter (src/services/emailService.ts:98:15)

  console.log
    Données validées par le schéma Zod: {"nom":"Test'; DROP TABLE articles; --","prix":25.99,"categorie_id":1,"images":[],"stocks":[],"actif":true}

      at createArticle (src/routes/magasin/core/handlers/create-article.handler.ts:22:13)

  console.log
    📝 [Service Magasin] Ajout d'un nouvel article: Test'; DROP TABLE articles; --

      at ajouterArticle (src/routes/magasin/core/services/magasin.service.ts:216:11)

  console.log
    📋 [Handler Articles] Récupération des articles par catégories

      at getArticles (src/routes/magasin/core/handlers/get-articles.handler.ts:23:13)

  console.log
    ✅ [Service Magasin] Article ajouté avec succès

      at ajouterArticle (src/routes/magasin/core/services/magasin.service.ts:225:15)

  console.log
    ✅ [Handler Articles] Article créé avec succès

      at createArticle (src/routes/magasin/core/handlers/create-article.handler.ts:30:15)

  console.log
    📝 [Handler Articles] Création d'un nouvel article

      at createArticle (src/routes/magasin/core/handlers/create-article.handler.ts:17:13)

  console.log
    🔍 [Service Magasin] Récupération des articles par catégories

      at obtenirArticlesParCategories (src/routes/magasin/core/services/magasin.service.ts:166:11)

  console.log
    ✅ [Service Magasin] Articles récupérés avec succès

      at obtenirArticlesParCategories (src/routes/magasin/core/services/magasin.service.ts:171:13)

  console.log
    Données validées par le schéma Zod: {"nom":"Test Article","description":"Description' OR '1'='1","prix":25.99,"categorie_id":1,"images":[],"stocks":[],"actif":true}

      at createArticle (src/routes/magasin/core/handlers/create-article.handler.ts:22:13)

  console.log
    ✅ [Handler Articles] Articles récupérés avec succès

      at getArticles (src/routes/magasin/core/handlers/get-articles.handler.ts:32:13)

  console.log
    📝 [Service Magasin] Ajout d'un nouvel article: Test Article

      at ajouterArticle (src/routes/magasin/core/services/magasin.service.ts:216:11)

  console.log
    ✅ [Service Magasin] Article ajouté avec succès

      at ajouterArticle (src/routes/magasin/core/services/magasin.service.ts:225:15)

  console.log
    ✅ [Handler Articles] Article créé avec succès

      at createArticle (src/routes/magasin/core/handlers/create-article.handler.ts:30:15)

  console.log
    📝 [Handler Articles] Modification d'un article

      at updateArticle (src/routes/magasin/core/handlers/update-article.handler.ts:17:13)

  console.log
    📝 [Handler Articles] Création d'un nouvel article

      at createArticle (src/routes/magasin/core/handlers/create-article.handler.ts:17:13)

  console.log
    📝 [Handler Articles] Création d'un nouvel article

      at createArticle (src/routes/magasin/core/handlers/create-article.handler.ts:17:13)

  console.log
    Données validées par le schéma Zod: {"nom":"Test Article","prix":25.99,"categorie_id":1,"images":[],"stocks":[],"actif":true}

      at createArticle (src/routes/magasin/core/handlers/create-article.handler.ts:22:13)

  console.log
    Données validées par le schéma Zod: {"nom":"<script>alert('XSS')</script>","prix":25.99,"categorie_id":1,"images":[],"stocks":[],"actif":true}

      at createArticle (src/routes/magasin/core/handlers/create-article.handler.ts:22:13)

  console.log
    📝 [Service Magasin] Ajout d'un nouvel article: Test Article

      at ajouterArticle (src/routes/magasin/core/services/magasin.service.ts:216:11)

  console.warn
    API key does not start with "SG.".

    [0m [90m 61 |[39m
     [90m 62 |[39m     [36mif[39m (process[33m.[39menv[33m.[39m[33mSENDGRID_API_KEY[39m) {
    [31m[1m>[22m[39m[90m 63 |[39m       sgMail[33m.[39msetApiKey(process[33m.[39menv[33m.[39m[33mSENDGRID_API_KEY[39m)[33m;[39m
     [90m    |[39m              [31m[1m^[22m[39m
     [90m 64 |[39m       console[33m.[39mlog([32m'📧 [EmailService] SendGrid configuré avec API Key'[39m)[33m;[39m
     [90m 65 |[39m     } [36melse[39m {
     [90m 66 |[39m       console[33m.[39mwarn([32m'⚠️ [EmailService] SENDGRID_API_KEY manquante'[39m)[33m;[39m[0m

      at Client.setApiKey (node_modules/@sendgrid/client/src/classes/client.js:50:15)
      at MailService.setApiKey (node_modules/@sendgrid/mail/src/classes/mail-service.js:38:17)
      at new EmailService (src/services/emailService.ts:63:14)
      at src/db/clients/messagerie/emailClient.ts:524:22

  console.log
    ✅ [Service Magasin] Article ajouté avec succès

      at ajouterArticle (src/routes/magasin/core/services/magasin.service.ts:225:15)

  console.log
    📝 [Service Magasin] Ajout d'un nouvel article: <script>alert('XSS')</script>

      at ajouterArticle (src/routes/magasin/core/services/magasin.service.ts:216:11)

  console.log
    ✅ [Handler Articles] Article créé avec succès

      at createArticle (src/routes/magasin/core/handlers/create-article.handler.ts:30:15)

  console.log
    ✅ [Service Magasin] Article ajouté avec succès

      at ajouterArticle (src/routes/magasin/core/services/magasin.service.ts:225:15)

  console.log
    📧 [EmailService] SendGrid configuré avec API Key

      at new EmailService (src/services/emailService.ts:64:15)

  console.log
    ✅ [Handler Articles] Article créé avec succès

      at createArticle (src/routes/magasin/core/handlers/create-article.handler.ts:30:15)

  console.log
    🔄 [EmailClient] Initialisation des templates...

      at EmailClient.initialiserTemplates (src/db/clients/messagerie/emailClient.ts:274:15)

  console.warn
    API key does not start with "SG.".

    [0m [90m 61 |[39m
     [90m 62 |[39m     [36mif[39m (process[33m.[39menv[33m.[39m[33mSENDGRID_API_KEY[39m) {
    [31m[1m>[22m[39m[90m 63 |[39m       sgMail[33m.[39msetApiKey(process[33m.[39menv[33m.[39m[33mSENDGRID_API_KEY[39m)[33m;[39m
     [90m    |[39m              [31m[1m^[22m[39m
     [90m 64 |[39m       console[33m.[39mlog([32m'📧 [EmailService] SendGrid configuré avec API Key'[39m)[33m;[39m
     [90m 65 |[39m     } [36melse[39m {
     [90m 66 |[39m       console[33m.[39mwarn([32m'⚠️ [EmailService] SENDGRID_API_KEY manquante'[39m)[33m;[39m[0m

      at Client.setApiKey (node_modules/@sendgrid/client/src/classes/client.js:50:15)
      at MailService.setApiKey (node_modules/@sendgrid/mail/src/classes/mail-service.js:38:17)
      at new EmailService (src/services/emailService.ts:63:14)
      at src/services/emailService.ts:666:29

  console.log
    📝 [Handler Articles] Création d'un nouvel article

      at createArticle (src/routes/magasin/core/handlers/create-article.handler.ts:17:13)

  console.log
    🔄 [EmailTemplateService] Synchronisation des templates...

      at EmailTemplateService.syncDefaultTemplates (src/services/emailTemplateService.ts:39:15)

  console.log
    Données validées par le schéma Zod: {"nom":"Test","description":"<img src=x onerror=alert('XSS')>","prix":25.99,"categorie_id":1,"images":[],"stocks":[],"actif":true}

      at createArticle (src/routes/magasin/core/handlers/create-article.handler.ts:22:13)

  console.log
    📧 [EmailService] SendGrid configuré avec API Key

      at new EmailService (src/services/emailService.ts:64:15)

  console.log
    📝 [Service Magasin] Ajout d'un nouvel article: Test

      at ajouterArticle (src/routes/magasin/core/services/magasin.service.ts:216:11)

  console.log
    ✅ [Service Magasin] Article ajouté avec succès

      at ajouterArticle (src/routes/magasin/core/services/magasin.service.ts:225:15)

  console.log
    📝 [Handler Commandes] Création d'une nouvelle commande

      at createCommande (src/routes/magasin/core/handlers/create-commande.handler.ts:19:13)

  console.log
    ✅ [Handler Articles] Article créé avec succès

      at createArticle (src/routes/magasin/core/handlers/create-article.handler.ts:30:15)

  console.log
    Corps reçu: {
      utilisateur_id: 1,
      articles: [ { article_id: 1, quantite: 1, taille: 'M' } ],
      total: 45.99
    }

      at createCommande (src/routes/magasin/core/handlers/create-commande.handler.ts:20:13)

  console.log
    📝 [Handler Articles] Création d'un nouvel article

      at createArticle (src/routes/magasin/core/handlers/create-article.handler.ts:17:13)

  console.log
    Données validées par le schéma Zod: {"utilisateur_id":1,"articles":[{"article_id":1,"quantite":1,"taille":"M"}],"total":45.99,"statut":"en attente"}

      at createCommande (src/routes/magasin/core/handlers/create-commande.handler.ts:25:13)

  console.log
    Données validées par le schéma Zod: {"nom":"Test onclick='alert(1)'","prix":25.99,"categorie_id":1,"images":[],"stocks":[],"actif":true}

      at createArticle (src/routes/magasin/core/handlers/create-article.handler.ts:22:13)

  console.log
    📝 [Service Magasin] Ajout d'un nouvel article: Test onclick='alert(1)'

      at ajouterArticle (src/routes/magasin/core/services/magasin.service.ts:216:11)

  console.log
    🔍 [Service Magasin] Vérification doublon commande: {
      cacheKey: '1-45.99-[{"id":1,"taille":"M","quantite":1}]...',
      utilisateur_id: 1,
      total: 45.99,
      nbArticles: 1
    }

      at creerCommande (src/routes/magasin/core/services/magasin.service.ts:325:11)

  console.log
    ✅ [Service Magasin] Article ajouté avec succès

      at ajouterArticle (src/routes/magasin/core/services/magasin.service.ts:225:15)

  console.log
    ✅ [Handler Articles] Article créé avec succès

      at createArticle (src/routes/magasin/core/handlers/create-article.handler.ts:30:15)

  console.log
    ✅ [EmailService] Transporteur initialisé avec succès

      at EmailService.initializeTransporter (src/services/emailService.ts:98:15)

  console.log
    🆔 [Service Magasin] IDs générés: {
      uniqueCommandeId: 'CMD-001-1770237960114-604D3D63',
      numeroCommande: 'CMD-000001',
      utilisateur_id: 1
    }

      at creerCommande (src/routes/magasin/core/services/magasin.service.ts:373:11)

  console.log
    ✅ [EmailService] Transporteur initialisé avec succès

      at EmailService.initializeTransporter (src/services/emailService.ts:98:15)

  console.warn
    API key does not start with "SG.".

    [0m [90m 61 |[39m
     [90m 62 |[39m     [36mif[39m (process[33m.[39menv[33m.[39m[33mSENDGRID_API_KEY[39m) {
    [31m[1m>[22m[39m[90m 63 |[39m       sgMail[33m.[39msetApiKey(process[33m.[39menv[33m.[39m[33mSENDGRID_API_KEY[39m)[33m;[39m
     [90m    |[39m              [31m[1m^[22m[39m
     [90m 64 |[39m       console[33m.[39mlog([32m'📧 [EmailService] SendGrid configuré avec API Key'[39m)[33m;[39m
     [90m 65 |[39m     } [36melse[39m {
     [90m 66 |[39m       console[33m.[39mwarn([32m'⚠️ [EmailService] SENDGRID_API_KEY manquante'[39m)[33m;[39m[0m

      at Client.setApiKey (node_modules/@sendgrid/client/src/classes/client.js:50:15)
      at MailService.setApiKey (node_modules/@sendgrid/mail/src/classes/mail-service.js:38:17)
      at new EmailService (src/services/emailService.ts:63:14)
      at src/db/clients/messagerie/emailClient.ts:524:22

  console.log
    🔍 [Handler Payment Intent] Récupération PaymentIntent pour commande

      at getPaymentIntent (src/routes/magasin/core/handlers/get-payment-intent.handler.ts:17:13)

  console.log
    📧 [EmailService] SendGrid configuré avec API Key

      at new EmailService (src/services/emailService.ts:64:15)

  console.log
    🔄 [EmailClient] Initialisation des templates...

      at EmailClient.initialiserTemplates (src/db/clients/messagerie/emailClient.ts:274:15)

  console.log
    🔍 [Service Magasin] Récupération PaymentIntent pour commande: { commandeId: '1', userId: 999 }

      at obtenirPaymentIntentCommande (src/routes/magasin/core/services/magasin.service.ts:569:11)

  console.log
    🔄 [EmailTemplateService] Synchronisation des templates...

      at EmailTemplateService.syncDefaultTemplates (src/services/emailTemplateService.ts:39:15)

  console.log
    🔍 [Service Magasin] Récupération des articles par catégories

      at Module.obtenirArticlesParCategories (src/routes/magasin/core/services/magasin.service.ts:166:11)

  console.log
    ✅ [Service Magasin] Articles récupérés avec succès

      at Module.obtenirArticlesParCategories (src/routes/magasin/core/services/magasin.service.ts:171:13)

  console.warn
    API key does not start with "SG.".

    [0m [90m 61 |[39m
     [90m 62 |[39m     [36mif[39m (process[33m.[39menv[33m.[39m[33mSENDGRID_API_KEY[39m) {
    [31m[1m>[22m[39m[90m 63 |[39m       sgMail[33m.[39msetApiKey(process[33m.[39menv[33m.[39m[33mSENDGRID_API_KEY[39m)[33m;[39m
     [90m    |[39m              [31m[1m^[22m[39m
     [90m 64 |[39m       console[33m.[39mlog([32m'📧 [EmailService] SendGrid configuré avec API Key'[39m)[33m;[39m
     [90m 65 |[39m     } [36melse[39m {
     [90m 66 |[39m       console[33m.[39mwarn([32m'⚠️ [EmailService] SENDGRID_API_KEY manquante'[39m)[33m;[39m[0m

      at Client.setApiKey (node_modules/@sendgrid/client/src/classes/client.js:50:15)
      at MailService.setApiKey (node_modules/@sendgrid/mail/src/classes/mail-service.js:38:17)
      at new EmailService (src/services/emailService.ts:63:14)
      at src/services/emailService.ts:666:29

  console.log
    📧 [EmailService] SendGrid configuré avec API Key

      at new EmailService (src/services/emailService.ts:64:15)

  console.log
    🔍 [Service Magasin] Récupération des articles par catégories

      at Module.obtenirArticlesParCategories (src/routes/magasin/core/services/magasin.service.ts:166:11)

  console.log
    ✅ [EmailService] Transporteur initialisé avec succès

      at EmailService.initializeTransporter (src/services/emailService.ts:98:15)

  console.warn
    API key does not start with "SG.".

    [0m [90m 61 |[39m
     [90m 62 |[39m     [36mif[39m (process[33m.[39menv[33m.[39m[33mSENDGRID_API_KEY[39m) {
    [31m[1m>[22m[39m[90m 63 |[39m       sgMail[33m.[39msetApiKey(process[33m.[39menv[33m.[39m[33mSENDGRID_API_KEY[39m)[33m;[39m
     [90m    |[39m              [31m[1m^[22m[39m
     [90m 64 |[39m       console[33m.[39mlog([32m'📧 [EmailService] SendGrid configuré avec API Key'[39m)[33m;[39m
     [90m 65 |[39m     } [36melse[39m {
     [90m 66 |[39m       console[33m.[39mwarn([32m'⚠️ [EmailService] SENDGRID_API_KEY manquante'[39m)[33m;[39m[0m

      at Client.setApiKey (node_modules/@sendgrid/client/src/classes/client.js:50:15)
      at MailService.setApiKey (node_modules/@sendgrid/mail/src/classes/mail-service.js:38:17)
      at new EmailService (src/services/emailService.ts:63:14)
      at src/db/clients/messagerie/emailClient.ts:524:22

  console.log
    📧 [EmailService] SendGrid configuré avec API Key

      at new EmailService (src/services/emailService.ts:64:15)

  console.log
    🔄 [EmailClient] Initialisation des templates...

      at EmailClient.initialiserTemplates (src/db/clients/messagerie/emailClient.ts:274:15)

  console.log
    ✅ [EmailService] Transporteur initialisé avec succès

      at EmailService.initializeTransporter (src/services/emailService.ts:98:15)

  console.log
    🔄 [EmailTemplateService] Synchronisation des templates...

      at EmailTemplateService.syncDefaultTemplates (src/services/emailTemplateService.ts:39:15)

  console.log
    📋 [Handler Articles] Récupération des articles par catégories

      at getArticles (src/routes/magasin/core/handlers/get-articles.handler.ts:23:13)

  console.log
    📧 [Service Magasin] Envoi email confirmation commande: { destinataire: undefined, numeroCommande: 'CMD-000001' }

      at envoyerEmailConfirmationCommande (src/routes/magasin/core/services/magasin.service.ts:727:13)

  console.warn
    API key does not start with "SG.".

    [0m [90m 61 |[39m
     [90m 62 |[39m     [36mif[39m (process[33m.[39menv[33m.[39m[33mSENDGRID_API_KEY[39m) {
    [31m[1m>[22m[39m[90m 63 |[39m       sgMail[33m.[39msetApiKey(process[33m.[39menv[33m.[39m[33mSENDGRID_API_KEY[39m)[33m;[39m
     [90m    |[39m              [31m[1m^[22m[39m
     [90m 64 |[39m       console[33m.[39mlog([32m'📧 [EmailService] SendGrid configuré avec API Key'[39m)[33m;[39m
     [90m 65 |[39m     } [36melse[39m {
     [90m 66 |[39m       console[33m.[39mwarn([32m'⚠️ [EmailService] SENDGRID_API_KEY manquante'[39m)[33m;[39m[0m

      at Client.setApiKey (node_modules/@sendgrid/client/src/classes/client.js:50:15)
      at MailService.setApiKey (node_modules/@sendgrid/mail/src/classes/mail-service.js:38:17)
      at new EmailService (src/services/emailService.ts:63:14)
      at src/services/emailService.ts:666:29

  console.log
    🔍 [Service Magasin] Récupération des articles par catégories

      at obtenirArticlesParCategories (src/routes/magasin/core/services/magasin.service.ts:166:11)

  console.log
    📧 [EmailService] SendGrid configuré avec API Key

      at new EmailService (src/services/emailService.ts:64:15)

  console.log
    ✅ [Service Magasin] Articles récupérés avec succès

      at obtenirArticlesParCategories (src/routes/magasin/core/services/magasin.service.ts:171:13)

  console.log
    ✅ [Handler Articles] Articles récupérés avec succès

      at getArticles (src/routes/magasin/core/handlers/get-articles.handler.ts:32:13)

  console.log
    ✅ [EmailService] Transporteur initialisé avec succès

      at EmailService.initializeTransporter (src/services/emailService.ts:98:15)

  console.warn
    API key does not start with "SG.".

    [0m [90m 61 |[39m
     [90m 62 |[39m     [36mif[39m (process[33m.[39menv[33m.[39m[33mSENDGRID_API_KEY[39m) {
    [31m[1m>[22m[39m[90m 63 |[39m       sgMail[33m.[39msetApiKey(process[33m.[39menv[33m.[39m[33mSENDGRID_API_KEY[39m)[33m;[39m
     [90m    |[39m              [31m[1m^[22m[39m
     [90m 64 |[39m       console[33m.[39mlog([32m'📧 [EmailService] SendGrid configuré avec API Key'[39m)[33m;[39m
     [90m 65 |[39m     } [36melse[39m {
     [90m 66 |[39m       console[33m.[39mwarn([32m'⚠️ [EmailService] SENDGRID_API_KEY manquante'[39m)[33m;[39m[0m

      at Client.setApiKey (node_modules/@sendgrid/client/src/classes/client.js:50:15)
      at MailService.setApiKey (node_modules/@sendgrid/mail/src/classes/mail-service.js:38:17)
      at new EmailService (src/services/emailService.ts:63:14)
      at src/db/clients/messagerie/emailClient.ts:524:22

  console.error
    ❌ [Service Magasin] Erreur récupération PaymentIntent: Error: Commande non trouvée ou ne vous appartient pas
        at obtenirPaymentIntentCommande (C:\Users\guillaumehouthoofd\Documents\Benoit\Epreuve_intégrée\ClubManager\api\src\routes\magasin\core\services\magasin.service.ts:592:13)
        at processTicksAndRejections (node:internal/process/task_queues:105:5)
        at getPaymentIntent (C:\Users\guillaumehouthoofd\Documents\Benoit\Epreuve_intégrée\ClubManager\api\src\routes\magasin\core\handlers\get-payment-intent.handler.ts:39:27)
        at Object.<anonymous> (C:\Users\guillaumehouthoofd\Documents\Benoit\Epreuve_intégrée\ClubManager\api\src\routes\magasin\__tests__\magasin.security.test.ts:192:7)

    [0m [90m 654 |[39m     }[33m;[39m
     [90m 655 |[39m   } [36mcatch[39m (error[33m:[39m any) {
    [31m[1m>[22m[39m[90m 656 |[39m     console[33m.[39merror(
     [90m     |[39m             [31m[1m^[22m[39m
     [90m 657 |[39m       [32m"❌ [Service Magasin] Erreur récupération PaymentIntent:"[39m[33m,[39m
     [90m 658 |[39m       error[33m,[39m
     [90m 659 |[39m     )[33m;[39m[0m

      at obtenirPaymentIntentCommande (src/routes/magasin/core/services/magasin.service.ts:656:13)
      at getPaymentIntent (src/routes/magasin/core/handlers/get-payment-intent.handler.ts:39:27)
      at Object.<anonymous> (src/routes/magasin/__tests__/magasin.security.test.ts:192:7)

  console.log
    📧 [EmailService] SendGrid configuré avec API Key

      at new EmailService (src/services/emailService.ts:64:15)

  console.log
    🔄 [EmailClient] Initialisation des templates...

      at EmailClient.initialiserTemplates (src/db/clients/messagerie/emailClient.ts:274:15)

  console.error
    ❌ [Handler Payment Intent] Erreur récupération PaymentIntent: Error: Commande non trouvée ou ne vous appartient pas
        at obtenirPaymentIntentCommande (C:\Users\guillaumehouthoofd\Documents\Benoit\Epreuve_intégrée\ClubManager\api\src\routes\magasin\core\services\magasin.service.ts:592:13)
        at processTicksAndRejections (node:internal/process/task_queues:105:5)
        at getPaymentIntent (C:\Users\guillaumehouthoofd\Documents\Benoit\Epreuve_intégrée\ClubManager\api\src\routes\magasin\core\handlers\get-payment-intent.handler.ts:39:27)
        at Object.<anonymous> (C:\Users\guillaumehouthoofd\Documents\Benoit\Epreuve_intégrée\ClubManager\api\src\routes\magasin\__tests__\magasin.security.test.ts:192:7)

    [0m [90m 61 |[39m     }
     [90m 62 |[39m
    [31m[1m>[22m[39m[90m 63 |[39m     console[33m.[39merror(
     [90m    |[39m             [31m[1m^[22m[39m
     [90m 64 |[39m       [32m"❌ [Handler Payment Intent] Erreur récupération PaymentIntent:"[39m[33m,[39m
     [90m 65 |[39m       error[33m,[39m
     [90m 66 |[39m     )[33m;[39m[0m

      at getPaymentIntent (src/routes/magasin/core/handlers/get-payment-intent.handler.ts:63:13)
      at Object.<anonymous> (src/routes/magasin/__tests__/magasin.security.test.ts:192:7)

  console.log
    🔄 [EmailTemplateService] Synchronisation des templates...

      at EmailTemplateService.syncDefaultTemplates (src/services/emailTemplateService.ts:39:15)

  console.log
    🔍 [Handler Payment Intent] Récupération PaymentIntent pour commande

      at getPaymentIntent (src/routes/magasin/core/handlers/get-payment-intent.handler.ts:17:13)

  console.error
    ❌ [Handler Payment Intent] Erreur de validation: [
      {
        code: 'invalid_type',
        expected: 'string',
        received: 'undefined',
        path: [ 'userId' ],
        message: "L'ID utilisateur est requis"
      }
    ]

    [0m [90m 50 |[39m   } [36mcatch[39m (error) {
     [90m 51 |[39m     [36mif[39m (error [36minstanceof[39m z[33m.[39m[33mZodError[39m) {
    [31m[1m>[22m[39m[90m 52 |[39m       console[33m.[39merror(
     [90m    |[39m               [31m[1m^[22m[39m
     [90m 53 |[39m         [32m"❌ [Handler Payment Intent] Erreur de validation:"[39m[33m,[39m
     [90m 54 |[39m         error[33m.[39merrors[33m,[39m
     [90m 55 |[39m       )[33m;[39m[0m

      at getPaymentIntent (src/routes/magasin/core/handlers/get-payment-intent.handler.ts:52:15)
      at Object.<anonymous> (src/routes/magasin/__tests__/magasin.security.test.ts:210:13)

  console.error
    ❌ [Service Magasin] Erreur récupération articles: Error: Erreur DB
        at Object.<anonymous> (C:\Users\guillaumehouthoofd\Documents\Benoit\Epreuve_intégrée\ClubManager\api\src\routes\magasin\__tests__\magasin.service-branches.test.ts:60:9)
        at Promise.then.completed (C:\Users\guillaumehouthoofd\Documents\Benoit\Epreuve_intégrée\ClubManager\api\node_modules\jest-circus\build\utils.js:298:28)
        at new Promise (<anonymous>)
        at callAsyncCircusFn (C:\Users\guillaumehouthoofd\Documents\Benoit\Epreuve_intégrée\ClubManager\api\node_modules\jest-circus\build\utils.js:231:10)
        at _callCircusTest (C:\Users\guillaumehouthoofd\Documents\Benoit\Epreuve_intégrée\ClubManager\api\node_modules\jest-circus\build\run.js:316:40)
        at processTicksAndRejections (node:internal/process/task_queues:105:5)
        at _runTest (C:\Users\guillaumehouthoofd\Documents\Benoit\Epreuve_intégrée\ClubManager\api\node_modules\jest-circus\build\run.js:252:3)
        at _runTestsForDescribeBlock (C:\Users\guillaumehouthoofd\Documents\Benoit\Epreuve_intégrée\ClubManager\api\node_modules\jest-circus\build\run.js:126:9)
        at _runTestsForDescribeBlock (C:\Users\guillaumehouthoofd\Documents\Benoit\Epreuve_intégrée\ClubManager\api\node_modules\jest-circus\build\run.js:121:9)
        at _runTestsForDescribeBlock (C:\Users\guillaumehouthoofd\Documents\Benoit\Epreuve_intégrée\ClubManager\api\node_modules\jest-circus\build\run.js:121:9)
        at run (C:\Users\guillaumehouthoofd\Documents\Benoit\Epreuve_intégrée\ClubManager\api\node_modules\jest-circus\build\run.js:71:3)
        at runAndTransformResultsToJestFormat (C:\Users\guillaumehouthoofd\Documents\Benoit\Epreuve_intégrée\ClubManager\api\node_modules\jest-circus\build\legacy-code-todo-rewrite\jestAdapterInit.js:122:21)
        at jestAdapter (C:\Users\guillaumehouthoofd\Documents\Benoit\Epreuve_intégrée\ClubManager\api\node_modules\jest-circus\build\legacy-code-todo-rewrite\jestAdapter.js:79:19)
        at runTestInternal (C:\Users\guillaumehouthoofd\Documents\Benoit\Epreuve_intégrée\ClubManager\api\node_modules\jest-runner\build\runTest.js:367:16)
        at runTest (C:\Users\guillaumehouthoofd\Documents\Benoit\Epreuve_intégrée\ClubManager\api\node_modules\jest-runner\build\runTest.js:444:34)
        at Object.worker (C:\Users\guillaumehouthoofd\Documents\Benoit\Epreuve_intégrée\ClubManager\api\node_modules\jest-runner\build\testWorker.js:106:12)

    [0m [90m 173 |[39m     [36mreturn[39m articles[33m;[39m
     [90m 174 |[39m   } [36mcatch[39m (error) {
    [31m[1m>[22m[39m[90m 175 |[39m     console[33m.[39merror([32m"❌ [Service Magasin] Erreur récupération articles:"[39m[33m,[39m error)[33m;[39m
     [90m     |[39m             [31m[1m^[22m[39m
     [90m 176 |[39m     [36mthrow[39m [36mnew[39m [33mError[39m([32m"Impossible de récupérer les articles"[39m)[33m;[39m
     [90m 177 |[39m   }
     [90m 178 |[39m }[0m

      at Module.obtenirArticlesParCategories (src/routes/magasin/core/services/magasin.service.ts:175:13)
      at Object.<anonymous> (src/routes/magasin/__tests__/magasin.service-branches.test.ts:63:7)

  console.log
    📋 [Handler Articles] Récupération des articles par catégories

      at getArticles (src/routes/magasin/core/handlers/get-articles.handler.ts:23:13)

  console.log
    ✅ [EmailService] Transporteur initialisé avec succès

      at EmailService.initializeTransporter (src/services/emailService.ts:98:15)

  console.log
    📝 [Handler Articles] Création d'un nouvel article

      at createArticle (src/routes/magasin/core/handlers/create-article.handler.ts:17:13)

  console.log
    🔍 [Service Magasin] Récupération des articles par catégories

      at obtenirArticlesParCategories (src/routes/magasin/core/services/magasin.service.ts:166:11)

  console.log
    Données validées par le schéma Zod: {"nom":"Test","prix":25.999999,"categorie_id":1,"images":[],"stocks":[],"actif":true}

      at createArticle (src/routes/magasin/core/handlers/create-article.handler.ts:22:13)

  console.log
    📝 [Service Magasin] Ajout d'un nouvel article: Test

      at ajouterArticle (src/routes/magasin/core/services/magasin.service.ts:216:11)

  console.log
    ✅ [Service Magasin] Article ajouté avec succès

      at ajouterArticle (src/routes/magasin/core/services/magasin.service.ts:225:15)

  console.log
    ✅ [Handler Articles] Article créé avec succès

      at createArticle (src/routes/magasin/core/handlers/create-article.handler.ts:30:15)

  console.log
    📝 [Handler Articles] Modification d'un article

      at updateArticle (src/routes/magasin/core/handlers/update-article.handler.ts:17:13)

  console.log
    📝 [Handler Articles] Création d'un nouvel article

      at createArticle (src/routes/magasin/core/handlers/create-article.handler.ts:17:13)

  console.log
    Données validées par le schéma Zod: {"nom":"Test\u0000Article\u001f","prix":25.99,"categorie_id":1,"images":[],"stocks":[],"actif":true}

      at createArticle (src/routes/magasin/core/handlers/create-article.handler.ts:22:13)

  console.log
    📝 [Service Magasin] Ajout d'un nouvel article: Test Article

      at ajouterArticle (src/routes/magasin/core/services/magasin.service.ts:216:11)

  console.log
    ✅ [Service Magasin] Article ajouté avec succès

      at ajouterArticle (src/routes/magasin/core/services/magasin.service.ts:225:15)

  console.log
    🔍 [Service Magasin] Récupération des catégories

      at Module.obtenirLesCategories (src/routes/magasin/core/services/magasin.service.ts:188:11)

  console.warn
    API key does not start with "SG.".

    [0m [90m 61 |[39m
     [90m 62 |[39m     [36mif[39m (process[33m.[39menv[33m.[39m[33mSENDGRID_API_KEY[39m) {
    [31m[1m>[22m[39m[90m 63 |[39m       sgMail[33m.[39msetApiKey(process[33m.[39menv[33m.[39m[33mSENDGRID_API_KEY[39m)[33m;[39m
     [90m    |[39m              [31m[1m^[22m[39m
     [90m 64 |[39m       console[33m.[39mlog([32m'📧 [EmailService] SendGrid configuré avec API Key'[39m)[33m;[39m
     [90m 65 |[39m     } [36melse[39m {
     [90m 66 |[39m       console[33m.[39mwarn([32m'⚠️ [EmailService] SENDGRID_API_KEY manquante'[39m)[33m;[39m[0m

      at Client.setApiKey (node_modules/@sendgrid/client/src/classes/client.js:50:15)
      at MailService.setApiKey (node_modules/@sendgrid/mail/src/classes/mail-service.js:38:17)
      at new EmailService (src/services/emailService.ts:63:14)
      at src/services/emailService.ts:666:29

  console.error
    ❌ [Service Magasin] Erreur envoi email confirmation: TypeError: emailClient.sendTemplatedEmail is not a function
        at envoyerEmailConfirmationCommande (C:\Users\guillaumehouthoofd\Documents\Benoit\Epreuve_intégrée\ClubManager\api\src\routes\magasin\core\services\magasin.service.ts:732:38)
        at C:\Users\guillaumehouthoofd\Documents\Benoit\Epreuve_intégrée\ClubManager\api\src\routes\magasin\core\services\magasin.service.ts:398:17
        at processTicksAndRejections (node:internal/process/task_queues:105:5)
        at creerCommande (C:\Users\guillaumehouthoofd\Documents\Benoit\Epreuve_intégrée\ClubManager\api\src\routes\magasin\core\services\magasin.service.ts:432:28)
        at createCommande (C:\Users\guillaumehouthoofd\Documents\Benoit\Epreuve_intégrée\ClubManager\api\src\routes\magasin\core\handlers\create-commande.handler.ts:30:20)
        at Object.<anonymous> (C:\Users\guillaumehouthoofd\Documents\Benoit\Epreuve_intégrée\ClubManager\api\src\routes\magasin\__tests__\magasin.performance.test.ts:130:7)

    [0m [90m 745 |[39m     }
     [90m 746 |[39m   } [36mcatch[39m (error) {
    [31m[1m>[22m[39m[90m 747 |[39m     console[33m.[39merror(
     [90m     |[39m             [31m[1m^[22m[39m
     [90m 748 |[39m       [32m"❌ [Service Magasin] Erreur envoi email confirmation:"[39m[33m,[39m
     [90m 749 |[39m       error[33m,[39m
     [90m 750 |[39m     )[33m;[39m[0m

      at envoyerEmailConfirmationCommande (src/routes/magasin/core/services/magasin.service.ts:747:13)
      at src/routes/magasin/core/services/magasin.service.ts:398:17
      at creerCommande (src/routes/magasin/core/services/magasin.service.ts:432:28)
      at createCommande (src/routes/magasin/core/handlers/create-commande.handler.ts:30:20)
      at Object.<anonymous> (src/routes/magasin/__tests__/magasin.performance.test.ts:130:7)

  console.log
    ✅ [Service Magasin] Commande créée avec protection doublon: {
      unique_id: 'CMD-001-1770237960114-604D3D63',
      numero_commande: 'CMD-000001'
    }

      at creerCommande (src/routes/magasin/core/services/magasin.service.ts:434:11)

  console.log
    📧 [EmailService] SendGrid configuré avec API Key

      at new EmailService (src/services/emailService.ts:64:15)

  console.log
    📋 [Handler Articles] Récupération des articles par catégories

      at getArticles (src/routes/magasin/core/handlers/get-articles.handler.ts:23:13)

  console.log
    ✅ [Handler Commandes] Commande créée avec succès: {
      unique_id: 'CMD-001-1770237960114-604D3D63',
      numero_commande: 'CMD-000001',
      isDuplicate: false
    }

      at createCommande (src/routes/magasin/core/handlers/create-commande.handler.ts:36:13)

  console.log
    ✅ [Handler Articles] Article créé avec succès

      at createArticle (src/routes/magasin/core/handlers/create-article.handler.ts:30:15)

  console.log
    ✅ [Service Magasin] 2 catégories récupérées

      at Module.obtenirLesCategories (src/routes/magasin/core/services/magasin.service.ts:193:13)

  console.log
    📝 [Handler Articles] Modification d'un article

      at updateArticle (src/routes/magasin/core/handlers/update-article.handler.ts:17:13)

  console.log
    📋 [Handler Articles] Récupération des articles par catégories

      at getArticles (src/routes/magasin/core/handlers/get-articles.handler.ts:23:13)

  console.log
    Données validées par le schéma Zod: {"id":9999999,"nom":"Tentative de modification"}

      at updateArticle (src/routes/magasin/core/handlers/update-article.handler.ts:38:13)

  console.log
    🔍 [Service Magasin] Récupération des articles par catégories

      at obtenirArticlesParCategories (src/routes/magasin/core/services/magasin.service.ts:166:11)

  console.log
    🔍 [Service Magasin] Récupération des catégories

      at Module.obtenirLesCategories (src/routes/magasin/core/services/magasin.service.ts:188:11)

  console.log
    ✅ [Service Magasin] Articles récupérés avec succès

      at obtenirArticlesParCategories (src/routes/magasin/core/services/magasin.service.ts:171:13)

  console.log
    📝 [Service Magasin] Modification de l'article 9999999

      at modifierArticle (src/routes/magasin/core/services/magasin.service.ts:253:11)

  console.log
    🔍 [Service Magasin] Récupération des articles par catégories

      at obtenirArticlesParCategories (src/routes/magasin/core/services/magasin.service.ts:166:11)

  console.log
    ✅ [Handler Articles] Articles récupérés avec succès

      at getArticles (src/routes/magasin/core/handlers/get-articles.handler.ts:32:13)

  console.log
    ✅ [EmailService] Transporteur initialisé avec succès

      at EmailService.initializeTransporter (src/services/emailService.ts:98:15)

  console.error
    ❌ [Service Magasin] Erreur lors de la modification: Article non trouvé

    [0m [90m 260 |[39m       [36mreturn[39m result[33m;[39m
     [90m 261 |[39m     } [36melse[39m {
    [31m[1m>[22m[39m[90m 262 |[39m       console[33m.[39merror(
     [90m     |[39m               [31m[1m^[22m[39m
     [90m 263 |[39m         [32m"❌ [Service Magasin] Erreur lors de la modification:"[39m[33m,[39m
     [90m 264 |[39m         result[33m.[39mmessage[33m,[39m
     [90m 265 |[39m       )[33m;[39m[0m

      at modifierArticle (src/routes/magasin/core/services/magasin.service.ts:262:15)
      at updateArticle (src/routes/magasin/core/handlers/update-article.handler.ts:43:20)
      at Object.<anonymous> (src/routes/magasin/__tests__/magasin.security.test.ts:289:7)

  console.log
    📋 [Handler Commandes] Récupération de toutes les commandes

      at getCommandes (src/routes/magasin/core/handlers/get-commandes.handler.ts:17:13)

  console.log
    🔍 [Service Magasin] Récupération de toutes les commandes

      at obtenirLesCommandes (src/routes/magasin/core/services/magasin.service.ts:453:11)

  console.log
    ✅ [Service Magasin] 500 commandes récupérées

      at obtenirLesCommandes (src/routes/magasin/core/services/magasin.service.ts:458:13)

  console.log
    ✅ [Handler Commandes] 500 commandes récupérées

      at getCommandes (src/routes/magasin/core/handlers/get-commandes.handler.ts:21:13)

  console.log
    📝 [Handler Commandes] Création d'une nouvelle commande

      at createCommande (src/routes/magasin/core/handlers/create-commande.handler.ts:19:13)

  console.error
    ❌ [Service Magasin] Erreur récupération catégories: Error: Erreur
        at Object.<anonymous> (C:\Users\guillaumehouthoofd\Documents\Benoit\Epreuve_intégrée\ClubManager\api\src\routes\magasin\__tests__\magasin.service-branches.test.ts:89:9)
        at Promise.then.completed (C:\Users\guillaumehouthoofd\Documents\Benoit\Epreuve_intégrée\ClubManager\api\node_modules\jest-circus\build\utils.js:298:28)
        at new Promise (<anonymous>)
        at callAsyncCircusFn (C:\Users\guillaumehouthoofd\Documents\Benoit\Epreuve_intégrée\ClubManager\api\node_modules\jest-circus\build\utils.js:231:10)
        at _callCircusTest (C:\Users\guillaumehouthoofd\Documents\Benoit\Epreuve_intégrée\ClubManager\api\node_modules\jest-circus\build\run.js:316:40)
        at processTicksAndRejections (node:internal/process/task_queues:105:5)
        at _runTest (C:\Users\guillaumehouthoofd\Documents\Benoit\Epreuve_intégrée\ClubManager\api\node_modules\jest-circus\build\run.js:252:3)
        at _runTestsForDescribeBlock (C:\Users\guillaumehouthoofd\Documents\Benoit\Epreuve_intégrée\ClubManager\api\node_modules\jest-circus\build\run.js:126:9)
        at _runTestsForDescribeBlock (C:\Users\guillaumehouthoofd\Documents\Benoit\Epreuve_intégrée\ClubManager\api\node_modules\jest-circus\build\run.js:121:9)
        at _runTestsForDescribeBlock (C:\Users\guillaumehouthoofd\Documents\Benoit\Epreuve_intégrée\ClubManager\api\node_modules\jest-circus\build\run.js:121:9)
        at run (C:\Users\guillaumehouthoofd\Documents\Benoit\Epreuve_intégrée\ClubManager\api\node_modules\jest-circus\build\run.js:71:3)
        at runAndTransformResultsToJestFormat (C:\Users\guillaumehouthoofd\Documents\Benoit\Epreuve_intégrée\ClubManager\api\node_modules\jest-circus\build\legacy-code-todo-rewrite\jestAdapterInit.js:122:21)
        at jestAdapter (C:\Users\guillaumehouthoofd\Documents\Benoit\Epreuve_intégrée\ClubManager\api\node_modules\jest-circus\build\legacy-code-todo-rewrite\jestAdapter.js:79:19)
        at runTestInternal (C:\Users\guillaumehouthoofd\Documents\Benoit\Epreuve_intégrée\ClubManager\api\node_modules\jest-runner\build\runTest.js:367:16)
        at runTest (C:\Users\guillaumehouthoofd\Documents\Benoit\Epreuve_intégrée\ClubManager\api\node_modules\jest-runner\build\runTest.js:444:34)
        at Object.worker (C:\Users\guillaumehouthoofd\Documents\Benoit\Epreuve_intégrée\ClubManager\api\node_modules\jest-runner\build\testWorker.js:106:12)

    [0m [90m 197 |[39m     [36mreturn[39m categories[33m;[39m
     [90m 198 |[39m   } [36mcatch[39m (error) {
    [31m[1m>[22m[39m[90m 199 |[39m     console[33m.[39merror(
     [90m     |[39m             [31m[1m^[22m[39m
     [90m 200 |[39m       [32m"❌ [Service Magasin] Erreur récupération catégories:"[39m[33m,[39m
     [90m 201 |[39m       error[33m,[39m
     [90m 202 |[39m     )[33m;[39m[0m

      at Module.obtenirLesCategories (src/routes/magasin/core/services/magasin.service.ts:199:13)
      at Object.<anonymous> (src/routes/magasin/__tests__/magasin.service-branches.test.ts:92:7)

  console.log
    Corps reçu: {
      utilisateur_id: 1,
      articles: [
        { article_id: 1, quantite: 1, taille: 'M' },
        { article_id: 2, quantite: 1, taille: 'M' },
        { article_id: 3, quantite: 1, taille: 'M' },
        { article_id: 4, quantite: 1, taille: 'M' },
        { article_id: 5, quantite: 1, taille: 'M' },
        { article_id: 6, quantite: 1, taille: 'M' },
        { article_id: 7, quantite: 1, taille: 'M' },
        { article_id: 8, quantite: 1, taille: 'M' },
        { article_id: 9, quantite: 1, taille: 'M' },
        { article_id: 10, quantite: 1, taille: 'M' },
        { article_id: 11, quantite: 1, taille: 'M' },
        { article_id: 12, quantite: 1, taille: 'M' },
        { article_id: 13, quantite: 1, taille: 'M' },
        { article_id: 14, quantite: 1, taille: 'M' },
        { article_id: 15, quantite: 1, taille: 'M' },
        { article_id: 16, quantite: 1, taille: 'M' },
        { article_id: 17, quantite: 1, taille: 'M' },
        { article_id: 18, quantite: 1, taille: 'M' },
        { article_id: 19, quantite: 1, taille: 'M' },
        { article_id: 20, quantite: 1, taille: 'M' },
        { article_id: 21, quantite: 1, taille: 'M' },
        { article_id: 22, quantite: 1, taille: 'M' },
        { article_id: 23, quantite: 1, taille: 'M' },
        { article_id: 24, quantite: 1, taille: 'M' },
        { article_id: 25, quantite: 1, taille: 'M' },
        { article_id: 26, quantite: 1, taille: 'M' },
        { article_id: 27, quantite: 1, taille: 'M' },
        { article_id: 28, quantite: 1, taille: 'M' },
        { article_id: 29, quantite: 1, taille: 'M' },
        { article_id: 30, quantite: 1, taille: 'M' },
        { article_id: 31, quantite: 1, taille: 'M' },
        { article_id: 32, quantite: 1, taille: 'M' },
        { article_id: 33, quantite: 1, taille: 'M' },
        { article_id: 34, quantite: 1, taille: 'M' },
        { article_id: 35, quantite: 1, taille: 'M' },
        { article_id: 36, quantite: 1, taille: 'M' },
        { article_id: 37, quantite: 1, taille: 'M' },
        { article_id: 38, quantite: 1, taille: 'M' },
        { article_id: 39, quantite: 1, taille: 'M' },
        { article_id: 40, quantite: 1, taille: 'M' },
        { article_id: 41, quantite: 1, taille: 'M' },
        { article_id: 42, quantite: 1, taille: 'M' },
        { article_id: 43, quantite: 1, taille: 'M' },
        { article_id: 44, quantite: 1, taille: 'M' },
        { article_id: 45, quantite: 1, taille: 'M' },
        { article_id: 46, quantite: 1, taille: 'M' },
        { article_id: 47, quantite: 1, taille: 'M' },
        { article_id: 48, quantite: 1, taille: 'M' },
        { article_id: 49, quantite: 1, taille: 'M' },
        { article_id: 50, quantite: 1, taille: 'M' }
      ],
      total: 2000
    }

      at createCommande (src/routes/magasin/core/handlers/create-commande.handler.ts:20:13)

  console.log
    📝 [Service Magasin] Ajout d'un nouvel article: Test

      at Module.ajouterArticle (src/routes/magasin/core/services/magasin.service.ts:216:11)

  console.log
    ✅ [Service Magasin] Article ajouté avec succès

      at Module.ajouterArticle (src/routes/magasin/core/services/magasin.service.ts:225:15)

  console.warn
    API key does not start with "SG.".

    [0m [90m 61 |[39m
     [90m 62 |[39m     [36mif[39m (process[33m.[39menv[33m.[39m[33mSENDGRID_API_KEY[39m) {
    [31m[1m>[22m[39m[90m 63 |[39m       sgMail[33m.[39msetApiKey(process[33m.[39menv[33m.[39m[33mSENDGRID_API_KEY[39m)[33m;[39m
     [90m    |[39m              [31m[1m^[22m[39m
     [90m 64 |[39m       console[33m.[39mlog([32m'📧 [EmailService] SendGrid configuré avec API Key'[39m)[33m;[39m
     [90m 65 |[39m     } [36melse[39m {
     [90m 66 |[39m       console[33m.[39mwarn([32m'⚠️ [EmailService] SENDGRID_API_KEY manquante'[39m)[33m;[39m[0m

      at Client.setApiKey (node_modules/@sendgrid/client/src/classes/client.js:50:15)
      at MailService.setApiKey (node_modules/@sendgrid/mail/src/classes/mail-service.js:38:17)
      at new EmailService (src/services/emailService.ts:63:14)
      at src/db/clients/messagerie/emailClient.ts:524:22

  console.log
    📝 [Service Magasin] Ajout d'un nouvel article: Test

      at Module.ajouterArticle (src/routes/magasin/core/services/magasin.service.ts:216:11)

  console.error
    ❌ [Service Magasin] Erreur modification article: Error: Article non trouvé
        at modifierArticle (C:\Users\guillaumehouthoofd\Documents\Benoit\Epreuve_intégrée\ClubManager\api\src\routes\magasin\core\services\magasin.service.ts:266:13)
        at processTicksAndRejections (node:internal/process/task_queues:105:5)
        at updateArticle (C:\Users\guillaumehouthoofd\Documents\Benoit\Epreuve_intégrée\ClubManager\api\src\routes\magasin\core\handlers\update-article.handler.ts:43:20)
        at Object.<anonymous> (C:\Users\guillaumehouthoofd\Documents\Benoit\Epreuve_intégrée\ClubManager\api\src\routes\magasin\__tests__\magasin.security.test.ts:289:7)

    [0m [90m 269 |[39m     }
     [90m 270 |[39m   } [36mcatch[39m (error) {
    [31m[1m>[22m[39m[90m 271 |[39m     console[33m.[39merror([32m"❌ [Service Magasin] Erreur modification article:"[39m[33m,[39m error)[33m;[39m
     [90m     |[39m             [31m[1m^[22m[39m
     [90m 272 |[39m     [36mif[39m (error [36minstanceof[39m [33mError[39m) {
     [90m 273 |[39m       [36mthrow[39m error[33m;[39m
     [90m 274 |[39m     }[0m

      at modifierArticle (src/routes/magasin/core/services/magasin.service.ts:271:13)
      at updateArticle (src/routes/magasin/core/handlers/update-article.handler.ts:43:20)
      at Object.<anonymous> (src/routes/magasin/__tests__/magasin.security.test.ts:289:7)

  console.log
    Données validées par le schéma Zod: {"utilisateur_id":1,"articles":[{"article_id":1,"quantite":1,"taille":"M"},{"article_id":2,"quantite":1,"taille":"M"},{"article_id":3,"quantite":1,"taille":"M"},{"article_id":4,"quantite":1,"taille":"M"},{"article_id":5,"quantite":1,"taille":"M"},{"article_id":6,"quantite":1,"taille":"M"},{"article_id":7,"quantite":1,"taille":"M"},{"article_id":8,"quantite":1,"taille":"M"},{"article_id":9,"quantite":1,"taille":"M"},{"article_id":10,"quantite":1,"taille":"M"},{"article_id":11,"quantite":1,"taille":"M"},{"article_id":12,"quantite":1,"taille":"M"},{"article_id":13,"quantite":1,"taille":"M"},{"article_id":14,"quantite":1,"taille":"M"},{"article_id":15,"quantite":1,"taille":"M"},{"article_id":16,"quantite":1,"taille":"M"},{"article_id":17,"quantite":1,"taille":"M"},{"article_id":18,"quantite":1,"taille":"M"},{"article_id":19,"quantite":1,"taille":"M"},{"article_id":20,"quantite":1,"taille":"M"},{"article_id":21,"quantite":1,"taille":"M"},{"article_id":22,"quantite":1,"taille":"M"},{"article_id":23,"quantite":1,"taille":"M"},{"article_id":24,"quantite":1,"taille":"M"},{"article_id":25,"quantite":1,"taille":"M"},{"article_id":26,"quantite":1,"taille":"M"},{"article_id":27,"quantite":1,"taille":"M"},{"article_id":28,"quantite":1,"taille":"M"},{"article_id":29,"quantite":1,"taille":"M"},{"article_id":30,"quantite":1,"taille":"M"},{"article_id":31,"quantite":1,"taille":"M"},{"article_id":32,"quantite":1,"taille":"M"},{"article_id":33,"quantite":1,"taille":"M"},{"article_id":34,"quantite":1,"taille":"M"},{"article_id":35,"quantite":1,"taille":"M"},{"article_id":36,"quantite":1,"taille":"M"},{"article_id":37,"quantite":1,"taille":"M"},{"article_id":38,"quantite":1,"taille":"M"},{"article_id":39,"quantite":1,"taille":"M"},{"article_id":40,"quantite":1,"taille":"M"},{"article_id":41,"quantite":1,"taille":"M"},{"article_id":42,"quantite":1,"taille":"M"},{"article_id":43,"quantite":1,"taille":"M"},{"article_id":44,"quantite":1,"taille":"M"},{"article_id":45,"quantite":1,"taille":"M"},{"article_id":46,"quantite":1,"taille":"M"},{"article_id":47,"quantite":1,"taille":"M"},{"article_id":48,"quantite":1,"taille":"M"},{"article_id":49,"quantite":1,"taille":"M"},{"article_id":50,"quantite":1,"taille":"M"}],"total":2000,"statut":"en attente"}

      at createCommande (src/routes/magasin/core/handlers/create-commande.handler.ts:25:13)

  console.log
    📧 [EmailService] SendGrid configuré avec API Key

      at new EmailService (src/services/emailService.ts:64:15)

  console.log
    🔍 [Service Magasin] Vérification doublon commande: {
      cacheKey: '1-2000-[{"id":1,"taille":"M","quantite":1},{"id":2...',
      utilisateur_id: 1,
      total: 2000,
      nbArticles: 50
    }

      at creerCommande (src/routes/magasin/core/services/magasin.service.ts:325:11)

  console.error
    ❌ [Handler Articles] Erreur modification article: Error: Article non trouvé
        at modifierArticle (C:\Users\guillaumehouthoofd\Documents\Benoit\Epreuve_intégrée\ClubManager\api\src\routes\magasin\core\services\magasin.service.ts:266:13)
        at processTicksAndRejections (node:internal/process/task_queues:105:5)
        at updateArticle (C:\Users\guillaumehouthoofd\Documents\Benoit\Epreuve_intégrée\ClubManager\api\src\routes\magasin\core\handlers\update-article.handler.ts:43:20)
        at Object.<anonymous> (C:\Users\guillaumehouthoofd\Documents\Benoit\Epreuve_intégrée\ClubManager\api\src\routes\magasin\__tests__\magasin.security.test.ts:289:7)

    [0m [90m 64 |[39m     }
     [90m 65 |[39m
    [31m[1m>[22m[39m[90m 66 |[39m     console[33m.[39merror([32m"❌ [Handler Articles] Erreur modification article:"[39m[33m,[39m error)[33m;[39m
     [90m    |[39m             [31m[1m^[22m[39m
     [90m 67 |[39m
     [90m 68 |[39m     [90m// Vérifier si c'est une erreur métier (article non trouvé)[39m
     [90m 69 |[39m     [36mif[39m (error [36minstanceof[39m [33mError[39m) {[0m

      at updateArticle (src/routes/magasin/core/handlers/update-article.handler.ts:66:13)
      at Object.<anonymous> (src/routes/magasin/__tests__/magasin.security.test.ts:289:7)

  console.log
    🆔 [Service Magasin] IDs générés: {
      uniqueCommandeId: 'CMD-001-1770237960247-9FFFEB5B',
      numeroCommande: 'CMD-000001',
      utilisateur_id: 1
    }

      at creerCommande (src/routes/magasin/core/services/magasin.service.ts:373:11)

  console.log
    📧 [Service Magasin] Envoi email confirmation commande: { destinataire: undefined, numeroCommande: 'CMD-000001' }

      at envoyerEmailConfirmationCommande (src/routes/magasin/core/services/magasin.service.ts:727:13)

  console.log
    🔄 [EmailClient] Initialisation des templates...

      at EmailClient.initialiserTemplates (src/db/clients/messagerie/emailClient.ts:274:15)

  console.error
    ❌ [Service Magasin] Erreur récupération articles: Error: ECONNREFUSED: Connection refused
        at Object.<anonymous> (C:\Users\guillaumehouthoofd\Documents\Benoit\Epreuve_intégrée\ClubManager\api\src\routes\magasin\__tests__\magasin.errors.test.ts:70:27)
        at Promise.then.completed (C:\Users\guillaumehouthoofd\Documents\Benoit\Epreuve_intégrée\ClubManager\api\node_modules\jest-circus\build\utils.js:298:28)
        at new Promise (<anonymous>)
        at callAsyncCircusFn (C:\Users\guillaumehouthoofd\Documents\Benoit\Epreuve_intégrée\ClubManager\api\node_modules\jest-circus\build\utils.js:231:10)
        at _callCircusTest (C:\Users\guillaumehouthoofd\Documents\Benoit\Epreuve_intégrée\ClubManager\api\node_modules\jest-circus\build\run.js:316:40)
        at processTicksAndRejections (node:internal/process/task_queues:105:5)
        at _runTest (C:\Users\guillaumehouthoofd\Documents\Benoit\Epreuve_intégrée\ClubManager\api\node_modules\jest-circus\build\run.js:252:3)
        at _runTestsForDescribeBlock (C:\Users\guillaumehouthoofd\Documents\Benoit\Epreuve_intégrée\ClubManager\api\node_modules\jest-circus\build\run.js:126:9)
        at _runTestsForDescribeBlock (C:\Users\guillaumehouthoofd\Documents\Benoit\Epreuve_intégrée\ClubManager\api\node_modules\jest-circus\build\run.js:121:9)
        at _runTestsForDescribeBlock (C:\Users\guillaumehouthoofd\Documents\Benoit\Epreuve_intégrée\ClubManager\api\node_modules\jest-circus\build\run.js:121:9)
        at run (C:\Users\guillaumehouthoofd\Documents\Benoit\Epreuve_intégrée\ClubManager\api\node_modules\jest-circus\build\run.js:71:3)
        at runAndTransformResultsToJestFormat (C:\Users\guillaumehouthoofd\Documents\Benoit\Epreuve_intégrée\ClubManager\api\node_modules\jest-circus\build\legacy-code-todo-rewrite\jestAdapterInit.js:122:21)
        at jestAdapter (C:\Users\guillaumehouthoofd\Documents\Benoit\Epreuve_intégrée\ClubManager\api\node_modules\jest-circus\build\legacy-code-todo-rewrite\jestAdapter.js:79:19)
        at runTestInternal (C:\Users\guillaumehouthoofd\Documents\Benoit\Epreuve_intégrée\ClubManager\api\node_modules\jest-runner\build\runTest.js:367:16)
        at runTest (C:\Users\guillaumehouthoofd\Documents\Benoit\Epreuve_intégrée\ClubManager\api\node_modules\jest-runner\build\runTest.js:444:34)
        at Object.worker (C:\Users\guillaumehouthoofd\Documents\Benoit\Epreuve_intégrée\ClubManager\api\node_modules\jest-runner\build\testWorker.js:106:12)

    [0m [90m 173 |[39m     [36mreturn[39m articles[33m;[39m
     [90m 174 |[39m   } [36mcatch[39m (error) {
    [31m[1m>[22m[39m[90m 175 |[39m     console[33m.[39merror([32m"❌ [Service Magasin] Erreur récupération articles:"[39m[33m,[39m error)[33m;[39m
     [90m     |[39m             [31m[1m^[22m[39m
     [90m 176 |[39m     [36mthrow[39m [36mnew[39m [33mError[39m([32m"Impossible de récupérer les articles"[39m)[33m;[39m
     [90m 177 |[39m   }
     [90m 178 |[39m }[0m

      at obtenirArticlesParCategories (src/routes/magasin/core/services/magasin.service.ts:175:13)
      at getArticles (src/routes/magasin/core/handlers/get-articles.handler.ts:30:22)
      at Object.<anonymous> (src/routes/magasin/__tests__/magasin.errors.test.ts:72:7)

  console.log
    🔄 [EmailTemplateService] Synchronisation des templates...

      at EmailTemplateService.syncDefaultTemplates (src/services/emailTemplateService.ts:39:15)

  console.error
    ❌ [Service Magasin] Erreur envoi email confirmation: TypeError: emailClient.sendTemplatedEmail is not a function
        at envoyerEmailConfirmationCommande (C:\Users\guillaumehouthoofd\Documents\Benoit\Epreuve_intégrée\ClubManager\api\src\routes\magasin\core\services\magasin.service.ts:732:38)
        at C:\Users\guillaumehouthoofd\Documents\Benoit\Epreuve_intégrée\ClubManager\api\src\routes\magasin\core\services\magasin.service.ts:398:17
        at processTicksAndRejections (node:internal/process/task_queues:105:5)
        at creerCommande (C:\Users\guillaumehouthoofd\Documents\Benoit\Epreuve_intégrée\ClubManager\api\src\routes\magasin\core\services\magasin.service.ts:432:28)
        at createCommande (C:\Users\guillaumehouthoofd\Documents\Benoit\Epreuve_intégrée\ClubManager\api\src\routes\magasin\core\handlers\create-commande.handler.ts:30:20)
        at Object.<anonymous> (C:\Users\guillaumehouthoofd\Documents\Benoit\Epreuve_intégrée\ClubManager\api\src\routes\magasin\__tests__\magasin.performance.test.ts:234:7)

    [0m [90m 745 |[39m     }
     [90m 746 |[39m   } [36mcatch[39m (error) {
    [31m[1m>[22m[39m[90m 747 |[39m     console[33m.[39merror(
     [90m     |[39m             [31m[1m^[22m[39m
     [90m 748 |[39m       [32m"❌ [Service Magasin] Erreur envoi email confirmation:"[39m[33m,[39m
     [90m 749 |[39m       error[33m,[39m
     [90m 750 |[39m     )[33m;[39m[0m

      at envoyerEmailConfirmationCommande (src/routes/magasin/core/services/magasin.service.ts:747:13)
      at src/routes/magasin/core/services/magasin.service.ts:398:17
      at creerCommande (src/routes/magasin/core/services/magasin.service.ts:432:28)
      at createCommande (src/routes/magasin/core/handlers/create-commande.handler.ts:30:20)
      at Object.<anonymous> (src/routes/magasin/__tests__/magasin.performance.test.ts:234:7)

  console.log
    ✅ [Service Magasin] Commande créée avec protection doublon: {
      unique_id: 'CMD-001-1770237960247-9FFFEB5B',
      numero_commande: 'CMD-000001'
    }

      at creerCommande (src/routes/magasin/core/services/magasin.service.ts:434:11)

  console.error
    ❌ [Service Magasin] Erreur lors de l'ajout: Erreur ajout

    [0m [90m 226 |[39m       [36mreturn[39m result[33m;[39m
     [90m 227 |[39m     } [36melse[39m {
    [31m[1m>[22m[39m[90m 228 |[39m       console[33m.[39merror(
     [90m     |[39m               [31m[1m^[22m[39m
     [90m 229 |[39m         [32m"❌ [Service Magasin] Erreur lors de l'ajout:"[39m[33m,[39m
     [90m 230 |[39m         result[33m.[39mmessage[33m,[39m
     [90m 231 |[39m       )[33m;[39m[0m

      at Module.ajouterArticle (src/routes/magasin/core/services/magasin.service.ts:228:15)
      at Object.<anonymous> (src/routes/magasin/__tests__/magasin.service-branches.test.ts:133:7)

  console.log
    ✅ [Handler Commandes] Commande créée avec succès: {
      unique_id: 'CMD-001-1770237960247-9FFFEB5B',
      numero_commande: 'CMD-000001',
      isDuplicate: false
    }

      at createCommande (src/routes/magasin/core/handlers/create-commande.handler.ts:36:13)

  console.error
    ❌ [Handler Articles] Erreur récupération articles: Error: Impossible de récupérer les articles
        at obtenirArticlesParCategories (C:\Users\guillaumehouthoofd\Documents\Benoit\Epreuve_intégrée\ClubManager\api\src\routes\magasin\core\services\magasin.service.ts:176:11)
        at processTicksAndRejections (node:internal/process/task_queues:105:5)
        at getArticles (C:\Users\guillaumehouthoofd\Documents\Benoit\Epreuve_intégrée\ClubManager\api\src\routes\magasin\core\handlers\get-articles.handler.ts:30:22)
        at Object.<anonymous> (C:\Users\guillaumehouthoofd\Documents\Benoit\Epreuve_intégrée\ClubManager\api\src\routes\magasin\__tests__\magasin.errors.test.ts:72:7)

    [0m [90m 46 |[39m     }
     [90m 47 |[39m
    [31m[1m>[22m[39m[90m 48 |[39m     console[33m.[39merror([32m"❌ [Handler Articles] Erreur récupération articles:"[39m[33m,[39m error)[33m;[39m
     [90m    |[39m             [31m[1m^[22m[39m
     [90m 49 |[39m     res[33m.[39mstatus([35m500[39m)[33m.[39mjson({
     [90m 50 |[39m       message[33m:[39m [32m"Erreur lors de la récupération des articles"[39m[33m,[39m
     [90m 51 |[39m       error[33m:[39m error [36minstanceof[39m [33mError[39m [33m?[39m error[33m.[39mmessage [33m:[39m [32m"Erreur inconnue"[39m[33m,[39m[0m

      at getArticles (src/routes/magasin/core/handlers/get-articles.handler.ts:48:13)
      at Object.<anonymous> (src/routes/magasin/__tests__/magasin.errors.test.ts:72:7)

  console.log
    🗑️ [Handler Articles] Suppression d'un article

      at deleteArticle (src/routes/magasin/core/handlers/delete-article.handler.ts:17:13)

  console.log
    🗑️ [Service Magasin] Suppression de l'article 9999999

      at supprimerArticle (src/routes/magasin/core/services/magasin.service.ts:288:11)

  console.error
    ❌ [Service Magasin] Erreur ajout article: Error: Erreur ajout
        at Module.ajouterArticle (C:\Users\guillaumehouthoofd\Documents\Benoit\Epreuve_intégrée\ClubManager\api\src\routes\magasin\core\services\magasin.service.ts:232:13)
        at processTicksAndRejections (node:internal/process/task_queues:105:5)
        at Object.<anonymous> (C:\Users\guillaumehouthoofd\Documents\Benoit\Epreuve_intégrée\ClubManager\api\src\routes\magasin\__tests__\magasin.service-branches.test.ts:133:7)

    [0m [90m 233 |[39m     }
     [90m 234 |[39m   } [36mcatch[39m (error) {
    [31m[1m>[22m[39m[90m 235 |[39m     console[33m.[39merror([32m"❌ [Service Magasin] Erreur ajout article:"[39m[33m,[39m error)[33m;[39m
     [90m     |[39m             [31m[1m^[22m[39m
     [90m 236 |[39m     [36mif[39m (error [36minstanceof[39m [33mError[39m) {
     [90m 237 |[39m       [36mthrow[39m error[33m;[39m
     [90m 238 |[39m     }[0m

      at Module.ajouterArticle (src/routes/magasin/core/services/magasin.service.ts:235:13)
      at Object.<anonymous> (src/routes/magasin/__tests__/magasin.service-branches.test.ts:133:7)

  console.log
    📝 [Handler Articles] Création d'un nouvel article

      at createArticle (src/routes/magasin/core/handlers/create-article.handler.ts:17:13)

  console.log
    Données validées par le schéma Zod: {"nom":"Article Prix Minimum","prix":0.01,"categorie_id":1,"images":[],"stocks":[],"actif":true}

      at createArticle (src/routes/magasin/core/handlers/create-article.handler.ts:22:13)

  console.log
    📝 [Service Magasin] Ajout d'un nouvel article: Article Prix Minimum

      at ajouterArticle (src/routes/magasin/core/services/magasin.service.ts:216:11)

  console.log
    ✅ [Service Magasin] Article ajouté avec succès

      at ajouterArticle (src/routes/magasin/core/services/magasin.service.ts:225:15)

  console.log
    ✅ [Handler Articles] Article créé avec succès

      at createArticle (src/routes/magasin/core/handlers/create-article.handler.ts:30:15)

  console.log
    📝 [Handler Articles] Création d'un nouvel article

      at createArticle (src/routes/magasin/core/handlers/create-article.handler.ts:17:13)

  console.log
    Données validées par le schéma Zod: {"nom":"Article Prix Maximum","prix":9999.99,"categorie_id":1,"images":[],"stocks":[],"actif":true}

      at createArticle (src/routes/magasin/core/handlers/create-article.handler.ts:22:13)

  console.log
    📝 [Service Magasin] Ajout d'un nouvel article: Article Prix Maximum

      at ajouterArticle (src/routes/magasin/core/services/magasin.service.ts:216:11)

  console.log
    ✅ [Service Magasin] Article ajouté avec succès

      at ajouterArticle (src/routes/magasin/core/services/magasin.service.ts:225:15)

  console.log
    ✅ [Handler Articles] Article créé avec succès

      at createArticle (src/routes/magasin/core/handlers/create-article.handler.ts:30:15)

  console.log
    📝 [Handler Articles] Création d'un nouvel article

      at createArticle (src/routes/magasin/core/handlers/create-article.handler.ts:17:13)

  console.error
    ❌ [Handler Articles] Erreur de validation: [
      {
        code: 'too_small',
        minimum: 0,
        type: 'number',
        inclusive: false,
        exact: false,
        message: 'Le prix doit être positif',
        path: [ 'prix' ]
      },
      {
        code: 'too_small',
        minimum: 0.01,
        type: 'number',
        inclusive: true,
        exact: false,
        message: 'Le prix minimum est 0.01€',
        path: [ 'prix' ]
      }
    ]

    [0m [90m 43 |[39m   } [36mcatch[39m (error) {
     [90m 44 |[39m     [36mif[39m (error [36minstanceof[39m z[33m.[39m[33mZodError[39m) {
    [31m[1m>[22m[39m[90m 45 |[39m       console[33m.[39merror(
     [90m    |[39m               [31m[1m^[22m[39m
     [90m 46 |[39m         [32m"❌ [Handler Articles] Erreur de validation:"[39m[33m,[39m
     [90m 47 |[39m         error[33m.[39merrors[33m,[39m
     [90m 48 |[39m       )[33m;[39m[0m

      at createArticle (src/routes/magasin/core/handlers/create-article.handler.ts:45:15)
      at Object.<anonymous> (src/routes/magasin/__tests__/magasin.edge-cases.test.ts:119:13)

  console.log
    📝 [Handler Articles] Création d'un nouvel article

      at createArticle (src/routes/magasin/core/handlers/create-article.handler.ts:17:13)

  console.log
    Données validées par le schéma Zod: {"nom":"Article Prix Décimal","prix":45.999999,"categorie_id":1,"images":[],"stocks":[],"actif":true}

      at createArticle (src/routes/magasin/core/handlers/create-article.handler.ts:22:13)

  console.log
    📝 [Service Magasin] Ajout d'un nouvel article: Article Prix Décimal

      at ajouterArticle (src/routes/magasin/core/services/magasin.service.ts:216:11)

  console.log
    ✅ [Service Magasin] Article ajouté avec succès

      at ajouterArticle (src/routes/magasin/core/services/magasin.service.ts:225:15)

  console.log
    ✅ [Handler Articles] Article créé avec succès

      at createArticle (src/routes/magasin/core/handlers/create-article.handler.ts:30:15)

  console.log
    📝 [Handler Articles] Création d'un nouvel article

      at createArticle (src/routes/magasin/core/handlers/create-article.handler.ts:17:13)

  console.log
    Données validées par le schéma Zod: {"nom":"Article Stock Zéro","prix":25.99,"categorie_id":1,"images":[],"stocks":[{"taille":"M","quantite":0}],"actif":true}

      at createArticle (src/routes/magasin/core/handlers/create-article.handler.ts:22:13)

  console.log
    📝 [Service Magasin] Ajout d'un nouvel article: Article Stock Zéro

      at ajouterArticle (src/routes/magasin/core/services/magasin.service.ts:216:11)

  console.log
    ✅ [Service Magasin] Article ajouté avec succès

      at ajouterArticle (src/routes/magasin/core/services/magasin.service.ts:225:15)

  console.log
    ✅ [Handler Articles] Article créé avec succès

      at createArticle (src/routes/magasin/core/handlers/create-article.handler.ts:30:15)

  console.log
    📝 [Handler Articles] Création d'un nouvel article

      at createArticle (src/routes/magasin/core/handlers/create-article.handler.ts:17:13)

  console.log
    Données validées par le schéma Zod: {"nom":"Article Stock Max","prix":25.99,"categorie_id":1,"images":[],"stocks":[{"taille":"L","quantite":999999}],"actif":true}

      at createArticle (src/routes/magasin/core/handlers/create-article.handler.ts:22:13)

  console.log
    📝 [Service Magasin] Ajout d'un nouvel article: Article Stock Max

      at ajouterArticle (src/routes/magasin/core/services/magasin.service.ts:216:11)

  console.log
    ✅ [Service Magasin] Article ajouté avec succès

      at ajouterArticle (src/routes/magasin/core/services/magasin.service.ts:225:15)

  console.log
    ✅ [Handler Articles] Article créé avec succès

      at createArticle (src/routes/magasin/core/handlers/create-article.handler.ts:30:15)

  console.log
    📝 [Handler Articles] Création d'un nouvel article

      at createArticle (src/routes/magasin/core/handlers/create-article.handler.ts:17:13)

  console.log
    Données validées par le schéma Zod: {"nom":"A","prix":25.99,"categorie_id":1,"images":[],"stocks":[],"actif":true}

      at createArticle (src/routes/magasin/core/handlers/create-article.handler.ts:22:13)

  console.log
    📝 [Service Magasin] Ajout d'un nouvel article: A

      at ajouterArticle (src/routes/magasin/core/services/magasin.service.ts:216:11)

  console.log
    ✅ [Service Magasin] Article ajouté avec succès

      at ajouterArticle (src/routes/magasin/core/services/magasin.service.ts:225:15)

  console.log
    ✅ [Handler Articles] Article créé avec succès

      at createArticle (src/routes/magasin/core/handlers/create-article.handler.ts:30:15)

  console.log
    📝 [Handler Articles] Création d'un nouvel article

      at createArticle (src/routes/magasin/core/handlers/create-article.handler.ts:17:13)

  console.log
    Données validées par le schéma Zod: {"nom":"AAAAAAAAAAAAAAAAAAAAAAAAAAAAAAAAAAAAAAAAAAAAAAAAAAAAAAAAAAAAAAAAAAAAAAAAAAAAAAAAAAAAAAAAAAAAAAAAAAAAAAAAAAAAAAAAAAAAAAAAAAAAAAAAAAAAAAAAAAAAAAAAAAAAAAAAAAAAAAAAAAAAAAAAAAAAAAAAAAAAAAAAAAAAAAAAAAAAAAAAAAAAAAAAAAAAAAAAAAAAAAAAAAAAAAAAAAAAAAAAAAAAAAAAAAAAAAA","prix":25.99,"categorie_id":1,"images":[],"stocks":[],"actif":true}

      at createArticle (src/routes/magasin/core/handlers/create-article.handler.ts:22:13)

  console.log
    📝 [Service Magasin] Ajout d'un nouvel article: AAAAAAAAAAAAAAAAAAAAAAAAAAAAAAAAAAAAAAAAAAAAAAAAAAAAAAAAAAAAAAAAAAAAAAAAAAAAAAAAAAAAAAAAAAAAAAAAAAAAAAAAAAAAAAAAAAAAAAAAAAAAAAAAAAAAAAAAAAAAAAAAAAAAAAAAAAAAAAAAAAAAAAAAAAAAAAAAAAAAAAAAAAAAAAAAAAAAAAAAAAAAAAAAAAAAAAAAAAAAAAAAAAAAAAAAAAAAAAAAAAAAAAAAAAAAAAA

      at ajouterArticle (src/routes/magasin/core/services/magasin.service.ts:216:11)

  console.log
    ✅ [Service Magasin] Article ajouté avec succès

      at ajouterArticle (src/routes/magasin/core/services/magasin.service.ts:225:15)

  console.log
    ✅ [Handler Articles] Article créé avec succès

      at createArticle (src/routes/magasin/core/handlers/create-article.handler.ts:30:15)

  console.log
    📝 [Handler Articles] Création d'un nouvel article

      at createArticle (src/routes/magasin/core/handlers/create-article.handler.ts:17:13)

  console.error
    ❌ [Handler Articles] Erreur de validation: [
      {
        code: 'too_small',
        minimum: 1,
        type: 'string',
        inclusive: true,
        exact: false,
        message: 'Le nom ne peut pas être vide',
        path: [ 'nom' ]
      }
    ]

    [0m [90m 43 |[39m   } [36mcatch[39m (error) {
     [90m 44 |[39m     [36mif[39m (error [36minstanceof[39m z[33m.[39m[33mZodError[39m) {
    [31m[1m>[22m[39m[90m 45 |[39m       console[33m.[39merror(
     [90m    |[39m               [31m[1m^[22m[39m
     [90m 46 |[39m         [32m"❌ [Handler Articles] Erreur de validation:"[39m[33m,[39m
     [90m 47 |[39m         error[33m.[39merrors[33m,[39m
     [90m 48 |[39m       )[33m;[39m[0m

      at createArticle (src/routes/magasin/core/handlers/create-article.handler.ts:45:15)
      at Object.<anonymous> (src/routes/magasin/__tests__/magasin.edge-cases.test.ts:261:13)

  console.log
    📝 [Handler Articles] Création d'un nouvel article

      at createArticle (src/routes/magasin/core/handlers/create-article.handler.ts:17:13)

  console.log
    Données validées par le schéma Zod: {"nom":"Test","description":"AAAAAAAAAAAAAAAAAAAAAAAAAAAAAAAAAAAAAAAAAAAAAAAAAAAAAAAAAAAAAAAAAAAAAAAAAAAAAAAAAAAAAAAAAAAAAAAAAAAAAAAAAAAAAAAAAAAAAAAAAAAAAAAAAAAAAAAAAAAAAAAAAAAAAAAAAAAAAAAAAAAAAAAAAAAAAAAAAAAAAAAAAAAAAAAAAAAAAAAAAAAAAAAAAAAAAAAAAAAAAAAAAAAAAAAAAAAAAAAAAAAAAAAAAAAAAAAAAAAAAAAAAAAAAAAAAAAAAAAAAAAAAAAAAAAAAAAAAAAAAAAAAAAAAAAAAAAAAAAAAAAAAAAAAAAAAAAAAAAAAAAAAAAAAAAAAAAAAAAAAAAAAAAAAAAAAAAAAAAAAAAAAAAAAAAAAAAAAAAAAAAAAAAAAAAAAAAAAAAAAAAAAAAAAAAAAAAAAAAAAAAAAAAAAAAAAAAAAAAAAAAAAAAAAAAAAAAAAAAAAAAAAAAAAAAAAAAAAAAAAAAAAAAAAAAAAAAAAAAAAAAAAAAAAAAAAAAAAAAAAAAAAAAAAAAAAAAAAAAAAAAAAAAAAAAAAAAAAAAAAAAAAAAAAAAAAAAAAAAAAAAAAAAAAAAAAAAAAAAAAAAAAAAAAAAAAAAAAAAAAAAAAAAAAAAAAAAAAAAAAAAAAAAAAAAAAAAAAAAAAAAAAAAAAAAAAAAAAAAAAAAAAAAAAAAAAAAAAAAAAAAAAAAAAAAAAAAAAAAAAAAAAAAAAAAAAAAAAAAAAAAAAAAAAAAAAAAAAAAAAAAAAAAAAAAAAAAAAAAAAAAAAAAAAAAAAAAAAAAAAAAAAAAAAAAAAAAAAAAAAAAAAAAAAAAAAAAAAAAAAAAAAAAAAAAAAAAAAAAAAAAAAAAAAAAAAAAAAAAAAAAAAAAAAAAAAAAAAAAAAAAAAAAAAAAAAAAAAAAAAAAAAAAAAAAAAAAAAAAAAAAAAAAAAAAAAAAAAAAAAAAAAAAAAAAAAAAAAAAA","prix":25.99,"categorie_id":1,"images":[],"stocks":[],"actif":true}

      at createArticle (src/routes/magasin/core/handlers/create-article.handler.ts:22:13)

  console.log
    📝 [Service Magasin] Ajout d'un nouvel article: Test

      at ajouterArticle (src/routes/magasin/core/services/magasin.service.ts:216:11)

  console.log
    ✅ [Service Magasin] Article ajouté avec succès

      at ajouterArticle (src/routes/magasin/core/services/magasin.service.ts:225:15)

  console.log
    ✅ [Handler Articles] Article créé avec succès

      at createArticle (src/routes/magasin/core/handlers/create-article.handler.ts:30:15)

  console.log
    📝 [Handler Articles] Création d'un nouvel article

      at createArticle (src/routes/magasin/core/handlers/create-article.handler.ts:17:13)

  console.log
    Données validées par le schéma Zod: {"nom":"Kimono € & < > \" ' @","prix":25.99,"categorie_id":1,"images":[],"stocks":[],"actif":true}

      at createArticle (src/routes/magasin/core/handlers/create-article.handler.ts:22:13)

  console.log
    📝 [Service Magasin] Ajout d'un nouvel article: Kimono € & < > " ' @

      at ajouterArticle (src/routes/magasin/core/services/magasin.service.ts:216:11)

  console.log
    ✅ [Service Magasin] Article ajouté avec succès

      at ajouterArticle (src/routes/magasin/core/services/magasin.service.ts:225:15)

  console.log
    ✅ [Handler Articles] Article créé avec succès

      at createArticle (src/routes/magasin/core/handlers/create-article.handler.ts:30:15)

  console.log
    📝 [Handler Articles] Création d'un nouvel article

      at createArticle (src/routes/magasin/core/handlers/create-article.handler.ts:17:13)

  console.log
    Données validées par le schéma Zod: {"nom":"Kimono 🥋 Premium ⭐","prix":25.99,"categorie_id":1,"images":[],"stocks":[],"actif":true}

      at createArticle (src/routes/magasin/core/handlers/create-article.handler.ts:22:13)

  console.log
    📝 [Service Magasin] Ajout d'un nouvel article: Kimono 🥋 Premium ⭐

      at ajouterArticle (src/routes/magasin/core/services/magasin.service.ts:216:11)

  console.log
    ✅ [Service Magasin] Article ajouté avec succès

      at ajouterArticle (src/routes/magasin/core/services/magasin.service.ts:225:15)

  console.log
    ✅ [Handler Articles] Article créé avec succès

      at createArticle (src/routes/magasin/core/handlers/create-article.handler.ts:30:15)

  console.log
    📝 [Handler Commandes] Création d'une nouvelle commande

      at createCommande (src/routes/magasin/core/handlers/create-commande.handler.ts:19:13)

  console.log
    Corps reçu: {
      utilisateur_id: 1,
      articles: [ { article_id: 1, quantite: 1, taille: 'M', prix: 45.99 } ],
      total: 45.99
    }

      at createCommande (src/routes/magasin/core/handlers/create-commande.handler.ts:20:13)

  console.log
    Données validées par le schéma Zod: {"utilisateur_id":1,"articles":[{"article_id":1,"quantite":1,"taille":"M","prix":45.99}],"total":45.99,"statut":"en attente"}

      at createCommande (src/routes/magasin/core/handlers/create-commande.handler.ts:25:13)

  console.log
    🔍 [Service Magasin] Vérification doublon commande: {
      cacheKey: '1-45.99-[{"id":1,"taille":"M","quantite":1}]...',
      utilisateur_id: 1,
      total: 45.99,
      nbArticles: 1
    }

      at creerCommande (src/routes/magasin/core/services/magasin.service.ts:325:11)

  console.log
    🆔 [Service Magasin] IDs générés: {
      uniqueCommandeId: 'CMD-001-1770237960373-30239B25',
      numeroCommande: 'CMD-000001',
      utilisateur_id: 1
    }

      at creerCommande (src/routes/magasin/core/services/magasin.service.ts:373:11)

  console.error
    ❌ [Service Magasin] Utilisateur non trouvé: 1

    [0m [90m 772 |[39m
     [90m 773 |[39m     [36mif[39m (results[33m.[39mlength [33m===[39m [35m0[39m) {
    [31m[1m>[22m[39m[90m 774 |[39m       console[33m.[39merror(
     [90m     |[39m               [31m[1m^[22m[39m
     [90m 775 |[39m         [32m"❌ [Service Magasin] Utilisateur non trouvé:"[39m[33m,[39m
     [90m 776 |[39m         utilisateurId[33m,[39m
     [90m 777 |[39m       )[33m;[39m[0m

      at recupererDonneesUtilisateur (src/routes/magasin/core/services/magasin.service.ts:774:15)
      at src/routes/magasin/core/services/magasin.service.ts:393:26
      at creerCommande (src/routes/magasin/core/services/magasin.service.ts:432:28)
      at createCommande (src/routes/magasin/core/handlers/create-commande.handler.ts:30:20)
      at Object.<anonymous> (src/routes/magasin/__tests__/magasin.edge-cases.test.ts:359:7)

  console.warn
    ⚠️ [Service Magasin] Impossible d'envoyer l'email - utilisateur non trouvé

    [0m [90m 402 |[39m           )[33m;[39m
     [90m 403 |[39m         } [36melse[39m {
    [31m[1m>[22m[39m[90m 404 |[39m           console[33m.[39mwarn(
     [90m     |[39m                   [31m[1m^[22m[39m
     [90m 405 |[39m             [32m"⚠️ [Service Magasin] Impossible d'envoyer l'email - utilisateur non trouvé"[39m[33m,[39m
     [90m 406 |[39m           )[33m;[39m
     [90m 407 |[39m         }[0m

      at src/routes/magasin/core/services/magasin.service.ts:404:19
      at creerCommande (src/routes/magasin/core/services/magasin.service.ts:432:28)
      at createCommande (src/routes/magasin/core/handlers/create-commande.handler.ts:30:20)
      at Object.<anonymous> (src/routes/magasin/__tests__/magasin.edge-cases.test.ts:359:7)

  console.log
    ✅ [Service Magasin] Commande créée avec protection doublon: {
      unique_id: 'CMD-001-1770237960373-30239B25',
      numero_commande: 'CMD-000001'
    }

      at creerCommande (src/routes/magasin/core/services/magasin.service.ts:434:11)

  console.log
    ✅ [Handler Commandes] Commande créée avec succès: {
      unique_id: 'CMD-001-1770237960373-30239B25',
      numero_commande: 'CMD-000001',
      isDuplicate: false
    }

      at createCommande (src/routes/magasin/core/handlers/create-commande.handler.ts:36:13)

  console.log
    📝 [Handler Commandes] Création d'une nouvelle commande

      at createCommande (src/routes/magasin/core/handlers/create-commande.handler.ts:19:13)

  console.log
    Corps reçu: {
      utilisateur_id: 1,
      articles: [
        { article_id: 1, quantite: 1, taille: 'M', prix: 10 },
        { article_id: 2, quantite: 1, taille: 'M', prix: 10 },
        { article_id: 3, quantite: 1, taille: 'M', prix: 10 },
        { article_id: 4, quantite: 1, taille: 'M', prix: 10 },
        { article_id: 5, quantite: 1, taille: 'M', prix: 10 },
        { article_id: 6, quantite: 1, taille: 'M', prix: 10 },
        { article_id: 7, quantite: 1, taille: 'M', prix: 10 },
        { article_id: 8, quantite: 1, taille: 'M', prix: 10 },
        { article_id: 9, quantite: 1, taille: 'M', prix: 10 },
        { article_id: 10, quantite: 1, taille: 'M', prix: 10 },
        { article_id: 11, quantite: 1, taille: 'M', prix: 10 },
        { article_id: 12, quantite: 1, taille: 'M', prix: 10 },
        { article_id: 13, quantite: 1, taille: 'M', prix: 10 },
        { article_id: 14, quantite: 1, taille: 'M', prix: 10 },
        { article_id: 15, quantite: 1, taille: 'M', prix: 10 },
        { article_id: 16, quantite: 1, taille: 'M', prix: 10 },
        { article_id: 17, quantite: 1, taille: 'M', prix: 10 },
        { article_id: 18, quantite: 1, taille: 'M', prix: 10 },
        { article_id: 19, quantite: 1, taille: 'M', prix: 10 },
        { article_id: 20, quantite: 1, taille: 'M', prix: 10 },
        { article_id: 21, quantite: 1, taille: 'M', prix: 10 },
        { article_id: 22, quantite: 1, taille: 'M', prix: 10 },
        { article_id: 23, quantite: 1, taille: 'M', prix: 10 },
        { article_id: 24, quantite: 1, taille: 'M', prix: 10 },
        { article_id: 25, quantite: 1, taille: 'M', prix: 10 },
        { article_id: 26, quantite: 1, taille: 'M', prix: 10 },
        { article_id: 27, quantite: 1, taille: 'M', prix: 10 },
        { article_id: 28, quantite: 1, taille: 'M', prix: 10 },
        { article_id: 29, quantite: 1, taille: 'M', prix: 10 },
        { article_id: 30, quantite: 1, taille: 'M', prix: 10 },
        { article_id: 31, quantite: 1, taille: 'M', prix: 10 },
        { article_id: 32, quantite: 1, taille: 'M', prix: 10 },
        { article_id: 33, quantite: 1, taille: 'M', prix: 10 },
        { article_id: 34, quantite: 1, taille: 'M', prix: 10 },
        { article_id: 35, quantite: 1, taille: 'M', prix: 10 },
        { article_id: 36, quantite: 1, taille: 'M', prix: 10 },
        { article_id: 37, quantite: 1, taille: 'M', prix: 10 },
        { article_id: 38, quantite: 1, taille: 'M', prix: 10 },
        { article_id: 39, quantite: 1, taille: 'M', prix: 10 },
        { article_id: 40, quantite: 1, taille: 'M', prix: 10 },
        { article_id: 41, quantite: 1, taille: 'M', prix: 10 },
        { article_id: 42, quantite: 1, taille: 'M', prix: 10 },
        { article_id: 43, quantite: 1, taille: 'M', prix: 10 },
        { article_id: 44, quantite: 1, taille: 'M', prix: 10 },
        { article_id: 45, quantite: 1, taille: 'M', prix: 10 },
        { article_id: 46, quantite: 1, taille: 'M', prix: 10 },
        { article_id: 47, quantite: 1, taille: 'M', prix: 10 },
        { article_id: 48, quantite: 1, taille: 'M', prix: 10 },
        { article_id: 49, quantite: 1, taille: 'M', prix: 10 },
        { article_id: 50, quantite: 1, taille: 'M', prix: 10 }
      ],
      total: 500
    }

      at createCommande (src/routes/magasin/core/handlers/create-commande.handler.ts:20:13)

  console.log
    Données validées par le schéma Zod: {"utilisateur_id":1,"articles":[{"article_id":1,"quantite":1,"taille":"M","prix":10},{"article_id":2,"quantite":1,"taille":"M","prix":10},{"article_id":3,"quantite":1,"taille":"M","prix":10},{"article_id":4,"quantite":1,"taille":"M","prix":10},{"article_id":5,"quantite":1,"taille":"M","prix":10},{"article_id":6,"quantite":1,"taille":"M","prix":10},{"article_id":7,"quantite":1,"taille":"M","prix":10},{"article_id":8,"quantite":1,"taille":"M","prix":10},{"article_id":9,"quantite":1,"taille":"M","prix":10},{"article_id":10,"quantite":1,"taille":"M","prix":10},{"article_id":11,"quantite":1,"taille":"M","prix":10},{"article_id":12,"quantite":1,"taille":"M","prix":10},{"article_id":13,"quantite":1,"taille":"M","prix":10},{"article_id":14,"quantite":1,"taille":"M","prix":10},{"article_id":15,"quantite":1,"taille":"M","prix":10},{"article_id":16,"quantite":1,"taille":"M","prix":10},{"article_id":17,"quantite":1,"taille":"M","prix":10},{"article_id":18,"quantite":1,"taille":"M","prix":10},{"article_id":19,"quantite":1,"taille":"M","prix":10},{"article_id":20,"quantite":1,"taille":"M","prix":10},{"article_id":21,"quantite":1,"taille":"M","prix":10},{"article_id":22,"quantite":1,"taille":"M","prix":10},{"article_id":23,"quantite":1,"taille":"M","prix":10},{"article_id":24,"quantite":1,"taille":"M","prix":10},{"article_id":25,"quantite":1,"taille":"M","prix":10},{"article_id":26,"quantite":1,"taille":"M","prix":10},{"article_id":27,"quantite":1,"taille":"M","prix":10},{"article_id":28,"quantite":1,"taille":"M","prix":10},{"article_id":29,"quantite":1,"taille":"M","prix":10},{"article_id":30,"quantite":1,"taille":"M","prix":10},{"article_id":31,"quantite":1,"taille":"M","prix":10},{"article_id":32,"quantite":1,"taille":"M","prix":10},{"article_id":33,"quantite":1,"taille":"M","prix":10},{"article_id":34,"quantite":1,"taille":"M","prix":10},{"article_id":35,"quantite":1,"taille":"M","prix":10},{"article_id":36,"quantite":1,"taille":"M","prix":10},{"article_id":37,"quantite":1,"taille":"M","prix":10},{"article_id":38,"quantite":1,"taille":"M","prix":10},{"article_id":39,"quantite":1,"taille":"M","prix":10},{"article_id":40,"quantite":1,"taille":"M","prix":10},{"article_id":41,"quantite":1,"taille":"M","prix":10},{"article_id":42,"quantite":1,"taille":"M","prix":10},{"article_id":43,"quantite":1,"taille":"M","prix":10},{"article_id":44,"quantite":1,"taille":"M","prix":10},{"article_id":45,"quantite":1,"taille":"M","prix":10},{"article_id":46,"quantite":1,"taille":"M","prix":10},{"article_id":47,"quantite":1,"taille":"M","prix":10},{"article_id":48,"quantite":1,"taille":"M","prix":10},{"article_id":49,"quantite":1,"taille":"M","prix":10},{"article_id":50,"quantite":1,"taille":"M","prix":10}],"total":500,"statut":"en attente"}

      at createCommande (src/routes/magasin/core/handlers/create-commande.handler.ts:25:13)

  console.log
    🔍 [Service Magasin] Vérification doublon commande: {
      cacheKey: '1-500-[{"id":1,"taille":"M","quantite":1},{"id":2,...',
      utilisateur_id: 1,
      total: 500,
      nbArticles: 50
    }

      at creerCommande (src/routes/magasin/core/services/magasin.service.ts:325:11)

  console.log
    🆔 [Service Magasin] IDs générés: {
      uniqueCommandeId: 'CMD-001-1770237960426-38D06A09',
      numeroCommande: 'CMD-000001',
      utilisateur_id: 1
    }

      at creerCommande (src/routes/magasin/core/services/magasin.service.ts:373:11)

  console.error
    ❌ [Service Magasin] Utilisateur non trouvé: 1

    [0m [90m 772 |[39m
     [90m 773 |[39m     [36mif[39m (results[33m.[39mlength [33m===[39m [35m0[39m) {
    [31m[1m>[22m[39m[90m 774 |[39m       console[33m.[39merror(
     [90m     |[39m               [31m[1m^[22m[39m
     [90m 775 |[39m         [32m"❌ [Service Magasin] Utilisateur non trouvé:"[39m[33m,[39m
     [90m 776 |[39m         utilisateurId[33m,[39m
     [90m 777 |[39m       )[33m;[39m[0m

      at recupererDonneesUtilisateur (src/routes/magasin/core/services/magasin.service.ts:774:15)
      at src/routes/magasin/core/services/magasin.service.ts:393:26
      at creerCommande (src/routes/magasin/core/services/magasin.service.ts:432:28)
      at createCommande (src/routes/magasin/core/handlers/create-commande.handler.ts:30:20)
      at Object.<anonymous> (src/routes/magasin/__tests__/magasin.edge-cases.test.ts:391:7)

  console.warn
    ⚠️ [Service Magasin] Impossible d'envoyer l'email - utilisateur non trouvé

    [0m [90m 402 |[39m           )[33m;[39m
     [90m 403 |[39m         } [36melse[39m {
    [31m[1m>[22m[39m[90m 404 |[39m           console[33m.[39mwarn(
     [90m     |[39m                   [31m[1m^[22m[39m
     [90m 405 |[39m             [32m"⚠️ [Service Magasin] Impossible d'envoyer l'email - utilisateur non trouvé"[39m[33m,[39m
     [90m 406 |[39m           )[33m;[39m
     [90m 407 |[39m         }[0m

      at src/routes/magasin/core/services/magasin.service.ts:404:19
      at creerCommande (src/routes/magasin/core/services/magasin.service.ts:432:28)
      at createCommande (src/routes/magasin/core/handlers/create-commande.handler.ts:30:20)
      at Object.<anonymous> (src/routes/magasin/__tests__/magasin.edge-cases.test.ts:391:7)

  console.log
    ✅ [Service Magasin] Commande créée avec protection doublon: {
      unique_id: 'CMD-001-1770237960426-38D06A09',
      numero_commande: 'CMD-000001'
    }

      at creerCommande (src/routes/magasin/core/services/magasin.service.ts:434:11)

  console.log
    ✅ [Handler Commandes] Commande créée avec succès: {
      unique_id: 'CMD-001-1770237960426-38D06A09',
      numero_commande: 'CMD-000001',
      isDuplicate: false
    }

      at createCommande (src/routes/magasin/core/handlers/create-commande.handler.ts:36:13)

  console.log
    📝 [Handler Commandes] Création d'une nouvelle commande

      at createCommande (src/routes/magasin/core/handlers/create-commande.handler.ts:19:13)

  console.log
    Corps reçu: {
      utilisateur_id: 1,
      articles: [
        { article_id: 1, quantite: 1, taille: 'M' },
        { article_id: 2, quantite: 1, taille: 'M' },
        { article_id: 3, quantite: 1, taille: 'M' },
        { article_id: 4, quantite: 1, taille: 'M' },
        { article_id: 5, quantite: 1, taille: 'M' },
        { article_id: 6, quantite: 1, taille: 'M' },
        { article_id: 7, quantite: 1, taille: 'M' },
        { article_id: 8, quantite: 1, taille: 'M' },
        { article_id: 9, quantite: 1, taille: 'M' },
        { article_id: 10, quantite: 1, taille: 'M' },
        { article_id: 11, quantite: 1, taille: 'M' },
        { article_id: 12, quantite: 1, taille: 'M' },
        { article_id: 13, quantite: 1, taille: 'M' },
        { article_id: 14, quantite: 1, taille: 'M' },
        { article_id: 15, quantite: 1, taille: 'M' },
        { article_id: 16, quantite: 1, taille: 'M' },
        { article_id: 17, quantite: 1, taille: 'M' },
        { article_id: 18, quantite: 1, taille: 'M' },
        { article_id: 19, quantite: 1, taille: 'M' },
        { article_id: 20, quantite: 1, taille: 'M' },
        { article_id: 21, quantite: 1, taille: 'M' },
        { article_id: 22, quantite: 1, taille: 'M' },
        { article_id: 23, quantite: 1, taille: 'M' },
        { article_id: 24, quantite: 1, taille: 'M' },
        { article_id: 25, quantite: 1, taille: 'M' },
        { article_id: 26, quantite: 1, taille: 'M' },
        { article_id: 27, quantite: 1, taille: 'M' },
        { article_id: 28, quantite: 1, taille: 'M' },
        { article_id: 29, quantite: 1, taille: 'M' },
        { article_id: 30, quantite: 1, taille: 'M' },
        { article_id: 31, quantite: 1, taille: 'M' },
        { article_id: 32, quantite: 1, taille: 'M' },
        { article_id: 33, quantite: 1, taille: 'M' },
        { article_id: 34, quantite: 1, taille: 'M' },
        { article_id: 35, quantite: 1, taille: 'M' },
        { article_id: 36, quantite: 1, taille: 'M' },
        { article_id: 37, quantite: 1, taille: 'M' },
        { article_id: 38, quantite: 1, taille: 'M' },
        { article_id: 39, quantite: 1, taille: 'M' },
        { article_id: 40, quantite: 1, taille: 'M' },
        { article_id: 41, quantite: 1, taille: 'M' },
        { article_id: 42, quantite: 1, taille: 'M' },
        { article_id: 43, quantite: 1, taille: 'M' },
        { article_id: 44, quantite: 1, taille: 'M' },
        { article_id: 45, quantite: 1, taille: 'M' },
        { article_id: 46, quantite: 1, taille: 'M' },
        { article_id: 47, quantite: 1, taille: 'M' },
        { article_id: 48, quantite: 1, taille: 'M' },
        { article_id: 49, quantite: 1, taille: 'M' },
        { article_id: 50, quantite: 1, taille: 'M' },
        { article_id: 51, quantite: 1, taille: 'M' }
      ],
      total: 510
    }

      at createCommande (src/routes/magasin/core/handlers/create-commande.handler.ts:20:13)

  console.error
    ❌ [Handler Commandes] Erreur de validation: [
      {
        code: 'too_big',
        maximum: 50,
        type: 'array',
        inclusive: true,
        exact: false,
        message: 'Maximum 50 articles par commande',
        path: [ 'articles' ]
      }
    ]

    [0m [90m 49 |[39m   } [36mcatch[39m (error) {
     [90m 50 |[39m     [36mif[39m (error [36minstanceof[39m z[33m.[39m[33mZodError[39m) {
    [31m[1m>[22m[39m[90m 51 |[39m       console[33m.[39merror(
     [90m    |[39m               [31m[1m^[22m[39m
     [90m 52 |[39m         [32m"❌ [Handler Commandes] Erreur de validation:"[39m[33m,[39m
     [90m 53 |[39m         error[33m.[39merrors[33m,[39m
     [90m 54 |[39m       )[33m;[39m[0m

      at createCommande (src/routes/magasin/core/handlers/create-commande.handler.ts:51:15)
      at Object.<anonymous> (src/routes/magasin/__tests__/magasin.edge-cases.test.ts:416:13)

  console.log
    📝 [Handler Commandes] Création d'une nouvelle commande

      at createCommande (src/routes/magasin/core/handlers/create-commande.handler.ts:19:13)

  console.log
    Corps reçu: {
      utilisateur_id: 1,
      articles: [ { article_id: 1, quantite: 1, taille: 'M' } ],
      total: 50
    }

      at createCommande (src/routes/magasin/core/handlers/create-commande.handler.ts:20:13)

  console.log
    Données validées par le schéma Zod: {"utilisateur_id":1,"articles":[{"article_id":1,"quantite":1,"taille":"M"}],"total":50,"statut":"en attente"}

      at createCommande (src/routes/magasin/core/handlers/create-commande.handler.ts:25:13)

  console.log
    🔍 [Service Magasin] Vérification doublon commande: {
      cacheKey: '1-50-[{"id":1,"taille":"M","quantite":1}]...',
      utilisateur_id: 1,
      total: 50,
      nbArticles: 1
    }

      at creerCommande (src/routes/magasin/core/services/magasin.service.ts:325:11)

  console.log
    🆔 [Service Magasin] IDs générés: {
      uniqueCommandeId: 'CMD-001-1770237960474-1D7CDC1D',
      numeroCommande: 'CMD-000001',
      utilisateur_id: 1
    }

      at creerCommande (src/routes/magasin/core/services/magasin.service.ts:373:11)

  console.error
    ❌ [Service Magasin] Utilisateur non trouvé: 1

    [0m [90m 772 |[39m
     [90m 773 |[39m     [36mif[39m (results[33m.[39mlength [33m===[39m [35m0[39m) {
    [31m[1m>[22m[39m[90m 774 |[39m       console[33m.[39merror(
     [90m     |[39m               [31m[1m^[22m[39m
     [90m 775 |[39m         [32m"❌ [Service Magasin] Utilisateur non trouvé:"[39m[33m,[39m
     [90m 776 |[39m         utilisateurId[33m,[39m
     [90m 777 |[39m       )[33m;[39m[0m

      at recupererDonneesUtilisateur (src/routes/magasin/core/services/magasin.service.ts:774:15)
      at src/routes/magasin/core/services/magasin.service.ts:393:26
      at creerCommande (src/routes/magasin/core/services/magasin.service.ts:432:28)
      at createCommande (src/routes/magasin/core/handlers/create-commande.handler.ts:30:20)
      at Object.<anonymous> (src/routes/magasin/__tests__/magasin.edge-cases.test.ts:445:7)

  console.warn
    ⚠️ [Service Magasin] Impossible d'envoyer l'email - utilisateur non trouvé

    [0m [90m 402 |[39m           )[33m;[39m
     [90m 403 |[39m         } [36melse[39m {
    [31m[1m>[22m[39m[90m 404 |[39m           console[33m.[39mwarn(
     [90m     |[39m                   [31m[1m^[22m[39m
     [90m 405 |[39m             [32m"⚠️ [Service Magasin] Impossible d'envoyer l'email - utilisateur non trouvé"[39m[33m,[39m
     [90m 406 |[39m           )[33m;[39m
     [90m 407 |[39m         }[0m

      at src/routes/magasin/core/services/magasin.service.ts:404:19
      at creerCommande (src/routes/magasin/core/services/magasin.service.ts:432:28)
      at createCommande (src/routes/magasin/core/handlers/create-commande.handler.ts:30:20)
      at Object.<anonymous> (src/routes/magasin/__tests__/magasin.edge-cases.test.ts:445:7)

  console.log
    ✅ [Service Magasin] Commande créée avec protection doublon: {
      unique_id: 'CMD-001-1770237960474-1D7CDC1D',
      numero_commande: 'CMD-000001'
    }

      at creerCommande (src/routes/magasin/core/services/magasin.service.ts:434:11)

  console.log
    ✅ [Handler Commandes] Commande créée avec succès: {
      unique_id: 'CMD-001-1770237960474-1D7CDC1D',
      numero_commande: 'CMD-000001',
      isDuplicate: false
    }

      at createCommande (src/routes/magasin/core/handlers/create-commande.handler.ts:36:13)

  console.log
    📝 [Handler Commandes] Création d'une nouvelle commande

      at createCommande (src/routes/magasin/core/handlers/create-commande.handler.ts:19:13)

  console.log
    Corps reçu: {
      utilisateur_id: 1,
      articles: [ { article_id: 1, quantite: 100, taille: 'M', prix: 10 } ],
      total: 1000
    }

      at createCommande (src/routes/magasin/core/handlers/create-commande.handler.ts:20:13)

  console.log
    Données validées par le schéma Zod: {"utilisateur_id":1,"articles":[{"article_id":1,"quantite":100,"taille":"M","prix":10}],"total":1000,"statut":"en attente"}

      at createCommande (src/routes/magasin/core/handlers/create-commande.handler.ts:25:13)

  console.log
    🔍 [Service Magasin] Vérification doublon commande: {
      cacheKey: '1-1000-[{"id":1,"taille":"M","quantite":100}]...',
      utilisateur_id: 1,
      total: 1000,
      nbArticles: 1
    }

      at creerCommande (src/routes/magasin/core/services/magasin.service.ts:325:11)

  console.log
    🆔 [Service Magasin] IDs générés: {
      uniqueCommandeId: 'CMD-001-1770237960507-85909718',
      numeroCommande: 'CMD-000001',
      utilisateur_id: 1
    }

      at creerCommande (src/routes/magasin/core/services/magasin.service.ts:373:11)

  console.error
    ❌ [Service Magasin] Utilisateur non trouvé: 1

    [0m [90m 772 |[39m
     [90m 773 |[39m     [36mif[39m (results[33m.[39mlength [33m===[39m [35m0[39m) {
    [31m[1m>[22m[39m[90m 774 |[39m       console[33m.[39merror(
     [90m     |[39m               [31m[1m^[22m[39m
     [90m 775 |[39m         [32m"❌ [Service Magasin] Utilisateur non trouvé:"[39m[33m,[39m
     [90m 776 |[39m         utilisateurId[33m,[39m
     [90m 777 |[39m       )[33m;[39m[0m

      at recupererDonneesUtilisateur (src/routes/magasin/core/services/magasin.service.ts:774:15)
      at src/routes/magasin/core/services/magasin.service.ts:393:26
      at creerCommande (src/routes/magasin/core/services/magasin.service.ts:432:28)
      at createCommande (src/routes/magasin/core/handlers/create-commande.handler.ts:30:20)
      at Object.<anonymous> (src/routes/magasin/__tests__/magasin.edge-cases.test.ts:475:7)

  console.warn
    ⚠️ [Service Magasin] Impossible d'envoyer l'email - utilisateur non trouvé

    [0m [90m 402 |[39m           )[33m;[39m
     [90m 403 |[39m         } [36melse[39m {
    [31m[1m>[22m[39m[90m 404 |[39m           console[33m.[39mwarn(
     [90m     |[39m                   [31m[1m^[22m[39m
     [90m 405 |[39m             [32m"⚠️ [Service Magasin] Impossible d'envoyer l'email - utilisateur non trouvé"[39m[33m,[39m
     [90m 406 |[39m           )[33m;[39m
     [90m 407 |[39m         }[0m

      at src/routes/magasin/core/services/magasin.service.ts:404:19
      at creerCommande (src/routes/magasin/core/services/magasin.service.ts:432:28)
      at createCommande (src/routes/magasin/core/handlers/create-commande.handler.ts:30:20)
      at Object.<anonymous> (src/routes/magasin/__tests__/magasin.edge-cases.test.ts:475:7)

  console.log
    ✅ [Service Magasin] Commande créée avec protection doublon: {
      unique_id: 'CMD-001-1770237960507-85909718',
      numero_commande: 'CMD-000001'
    }

      at creerCommande (src/routes/magasin/core/services/magasin.service.ts:434:11)

  console.log
    ✅ [Handler Commandes] Commande créée avec succès: {
      unique_id: 'CMD-001-1770237960507-85909718',
      numero_commande: 'CMD-000001',
      isDuplicate: false
    }

      at createCommande (src/routes/magasin/core/handlers/create-commande.handler.ts:36:13)

  console.log
    📝 [Handler Commandes] Création d'une nouvelle commande

      at createCommande (src/routes/magasin/core/handlers/create-commande.handler.ts:19:13)

  console.log
    Corps reçu: {
      utilisateur_id: 1,
      articles: [ { article_id: 1, quantite: 0, taille: 'M' } ],
      total: 50
    }

      at createCommande (src/routes/magasin/core/handlers/create-commande.handler.ts:20:13)

  console.error
    ❌ [Handler Commandes] Erreur de validation: [
      {
        code: 'too_small',
        minimum: 0,
        type: 'number',
        inclusive: false,
        exact: false,
        message: 'La quantité doit être positive',
        path: [ 'articles', 0, 'quantite' ]
      },
      {
        code: 'too_small',
        minimum: 1,
        type: 'number',
        inclusive: true,
        exact: false,
        message: 'La quantité minimum est 1',
        path: [ 'articles', 0, 'quantite' ]
      }
    ]

    [0m [90m 49 |[39m   } [36mcatch[39m (error) {
     [90m 50 |[39m     [36mif[39m (error [36minstanceof[39m z[33m.[39m[33mZodError[39m) {
    [31m[1m>[22m[39m[90m 51 |[39m       console[33m.[39merror(
     [90m    |[39m               [31m[1m^[22m[39m
     [90m 52 |[39m         [32m"❌ [Handler Commandes] Erreur de validation:"[39m[33m,[39m
     [90m 53 |[39m         error[33m.[39merrors[33m,[39m
     [90m 54 |[39m       )[33m;[39m[0m

      at createCommande (src/routes/magasin/core/handlers/create-commande.handler.ts:51:15)
      at Object.<anonymous> (src/routes/magasin/__tests__/magasin.edge-cases.test.ts:498:13)

  console.log
    📝 [Handler Commandes] Création d'une nouvelle commande

      at createCommande (src/routes/magasin/core/handlers/create-commande.handler.ts:19:13)

  console.log
    Corps reçu: {
      utilisateur_id: 1,
      articles: [ { article_id: 1, quantite: 1, taille: 'M', prix: 0.01 } ],
      total: 0.01
    }

      at createCommande (src/routes/magasin/core/handlers/create-commande.handler.ts:20:13)

  console.log
    Données validées par le schéma Zod: {"utilisateur_id":1,"articles":[{"article_id":1,"quantite":1,"taille":"M","prix":0.01}],"total":0.01,"statut":"en attente"}

      at createCommande (src/routes/magasin/core/handlers/create-commande.handler.ts:25:13)

  console.log
    🔍 [Service Magasin] Vérification doublon commande: {
      cacheKey: '1-0.01-[{"id":1,"taille":"M","quantite":1}]...',
      utilisateur_id: 1,
      total: 0.01,
      nbArticles: 1
    }

      at creerCommande (src/routes/magasin/core/services/magasin.service.ts:325:11)

  console.log
    🆔 [Service Magasin] IDs générés: {
      uniqueCommandeId: 'CMD-001-1770237960575-FA5346A5',
      numeroCommande: 'CMD-000001',
      utilisateur_id: 1
    }

      at creerCommande (src/routes/magasin/core/services/magasin.service.ts:373:11)

  console.error
    ❌ [Service Magasin] Utilisateur non trouvé: 1

    [0m [90m 772 |[39m
     [90m 773 |[39m     [36mif[39m (results[33m.[39mlength [33m===[39m [35m0[39m) {
    [31m[1m>[22m[39m[90m 774 |[39m       console[33m.[39merror(
     [90m     |[39m               [31m[1m^[22m[39m
     [90m 775 |[39m         [32m"❌ [Service Magasin] Utilisateur non trouvé:"[39m[33m,[39m
     [90m 776 |[39m         utilisateurId[33m,[39m
     [90m 777 |[39m       )[33m;[39m[0m

      at recupererDonneesUtilisateur (src/routes/magasin/core/services/magasin.service.ts:774:15)
      at src/routes/magasin/core/services/magasin.service.ts:393:26
      at creerCommande (src/routes/magasin/core/services/magasin.service.ts:432:28)
      at createCommande (src/routes/magasin/core/handlers/create-commande.handler.ts:30:20)
      at Object.<anonymous> (src/routes/magasin/__tests__/magasin.edge-cases.test.ts:528:7)

  console.warn
    ⚠️ [Service Magasin] Impossible d'envoyer l'email - utilisateur non trouvé

    [0m [90m 402 |[39m           )[33m;[39m
     [90m 403 |[39m         } [36melse[39m {
    [31m[1m>[22m[39m[90m 404 |[39m           console[33m.[39mwarn(
     [90m     |[39m                   [31m[1m^[22m[39m
     [90m 405 |[39m             [32m"⚠️ [Service Magasin] Impossible d'envoyer l'email - utilisateur non trouvé"[39m[33m,[39m
     [90m 406 |[39m           )[33m;[39m
     [90m 407 |[39m         }[0m

      at src/routes/magasin/core/services/magasin.service.ts:404:19
      at creerCommande (src/routes/magasin/core/services/magasin.service.ts:432:28)
      at createCommande (src/routes/magasin/core/handlers/create-commande.handler.ts:30:20)
      at Object.<anonymous> (src/routes/magasin/__tests__/magasin.edge-cases.test.ts:528:7)

  console.log
    ✅ [Service Magasin] Commande créée avec protection doublon: {
      unique_id: 'CMD-001-1770237960575-FA5346A5',
      numero_commande: 'CMD-000001'
    }

      at creerCommande (src/routes/magasin/core/services/magasin.service.ts:434:11)

  console.log
    ✅ [Handler Commandes] Commande créée avec succès: {
      unique_id: 'CMD-001-1770237960575-FA5346A5',
      numero_commande: 'CMD-000001',
      isDuplicate: false
    }

      at createCommande (src/routes/magasin/core/handlers/create-commande.handler.ts:36:13)

  console.log
    📝 [Handler Commandes] Création d'une nouvelle commande

      at createCommande (src/routes/magasin/core/handlers/create-commande.handler.ts:19:13)

  console.log
    Corps reçu: {
      utilisateur_id: 1,
      articles: [ { article_id: 1, quantite: 1, taille: 'M' } ],
      total: 50
    }

      at createCommande (src/routes/magasin/core/handlers/create-commande.handler.ts:20:13)

  console.log
    Données validées par le schéma Zod: {"utilisateur_id":1,"articles":[{"article_id":1,"quantite":1,"taille":"M"}],"total":50,"statut":"en attente"}

      at createCommande (src/routes/magasin/core/handlers/create-commande.handler.ts:25:13)

  console.log
    📝 [Handler Articles] Création d'un nouvel article

      at createArticle (src/routes/magasin/core/handlers/create-article.handler.ts:17:13)

  console.log
    Données validées par le schéma Zod: {"nom":"Test Article","prix":25.99,"categorie_id":1,"images":[],"stocks":[],"actif":true}

      at createArticle (src/routes/magasin/core/handlers/create-article.handler.ts:22:13)

  console.log
    📝 [Service Magasin] Ajout d'un nouvel article: Test Article

      at ajouterArticle (src/routes/magasin/core/services/magasin.service.ts:216:11)

  console.error
    ❌ [Service Magasin] Erreur ajout article: Error: Query timeout exceeded
        at Object.<anonymous> (C:\Users\guillaumehouthoofd\Documents\Benoit\Epreuve_intégrée\ClubManager\api\src\routes\magasin\__tests__\magasin.errors.test.ts:89:9)
        at Promise.then.completed (C:\Users\guillaumehouthoofd\Documents\Benoit\Epreuve_intégrée\ClubManager\api\node_modules\jest-circus\build\utils.js:298:28)
        at new Promise (<anonymous>)
        at callAsyncCircusFn (C:\Users\guillaumehouthoofd\Documents\Benoit\Epreuve_intégrée\ClubManager\api\node_modules\jest-circus\build\utils.js:231:10)
        at _callCircusTest (C:\Users\guillaumehouthoofd\Documents\Benoit\Epreuve_intégrée\ClubManager\api\node_modules\jest-circus\build\run.js:316:40)
        at processTicksAndRejections (node:internal/process/task_queues:105:5)
        at _runTest (C:\Users\guillaumehouthoofd\Documents\Benoit\Epreuve_intégrée\ClubManager\api\node_modules\jest-circus\build\run.js:252:3)
        at _runTestsForDescribeBlock (C:\Users\guillaumehouthoofd\Documents\Benoit\Epreuve_intégrée\ClubManager\api\node_modules\jest-circus\build\run.js:126:9)
        at _runTestsForDescribeBlock (C:\Users\guillaumehouthoofd\Documents\Benoit\Epreuve_intégrée\ClubManager\api\node_modules\jest-circus\build\run.js:121:9)
        at _runTestsForDescribeBlock (C:\Users\guillaumehouthoofd\Documents\Benoit\Epreuve_intégrée\ClubManager\api\node_modules\jest-circus\build\run.js:121:9)
        at run (C:\Users\guillaumehouthoofd\Documents\Benoit\Epreuve_intégrée\ClubManager\api\node_modules\jest-circus\build\run.js:71:3)
        at runAndTransformResultsToJestFormat (C:\Users\guillaumehouthoofd\Documents\Benoit\Epreuve_intégrée\ClubManager\api\node_modules\jest-circus\build\legacy-code-todo-rewrite\jestAdapterInit.js:122:21)
        at jestAdapter (C:\Users\guillaumehouthoofd\Documents\Benoit\Epreuve_intégrée\ClubManager\api\node_modules\jest-circus\build\legacy-code-todo-rewrite\jestAdapter.js:79:19)
        at runTestInternal (C:\Users\guillaumehouthoofd\Documents\Benoit\Epreuve_intégrée\ClubManager\api\node_modules\jest-runner\build\runTest.js:367:16)
        at runTest (C:\Users\guillaumehouthoofd\Documents\Benoit\Epreuve_intégrée\ClubManager\api\node_modules\jest-runner\build\runTest.js:444:34)
        at Object.worker (C:\Users\guillaumehouthoofd\Documents\Benoit\Epreuve_intégrée\ClubManager\api\node_modules\jest-runner\build\testWorker.js:106:12)

    [0m [90m 233 |[39m     }
     [90m 234 |[39m   } [36mcatch[39m (error) {
    [31m[1m>[22m[39m[90m 235 |[39m     console[33m.[39merror([32m"❌ [Service Magasin] Erreur ajout article:"[39m[33m,[39m error)[33m;[39m
     [90m     |[39m             [31m[1m^[22m[39m
     [90m 236 |[39m     [36mif[39m (error [36minstanceof[39m [33mError[39m) {
     [90m 237 |[39m       [36mthrow[39m error[33m;[39m
     [90m 238 |[39m     }[0m

      at ajouterArticle (src/routes/magasin/core/services/magasin.service.ts:235:13)
      at createArticle (src/routes/magasin/core/handlers/create-article.handler.ts:27:20)
      at Object.<anonymous> (src/routes/magasin/__tests__/magasin.errors.test.ts:99:7)

  console.error
    ❌ [Handler Articles] Erreur création article: Error: Query timeout exceeded
        at Object.<anonymous> (C:\Users\guillaumehouthoofd\Documents\Benoit\Epreuve_intégrée\ClubManager\api\src\routes\magasin\__tests__\magasin.errors.test.ts:89:9)
        at Promise.then.completed (C:\Users\guillaumehouthoofd\Documents\Benoit\Epreuve_intégrée\ClubManager\api\node_modules\jest-circus\build\utils.js:298:28)
        at new Promise (<anonymous>)
        at callAsyncCircusFn (C:\Users\guillaumehouthoofd\Documents\Benoit\Epreuve_intégrée\ClubManager\api\node_modules\jest-circus\build\utils.js:231:10)
        at _callCircusTest (C:\Users\guillaumehouthoofd\Documents\Benoit\Epreuve_intégrée\ClubManager\api\node_modules\jest-circus\build\run.js:316:40)
        at processTicksAndRejections (node:internal/process/task_queues:105:5)
        at _runTest (C:\Users\guillaumehouthoofd\Documents\Benoit\Epreuve_intégrée\ClubManager\api\node_modules\jest-circus\build\run.js:252:3)
        at _runTestsForDescribeBlock (C:\Users\guillaumehouthoofd\Documents\Benoit\Epreuve_intégrée\ClubManager\api\node_modules\jest-circus\build\run.js:126:9)
        at _runTestsForDescribeBlock (C:\Users\guillaumehouthoofd\Documents\Benoit\Epreuve_intégrée\ClubManager\api\node_modules\jest-circus\build\run.js:121:9)
        at _runTestsForDescribeBlock (C:\Users\guillaumehouthoofd\Documents\Benoit\Epreuve_intégrée\ClubManager\api\node_modules\jest-circus\build\run.js:121:9)
        at run (C:\Users\guillaumehouthoofd\Documents\Benoit\Epreuve_intégrée\ClubManager\api\node_modules\jest-circus\build\run.js:71:3)
        at runAndTransformResultsToJestFormat (C:\Users\guillaumehouthoofd\Documents\Benoit\Epreuve_intégrée\ClubManager\api\node_modules\jest-circus\build\legacy-code-todo-rewrite\jestAdapterInit.js:122:21)
        at jestAdapter (C:\Users\guillaumehouthoofd\Documents\Benoit\Epreuve_intégrée\ClubManager\api\node_modules\jest-circus\build\legacy-code-todo-rewrite\jestAdapter.js:79:19)
        at runTestInternal (C:\Users\guillaumehouthoofd\Documents\Benoit\Epreuve_intégrée\ClubManager\api\node_modules\jest-runner\build\runTest.js:367:16)
        at runTest (C:\Users\guillaumehouthoofd\Documents\Benoit\Epreuve_intégrée\ClubManager\api\node_modules\jest-runner\build\runTest.js:444:34)
        at Object.worker (C:\Users\guillaumehouthoofd\Documents\Benoit\Epreuve_intégrée\ClubManager\api\node_modules\jest-runner\build\testWorker.js:106:12)

    [0m [90m 54 |[39m     }
     [90m 55 |[39m
    [31m[1m>[22m[39m[90m 56 |[39m     console[33m.[39merror([32m"❌ [Handler Articles] Erreur création article:"[39m[33m,[39m error)[33m;[39m
     [90m    |[39m             [31m[1m^[22m[39m
     [90m 57 |[39m     res[33m.[39mstatus([35m500[39m)[33m.[39mjson({
     [90m 58 |[39m       message[33m:[39m [32m"Erreur lors de la création de l'article"[39m[33m,[39m
     [90m 59 |[39m       error[33m:[39m error [36minstanceof[39m [33mError[39m [33m?[39m error[33m.[39mmessage [33m:[39m [32m"Erreur inconnue"[39m[33m,[39m[0m

      at createArticle (src/routes/magasin/core/handlers/create-article.handler.ts:56:13)
      at Object.<anonymous> (src/routes/magasin/__tests__/magasin.errors.test.ts:99:7)

  console.log
    📝 [Handler Articles] Création d'un nouvel article

      at createArticle (src/routes/magasin/core/handlers/create-article.handler.ts:17:13)

  console.log
    Données validées par le schéma Zod: {"nom":"Test","prix":25.99,"categorie_id":9999,"images":[],"stocks":[],"actif":true}

      at createArticle (src/routes/magasin/core/handlers/create-article.handler.ts:22:13)

  console.log
    📝 [Service Magasin] Ajout d'un nouvel article: Test

      at ajouterArticle (src/routes/magasin/core/services/magasin.service.ts:216:11)

  console.error
    ❌ [Service Magasin] Erreur ajout article: Error: ER_NO_REFERENCED_ROW_2: Cannot add or update a child row
        at Object.<anonymous> (C:\Users\guillaumehouthoofd\Documents\Benoit\Epreuve_intégrée\ClubManager\api\src\routes\magasin\__tests__\magasin.errors.test.ts:115:9)
        at Promise.then.completed (C:\Users\guillaumehouthoofd\Documents\Benoit\Epreuve_intégrée\ClubManager\api\node_modules\jest-circus\build\utils.js:298:28)
        at new Promise (<anonymous>)
        at callAsyncCircusFn (C:\Users\guillaumehouthoofd\Documents\Benoit\Epreuve_intégrée\ClubManager\api\node_modules\jest-circus\build\utils.js:231:10)
        at _callCircusTest (C:\Users\guillaumehouthoofd\Documents\Benoit\Epreuve_intégrée\ClubManager\api\node_modules\jest-circus\build\run.js:316:40)
        at processTicksAndRejections (node:internal/process/task_queues:105:5)
        at _runTest (C:\Users\guillaumehouthoofd\Documents\Benoit\Epreuve_intégrée\ClubManager\api\node_modules\jest-circus\build\run.js:252:3)
        at _runTestsForDescribeBlock (C:\Users\guillaumehouthoofd\Documents\Benoit\Epreuve_intégrée\ClubManager\api\node_modules\jest-circus\build\run.js:126:9)
        at _runTestsForDescribeBlock (C:\Users\guillaumehouthoofd\Documents\Benoit\Epreuve_intégrée\ClubManager\api\node_modules\jest-circus\build\run.js:121:9)
        at _runTestsForDescribeBlock (C:\Users\guillaumehouthoofd\Documents\Benoit\Epreuve_intégrée\ClubManager\api\node_modules\jest-circus\build\run.js:121:9)
        at run (C:\Users\guillaumehouthoofd\Documents\Benoit\Epreuve_intégrée\ClubManager\api\node_modules\jest-circus\build\run.js:71:3)
        at runAndTransformResultsToJestFormat (C:\Users\guillaumehouthoofd\Documents\Benoit\Epreuve_intégrée\ClubManager\api\node_modules\jest-circus\build\legacy-code-todo-rewrite\jestAdapterInit.js:122:21)
        at jestAdapter (C:\Users\guillaumehouthoofd\Documents\Benoit\Epreuve_intégrée\ClubManager\api\node_modules\jest-circus\build\legacy-code-todo-rewrite\jestAdapter.js:79:19)
        at runTestInternal (C:\Users\guillaumehouthoofd\Documents\Benoit\Epreuve_intégrée\ClubManager\api\node_modules\jest-runner\build\runTest.js:367:16)
        at runTest (C:\Users\guillaumehouthoofd\Documents\Benoit\Epreuve_intégrée\ClubManager\api\node_modules\jest-runner\build\runTest.js:444:34)
        at Object.worker (C:\Users\guillaumehouthoofd\Documents\Benoit\Epreuve_intégrée\ClubManager\api\node_modules\jest-runner\build\testWorker.js:106:12)

    [0m [90m 233 |[39m     }
     [90m 234 |[39m   } [36mcatch[39m (error) {
    [31m[1m>[22m[39m[90m 235 |[39m     console[33m.[39merror([32m"❌ [Service Magasin] Erreur ajout article:"[39m[33m,[39m error)[33m;[39m
     [90m     |[39m             [31m[1m^[22m[39m
     [90m 236 |[39m     [36mif[39m (error [36minstanceof[39m [33mError[39m) {
     [90m 237 |[39m       [36mthrow[39m error[33m;[39m
     [90m 238 |[39m     }[0m

      at ajouterArticle (src/routes/magasin/core/services/magasin.service.ts:235:13)
      at createArticle (src/routes/magasin/core/handlers/create-article.handler.ts:27:20)
      at Object.<anonymous> (src/routes/magasin/__tests__/magasin.errors.test.ts:125:7)

  console.error
    ❌ [Handler Articles] Erreur création article: Error: ER_NO_REFERENCED_ROW_2: Cannot add or update a child row
        at Object.<anonymous> (C:\Users\guillaumehouthoofd\Documents\Benoit\Epreuve_intégrée\ClubManager\api\src\routes\magasin\__tests__\magasin.errors.test.ts:115:9)
        at Promise.then.completed (C:\Users\guillaumehouthoofd\Documents\Benoit\Epreuve_intégrée\ClubManager\api\node_modules\jest-circus\build\utils.js:298:28)
        at new Promise (<anonymous>)
        at callAsyncCircusFn (C:\Users\guillaumehouthoofd\Documents\Benoit\Epreuve_intégrée\ClubManager\api\node_modules\jest-circus\build\utils.js:231:10)
        at _callCircusTest (C:\Users\guillaumehouthoofd\Documents\Benoit\Epreuve_intégrée\ClubManager\api\node_modules\jest-circus\build\run.js:316:40)
        at processTicksAndRejections (node:internal/process/task_queues:105:5)
        at _runTest (C:\Users\guillaumehouthoofd\Documents\Benoit\Epreuve_intégrée\ClubManager\api\node_modules\jest-circus\build\run.js:252:3)
        at _runTestsForDescribeBlock (C:\Users\guillaumehouthoofd\Documents\Benoit\Epreuve_intégrée\ClubManager\api\node_modules\jest-circus\build\run.js:126:9)
        at _runTestsForDescribeBlock (C:\Users\guillaumehouthoofd\Documents\Benoit\Epreuve_intégrée\ClubManager\api\node_modules\jest-circus\build\run.js:121:9)
        at _runTestsForDescribeBlock (C:\Users\guillaumehouthoofd\Documents\Benoit\Epreuve_intégrée\ClubManager\api\node_modules\jest-circus\build\run.js:121:9)
        at run (C:\Users\guillaumehouthoofd\Documents\Benoit\Epreuve_intégrée\ClubManager\api\node_modules\jest-circus\build\run.js:71:3)
        at runAndTransformResultsToJestFormat (C:\Users\guillaumehouthoofd\Documents\Benoit\Epreuve_intégrée\ClubManager\api\node_modules\jest-circus\build\legacy-code-todo-rewrite\jestAdapterInit.js:122:21)
        at jestAdapter (C:\Users\guillaumehouthoofd\Documents\Benoit\Epreuve_intégrée\ClubManager\api\node_modules\jest-circus\build\legacy-code-todo-rewrite\jestAdapter.js:79:19)
        at runTestInternal (C:\Users\guillaumehouthoofd\Documents\Benoit\Epreuve_intégrée\ClubManager\api\node_modules\jest-runner\build\runTest.js:367:16)
        at runTest (C:\Users\guillaumehouthoofd\Documents\Benoit\Epreuve_intégrée\ClubManager\api\node_modules\jest-runner\build\runTest.js:444:34)
        at Object.worker (C:\Users\guillaumehouthoofd\Documents\Benoit\Epreuve_intégrée\ClubManager\api\node_modules\jest-runner\build\testWorker.js:106:12)

    [0m [90m 54 |[39m     }
     [90m 55 |[39m
    [31m[1m>[22m[39m[90m 56 |[39m     console[33m.[39merror([32m"❌ [Handler Articles] Erreur création article:"[39m[33m,[39m error)[33m;[39m
     [90m    |[39m             [31m[1m^[22m[39m
     [90m 57 |[39m     res[33m.[39mstatus([35m500[39m)[33m.[39mjson({
     [90m 58 |[39m       message[33m:[39m [32m"Erreur lors de la création de l'article"[39m[33m,[39m
     [90m 59 |[39m       error[33m:[39m error [36minstanceof[39m [33mError[39m [33m?[39m error[33m.[39mmessage [33m:[39m [32m"Erreur inconnue"[39m[33m,[39m[0m

      at createArticle (src/routes/magasin/core/handlers/create-article.handler.ts:56:13)
      at Object.<anonymous> (src/routes/magasin/__tests__/magasin.errors.test.ts:125:7)

  console.log
    📋 [Handler Commandes] Récupération de toutes les commandes

      at getCommandes (src/routes/magasin/core/handlers/get-commandes.handler.ts:17:13)

  console.log
    🔍 [Service Magasin] Récupération de toutes les commandes

      at obtenirLesCommandes (src/routes/magasin/core/services/magasin.service.ts:453:11)

  console.error
    ❌ [Service Magasin] Erreur récupération commandes: Error: ER_NO_SUCH_TABLE: Table doesn't exist
        at Object.<anonymous> (C:\Users\guillaumehouthoofd\Documents\Benoit\Epreuve_intégrée\ClubManager\api\src\routes\magasin\__tests__\magasin.errors.test.ts:136:9)
        at Promise.then.completed (C:\Users\guillaumehouthoofd\Documents\Benoit\Epreuve_intégrée\ClubManager\api\node_modules\jest-circus\build\utils.js:298:28)
        at new Promise (<anonymous>)
        at callAsyncCircusFn (C:\Users\guillaumehouthoofd\Documents\Benoit\Epreuve_intégrée\ClubManager\api\node_modules\jest-circus\build\utils.js:231:10)
        at _callCircusTest (C:\Users\guillaumehouthoofd\Documents\Benoit\Epreuve_intégrée\ClubManager\api\node_modules\jest-circus\build\run.js:316:40)
        at processTicksAndRejections (node:internal/process/task_queues:105:5)
        at _runTest (C:\Users\guillaumehouthoofd\Documents\Benoit\Epreuve_intégrée\ClubManager\api\node_modules\jest-circus\build\run.js:252:3)
        at _runTestsForDescribeBlock (C:\Users\guillaumehouthoofd\Documents\Benoit\Epreuve_intégrée\ClubManager\api\node_modules\jest-circus\build\run.js:126:9)
        at _runTestsForDescribeBlock (C:\Users\guillaumehouthoofd\Documents\Benoit\Epreuve_intégrée\ClubManager\api\node_modules\jest-circus\build\run.js:121:9)
        at _runTestsForDescribeBlock (C:\Users\guillaumehouthoofd\Documents\Benoit\Epreuve_intégrée\ClubManager\api\node_modules\jest-circus\build\run.js:121:9)
        at run (C:\Users\guillaumehouthoofd\Documents\Benoit\Epreuve_intégrée\ClubManager\api\node_modules\jest-circus\build\run.js:71:3)
        at runAndTransformResultsToJestFormat (C:\Users\guillaumehouthoofd\Documents\Benoit\Epreuve_intégrée\ClubManager\api\node_modules\jest-circus\build\legacy-code-todo-rewrite\jestAdapterInit.js:122:21)
        at jestAdapter (C:\Users\guillaumehouthoofd\Documents\Benoit\Epreuve_intégrée\ClubManager\api\node_modules\jest-circus\build\legacy-code-todo-rewrite\jestAdapter.js:79:19)
        at runTestInternal (C:\Users\guillaumehouthoofd\Documents\Benoit\Epreuve_intégrée\ClubManager\api\node_modules\jest-runner\build\runTest.js:367:16)
        at runTest (C:\Users\guillaumehouthoofd\Documents\Benoit\Epreuve_intégrée\ClubManager\api\node_modules\jest-runner\build\runTest.js:444:34)
        at Object.worker (C:\Users\guillaumehouthoofd\Documents\Benoit\Epreuve_intégrée\ClubManager\api\node_modules\jest-runner\build\testWorker.js:106:12)

    [0m [90m 462 |[39m     [36mreturn[39m commandes[33m;[39m
     [90m 463 |[39m   } [36mcatch[39m (error) {
    [31m[1m>[22m[39m[90m 464 |[39m     console[33m.[39merror([32m"❌ [Service Magasin] Erreur récupération commandes:"[39m[33m,[39m error)[33m;[39m
     [90m     |[39m             [31m[1m^[22m[39m
     [90m 465 |[39m     [36mthrow[39m [36mnew[39m [33mError[39m([32m"Impossible de récupérer les commandes"[39m)[33m;[39m
     [90m 466 |[39m   }
     [90m 467 |[39m }[0m

      at obtenirLesCommandes (src/routes/magasin/core/services/magasin.service.ts:464:13)
      at getCommandes (src/routes/magasin/core/handlers/get-commandes.handler.ts:19:23)
      at Object.<anonymous> (src/routes/magasin/__tests__/magasin.errors.test.ts:139:7)

  console.error
    ❌ [Handler Commandes] Erreur récupération commandes: Error: Impossible de récupérer les commandes
        at obtenirLesCommandes (C:\Users\guillaumehouthoofd\Documents\Benoit\Epreuve_intégrée\ClubManager\api\src\routes\magasin\core\services\magasin.service.ts:465:11)
        at processTicksAndRejections (node:internal/process/task_queues:105:5)
        at getCommandes (C:\Users\guillaumehouthoofd\Documents\Benoit\Epreuve_intégrée\ClubManager\api\src\routes\magasin\core\handlers\get-commandes.handler.ts:19:23)
        at Object.<anonymous> (C:\Users\guillaumehouthoofd\Documents\Benoit\Epreuve_intégrée\ClubManager\api\src\routes\magasin\__tests__\magasin.errors.test.ts:139:7)

    [0m [90m 25 |[39m     res[33m.[39mstatus([35m200[39m)[33m.[39mjson({ commandes })[33m;[39m
     [90m 26 |[39m   } [36mcatch[39m (error) {
    [31m[1m>[22m[39m[90m 27 |[39m     console[33m.[39merror(
     [90m    |[39m             [31m[1m^[22m[39m
     [90m 28 |[39m       [32m"❌ [Handler Commandes] Erreur récupération commandes:"[39m[33m,[39m
     [90m 29 |[39m       error[33m,[39m
     [90m 30 |[39m     )[33m;[39m[0m

      at getCommandes (src/routes/magasin/core/handlers/get-commandes.handler.ts:27:13)
      at Object.<anonymous> (src/routes/magasin/__tests__/magasin.errors.test.ts:139:7)

  console.log
    📝 [Handler Articles] Création d'un nouvel article

      at createArticle (src/routes/magasin/core/handlers/create-article.handler.ts:17:13)

  console.error
    ❌ [Handler Articles] Erreur de validation: [
      {
        code: 'too_small',
        minimum: 1,
        type: 'string',
        inclusive: true,
        exact: false,
        message: 'Le nom ne peut pas être vide',
        path: [ 'nom' ]
      },
      {
        code: 'too_small',
        minimum: 0,
        type: 'number',
        inclusive: false,
        exact: false,
        message: 'Le prix doit être positif',
        path: [ 'prix' ]
      },
      {
        code: 'too_small',
        minimum: 0.01,
        type: 'number',
        inclusive: true,
        exact: false,
        message: 'Le prix minimum est 0.01€',
        path: [ 'prix' ]
      },
      {
        code: 'invalid_type',
        expected: 'number',
        received: 'undefined',
        path: [ 'categorie_id' ],
        message: "L'ID de la catégorie est requis"
      }
    ]

    [0m [90m 43 |[39m   } [36mcatch[39m (error) {
     [90m 44 |[39m     [36mif[39m (error [36minstanceof[39m z[33m.[39m[33mZodError[39m) {
    [31m[1m>[22m[39m[90m 45 |[39m       console[33m.[39merror(
     [90m    |[39m               [31m[1m^[22m[39m
     [90m 46 |[39m         [32m"❌ [Handler Articles] Erreur de validation:"[39m[33m,[39m
     [90m 47 |[39m         error[33m.[39merrors[33m,[39m
     [90m 48 |[39m       )[33m;[39m[0m

      at createArticle (src/routes/magasin/core/handlers/create-article.handler.ts:45:15)
      at Object.<anonymous> (src/routes/magasin/__tests__/magasin.errors.test.ts:157:13)

  console.log
    📝 [Handler Commandes] Création d'une nouvelle commande

      at createCommande (src/routes/magasin/core/handlers/create-commande.handler.ts:19:13)

  console.log
    Corps reçu: { utilisateur_id: 'invalid', articles: [], total: -50 }

      at createCommande (src/routes/magasin/core/handlers/create-commande.handler.ts:20:13)

  console.error
    ❌ [Handler Commandes] Erreur de validation: [
      {
        code: 'invalid_type',
        expected: 'number',
        received: 'string',
        path: [ 'utilisateur_id' ],
        message: "L'ID de l'utilisateur doit être un nombre"
      },
      {
        code: 'too_small',
        minimum: 1,
        type: 'array',
        inclusive: true,
        exact: false,
        message: 'Au moins un article est requis',
        path: [ 'articles' ]
      },
      {
        code: 'too_small',
        minimum: 0,
        type: 'number',
        inclusive: false,
        exact: false,
        message: 'Le total doit être positif',
        path: [ 'total' ]
      },
      {
        code: 'too_small',
        minimum: 0.01,
        type: 'number',
        inclusive: true,
        exact: false,
        message: 'Le total minimum est 0.01€',
        path: [ 'total' ]
      }
    ]

    [0m [90m 49 |[39m   } [36mcatch[39m (error) {
     [90m 50 |[39m     [36mif[39m (error [36minstanceof[39m z[33m.[39m[33mZodError[39m) {
    [31m[1m>[22m[39m[90m 51 |[39m       console[33m.[39merror(
     [90m    |[39m               [31m[1m^[22m[39m
     [90m 52 |[39m         [32m"❌ [Handler Commandes] Erreur de validation:"[39m[33m,[39m
     [90m 53 |[39m         error[33m.[39merrors[33m,[39m
     [90m 54 |[39m       )[33m;[39m[0m

      at createCommande (src/routes/magasin/core/handlers/create-commande.handler.ts:51:15)
      at Object.<anonymous> (src/routes/magasin/__tests__/magasin.errors.test.ts:179:13)

  console.log
    📝 [Handler Articles] Modification d'un article

      at updateArticle (src/routes/magasin/core/handlers/update-article.handler.ts:17:13)

  console.log
    🔍 [Handler Commandes] Vérification unicité commande

      at verifyCommandeUnicity (src/routes/magasin/core/handlers/verify-commande.handler.ts:17:13)

  console.error
    ❌ [Handler Commandes] Erreur de validation: [
      {
        validation: 'regex',
        code: 'invalid_string',
        message: "Format d'ID unique invalide (attendu: CMD-XXX-TIMESTAMP-XXXXXXXX)",
        path: [ 'uniqueId' ]
      }
    ]

    [0m [90m 31 |[39m   } [36mcatch[39m (error) {
     [90m 32 |[39m     [36mif[39m (error [36minstanceof[39m z[33m.[39m[33mZodError[39m) {
    [31m[1m>[22m[39m[90m 33 |[39m       console[33m.[39merror(
     [90m    |[39m               [31m[1m^[22m[39m
     [90m 34 |[39m         [32m"❌ [Handler Commandes] Erreur de validation:"[39m[33m,[39m
     [90m 35 |[39m         error[33m.[39merrors[33m,[39m
     [90m 36 |[39m       )[33m;[39m[0m

      at verifyCommandeUnicity (src/routes/magasin/core/handlers/verify-commande.handler.ts:33:15)
      at Object.<anonymous> (src/routes/magasin/__tests__/magasin.errors.test.ts:216:13)

  console.log
    📝 [Handler Articles] Création d'un nouvel article

      at createArticle (src/routes/magasin/core/handlers/create-article.handler.ts:17:13)

  console.log
    Données validées par le schéma Zod: {"nom":"Test Article","prix":25.99,"categorie_id":1,"images":[],"stocks":[],"actif":true}

      at createArticle (src/routes/magasin/core/handlers/create-article.handler.ts:22:13)

  console.log
    📝 [Service Magasin] Ajout d'un nouvel article: Test Article

      at ajouterArticle (src/routes/magasin/core/services/magasin.service.ts:216:11)

  console.error
    ❌ [Service Magasin] Erreur lors de l'ajout: Erreur lors de l'ajout de l'article

    [0m [90m 226 |[39m       [36mreturn[39m result[33m;[39m
     [90m 227 |[39m     } [36melse[39m {
    [31m[1m>[22m[39m[90m 228 |[39m       console[33m.[39merror(
     [90m     |[39m               [31m[1m^[22m[39m
     [90m 229 |[39m         [32m"❌ [Service Magasin] Erreur lors de l'ajout:"[39m[33m,[39m
     [90m 230 |[39m         result[33m.[39mmessage[33m,[39m
     [90m 231 |[39m       )[33m;[39m[0m

      at ajouterArticle (src/routes/magasin/core/services/magasin.service.ts:228:15)
      at createArticle (src/routes/magasin/core/handlers/create-article.handler.ts:27:20)
      at Object.<anonymous> (src/routes/magasin/__tests__/magasin.errors.test.ts:246:7)

  console.error
    ❌ [Service Magasin] Erreur ajout article: Error: Erreur lors de l'ajout de l'article
        at ajouterArticle (C:\Users\guillaumehouthoofd\Documents\Benoit\Epreuve_intégrée\ClubManager\api\src\routes\magasin\core\services\magasin.service.ts:232:13)
        at processTicksAndRejections (node:internal/process/task_queues:105:5)
        at createArticle (C:\Users\guillaumehouthoofd\Documents\Benoit\Epreuve_intégrée\ClubManager\api\src\routes\magasin\core\handlers\create-article.handler.ts:27:20)
        at Object.<anonymous> (C:\Users\guillaumehouthoofd\Documents\Benoit\Epreuve_intégrée\ClubManager\api\src\routes\magasin\__tests__\magasin.errors.test.ts:246:7)

    [0m [90m 233 |[39m     }
     [90m 234 |[39m   } [36mcatch[39m (error) {
    [31m[1m>[22m[39m[90m 235 |[39m     console[33m.[39merror([32m"❌ [Service Magasin] Erreur ajout article:"[39m[33m,[39m error)[33m;[39m
     [90m     |[39m             [31m[1m^[22m[39m
     [90m 236 |[39m     [36mif[39m (error [36minstanceof[39m [33mError[39m) {
     [90m 237 |[39m       [36mthrow[39m error[33m;[39m
     [90m 238 |[39m     }[0m

      at ajouterArticle (src/routes/magasin/core/services/magasin.service.ts:235:13)
      at createArticle (src/routes/magasin/core/handlers/create-article.handler.ts:27:20)
      at Object.<anonymous> (src/routes/magasin/__tests__/magasin.errors.test.ts:246:7)

  console.error
    ❌ [Handler Articles] Erreur création article: Error: Erreur lors de l'ajout de l'article
        at ajouterArticle (C:\Users\guillaumehouthoofd\Documents\Benoit\Epreuve_intégrée\ClubManager\api\src\routes\magasin\core\services\magasin.service.ts:232:13)
        at processTicksAndRejections (node:internal/process/task_queues:105:5)
        at createArticle (C:\Users\guillaumehouthoofd\Documents\Benoit\Epreuve_intégrée\ClubManager\api\src\routes\magasin\core\handlers\create-article.handler.ts:27:20)
        at Object.<anonymous> (C:\Users\guillaumehouthoofd\Documents\Benoit\Epreuve_intégrée\ClubManager\api\src\routes\magasin\__tests__\magasin.errors.test.ts:246:7)

    [0m [90m 54 |[39m     }
     [90m 55 |[39m
    [31m[1m>[22m[39m[90m 56 |[39m     console[33m.[39merror([32m"❌ [Handler Articles] Erreur création article:"[39m[33m,[39m error)[33m;[39m
     [90m    |[39m             [31m[1m^[22m[39m
     [90m 57 |[39m     res[33m.[39mstatus([35m500[39m)[33m.[39mjson({
     [90m 58 |[39m       message[33m:[39m [32m"Erreur lors de la création de l'article"[39m[33m,[39m
     [90m 59 |[39m       error[33m:[39m error [36minstanceof[39m [33mError[39m [33m?[39m error[33m.[39mmessage [33m:[39m [32m"Erreur inconnue"[39m[33m,[39m[0m

      at createArticle (src/routes/magasin/core/handlers/create-article.handler.ts:56:13)
      at Object.<anonymous> (src/routes/magasin/__tests__/magasin.errors.test.ts:246:7)

  console.log
    📝 [Handler Articles] Modification d'un article

      at updateArticle (src/routes/magasin/core/handlers/update-article.handler.ts:17:13)

  console.log
    Données validées par le schéma Zod: {"id":1,"nom":"Nouveau nom"}

      at updateArticle (src/routes/magasin/core/handlers/update-article.handler.ts:38:13)

  console.log
    📝 [Service Magasin] Modification de l'article 1

      at modifierArticle (src/routes/magasin/core/services/magasin.service.ts:253:11)

  console.error
    ❌ [Service Magasin] Erreur lors de la modification: Article non trouvé

    [0m [90m 260 |[39m       [36mreturn[39m result[33m;[39m
     [90m 261 |[39m     } [36melse[39m {
    [31m[1m>[22m[39m[90m 262 |[39m       console[33m.[39merror(
     [90m     |[39m               [31m[1m^[22m[39m
     [90m 263 |[39m         [32m"❌ [Service Magasin] Erreur lors de la modification:"[39m[33m,[39m
     [90m 264 |[39m         result[33m.[39mmessage[33m,[39m
     [90m 265 |[39m       )[33m;[39m[0m

      at modifierArticle (src/routes/magasin/core/services/magasin.service.ts:262:15)
      at updateArticle (src/routes/magasin/core/handlers/update-article.handler.ts:43:20)
      at Object.<anonymous> (src/routes/magasin/__tests__/magasin.errors.test.ts:269:7)

  console.error
    ❌ [Service Magasin] Erreur modification article: Error: Article non trouvé
        at modifierArticle (C:\Users\guillaumehouthoofd\Documents\Benoit\Epreuve_intégrée\ClubManager\api\src\routes\magasin\core\services\magasin.service.ts:266:13)
        at processTicksAndRejections (node:internal/process/task_queues:105:5)
        at updateArticle (C:\Users\guillaumehouthoofd\Documents\Benoit\Epreuve_intégrée\ClubManager\api\src\routes\magasin\core\handlers\update-article.handler.ts:43:20)
        at Object.<anonymous> (C:\Users\guillaumehouthoofd\Documents\Benoit\Epreuve_intégrée\ClubManager\api\src\routes\magasin\__tests__\magasin.errors.test.ts:269:7)

    [0m [90m 269 |[39m     }
     [90m 270 |[39m   } [36mcatch[39m (error) {
    [31m[1m>[22m[39m[90m 271 |[39m     console[33m.[39merror([32m"❌ [Service Magasin] Erreur modification article:"[39m[33m,[39m error)[33m;[39m
     [90m     |[39m             [31m[1m^[22m[39m
     [90m 272 |[39m     [36mif[39m (error [36minstanceof[39m [33mError[39m) {
     [90m 273 |[39m       [36mthrow[39m error[33m;[39m
     [90m 274 |[39m     }[0m

      at modifierArticle (src/routes/magasin/core/services/magasin.service.ts:271:13)
      at updateArticle (src/routes/magasin/core/handlers/update-article.handler.ts:43:20)
      at Object.<anonymous> (src/routes/magasin/__tests__/magasin.errors.test.ts:269:7)

  console.error
    ❌ [Handler Articles] Erreur modification article: Error: Article non trouvé
        at modifierArticle (C:\Users\guillaumehouthoofd\Documents\Benoit\Epreuve_intégrée\ClubManager\api\src\routes\magasin\core\services\magasin.service.ts:266:13)
        at processTicksAndRejections (node:internal/process/task_queues:105:5)
        at updateArticle (C:\Users\guillaumehouthoofd\Documents\Benoit\Epreuve_intégrée\ClubManager\api\src\routes\magasin\core\handlers\update-article.handler.ts:43:20)
        at Object.<anonymous> (C:\Users\guillaumehouthoofd\Documents\Benoit\Epreuve_intégrée\ClubManager\api\src\routes\magasin\__tests__\magasin.errors.test.ts:269:7)

    [0m [90m 64 |[39m     }
     [90m 65 |[39m
    [31m[1m>[22m[39m[90m 66 |[39m     console[33m.[39merror([32m"❌ [Handler Articles] Erreur modification article:"[39m[33m,[39m error)[33m;[39m
     [90m    |[39m             [31m[1m^[22m[39m
     [90m 67 |[39m
     [90m 68 |[39m     [90m// Vérifier si c'est une erreur métier (article non trouvé)[39m
     [90m 69 |[39m     [36mif[39m (error [36minstanceof[39m [33mError[39m) {[0m

      at updateArticle (src/routes/magasin/core/handlers/update-article.handler.ts:66:13)
      at Object.<anonymous> (src/routes/magasin/__tests__/magasin.errors.test.ts:269:7)

  console.log
    🗑️ [Handler Articles] Suppression d'un article

      at deleteArticle (src/routes/magasin/core/handlers/delete-article.handler.ts:17:13)

  console.log
    🗑️ [Service Magasin] Suppression de l'article 99999

      at supprimerArticle (src/routes/magasin/core/services/magasin.service.ts:288:11)

  console.error
    ❌ [Service Magasin] Erreur suppression article: Error: Article non trouvé
        at Object.<anonymous> (C:\Users\guillaumehouthoofd\Documents\Benoit\Epreuve_intégrée\ClubManager\api\src\routes\magasin\__tests__\magasin.errors.test.ts:287:9)
        at Promise.then.completed (C:\Users\guillaumehouthoofd\Documents\Benoit\Epreuve_intégrée\ClubManager\api\node_modules\jest-circus\build\utils.js:298:28)
        at new Promise (<anonymous>)
        at callAsyncCircusFn (C:\Users\guillaumehouthoofd\Documents\Benoit\Epreuve_intégrée\ClubManager\api\node_modules\jest-circus\build\utils.js:231:10)
        at _callCircusTest (C:\Users\guillaumehouthoofd\Documents\Benoit\Epreuve_intégrée\ClubManager\api\node_modules\jest-circus\build\run.js:316:40)
        at processTicksAndRejections (node:internal/process/task_queues:105:5)
        at _runTest (C:\Users\guillaumehouthoofd\Documents\Benoit\Epreuve_intégrée\ClubManager\api\node_modules\jest-circus\build\run.js:252:3)
        at _runTestsForDescribeBlock (C:\Users\guillaumehouthoofd\Documents\Benoit\Epreuve_intégrée\ClubManager\api\node_modules\jest-circus\build\run.js:126:9)
        at _runTestsForDescribeBlock (C:\Users\guillaumehouthoofd\Documents\Benoit\Epreuve_intégrée\ClubManager\api\node_modules\jest-circus\build\run.js:121:9)
        at _runTestsForDescribeBlock (C:\Users\guillaumehouthoofd\Documents\Benoit\Epreuve_intégrée\ClubManager\api\node_modules\jest-circus\build\run.js:121:9)
        at run (C:\Users\guillaumehouthoofd\Documents\Benoit\Epreuve_intégrée\ClubManager\api\node_modules\jest-circus\build\run.js:71:3)
        at runAndTransformResultsToJestFormat (C:\Users\guillaumehouthoofd\Documents\Benoit\Epreuve_intégrée\ClubManager\api\node_modules\jest-circus\build\legacy-code-todo-rewrite\jestAdapterInit.js:122:21)
        at jestAdapter (C:\Users\guillaumehouthoofd\Documents\Benoit\Epreuve_intégrée\ClubManager\api\node_modules\jest-circus\build\legacy-code-todo-rewrite\jestAdapter.js:79:19)
        at runTestInternal (C:\Users\guillaumehouthoofd\Documents\Benoit\Epreuve_intégrée\ClubManager\api\node_modules\jest-runner\build\runTest.js:367:16)
        at runTest (C:\Users\guillaumehouthoofd\Documents\Benoit\Epreuve_intégrée\ClubManager\api\node_modules\jest-runner\build\runTest.js:444:34)
        at Object.worker (C:\Users\guillaumehouthoofd\Documents\Benoit\Epreuve_intégrée\ClubManager\api\node_modules\jest-runner\build\testWorker.js:106:12)

    [0m [90m 295 |[39m     [36mreturn[39m result[33m;[39m
     [90m 296 |[39m   } [36mcatch[39m (error) {
    [31m[1m>[22m[39m[90m 297 |[39m     console[33m.[39merror([32m"❌ [Service Magasin] Erreur suppression article:"[39m[33m,[39m error)[33m;[39m
     [90m     |[39m             [31m[1m^[22m[39m
     [90m 298 |[39m     [36mthrow[39m [36mnew[39m [33mError[39m([32m"Impossible de supprimer l'article"[39m)[33m;[39m
     [90m 299 |[39m   }
     [90m 300 |[39m }[0m

      at supprimerArticle (src/routes/magasin/core/services/magasin.service.ts:297:13)
      at deleteArticle (src/routes/magasin/core/handlers/delete-article.handler.ts:22:20)
      at Object.<anonymous> (src/routes/magasin/__tests__/magasin.errors.test.ts:290:7)

  console.error
    ❌ [Handler Articles] Erreur suppression article: Error: Impossible de supprimer l'article
        at supprimerArticle (C:\Users\guillaumehouthoofd\Documents\Benoit\Epreuve_intégrée\ClubManager\api\src\routes\magasin\core\services\magasin.service.ts:298:11)
        at processTicksAndRejections (node:internal/process/task_queues:105:5)
        at deleteArticle (C:\Users\guillaumehouthoofd\Documents\Benoit\Epreuve_intégrée\ClubManager\api\src\routes\magasin\core\handlers\delete-article.handler.ts:22:20)
        at Object.<anonymous> (C:\Users\guillaumehouthoofd\Documents\Benoit\Epreuve_intégrée\ClubManager\api\src\routes\magasin\__tests__\magasin.errors.test.ts:290:7)

    [0m [90m 40 |[39m     }
     [90m 41 |[39m
    [31m[1m>[22m[39m[90m 42 |[39m     console[33m.[39merror([32m"❌ [Handler Articles] Erreur suppression article:"[39m[33m,[39m error)[33m;[39m
     [90m    |[39m             [31m[1m^[22m[39m
     [90m 43 |[39m
     [90m 44 |[39m     [90m// Déterminer le code de statut approprié[39m
     [90m 45 |[39m     [36mconst[39m errorMessage [33m=[39m[0m

      at deleteArticle (src/routes/magasin/core/handlers/delete-article.handler.ts:42:13)
      at Object.<anonymous> (src/routes/magasin/__tests__/magasin.errors.test.ts:290:7)

  console.log
    🔍 [Handler Payment Intent] Récupération PaymentIntent pour commande

      at getPaymentIntent (src/routes/magasin/core/handlers/get-payment-intent.handler.ts:17:13)

  console.log
    🔍 [Service Magasin] Récupération PaymentIntent pour commande: { commandeId: '1', userId: 1 }

      at obtenirPaymentIntentCommande (src/routes/magasin/core/services/magasin.service.ts:569:11)

  console.error
    ❌ [Service Magasin] Erreur récupération PaymentIntent: TypeError: paiements.queryAsync is not a function
        at obtenirPaymentIntentCommande (C:\Users\guillaumehouthoofd\Documents\Benoit\Epreuve_intégrée\ClubManager\api\src\routes\magasin\core\services\magasin.service.ts:584:45)
        at getPaymentIntent (C:\Users\guillaumehouthoofd\Documents\Benoit\Epreuve_intégrée\ClubManager\api\src\routes\magasin\core\handlers\get-payment-intent.handler.ts:39:33)
        at Object.<anonymous> (C:\Users\guillaumehouthoofd\Documents\Benoit\Epreuve_intégrée\ClubManager\api\src\routes\magasin\__tests__\magasin.errors.test.ts:324:13)
        at Promise.then.completed (C:\Users\guillaumehouthoofd\Documents\Benoit\Epreuve_intégrée\ClubManager\api\node_modules\jest-circus\build\utils.js:298:28)
        at new Promise (<anonymous>)
        at callAsyncCircusFn (C:\Users\guillaumehouthoofd\Documents\Benoit\Epreuve_intégrée\ClubManager\api\node_modules\jest-circus\build\utils.js:231:10)
        at _callCircusTest (C:\Users\guillaumehouthoofd\Documents\Benoit\Epreuve_intégrée\ClubManager\api\node_modules\jest-circus\build\run.js:316:40)
        at processTicksAndRejections (node:internal/process/task_queues:105:5)
        at _runTest (C:\Users\guillaumehouthoofd\Documents\Benoit\Epreuve_intégrée\ClubManager\api\node_modules\jest-circus\build\run.js:252:3)
        at _runTestsForDescribeBlock (C:\Users\guillaumehouthoofd\Documents\Benoit\Epreuve_intégrée\ClubManager\api\node_modules\jest-circus\build\run.js:126:9)
        at _runTestsForDescribeBlock (C:\Users\guillaumehouthoofd\Documents\Benoit\Epreuve_intégrée\ClubManager\api\node_modules\jest-circus\build\run.js:121:9)
        at _runTestsForDescribeBlock (C:\Users\guillaumehouthoofd\Documents\Benoit\Epreuve_intégrée\ClubManager\api\node_modules\jest-circus\build\run.js:121:9)
        at run (C:\Users\guillaumehouthoofd\Documents\Benoit\Epreuve_intégrée\ClubManager\api\node_modules\jest-circus\build\run.js:71:3)
        at runAndTransformResultsToJestFormat (C:\Users\guillaumehouthoofd\Documents\Benoit\Epreuve_intégrée\ClubManager\api\node_modules\jest-circus\build\legacy-code-todo-rewrite\jestAdapterInit.js:122:21)
        at jestAdapter (C:\Users\guillaumehouthoofd\Documents\Benoit\Epreuve_intégrée\ClubManager\api\node_modules\jest-circus\build\legacy-code-todo-rewrite\jestAdapter.js:79:19)
        at runTestInternal (C:\Users\guillaumehouthoofd\Documents\Benoit\Epreuve_intégrée\ClubManager\api\node_modules\jest-runner\build\runTest.js:367:16)
        at runTest (C:\Users\guillaumehouthoofd\Documents\Benoit\Epreuve_intégrée\ClubManager\api\node_modules\jest-runner\build\runTest.js:444:34)
        at Object.worker (C:\Users\guillaumehouthoofd\Documents\Benoit\Epreuve_intégrée\ClubManager\api\node_modules\jest-runner\build\testWorker.js:106:12)

    [0m [90m 654 |[39m     }[33m;[39m
     [90m 655 |[39m   } [36mcatch[39m (error[33m:[39m any) {
    [31m[1m>[22m[39m[90m 656 |[39m     console[33m.[39merror(
     [90m     |[39m             [31m[1m^[22m[39m
     [90m 657 |[39m       [32m"❌ [Service Magasin] Erreur récupération PaymentIntent:"[39m[33m,[39m
     [90m 658 |[39m       error[33m,[39m
     [90m 659 |[39m     )[33m;[39m[0m

      at obtenirPaymentIntentCommande (src/routes/magasin/core/services/magasin.service.ts:656:13)
      at getPaymentIntent (src/routes/magasin/core/handlers/get-payment-intent.handler.ts:39:33)
      at Object.<anonymous> (src/routes/magasin/__tests__/magasin.errors.test.ts:324:13)

  console.error
    ❌ [Handler Payment Intent] Erreur récupération PaymentIntent: Error: Erreur lors de la récupération du PaymentIntent
        at obtenirPaymentIntentCommande (C:\Users\guillaumehouthoofd\Documents\Benoit\Epreuve_intégrée\ClubManager\api\src\routes\magasin\core\services\magasin.service.ts:670:11)
        at getPaymentIntent (C:\Users\guillaumehouthoofd\Documents\Benoit\Epreuve_intégrée\ClubManager\api\src\routes\magasin\core\handlers\get-payment-intent.handler.ts:39:33)
        at Object.<anonymous> (C:\Users\guillaumehouthoofd\Documents\Benoit\Epreuve_intégrée\ClubManager\api\src\routes\magasin\__tests__\magasin.errors.test.ts:324:13)
        at Promise.then.completed (C:\Users\guillaumehouthoofd\Documents\Benoit\Epreuve_intégrée\ClubManager\api\node_modules\jest-circus\build\utils.js:298:28)
        at new Promise (<anonymous>)
        at callAsyncCircusFn (C:\Users\guillaumehouthoofd\Documents\Benoit\Epreuve_intégrée\ClubManager\api\node_modules\jest-circus\build\utils.js:231:10)
        at _callCircusTest (C:\Users\guillaumehouthoofd\Documents\Benoit\Epreuve_intégrée\ClubManager\api\node_modules\jest-circus\build\run.js:316:40)
        at processTicksAndRejections (node:internal/process/task_queues:105:5)
        at _runTest (C:\Users\guillaumehouthoofd\Documents\Benoit\Epreuve_intégrée\ClubManager\api\node_modules\jest-circus\build\run.js:252:3)
        at _runTestsForDescribeBlock (C:\Users\guillaumehouthoofd\Documents\Benoit\Epreuve_intégrée\ClubManager\api\node_modules\jest-circus\build\run.js:126:9)
        at _runTestsForDescribeBlock (C:\Users\guillaumehouthoofd\Documents\Benoit\Epreuve_intégrée\ClubManager\api\node_modules\jest-circus\build\run.js:121:9)
        at _runTestsForDescribeBlock (C:\Users\guillaumehouthoofd\Documents\Benoit\Epreuve_intégrée\ClubManager\api\node_modules\jest-circus\build\run.js:121:9)
        at run (C:\Users\guillaumehouthoofd\Documents\Benoit\Epreuve_intégrée\ClubManager\api\node_modules\jest-circus\build\run.js:71:3)
        at runAndTransformResultsToJestFormat (C:\Users\guillaumehouthoofd\Documents\Benoit\Epreuve_intégrée\ClubManager\api\node_modules\jest-circus\build\legacy-code-todo-rewrite\jestAdapterInit.js:122:21)
        at jestAdapter (C:\Users\guillaumehouthoofd\Documents\Benoit\Epreuve_intégrée\ClubManager\api\node_modules\jest-circus\build\legacy-code-todo-rewrite\jestAdapter.js:79:19)
        at runTestInternal (C:\Users\guillaumehouthoofd\Documents\Benoit\Epreuve_intégrée\ClubManager\api\node_modules\jest-runner\build\runTest.js:367:16)
        at runTest (C:\Users\guillaumehouthoofd\Documents\Benoit\Epreuve_intégrée\ClubManager\api\node_modules\jest-runner\build\runTest.js:444:34)
        at Object.worker (C:\Users\guillaumehouthoofd\Documents\Benoit\Epreuve_intégrée\ClubManager\api\node_modules\jest-runner\build\testWorker.js:106:12)

    [0m [90m 61 |[39m     }
     [90m 62 |[39m
    [31m[1m>[22m[39m[90m 63 |[39m     console[33m.[39merror(
     [90m    |[39m             [31m[1m^[22m[39m
     [90m 64 |[39m       [32m"❌ [Handler Payment Intent] Erreur récupération PaymentIntent:"[39m[33m,[39m
     [90m 65 |[39m       error[33m,[39m
     [90m 66 |[39m     )[33m;[39m[0m

      at getPaymentIntent (src/routes/magasin/core/handlers/get-payment-intent.handler.ts:63:13)
      at Object.<anonymous> (src/routes/magasin/__tests__/magasin.errors.test.ts:324:7)

  console.log
    🔍 [Handler Payment Intent] Récupération PaymentIntent pour commande

      at getPaymentIntent (src/routes/magasin/core/handlers/get-payment-intent.handler.ts:17:13)

  console.log
    🔍 [Service Magasin] Récupération PaymentIntent pour commande: { commandeId: '1', userId: 1 }

      at obtenirPaymentIntentCommande (src/routes/magasin/core/services/magasin.service.ts:569:11)

  console.log
    ✅ [Service Magasin] Commande trouvée: {
      id: 1,
      unique_id: 'CMD-001-123-ABCD1234',
      numero_commande: undefined
    }

      at obtenirPaymentIntentCommande (src/routes/magasin/core/services/magasin.service.ts:596:13)

  console.log
    🔍 [Service Magasin] PaymentIntent trouvé dans DB: {
      stripe_payment_intent_id: 'pi_test123',
      statut: undefined,
      montant: undefined
    }

      at obtenirPaymentIntentCommande (src/routes/magasin/core/services/magasin.service.ts:621:13)

  console.error
    ❌ [Service Magasin] Erreur récupération PaymentIntent: Error: Clé Stripe non configurée
        at obtenirPaymentIntentCommande (C:\Users\guillaumehouthoofd\Documents\Benoit\Epreuve_intégrée\ClubManager\api\src\routes\magasin\core\services\magasin.service.ts:630:13)
        at processTicksAndRejections (node:internal/process/task_queues:105:5)
        at getPaymentIntent (C:\Users\guillaumehouthoofd\Documents\Benoit\Epreuve_intégrée\ClubManager\api\src\routes\magasin\core\handlers\get-payment-intent.handler.ts:39:27)
        at Object.<anonymous> (C:\Users\guillaumehouthoofd\Documents\Benoit\Epreuve_intégrée\ClubManager\api\src\routes\magasin\__tests__\magasin.errors.test.ts:356:7)

    [0m [90m 654 |[39m     }[33m;[39m
     [90m 655 |[39m   } [36mcatch[39m (error[33m:[39m any) {
    [31m[1m>[22m[39m[90m 656 |[39m     console[33m.[39merror(
     [90m     |[39m             [31m[1m^[22m[39m
     [90m 657 |[39m       [32m"❌ [Service Magasin] Erreur récupération PaymentIntent:"[39m[33m,[39m
     [90m 658 |[39m       error[33m,[39m
     [90m 659 |[39m     )[33m;[39m[0m

      at obtenirPaymentIntentCommande (src/routes/magasin/core/services/magasin.service.ts:656:13)
      at getPaymentIntent (src/routes/magasin/core/handlers/get-payment-intent.handler.ts:39:27)
      at Object.<anonymous> (src/routes/magasin/__tests__/magasin.errors.test.ts:356:7)

  console.error
    ❌ [Handler Payment Intent] Erreur récupération PaymentIntent: Error: Clé Stripe non configurée
        at obtenirPaymentIntentCommande (C:\Users\guillaumehouthoofd\Documents\Benoit\Epreuve_intégrée\ClubManager\api\src\routes\magasin\core\services\magasin.service.ts:630:13)
        at processTicksAndRejections (node:internal/process/task_queues:105:5)
        at getPaymentIntent (C:\Users\guillaumehouthoofd\Documents\Benoit\Epreuve_intégrée\ClubManager\api\src\routes\magasin\core\handlers\get-payment-intent.handler.ts:39:27)
        at Object.<anonymous> (C:\Users\guillaumehouthoofd\Documents\Benoit\Epreuve_intégrée\ClubManager\api\src\routes\magasin\__tests__\magasin.errors.test.ts:356:7)

    [0m [90m 61 |[39m     }
     [90m 62 |[39m
    [31m[1m>[22m[39m[90m 63 |[39m     console[33m.[39merror(
     [90m    |[39m             [31m[1m^[22m[39m
     [90m 64 |[39m       [32m"❌ [Handler Payment Intent] Erreur récupération PaymentIntent:"[39m[33m,[39m
     [90m 65 |[39m       error[33m,[39m
     [90m 66 |[39m     )[33m;[39m[0m

      at getPaymentIntent (src/routes/magasin/core/handlers/get-payment-intent.handler.ts:63:13)
      at Object.<anonymous> (src/routes/magasin/__tests__/magasin.errors.test.ts:356:7)

  console.log
    🔍 [Handler Payment Intent] Récupération PaymentIntent pour commande

      at getPaymentIntent (src/routes/magasin/core/handlers/get-payment-intent.handler.ts:17:13)

  console.log
    🔍 [Service Magasin] Récupération PaymentIntent pour commande: { commandeId: '1', userId: 1 }

      at obtenirPaymentIntentCommande (src/routes/magasin/core/services/magasin.service.ts:569:11)

  console.error
    ❌ [Service Magasin] Erreur récupération PaymentIntent: Error: Commande non trouvée ou ne vous appartient pas
        at obtenirPaymentIntentCommande (C:\Users\guillaumehouthoofd\Documents\Benoit\Epreuve_intégrée\ClubManager\api\src\routes\magasin\core\services\magasin.service.ts:592:13)
        at processTicksAndRejections (node:internal/process/task_queues:105:5)
        at getPaymentIntent (C:\Users\guillaumehouthoofd\Documents\Benoit\Epreuve_intégrée\ClubManager\api\src\routes\magasin\core\handlers\get-payment-intent.handler.ts:39:27)
        at Object.<anonymous> (C:\Users\guillaumehouthoofd\Documents\Benoit\Epreuve_intégrée\ClubManager\api\src\routes\magasin\__tests__\magasin.errors.test.ts:379:7)

    [0m [90m 654 |[39m     }[33m;[39m
     [90m 655 |[39m   } [36mcatch[39m (error[33m:[39m any) {
    [31m[1m>[22m[39m[90m 656 |[39m     console[33m.[39merror(
     [90m     |[39m             [31m[1m^[22m[39m
     [90m 657 |[39m       [32m"❌ [Service Magasin] Erreur récupération PaymentIntent:"[39m[33m,[39m
     [90m 658 |[39m       error[33m,[39m
     [90m 659 |[39m     )[33m;[39m[0m

      at obtenirPaymentIntentCommande (src/routes/magasin/core/services/magasin.service.ts:656:13)
      at getPaymentIntent (src/routes/magasin/core/handlers/get-payment-intent.handler.ts:39:27)
      at Object.<anonymous> (src/routes/magasin/__tests__/magasin.errors.test.ts:379:7)

  console.error
    ❌ [Handler Payment Intent] Erreur récupération PaymentIntent: Error: Commande non trouvée ou ne vous appartient pas
        at obtenirPaymentIntentCommande (C:\Users\guillaumehouthoofd\Documents\Benoit\Epreuve_intégrée\ClubManager\api\src\routes\magasin\core\services\magasin.service.ts:592:13)
        at processTicksAndRejections (node:internal/process/task_queues:105:5)
        at getPaymentIntent (C:\Users\guillaumehouthoofd\Documents\Benoit\Epreuve_intégrée\ClubManager\api\src\routes\magasin\core\handlers\get-payment-intent.handler.ts:39:27)
        at Object.<anonymous> (C:\Users\guillaumehouthoofd\Documents\Benoit\Epreuve_intégrée\ClubManager\api\src\routes\magasin\__tests__\magasin.errors.test.ts:379:7)

    [0m [90m 61 |[39m     }
     [90m 62 |[39m
    [31m[1m>[22m[39m[90m 63 |[39m     console[33m.[39merror(
     [90m    |[39m             [31m[1m^[22m[39m
     [90m 64 |[39m       [32m"❌ [Handler Payment Intent] Erreur récupération PaymentIntent:"[39m[33m,[39m
     [90m 65 |[39m       error[33m,[39m
     [90m 66 |[39m     )[33m;[39m[0m

      at getPaymentIntent (src/routes/magasin/core/handlers/get-payment-intent.handler.ts:63:13)
      at Object.<anonymous> (src/routes/magasin/__tests__/magasin.errors.test.ts:379:7)

  console.log
    🔍 [Handler Payment Intent] Récupération PaymentIntent pour commande

      at getPaymentIntent (src/routes/magasin/core/handlers/get-payment-intent.handler.ts:17:13)

  console.error
    ❌ [Handler Payment Intent] Erreur de validation: [
      {
        code: 'invalid_type',
        expected: 'string',
        received: 'undefined',
        path: [ 'userId' ],
        message: "L'ID utilisateur est requis"
      }
    ]

    [0m [90m 50 |[39m   } [36mcatch[39m (error) {
     [90m 51 |[39m     [36mif[39m (error [36minstanceof[39m z[33m.[39m[33mZodError[39m) {
    [31m[1m>[22m[39m[90m 52 |[39m       console[33m.[39merror(
     [90m    |[39m               [31m[1m^[22m[39m
     [90m 53 |[39m         [32m"❌ [Handler Payment Intent] Erreur de validation:"[39m[33m,[39m
     [90m 54 |[39m         error[33m.[39merrors[33m,[39m
     [90m 55 |[39m       )[33m;[39m[0m

      at getPaymentIntent (src/routes/magasin/core/handlers/get-payment-intent.handler.ts:52:15)
      at Object.<anonymous> (src/routes/magasin/__tests__/magasin.errors.test.ts:397:13)

  console.log
    📋 [Handler Articles] Récupération des articles par catégories

      at getArticles (src/routes/magasin/core/handlers/get-articles.handler.ts:23:13)

  console.log
    🔍 [Service Magasin] Récupération des articles par catégories

      at obtenirArticlesParCategories (src/routes/magasin/core/services/magasin.service.ts:166:11)

  console.error
    ❌ [Service Magasin] Erreur récupération articles: Error: Unexpected error
        at Object.<anonymous> (C:\Users\guillaumehouthoofd\Documents\Benoit\Epreuve_intégrée\ClubManager\api\src\routes\magasin\__tests__\magasin.errors.test.ts:412:15)
        at C:\Users\guillaumehouthoofd\Documents\Benoit\Epreuve_intégrée\ClubManager\api\node_modules\jest-mock\build\index.js:397:39
        at Object.<anonymous> (C:\Users\guillaumehouthoofd\Documents\Benoit\Epreuve_intégrée\ClubManager\api\node_modules\jest-mock\build\index.js:404:13)
        at Object.mockConstructor [as obtenirArticlesParCategories] (C:\Users\guillaumehouthoofd\Documents\Benoit\Epreuve_intégrée\ClubManager\api\node_modules\jest-mock\build\index.js:148:19)
        at obtenirArticlesParCategories (C:\Users\guillaumehouthoofd\Documents\Benoit\Epreuve_intégrée\ClubManager\api\src\routes\magasin\core\services\magasin.service.ts:169:35)
        at getArticles (C:\Users\guillaumehouthoofd\Documents\Benoit\Epreuve_intégrée\ClubManager\api\src\routes\magasin\core\handlers\get-articles.handler.ts:30:28)
        at Object.<anonymous> (C:\Users\guillaumehouthoofd\Documents\Benoit\Epreuve_intégrée\ClubManager\api\src\routes\magasin\__tests__\magasin.errors.test.ts:415:13)
        at Promise.then.completed (C:\Users\guillaumehouthoofd\Documents\Benoit\Epreuve_intégrée\ClubManager\api\node_modules\jest-circus\build\utils.js:298:28)
        at new Promise (<anonymous>)
        at callAsyncCircusFn (C:\Users\guillaumehouthoofd\Documents\Benoit\Epreuve_intégrée\ClubManager\api\node_modules\jest-circus\build\utils.js:231:10)
        at _callCircusTest (C:\Users\guillaumehouthoofd\Documents\Benoit\Epreuve_intégrée\ClubManager\api\node_modules\jest-circus\build\run.js:316:40)
        at processTicksAndRejections (node:internal/process/task_queues:105:5)
        at _runTest (C:\Users\guillaumehouthoofd\Documents\Benoit\Epreuve_intégrée\ClubManager\api\node_modules\jest-circus\build\run.js:252:3)
        at _runTestsForDescribeBlock (C:\Users\guillaumehouthoofd\Documents\Benoit\Epreuve_intégrée\ClubManager\api\node_modules\jest-circus\build\run.js:126:9)
        at _runTestsForDescribeBlock (C:\Users\guillaumehouthoofd\Documents\Benoit\Epreuve_intégrée\ClubManager\api\node_modules\jest-circus\build\run.js:121:9)
        at _runTestsForDescribeBlock (C:\Users\guillaumehouthoofd\Documents\Benoit\Epreuve_intégrée\ClubManager\api\node_modules\jest-circus\build\run.js:121:9)
        at run (C:\Users\guillaumehouthoofd\Documents\Benoit\Epreuve_intégrée\ClubManager\api\node_modules\jest-circus\build\run.js:71:3)
        at runAndTransformResultsToJestFormat (C:\Users\guillaumehouthoofd\Documents\Benoit\Epreuve_intégrée\ClubManager\api\node_modules\jest-circus\build\legacy-code-todo-rewrite\jestAdapterInit.js:122:21)
        at jestAdapter (C:\Users\guillaumehouthoofd\Documents\Benoit\Epreuve_intégrée\ClubManager\api\node_modules\jest-circus\build\legacy-code-todo-rewrite\jestAdapter.js:79:19)
        at runTestInternal (C:\Users\guillaumehouthoofd\Documents\Benoit\Epreuve_intégrée\ClubManager\api\node_modules\jest-runner\build\runTest.js:367:16)
        at runTest (C:\Users\guillaumehouthoofd\Documents\Benoit\Epreuve_intégrée\ClubManager\api\node_modules\jest-runner\build\runTest.js:444:34)
        at Object.worker (C:\Users\guillaumehouthoofd\Documents\Benoit\Epreuve_intégrée\ClubManager\api\node_modules\jest-runner\build\testWorker.js:106:12)

    [0m [90m 173 |[39m     [36mreturn[39m articles[33m;[39m
     [90m 174 |[39m   } [36mcatch[39m (error) {
    [31m[1m>[22m[39m[90m 175 |[39m     console[33m.[39merror([32m"❌ [Service Magasin] Erreur récupération articles:"[39m[33m,[39m error)[33m;[39m
     [90m     |[39m             [31m[1m^[22m[39m
     [90m 176 |[39m     [36mthrow[39m [36mnew[39m [33mError[39m([32m"Impossible de récupérer les articles"[39m)[33m;[39m
     [90m 177 |[39m   }
     [90m 178 |[39m }[0m

      at obtenirArticlesParCategories (src/routes/magasin/core/services/magasin.service.ts:175:13)
      at getArticles (src/routes/magasin/core/handlers/get-articles.handler.ts:30:28)
      at Object.<anonymous> (src/routes/magasin/__tests__/magasin.errors.test.ts:415:13)

  console.error
    ❌ [Handler Articles] Erreur récupération articles: Error: Impossible de récupérer les articles
        at obtenirArticlesParCategories (C:\Users\guillaumehouthoofd\Documents\Benoit\Epreuve_intégrée\ClubManager\api\src\routes\magasin\core\services\magasin.service.ts:176:11)
        at getArticles (C:\Users\guillaumehouthoofd\Documents\Benoit\Epreuve_intégrée\ClubManager\api\src\routes\magasin\core\handlers\get-articles.handler.ts:30:28)
        at Object.<anonymous> (C:\Users\guillaumehouthoofd\Documents\Benoit\Epreuve_intégrée\ClubManager\api\src\routes\magasin\__tests__\magasin.errors.test.ts:415:13)
        at Promise.then.completed (C:\Users\guillaumehouthoofd\Documents\Benoit\Epreuve_intégrée\ClubManager\api\node_modules\jest-circus\build\utils.js:298:28)
        at new Promise (<anonymous>)
        at callAsyncCircusFn (C:\Users\guillaumehouthoofd\Documents\Benoit\Epreuve_intégrée\ClubManager\api\node_modules\jest-circus\build\utils.js:231:10)
        at _callCircusTest (C:\Users\guillaumehouthoofd\Documents\Benoit\Epreuve_intégrée\ClubManager\api\node_modules\jest-circus\build\run.js:316:40)
        at processTicksAndRejections (node:internal/process/task_queues:105:5)
        at _runTest (C:\Users\guillaumehouthoofd\Documents\Benoit\Epreuve_intégrée\ClubManager\api\node_modules\jest-circus\build\run.js:252:3)
        at _runTestsForDescribeBlock (C:\Users\guillaumehouthoofd\Documents\Benoit\Epreuve_intégrée\ClubManager\api\node_modules\jest-circus\build\run.js:126:9)
        at _runTestsForDescribeBlock (C:\Users\guillaumehouthoofd\Documents\Benoit\Epreuve_intégrée\ClubManager\api\node_modules\jest-circus\build\run.js:121:9)
        at _runTestsForDescribeBlock (C:\Users\guillaumehouthoofd\Documents\Benoit\Epreuve_intégrée\ClubManager\api\node_modules\jest-circus\build\run.js:121:9)
        at run (C:\Users\guillaumehouthoofd\Documents\Benoit\Epreuve_intégrée\ClubManager\api\node_modules\jest-circus\build\run.js:71:3)
        at runAndTransformResultsToJestFormat (C:\Users\guillaumehouthoofd\Documents\Benoit\Epreuve_intégrée\ClubManager\api\node_modules\jest-circus\build\legacy-code-todo-rewrite\jestAdapterInit.js:122:21)
        at jestAdapter (C:\Users\guillaumehouthoofd\Documents\Benoit\Epreuve_intégrée\ClubManager\api\node_modules\jest-circus\build\legacy-code-todo-rewrite\jestAdapter.js:79:19)
        at runTestInternal (C:\Users\guillaumehouthoofd\Documents\Benoit\Epreuve_intégrée\ClubManager\api\node_modules\jest-runner\build\runTest.js:367:16)
        at runTest (C:\Users\guillaumehouthoofd\Documents\Benoit\Epreuve_intégrée\ClubManager\api\node_modules\jest-runner\build\runTest.js:444:34)
        at Object.worker (C:\Users\guillaumehouthoofd\Documents\Benoit\Epreuve_intégrée\ClubManager\api\node_modules\jest-runner\build\testWorker.js:106:12)

    [0m [90m 46 |[39m     }
     [90m 47 |[39m
    [31m[1m>[22m[39m[90m 48 |[39m     console[33m.[39merror([32m"❌ [Handler Articles] Erreur récupération articles:"[39m[33m,[39m error)[33m;[39m
     [90m    |[39m             [31m[1m^[22m[39m
     [90m 49 |[39m     res[33m.[39mstatus([35m500[39m)[33m.[39mjson({
     [90m 50 |[39m       message[33m:[39m [32m"Erreur lors de la récupération des articles"[39m[33m,[39m
     [90m 51 |[39m       error[33m:[39m error [36minstanceof[39m [33mError[39m [33m?[39m error[33m.[39mmessage [33m:[39m [32m"Erreur inconnue"[39m[33m,[39m[0m

      at getArticles (src/routes/magasin/core/handlers/get-articles.handler.ts:48:13)
      at Object.<anonymous> (src/routes/magasin/__tests__/magasin.errors.test.ts:415:7)

  console.log
    📝 [Handler Articles] Création d'un nouvel article

      at createArticle (src/routes/magasin/core/handlers/create-article.handler.ts:17:13)

  console.log
    Données validées par le schéma Zod: {"nom":"Test","prix":25.99,"categorie_id":1,"images":[],"stocks":[],"actif":true}

      at createArticle (src/routes/magasin/core/handlers/create-article.handler.ts:22:13)

  console.log
    📝 [Service Magasin] Ajout d'un nouvel article: Test

      at ajouterArticle (src/routes/magasin/core/services/magasin.service.ts:216:11)

  console.error
    ❌ [Service Magasin] Erreur ajout article: Error: 
        at Object.<anonymous> (C:\Users\guillaumehouthoofd\Documents\Benoit\Epreuve_intégrée\ClubManager\api\src\routes\magasin\__tests__\magasin.errors.test.ts:431:9)
        at Promise.then.completed (C:\Users\guillaumehouthoofd\Documents\Benoit\Epreuve_intégrée\ClubManager\api\node_modules\jest-circus\build\utils.js:298:28)
        at new Promise (<anonymous>)
        at callAsyncCircusFn (C:\Users\guillaumehouthoofd\Documents\Benoit\Epreuve_intégrée\ClubManager\api\node_modules\jest-circus\build\utils.js:231:10)
        at _callCircusTest (C:\Users\guillaumehouthoofd\Documents\Benoit\Epreuve_intégrée\ClubManager\api\node_modules\jest-circus\build\run.js:316:40)
        at processTicksAndRejections (node:internal/process/task_queues:105:5)
        at _runTest (C:\Users\guillaumehouthoofd\Documents\Benoit\Epreuve_intégrée\ClubManager\api\node_modules\jest-circus\build\run.js:252:3)
        at _runTestsForDescribeBlock (C:\Users\guillaumehouthoofd\Documents\Benoit\Epreuve_intégrée\ClubManager\api\node_modules\jest-circus\build\run.js:126:9)
        at _runTestsForDescribeBlock (C:\Users\guillaumehouthoofd\Documents\Benoit\Epreuve_intégrée\ClubManager\api\node_modules\jest-circus\build\run.js:121:9)
        at _runTestsForDescribeBlock (C:\Users\guillaumehouthoofd\Documents\Benoit\Epreuve_intégrée\ClubManager\api\node_modules\jest-circus\build\run.js:121:9)
        at run (C:\Users\guillaumehouthoofd\Documents\Benoit\Epreuve_intégrée\ClubManager\api\node_modules\jest-circus\build\run.js:71:3)
        at runAndTransformResultsToJestFormat (C:\Users\guillaumehouthoofd\Documents\Benoit\Epreuve_intégrée\ClubManager\api\node_modules\jest-circus\build\legacy-code-todo-rewrite\jestAdapterInit.js:122:21)
        at jestAdapter (C:\Users\guillaumehouthoofd\Documents\Benoit\Epreuve_intégrée\ClubManager\api\node_modules\jest-circus\build\legacy-code-todo-rewrite\jestAdapter.js:79:19)
        at runTestInternal (C:\Users\guillaumehouthoofd\Documents\Benoit\Epreuve_intégrée\ClubManager\api\node_modules\jest-runner\build\runTest.js:367:16)
        at runTest (C:\Users\guillaumehouthoofd\Documents\Benoit\Epreuve_intégrée\ClubManager\api\node_modules\jest-runner\build\runTest.js:444:34)
        at Object.worker (C:\Users\guillaumehouthoofd\Documents\Benoit\Epreuve_intégrée\ClubManager\api\node_modules\jest-runner\build\testWorker.js:106:12)

    [0m [90m 233 |[39m     }
     [90m 234 |[39m   } [36mcatch[39m (error) {
    [31m[1m>[22m[39m[90m 235 |[39m     console[33m.[39merror([32m"❌ [Service Magasin] Erreur ajout article:"[39m[33m,[39m error)[33m;[39m
     [90m     |[39m             [31m[1m^[22m[39m
     [90m 236 |[39m     [36mif[39m (error [36minstanceof[39m [33mError[39m) {
     [90m 237 |[39m       [36mthrow[39m error[33m;[39m
     [90m 238 |[39m     }[0m

      at ajouterArticle (src/routes/magasin/core/services/magasin.service.ts:235:13)
      at createArticle (src/routes/magasin/core/handlers/create-article.handler.ts:27:20)
      at Object.<anonymous> (src/routes/magasin/__tests__/magasin.errors.test.ts:441:7)

  console.error
    ❌ [Handler Articles] Erreur création article: Error: 
        at Object.<anonymous> (C:\Users\guillaumehouthoofd\Documents\Benoit\Epreuve_intégrée\ClubManager\api\src\routes\magasin\__tests__\magasin.errors.test.ts:431:9)
        at Promise.then.completed (C:\Users\guillaumehouthoofd\Documents\Benoit\Epreuve_intégrée\ClubManager\api\node_modules\jest-circus\build\utils.js:298:28)
        at new Promise (<anonymous>)
        at callAsyncCircusFn (C:\Users\guillaumehouthoofd\Documents\Benoit\Epreuve_intégrée\ClubManager\api\node_modules\jest-circus\build\utils.js:231:10)
        at _callCircusTest (C:\Users\guillaumehouthoofd\Documents\Benoit\Epreuve_intégrée\ClubManager\api\node_modules\jest-circus\build\run.js:316:40)
        at processTicksAndRejections (node:internal/process/task_queues:105:5)
        at _runTest (C:\Users\guillaumehouthoofd\Documents\Benoit\Epreuve_intégrée\ClubManager\api\node_modules\jest-circus\build\run.js:252:3)
        at _runTestsForDescribeBlock (C:\Users\guillaumehouthoofd\Documents\Benoit\Epreuve_intégrée\ClubManager\api\node_modules\jest-circus\build\run.js:126:9)
        at _runTestsForDescribeBlock (C:\Users\guillaumehouthoofd\Documents\Benoit\Epreuve_intégrée\ClubManager\api\node_modules\jest-circus\build\run.js:121:9)
        at _runTestsForDescribeBlock (C:\Users\guillaumehouthoofd\Documents\Benoit\Epreuve_intégrée\ClubManager\api\node_modules\jest-circus\build\run.js:121:9)
        at run (C:\Users\guillaumehouthoofd\Documents\Benoit\Epreuve_intégrée\ClubManager\api\node_modules\jest-circus\build\run.js:71:3)
        at runAndTransformResultsToJestFormat (C:\Users\guillaumehouthoofd\Documents\Benoit\Epreuve_intégrée\ClubManager\api\node_modules\jest-circus\build\legacy-code-todo-rewrite\jestAdapterInit.js:122:21)
        at jestAdapter (C:\Users\guillaumehouthoofd\Documents\Benoit\Epreuve_intégrée\ClubManager\api\node_modules\jest-circus\build\legacy-code-todo-rewrite\jestAdapter.js:79:19)
        at runTestInternal (C:\Users\guillaumehouthoofd\Documents\Benoit\Epreuve_intégrée\ClubManager\api\node_modules\jest-runner\build\runTest.js:367:16)
        at runTest (C:\Users\guillaumehouthoofd\Documents\Benoit\Epreuve_intégrée\ClubManager\api\node_modules\jest-runner\build\runTest.js:444:34)
        at Object.worker (C:\Users\guillaumehouthoofd\Documents\Benoit\Epreuve_intégrée\ClubManager\api\node_modules\jest-runner\build\testWorker.js:106:12)

    [0m [90m 54 |[39m     }
     [90m 55 |[39m
    [31m[1m>[22m[39m[90m 56 |[39m     console[33m.[39merror([32m"❌ [Handler Articles] Erreur création article:"[39m[33m,[39m error)[33m;[39m
     [90m    |[39m             [31m[1m^[22m[39m
     [90m 57 |[39m     res[33m.[39mstatus([35m500[39m)[33m.[39mjson({
     [90m 58 |[39m       message[33m:[39m [32m"Erreur lors de la création de l'article"[39m[33m,[39m
     [90m 59 |[39m       error[33m:[39m error [36minstanceof[39m [33mError[39m [33m?[39m error[33m.[39mmessage [33m:[39m [32m"Erreur inconnue"[39m[33m,[39m[0m

      at createArticle (src/routes/magasin/core/handlers/create-article.handler.ts:56:13)
      at Object.<anonymous> (src/routes/magasin/__tests__/magasin.errors.test.ts:441:7)

  console.log
    📋 [Handler Commandes] Récupération de toutes les commandes

      at getCommandes (src/routes/magasin/core/handlers/get-commandes.handler.ts:17:13)

  console.log
    🔍 [Service Magasin] Récupération de toutes les commandes

      at obtenirLesCommandes (src/routes/magasin/core/services/magasin.service.ts:453:11)

  console.error
    ❌ [Service Magasin] Erreur récupération commandes: String error instead of Error object

    [0m [90m 462 |[39m     [36mreturn[39m commandes[33m;[39m
     [90m 463 |[39m   } [36mcatch[39m (error) {
    [31m[1m>[22m[39m[90m 464 |[39m     console[33m.[39merror([32m"❌ [Service Magasin] Erreur récupération commandes:"[39m[33m,[39m error)[33m;[39m
     [90m     |[39m             [31m[1m^[22m[39m
     [90m 465 |[39m     [36mthrow[39m [36mnew[39m [33mError[39m([32m"Impossible de récupérer les commandes"[39m)[33m;[39m
     [90m 466 |[39m   }
     [90m 467 |[39m }[0m

      at obtenirLesCommandes (src/routes/magasin/core/services/magasin.service.ts:464:13)
      at getCommandes (src/routes/magasin/core/handlers/get-commandes.handler.ts:19:23)
      at Object.<anonymous> (src/routes/magasin/__tests__/magasin.errors.test.ts:455:7)

  console.error
    ❌ [Handler Commandes] Erreur récupération commandes: Error: Impossible de récupérer les commandes
        at obtenirLesCommandes (C:\Users\guillaumehouthoofd\Documents\Benoit\Epreuve_intégrée\ClubManager\api\src\routes\magasin\core\services\magasin.service.ts:465:11)
        at processTicksAndRejections (node:internal/process/task_queues:105:5)
        at getCommandes (C:\Users\guillaumehouthoofd\Documents\Benoit\Epreuve_intégrée\ClubManager\api\src\routes\magasin\core\handlers\get-commandes.handler.ts:19:23)
        at Object.<anonymous> (C:\Users\guillaumehouthoofd\Documents\Benoit\Epreuve_intégrée\ClubManager\api\src\routes\magasin\__tests__\magasin.errors.test.ts:455:7)

    [0m [90m 25 |[39m     res[33m.[39mstatus([35m200[39m)[33m.[39mjson({ commandes })[33m;[39m
     [90m 26 |[39m   } [36mcatch[39m (error) {
    [31m[1m>[22m[39m[90m 27 |[39m     console[33m.[39merror(
     [90m    |[39m             [31m[1m^[22m[39m
     [90m 28 |[39m       [32m"❌ [Handler Commandes] Erreur récupération commandes:"[39m[33m,[39m
     [90m 29 |[39m       error[33m,[39m
     [90m 30 |[39m     )[33m;[39m[0m

      at getCommandes (src/routes/magasin/core/handlers/get-commandes.handler.ts:27:13)
      at Object.<anonymous> (src/routes/magasin/__tests__/magasin.errors.test.ts:455:7)

  console.log
    📋 [Handler Articles] Récupération des articles par catégories

      at getArticles (src/routes/magasin/core/handlers/get-articles.handler.ts:23:13)

  console.log
    🔍 [Service Magasin] Récupération des articles par catégories

      at obtenirArticlesParCategories (src/routes/magasin/core/services/magasin.service.ts:166:11)

  console.log
    ✅ [Service Magasin] Articles récupérés avec succès

      at obtenirArticlesParCategories (src/routes/magasin/core/services/magasin.service.ts:171:13)

  console.log
    ✅ [Handler Articles] Articles récupérés avec succès

      at getArticles (src/routes/magasin/core/handlers/get-articles.handler.ts:32:13)

  console.log
    📝 [Handler Articles] Création d'un nouvel article

      at createArticle (src/routes/magasin/core/handlers/create-article.handler.ts:17:13)

  console.error
    ❌ [Handler Articles] Erreur de validation: [
      {
        code: 'invalid_type',
        expected: 'object',
        received: 'undefined',
        path: [],
        message: 'Required'
      }
    ]

    [0m [90m 43 |[39m   } [36mcatch[39m (error) {
     [90m 44 |[39m     [36mif[39m (error [36minstanceof[39m z[33m.[39m[33mZodError[39m) {
    [31m[1m>[22m[39m[90m 45 |[39m       console[33m.[39merror(
     [90m    |[39m               [31m[1m^[22m[39m
     [90m 46 |[39m         [32m"❌ [Handler Articles] Erreur de validation:"[39m[33m,[39m
     [90m 47 |[39m         error[33m.[39merrors[33m,[39m
     [90m 48 |[39m       )[33m;[39m[0m

      at createArticle (src/routes/magasin/core/handlers/create-article.handler.ts:45:15)
      at Object.<anonymous> (src/routes/magasin/__tests__/magasin.errors.test.ts:486:13)

  console.log
    📊 [Handler Statistiques] Récupération des statistiques du magasin

      at getStatistiquesMagasin (src/routes/magasin/core/handlers/health.handler.ts:62:13)

  console.log
    📊 [Service Magasin] Calcul des statistiques

      at calculerStatistiquesMagasin (src/routes/magasin/core/services/magasin.service.ts:805:11)

  console.error
    ❌ [Service Magasin] Erreur calcul statistiques: Error: Erreur calcul statistiques
        at Object.<anonymous> (C:\Users\guillaumehouthoofd\Documents\Benoit\Epreuve_intégrée\ClubManager\api\src\routes\magasin\__tests__\magasin.errors.test.ts:501:9)
        at Promise.then.completed (C:\Users\guillaumehouthoofd\Documents\Benoit\Epreuve_intégrée\ClubManager\api\node_modules\jest-circus\build\utils.js:298:28)
        at new Promise (<anonymous>)
        at callAsyncCircusFn (C:\Users\guillaumehouthoofd\Documents\Benoit\Epreuve_intégrée\ClubManager\api\node_modules\jest-circus\build\utils.js:231:10)
        at _callCircusTest (C:\Users\guillaumehouthoofd\Documents\Benoit\Epreuve_intégrée\ClubManager\api\node_modules\jest-circus\build\run.js:316:40)
        at processTicksAndRejections (node:internal/process/task_queues:105:5)
        at _runTest (C:\Users\guillaumehouthoofd\Documents\Benoit\Epreuve_intégrée\ClubManager\api\node_modules\jest-circus\build\run.js:252:3)
        at _runTestsForDescribeBlock (C:\Users\guillaumehouthoofd\Documents\Benoit\Epreuve_intégrée\ClubManager\api\node_modules\jest-circus\build\run.js:126:9)
        at _runTestsForDescribeBlock (C:\Users\guillaumehouthoofd\Documents\Benoit\Epreuve_intégrée\ClubManager\api\node_modules\jest-circus\build\run.js:121:9)
        at _runTestsForDescribeBlock (C:\Users\guillaumehouthoofd\Documents\Benoit\Epreuve_intégrée\ClubManager\api\node_modules\jest-circus\build\run.js:121:9)
        at run (C:\Users\guillaumehouthoofd\Documents\Benoit\Epreuve_intégrée\ClubManager\api\node_modules\jest-circus\build\run.js:71:3)
        at runAndTransformResultsToJestFormat (C:\Users\guillaumehouthoofd\Documents\Benoit\Epreuve_intégrée\ClubManager\api\node_modules\jest-circus\build\legacy-code-todo-rewrite\jestAdapterInit.js:122:21)
        at jestAdapter (C:\Users\guillaumehouthoofd\Documents\Benoit\Epreuve_intégrée\ClubManager\api\node_modules\jest-circus\build\legacy-code-todo-rewrite\jestAdapter.js:79:19)
        at runTestInternal (C:\Users\guillaumehouthoofd\Documents\Benoit\Epreuve_intégrée\ClubManager\api\node_modules\jest-runner\build\runTest.js:367:16)
        at runTest (C:\Users\guillaumehouthoofd\Documents\Benoit\Epreuve_intégrée\ClubManager\api\node_modules\jest-runner\build\runTest.js:444:34)
        at Object.worker (C:\Users\guillaumehouthoofd\Documents\Benoit\Epreuve_intégrée\ClubManager\api\node_modules\jest-runner\build\testWorker.js:106:12)

    [0m [90m 839 |[39m     }[33m;[39m
     [90m 840 |[39m   } [36mcatch[39m (error) {
    [31m[1m>[22m[39m[90m 841 |[39m     console[33m.[39merror([32m"❌ [Service Magasin] Erreur calcul statistiques:"[39m[33m,[39m error)[33m;[39m
     [90m     |[39m             [31m[1m^[22m[39m
     [90m 842 |[39m     [36mthrow[39m [36mnew[39m [33mError[39m([32m"Impossible de calculer les statistiques"[39m)[33m;[39m
     [90m 843 |[39m   }
     [90m 844 |[39m }[0m

      at calculerStatistiquesMagasin (src/routes/magasin/core/services/magasin.service.ts:841:13)
      at getStatistiquesMagasin (src/routes/magasin/core/handlers/health.handler.ts:69:26)
      at Object.<anonymous> (src/routes/magasin/__tests__/magasin.errors.test.ts:504:7)

  console.error
    ❌ [Handler Statistiques] Erreur récupération statistiques: Error: Impossible de calculer les statistiques
        at calculerStatistiquesMagasin (C:\Users\guillaumehouthoofd\Documents\Benoit\Epreuve_intégrée\ClubManager\api\src\routes\magasin\core\services\magasin.service.ts:842:11)
        at processTicksAndRejections (node:internal/process/task_queues:105:5)
        at getStatistiquesMagasin (C:\Users\guillaumehouthoofd\Documents\Benoit\Epreuve_intégrée\ClubManager\api\src\routes\magasin\core\handlers\health.handler.ts:69:26)
        at Object.<anonymous> (C:\Users\guillaumehouthoofd\Documents\Benoit\Epreuve_intégrée\ClubManager\api\src\routes\magasin\__tests__\magasin.errors.test.ts:504:7)

    [0m [90m  99 |[39m     }
     [90m 100 |[39m
    [31m[1m>[22m[39m[90m 101 |[39m     console[33m.[39merror(
     [90m     |[39m             [31m[1m^[22m[39m
     [90m 102 |[39m       [32m"❌ [Handler Statistiques] Erreur récupération statistiques:"[39m[33m,[39m
     [90m 103 |[39m       error[33m,[39m
     [90m 104 |[39m     )[33m;[39m[0m

      at getStatistiquesMagasin (src/routes/magasin/core/handlers/health.handler.ts:101:13)
      at Object.<anonymous> (src/routes/magasin/__tests__/magasin.errors.test.ts:504:7)

  console.log
    📊 [Handler Statistiques] Récupération des statistiques du magasin

      at getStatistiquesMagasin (src/routes/magasin/core/handlers/health.handler.ts:62:13)

  console.error
    ❌ [Handler Statistiques] Erreur de validation: [
      {
        code: 'custom',
        message: 'La date de début doit être au format ISO valide (YYYY-MM-DD)',
        path: [ 'dateDebut' ]
      }
    ]

    [0m [90m 88 |[39m   } [36mcatch[39m (error) {
     [90m 89 |[39m     [36mif[39m (error [36minstanceof[39m z[33m.[39m[33mZodError[39m) {
    [31m[1m>[22m[39m[90m 90 |[39m       console[33m.[39merror(
     [90m    |[39m               [31m[1m^[22m[39m
     [90m 91 |[39m         [32m"❌ [Handler Statistiques] Erreur de validation:"[39m[33m,[39m
     [90m 92 |[39m         error[33m.[39merrors[33m,[39m
     [90m 93 |[39m       )[33m;[39m[0m

      at getStatistiquesMagasin (src/routes/magasin/core/handlers/health.handler.ts:90:15)
      at Object.<anonymous> (src/routes/magasin/__tests__/magasin.errors.test.ts:525:13)

  console.error
    ❌ [EmailService] Erreur vérification connexion: Error: getaddrinfo ENOTFOUND smtp.test.local
        at GetAddrInfoReqWrap.onlookupall [as oncomplete] (node:dns:122:26) {
      errno: -3008,
      code: 'EDNS',
      syscall: 'getaddrinfo',
      hostname: 'smtp.test.local',
      command: 'CONN'
    }

    [0m [90m 114 |[39m       }
     [90m 115 |[39m     } [36mcatch[39m (error[33m:[39m any) {
    [31m[1m>[22m[39m[90m 116 |[39m       console[33m.[39merror([32m'❌ [EmailService] Erreur vérification connexion:'[39m[33m,[39m error)[33m;[39m
     [90m     |[39m               [31m[1m^[22m[39m
     [90m 117 |[39m       [36mthis[39m[33m.[39minitialized [33m=[39m [36mfalse[39m[33m;[39m
     [90m 118 |[39m     }
     [90m 119 |[39m   }[0m

      at EmailService.verifyConnection (src/services/emailService.ts:116:15)

  console.error
    ❌ [EmailService] Erreur vérification connexion: Error: getaddrinfo ENOTFOUND smtp.test.local
        at GetAddrInfoReqWrap.onlookupall [as oncomplete] (node:dns:122:26) {
      errno: -3008,
      code: 'EDNS',
      syscall: 'getaddrinfo',
      hostname: 'smtp.test.local',
      command: 'CONN'
    }

    [0m [90m 114 |[39m       }
     [90m 115 |[39m     } [36mcatch[39m (error[33m:[39m any) {
    [31m[1m>[22m[39m[90m 116 |[39m       console[33m.[39merror([32m'❌ [EmailService] Erreur vérification connexion:'[39m[33m,[39m error)[33m;[39m
     [90m     |[39m               [31m[1m^[22m[39m
     [90m 117 |[39m       [36mthis[39m[33m.[39minitialized [33m=[39m [36mfalse[39m[33m;[39m
     [90m 118 |[39m     }
     [90m 119 |[39m   }[0m

      at EmailService.verifyConnection (src/services/emailService.ts:116:15)

  console.error
    ❌ [Service Magasin] Erreur suppression article: Error: Article non trouvé
        at Object.<anonymous> (C:\Users\guillaumehouthoofd\Documents\Benoit\Epreuve_intégrée\ClubManager\api\src\routes\magasin\__tests__\magasin.security.test.ts:307:9)
        at Promise.then.completed (C:\Users\guillaumehouthoofd\Documents\Benoit\Epreuve_intégrée\ClubManager\api\node_modules\jest-circus\build\utils.js:298:28)
        at new Promise (<anonymous>)
        at callAsyncCircusFn (C:\Users\guillaumehouthoofd\Documents\Benoit\Epreuve_intégrée\ClubManager\api\node_modules\jest-circus\build\utils.js:231:10)
        at _callCircusTest (C:\Users\guillaumehouthoofd\Documents\Benoit\Epreuve_intégrée\ClubManager\api\node_modules\jest-circus\build\run.js:316:40)
        at processTicksAndRejections (node:internal/process/task_queues:105:5)
        at _runTest (C:\Users\guillaumehouthoofd\Documents\Benoit\Epreuve_intégrée\ClubManager\api\node_modules\jest-circus\build\run.js:252:3)
        at _runTestsForDescribeBlock (C:\Users\guillaumehouthoofd\Documents\Benoit\Epreuve_intégrée\ClubManager\api\node_modules\jest-circus\build\run.js:126:9)
        at _runTestsForDescribeBlock (C:\Users\guillaumehouthoofd\Documents\Benoit\Epreuve_intégrée\ClubManager\api\node_modules\jest-circus\build\run.js:121:9)
        at _runTestsForDescribeBlock (C:\Users\guillaumehouthoofd\Documents\Benoit\Epreuve_intégrée\ClubManager\api\node_modules\jest-circus\build\run.js:121:9)
        at run (C:\Users\guillaumehouthoofd\Documents\Benoit\Epreuve_intégrée\ClubManager\api\node_modules\jest-circus\build\run.js:71:3)
        at runAndTransformResultsToJestFormat (C:\Users\guillaumehouthoofd\Documents\Benoit\Epreuve_intégrée\ClubManager\api\node_modules\jest-circus\build\legacy-code-todo-rewrite\jestAdapterInit.js:122:21)
        at jestAdapter (C:\Users\guillaumehouthoofd\Documents\Benoit\Epreuve_intégrée\ClubManager\api\node_modules\jest-circus\build\legacy-code-todo-rewrite\jestAdapter.js:79:19)
        at runTestInternal (C:\Users\guillaumehouthoofd\Documents\Benoit\Epreuve_intégrée\ClubManager\api\node_modules\jest-runner\build\runTest.js:367:16)
        at runTest (C:\Users\guillaumehouthoofd\Documents\Benoit\Epreuve_intégrée\ClubManager\api\node_modules\jest-runner\build\runTest.js:444:34)
        at Object.worker (C:\Users\guillaumehouthoofd\Documents\Benoit\Epreuve_intégrée\ClubManager\api\node_modules\jest-runner\build\testWorker.js:106:12)

    [0m [90m 295 |[39m     [36mreturn[39m result[33m;[39m
     [90m 296 |[39m   } [36mcatch[39m (error) {
    [31m[1m>[22m[39m[90m 297 |[39m     console[33m.[39merror([32m"❌ [Service Magasin] Erreur suppression article:"[39m[33m,[39m error)[33m;[39m
     [90m     |[39m             [31m[1m^[22m[39m
     [90m 298 |[39m     [36mthrow[39m [36mnew[39m [33mError[39m([32m"Impossible de supprimer l'article"[39m)[33m;[39m
     [90m 299 |[39m   }
     [90m 300 |[39m }[0m

      at supprimerArticle (src/routes/magasin/core/services/magasin.service.ts:297:13)
      at deleteArticle (src/routes/magasin/core/handlers/delete-article.handler.ts:22:20)
      at Object.<anonymous> (src/routes/magasin/__tests__/magasin.security.test.ts:310:7)

  console.error
    ❌ [Handler Articles] Erreur suppression article: Error: Impossible de supprimer l'article
        at supprimerArticle (C:\Users\guillaumehouthoofd\Documents\Benoit\Epreuve_intégrée\ClubManager\api\src\routes\magasin\core\services\magasin.service.ts:298:11)
        at processTicksAndRejections (node:internal/process/task_queues:105:5)
        at deleteArticle (C:\Users\guillaumehouthoofd\Documents\Benoit\Epreuve_intégrée\ClubManager\api\src\routes\magasin\core\handlers\delete-article.handler.ts:22:20)
        at Object.<anonymous> (C:\Users\guillaumehouthoofd\Documents\Benoit\Epreuve_intégrée\ClubManager\api\src\routes\magasin\__tests__\magasin.security.test.ts:310:7)

    [0m [90m 40 |[39m     }
     [90m 41 |[39m
    [31m[1m>[22m[39m[90m 42 |[39m     console[33m.[39merror([32m"❌ [Handler Articles] Erreur suppression article:"[39m[33m,[39m error)[33m;[39m
     [90m    |[39m             [31m[1m^[22m[39m
     [90m 43 |[39m
     [90m 44 |[39m     [90m// Déterminer le code de statut approprié[39m
     [90m 45 |[39m     [36mconst[39m errorMessage [33m=[39m[0m

      at deleteArticle (src/routes/magasin/core/handlers/delete-article.handler.ts:42:13)
      at Object.<anonymous> (src/routes/magasin/__tests__/magasin.security.test.ts:310:7)

  console.log
    📝 [Handler Commandes] Création d'une nouvelle commande

      at createCommande (src/routes/magasin/core/handlers/create-commande.handler.ts:19:13)

  console.log
    Corps reçu: {
      utilisateur_id: 1,
      articles: [
        { article_id: 1, quantite: 1, taille: 'M' },
        { article_id: 1, quantite: 1, taille: 'M' },
        { article_id: 1, quantite: 1, taille: 'M' },
        { article_id: 1, quantite: 1, taille: 'M' },
        { article_id: 1, quantite: 1, taille: 'M' },
        { article_id: 1, quantite: 1, taille: 'M' },
        { article_id: 1, quantite: 1, taille: 'M' },
        { article_id: 1, quantite: 1, taille: 'M' },
        { article_id: 1, quantite: 1, taille: 'M' },
        { article_id: 1, quantite: 1, taille: 'M' },
        { article_id: 1, quantite: 1, taille: 'M' },
        { article_id: 1, quantite: 1, taille: 'M' },
        { article_id: 1, quantite: 1, taille: 'M' },
        { article_id: 1, quantite: 1, taille: 'M' },
        { article_id: 1, quantite: 1, taille: 'M' },
        { article_id: 1, quantite: 1, taille: 'M' },
        { article_id: 1, quantite: 1, taille: 'M' },
        { article_id: 1, quantite: 1, taille: 'M' },
        { article_id: 1, quantite: 1, taille: 'M' },
        { article_id: 1, quantite: 1, taille: 'M' },
        { article_id: 1, quantite: 1, taille: 'M' },
        { article_id: 1, quantite: 1, taille: 'M' },
        { article_id: 1, quantite: 1, taille: 'M' },
        { article_id: 1, quantite: 1, taille: 'M' },
        { article_id: 1, quantite: 1, taille: 'M' },
        { article_id: 1, quantite: 1, taille: 'M' },
        { article_id: 1, quantite: 1, taille: 'M' },
        { article_id: 1, quantite: 1, taille: 'M' },
        { article_id: 1, quantite: 1, taille: 'M' },
        { article_id: 1, quantite: 1, taille: 'M' },
        { article_id: 1, quantite: 1, taille: 'M' },
        { article_id: 1, quantite: 1, taille: 'M' },
        { article_id: 1, quantite: 1, taille: 'M' },
        { article_id: 1, quantite: 1, taille: 'M' },
        { article_id: 1, quantite: 1, taille: 'M' },
        { article_id: 1, quantite: 1, taille: 'M' },
        { article_id: 1, quantite: 1, taille: 'M' },
        { article_id: 1, quantite: 1, taille: 'M' },
        { article_id: 1, quantite: 1, taille: 'M' },
        { article_id: 1, quantite: 1, taille: 'M' },
        { article_id: 1, quantite: 1, taille: 'M' },
        { article_id: 1, quantite: 1, taille: 'M' },
        { article_id: 1, quantite: 1, taille: 'M' },
        { article_id: 1, quantite: 1, taille: 'M' },
        { article_id: 1, quantite: 1, taille: 'M' },
        { article_id: 1, quantite: 1, taille: 'M' },
        { article_id: 1, quantite: 1, taille: 'M' },
        { article_id: 1, quantite: 1, taille: 'M' },
        { article_id: 1, quantite: 1, taille: 'M' },
        { article_id: 1, quantite: 1, taille: 'M' },
        { article_id: 1, quantite: 1, taille: 'M' }
      ],
      total: 1000
    }

      at createCommande (src/routes/magasin/core/handlers/create-commande.handler.ts:20:13)

  console.error
    ❌ [Handler Commandes] Erreur de validation: [
      {
        code: 'too_big',
        maximum: 50,
        type: 'array',
        inclusive: true,
        exact: false,
        message: 'Maximum 50 articles par commande',
        path: [ 'articles' ]
      }
    ]

    [0m [90m 49 |[39m   } [36mcatch[39m (error) {
     [90m 50 |[39m     [36mif[39m (error [36minstanceof[39m z[33m.[39m[33mZodError[39m) {
    [31m[1m>[22m[39m[90m 51 |[39m       console[33m.[39merror(
     [90m    |[39m               [31m[1m^[22m[39m
     [90m 52 |[39m         [32m"❌ [Handler Commandes] Erreur de validation:"[39m[33m,[39m
     [90m 53 |[39m         error[33m.[39merrors[33m,[39m
     [90m 54 |[39m       )[33m;[39m[0m

      at createCommande (src/routes/magasin/core/handlers/create-commande.handler.ts:51:15)
      at Object.<anonymous> (src/routes/magasin/__tests__/magasin.security.test.ts:334:13)

  console.log
    📝 [Handler Commandes] Création d'une nouvelle commande

      at createCommande (src/routes/magasin/core/handlers/create-commande.handler.ts:19:13)

  console.log
    Corps reçu: {
      utilisateur_id: 1,
      articles: [ { article_id: 1, quantite: 1000, taille: 'M' } ],
      total: 50000
    }

      at createCommande (src/routes/magasin/core/handlers/create-commande.handler.ts:20:13)

  console.error
    ❌ [Handler Commandes] Erreur de validation: [
      {
        code: 'too_big',
        maximum: 100,
        type: 'number',
        inclusive: true,
        exact: false,
        message: 'La quantité maximum est 100',
        path: [ 'articles', 0, 'quantite' ]
      }
    ]

    [0m [90m 49 |[39m   } [36mcatch[39m (error) {
     [90m 50 |[39m     [36mif[39m (error [36minstanceof[39m z[33m.[39m[33mZodError[39m) {
    [31m[1m>[22m[39m[90m 51 |[39m       console[33m.[39merror(
     [90m    |[39m               [31m[1m^[22m[39m
     [90m 52 |[39m         [32m"❌ [Handler Commandes] Erreur de validation:"[39m[33m,[39m
     [90m 53 |[39m         error[33m.[39merrors[33m,[39m
     [90m 54 |[39m       )[33m;[39m[0m

      at createCommande (src/routes/magasin/core/handlers/create-commande.handler.ts:51:15)
      at Object.<anonymous> (src/routes/magasin/__tests__/magasin.security.test.ts:358:13)

  console.log
    📝 [Handler Articles] Création d'un nouvel article

      at createArticle (src/routes/magasin/core/handlers/create-article.handler.ts:17:13)

  console.error
    ❌ [Handler Articles] Erreur de validation: [
      {
        code: 'too_big',
        maximum: 255,
        type: 'string',
        inclusive: true,
        exact: false,
        message: 'Le nom ne peut pas dépasser 255 caractères',
        path: [ 'nom' ]
      }
    ]

    [0m [90m 43 |[39m   } [36mcatch[39m (error) {
     [90m 44 |[39m     [36mif[39m (error [36minstanceof[39m z[33m.[39m[33mZodError[39m) {
    [31m[1m>[22m[39m[90m 45 |[39m       console[33m.[39merror(
     [90m    |[39m               [31m[1m^[22m[39m
     [90m 46 |[39m         [32m"❌ [Handler Articles] Erreur de validation:"[39m[33m,[39m
     [90m 47 |[39m         error[33m.[39merrors[33m,[39m
     [90m 48 |[39m       )[33m;[39m[0m

      at createArticle (src/routes/magasin/core/handlers/create-article.handler.ts:45:15)
      at Object.<anonymous> (src/routes/magasin/__tests__/magasin.security.test.ts:376:13)

  console.log
    🔍 [Handler Commandes] Vérification unicité commande

      at verifyCommandeUnicity (src/routes/magasin/core/handlers/verify-commande.handler.ts:17:13)

  console.error
    ❌ [Handler Commandes] Erreur de validation: [
      {
        validation: 'regex',
        code: 'invalid_string',
        message: "Format d'ID unique invalide (attendu: CMD-XXX-TIMESTAMP-XXXXXXXX)",
        path: [ 'uniqueId' ]
      }
    ]

    [0m [90m 31 |[39m   } [36mcatch[39m (error) {
     [90m 32 |[39m     [36mif[39m (error [36minstanceof[39m z[33m.[39m[33mZodError[39m) {
    [31m[1m>[22m[39m[90m 33 |[39m       console[33m.[39merror(
     [90m    |[39m               [31m[1m^[22m[39m
     [90m 34 |[39m         [32m"❌ [Handler Commandes] Erreur de validation:"[39m[33m,[39m
     [90m 35 |[39m         error[33m.[39merrors[33m,[39m
     [90m 36 |[39m       )[33m;[39m[0m

      at verifyCommandeUnicity (src/routes/magasin/core/handlers/verify-commande.handler.ts:33:15)
      at Object.<anonymous> (src/routes/magasin/__tests__/magasin.security.test.ts:400:15)

  console.log
    🔍 [Handler Commandes] Vérification unicité commande

      at verifyCommandeUnicity (src/routes/magasin/core/handlers/verify-commande.handler.ts:17:13)

  console.error
    ❌ [Handler Commandes] Erreur de validation: [
      {
        validation: 'regex',
        code: 'invalid_string',
        message: "Format d'ID unique invalide (attendu: CMD-XXX-TIMESTAMP-XXXXXXXX)",
        path: [ 'uniqueId' ]
      }
    ]

    [0m [90m 31 |[39m   } [36mcatch[39m (error) {
     [90m 32 |[39m     [36mif[39m (error [36minstanceof[39m z[33m.[39m[33mZodError[39m) {
    [31m[1m>[22m[39m[90m 33 |[39m       console[33m.[39merror(
     [90m    |[39m               [31m[1m^[22m[39m
     [90m 34 |[39m         [32m"❌ [Handler Commandes] Erreur de validation:"[39m[33m,[39m
     [90m 35 |[39m         error[33m.[39merrors[33m,[39m
     [90m 36 |[39m       )[33m;[39m[0m

      at verifyCommandeUnicity (src/routes/magasin/core/handlers/verify-commande.handler.ts:33:15)
      at Object.<anonymous> (src/routes/magasin/__tests__/magasin.security.test.ts:400:15)

  console.log
    🔍 [Handler Commandes] Vérification unicité commande

      at verifyCommandeUnicity (src/routes/magasin/core/handlers/verify-commande.handler.ts:17:13)

  console.error
    ❌ [Handler Commandes] Erreur de validation: [
      {
        validation: 'regex',
        code: 'invalid_string',
        message: "Format d'ID unique invalide (attendu: CMD-XXX-TIMESTAMP-XXXXXXXX)",
        path: [ 'uniqueId' ]
      }
    ]

    [0m [90m 31 |[39m   } [36mcatch[39m (error) {
     [90m 32 |[39m     [36mif[39m (error [36minstanceof[39m z[33m.[39m[33mZodError[39m) {
    [31m[1m>[22m[39m[90m 33 |[39m       console[33m.[39merror(
     [90m    |[39m               [31m[1m^[22m[39m
     [90m 34 |[39m         [32m"❌ [Handler Commandes] Erreur de validation:"[39m[33m,[39m
     [90m 35 |[39m         error[33m.[39merrors[33m,[39m
     [90m 36 |[39m       )[33m;[39m[0m

      at verifyCommandeUnicity (src/routes/magasin/core/handlers/verify-commande.handler.ts:33:15)
      at Object.<anonymous> (src/routes/magasin/__tests__/magasin.security.test.ts:400:15)

  console.log
    🔍 [Handler Commandes] Vérification unicité commande

      at verifyCommandeUnicity (src/routes/magasin/core/handlers/verify-commande.handler.ts:17:13)

  console.error
    ❌ [Handler Commandes] Erreur de validation: [
      {
        code: 'too_small',
        minimum: 1,
        type: 'string',
        inclusive: true,
        exact: false,
        message: "L'ID unique ne peut pas être vide",
        path: [ 'uniqueId' ]
      },
      {
        validation: 'regex',
        code: 'invalid_string',
        message: "Format d'ID unique invalide (attendu: CMD-XXX-TIMESTAMP-XXXXXXXX)",
        path: [ 'uniqueId' ]
      }
    ]

    [0m [90m 31 |[39m   } [36mcatch[39m (error) {
     [90m 32 |[39m     [36mif[39m (error [36minstanceof[39m z[33m.[39m[33mZodError[39m) {
    [31m[1m>[22m[39m[90m 33 |[39m       console[33m.[39merror(
     [90m    |[39m               [31m[1m^[22m[39m
     [90m 34 |[39m         [32m"❌ [Handler Commandes] Erreur de validation:"[39m[33m,[39m
     [90m 35 |[39m         error[33m.[39merrors[33m,[39m
     [90m 36 |[39m       )[33m;[39m[0m

      at verifyCommandeUnicity (src/routes/magasin/core/handlers/verify-commande.handler.ts:33:15)
      at Object.<anonymous> (src/routes/magasin/__tests__/magasin.security.test.ts:400:15)

  console.log
    🔍 [Handler Commandes] Vérification unicité commande

      at verifyCommandeUnicity (src/routes/magasin/core/handlers/verify-commande.handler.ts:17:13)

  console.error
    ❌ [Handler Commandes] Erreur de validation: [
      {
        validation: 'regex',
        code: 'invalid_string',
        message: "Format d'ID unique invalide (attendu: CMD-XXX-TIMESTAMP-XXXXXXXX)",
        path: [ 'uniqueId' ]
      }
    ]

    [0m [90m 31 |[39m   } [36mcatch[39m (error) {
     [90m 32 |[39m     [36mif[39m (error [36minstanceof[39m z[33m.[39m[33mZodError[39m) {
    [31m[1m>[22m[39m[90m 33 |[39m       console[33m.[39merror(
     [90m    |[39m               [31m[1m^[22m[39m
     [90m 34 |[39m         [32m"❌ [Handler Commandes] Erreur de validation:"[39m[33m,[39m
     [90m 35 |[39m         error[33m.[39merrors[33m,[39m
     [90m 36 |[39m       )[33m;[39m[0m

      at verifyCommandeUnicity (src/routes/magasin/core/handlers/verify-commande.handler.ts:33:15)
      at Object.<anonymous> (src/routes/magasin/__tests__/magasin.security.test.ts:400:15)

  console.log
    🔍 [Handler Commandes] Vérification unicité commande

      at verifyCommandeUnicity (src/routes/magasin/core/handlers/verify-commande.handler.ts:17:13)

  console.log
    🔍 [Service Magasin] Vérification unicité commande: CMD-999-1234567890-ABCD1234

      at verifierUniciteCommande (src/routes/magasin/core/services/magasin.service.ts:478:11)

  console.log
    ⚠️ [Handler Commandes] Commande CMD-999-1234567890-ABCD1234 non trouvée

      at verifyCommandeUnicity (src/routes/magasin/core/handlers/verify-commande.handler.ts:28:15)

  console.log
    📝 [Handler Articles] Création d'un nouvel article

      at createArticle (src/routes/magasin/core/handlers/create-article.handler.ts:17:13)

  console.error
    ❌ [Handler Articles] Erreur de validation: [
      {
        code: 'too_small',
        minimum: 0,
        type: 'number',
        inclusive: false,
        exact: false,
        message: 'Le prix doit être positif',
        path: [ 'prix' ]
      },
      {
        code: 'too_small',
        minimum: 0.01,
        type: 'number',
        inclusive: true,
        exact: false,
        message: 'Le prix minimum est 0.01€',
        path: [ 'prix' ]
      }
    ]

    [0m [90m 43 |[39m   } [36mcatch[39m (error) {
     [90m 44 |[39m     [36mif[39m (error [36minstanceof[39m z[33m.[39m[33mZodError[39m) {
    [31m[1m>[22m[39m[90m 45 |[39m       console[33m.[39merror(
     [90m    |[39m               [31m[1m^[22m[39m
     [90m 46 |[39m         [32m"❌ [Handler Articles] Erreur de validation:"[39m[33m,[39m
     [90m 47 |[39m         error[33m.[39merrors[33m,[39m
     [90m 48 |[39m       )[33m;[39m[0m

      at createArticle (src/routes/magasin/core/handlers/create-article.handler.ts:45:15)
      at Object.<anonymous> (src/routes/magasin/__tests__/magasin.security.test.ts:443:13)

  console.log
    📝 [Handler Commandes] Création d'une nouvelle commande

      at createCommande (src/routes/magasin/core/handlers/create-commande.handler.ts:19:13)

  console.log
    Corps reçu: {
      utilisateur_id: 1,
      articles: [ { article_id: 1, quantite: 1, taille: 'M' } ],
      total: -100
    }

      at createCommande (src/routes/magasin/core/handlers/create-commande.handler.ts:20:13)

  console.error
    ❌ [Handler Commandes] Erreur de validation: [
      {
        code: 'too_small',
        minimum: 0,
        type: 'number',
        inclusive: false,
        exact: false,
        message: 'Le total doit être positif',
        path: [ 'total' ]
      },
      {
        code: 'too_small',
        minimum: 0.01,
        type: 'number',
        inclusive: true,
        exact: false,
        message: 'Le total minimum est 0.01€',
        path: [ 'total' ]
      }
    ]

    [0m [90m 49 |[39m   } [36mcatch[39m (error) {
     [90m 50 |[39m     [36mif[39m (error [36minstanceof[39m z[33m.[39m[33mZodError[39m) {
    [31m[1m>[22m[39m[90m 51 |[39m       console[33m.[39merror(
     [90m    |[39m               [31m[1m^[22m[39m
     [90m 52 |[39m         [32m"❌ [Handler Commandes] Erreur de validation:"[39m[33m,[39m
     [90m 53 |[39m         error[33m.[39merrors[33m,[39m
     [90m 54 |[39m       )[33m;[39m[0m

      at createCommande (src/routes/magasin/core/handlers/create-commande.handler.ts:51:15)
      at Object.<anonymous> (src/routes/magasin/__tests__/magasin.security.test.ts:459:13)

  console.log
    📝 [Handler Articles] Création d'un nouvel article

      at createArticle (src/routes/magasin/core/handlers/create-article.handler.ts:17:13)

  console.error
    ❌ [Handler Articles] Erreur de validation: [
      {
        code: 'too_big',
        maximum: 9999.99,
        type: 'number',
        inclusive: true,
        exact: false,
        message: 'Le prix maximum est 9999.99€',
        path: [ 'prix' ]
      }
    ]

    [0m [90m 43 |[39m   } [36mcatch[39m (error) {
     [90m 44 |[39m     [36mif[39m (error [36minstanceof[39m z[33m.[39m[33mZodError[39m) {
    [31m[1m>[22m[39m[90m 45 |[39m       console[33m.[39merror(
     [90m    |[39m               [31m[1m^[22m[39m
     [90m 46 |[39m         [32m"❌ [Handler Articles] Erreur de validation:"[39m[33m,[39m
     [90m 47 |[39m         error[33m.[39merrors[33m,[39m
     [90m 48 |[39m       )[33m;[39m[0m

      at createArticle (src/routes/magasin/core/handlers/create-article.handler.ts:45:15)
      at Object.<anonymous> (src/routes/magasin/__tests__/magasin.security.test.ts:476:13)

  console.log
    🔍 [Handler Payment Intent] Récupération PaymentIntent pour commande

      at getPaymentIntent (src/routes/magasin/core/handlers/get-payment-intent.handler.ts:17:13)

  console.log
    🔍 [Service Magasin] Récupération PaymentIntent pour commande: { commandeId: '1', userId: 1 }

      at obtenirPaymentIntentCommande (src/routes/magasin/core/services/magasin.service.ts:569:11)

  console.error
    ❌ [Service Magasin] Erreur récupération PaymentIntent: TypeError: paiements.queryAsync is not a function
        at obtenirPaymentIntentCommande (C:\Users\guillaumehouthoofd\Documents\Benoit\Epreuve_intégrée\ClubManager\api\src\routes\magasin\core\services\magasin.service.ts:584:45)
        at getPaymentIntent (C:\Users\guillaumehouthoofd\Documents\Benoit\Epreuve_intégrée\ClubManager\api\src\routes\magasin\core\handlers\get-payment-intent.handler.ts:39:33)
        at Object.<anonymous> (C:\Users\guillaumehouthoofd\Documents\Benoit\Epreuve_intégrée\ClubManager\api\src\routes\magasin\__tests__\magasin.security.test.ts:508:13)
        at Promise.then.completed (C:\Users\guillaumehouthoofd\Documents\Benoit\Epreuve_intégrée\ClubManager\api\node_modules\jest-circus\build\utils.js:298:28)
        at new Promise (<anonymous>)
        at callAsyncCircusFn (C:\Users\guillaumehouthoofd\Documents\Benoit\Epreuve_intégrée\ClubManager\api\node_modules\jest-circus\build\utils.js:231:10)
        at _callCircusTest (C:\Users\guillaumehouthoofd\Documents\Benoit\Epreuve_intégrée\ClubManager\api\node_modules\jest-circus\build\run.js:316:40)
        at processTicksAndRejections (node:internal/process/task_queues:105:5)
        at _runTest (C:\Users\guillaumehouthoofd\Documents\Benoit\Epreuve_intégrée\ClubManager\api\node_modules\jest-circus\build\run.js:252:3)
        at _runTestsForDescribeBlock (C:\Users\guillaumehouthoofd\Documents\Benoit\Epreuve_intégrée\ClubManager\api\node_modules\jest-circus\build\run.js:126:9)
        at _runTestsForDescribeBlock (C:\Users\guillaumehouthoofd\Documents\Benoit\Epreuve_intégrée\ClubManager\api\node_modules\jest-circus\build\run.js:121:9)
        at _runTestsForDescribeBlock (C:\Users\guillaumehouthoofd\Documents\Benoit\Epreuve_intégrée\ClubManager\api\node_modules\jest-circus\build\run.js:121:9)
        at run (C:\Users\guillaumehouthoofd\Documents\Benoit\Epreuve_intégrée\ClubManager\api\node_modules\jest-circus\build\run.js:71:3)
        at runAndTransformResultsToJestFormat (C:\Users\guillaumehouthoofd\Documents\Benoit\Epreuve_intégrée\ClubManager\api\node_modules\jest-circus\build\legacy-code-todo-rewrite\jestAdapterInit.js:122:21)
        at jestAdapter (C:\Users\guillaumehouthoofd\Documents\Benoit\Epreuve_intégrée\ClubManager\api\node_modules\jest-circus\build\legacy-code-todo-rewrite\jestAdapter.js:79:19)
        at runTestInternal (C:\Users\guillaumehouthoofd\Documents\Benoit\Epreuve_intégrée\ClubManager\api\node_modules\jest-runner\build\runTest.js:367:16)
        at runTest (C:\Users\guillaumehouthoofd\Documents\Benoit\Epreuve_intégrée\ClubManager\api\node_modules\jest-runner\build\runTest.js:444:34)
        at Object.worker (C:\Users\guillaumehouthoofd\Documents\Benoit\Epreuve_intégrée\ClubManager\api\node_modules\jest-runner\build\testWorker.js:106:12)

    [0m [90m 654 |[39m     }[33m;[39m
     [90m 655 |[39m   } [36mcatch[39m (error[33m:[39m any) {
    [31m[1m>[22m[39m[90m 656 |[39m     console[33m.[39merror(
     [90m     |[39m             [31m[1m^[22m[39m
     [90m 657 |[39m       [32m"❌ [Service Magasin] Erreur récupération PaymentIntent:"[39m[33m,[39m
     [90m 658 |[39m       error[33m,[39m
     [90m 659 |[39m     )[33m;[39m[0m

      at obtenirPaymentIntentCommande (src/routes/magasin/core/services/magasin.service.ts:656:13)
      at getPaymentIntent (src/routes/magasin/core/handlers/get-payment-intent.handler.ts:39:33)
      at Object.<anonymous> (src/routes/magasin/__tests__/magasin.security.test.ts:508:13)

  console.error
    ❌ [Handler Payment Intent] Erreur récupération PaymentIntent: Error: Erreur lors de la récupération du PaymentIntent
        at obtenirPaymentIntentCommande (C:\Users\guillaumehouthoofd\Documents\Benoit\Epreuve_intégrée\ClubManager\api\src\routes\magasin\core\services\magasin.service.ts:670:11)
        at getPaymentIntent (C:\Users\guillaumehouthoofd\Documents\Benoit\Epreuve_intégrée\ClubManager\api\src\routes\magasin\core\handlers\get-payment-intent.handler.ts:39:33)
        at Object.<anonymous> (C:\Users\guillaumehouthoofd\Documents\Benoit\Epreuve_intégrée\ClubManager\api\src\routes\magasin\__tests__\magasin.security.test.ts:508:13)
        at Promise.then.completed (C:\Users\guillaumehouthoofd\Documents\Benoit\Epreuve_intégrée\ClubManager\api\node_modules\jest-circus\build\utils.js:298:28)
        at new Promise (<anonymous>)
        at callAsyncCircusFn (C:\Users\guillaumehouthoofd\Documents\Benoit\Epreuve_intégrée\ClubManager\api\node_modules\jest-circus\build\utils.js:231:10)
        at _callCircusTest (C:\Users\guillaumehouthoofd\Documents\Benoit\Epreuve_intégrée\ClubManager\api\node_modules\jest-circus\build\run.js:316:40)
        at processTicksAndRejections (node:internal/process/task_queues:105:5)
        at _runTest (C:\Users\guillaumehouthoofd\Documents\Benoit\Epreuve_intégrée\ClubManager\api\node_modules\jest-circus\build\run.js:252:3)
        at _runTestsForDescribeBlock (C:\Users\guillaumehouthoofd\Documents\Benoit\Epreuve_intégrée\ClubManager\api\node_modules\jest-circus\build\run.js:126:9)
        at _runTestsForDescribeBlock (C:\Users\guillaumehouthoofd\Documents\Benoit\Epreuve_intégrée\ClubManager\api\node_modules\jest-circus\build\run.js:121:9)
        at _runTestsForDescribeBlock (C:\Users\guillaumehouthoofd\Documents\Benoit\Epreuve_intégrée\ClubManager\api\node_modules\jest-circus\build\run.js:121:9)
        at run (C:\Users\guillaumehouthoofd\Documents\Benoit\Epreuve_intégrée\ClubManager\api\node_modules\jest-circus\build\run.js:71:3)
        at runAndTransformResultsToJestFormat (C:\Users\guillaumehouthoofd\Documents\Benoit\Epreuve_intégrée\ClubManager\api\node_modules\jest-circus\build\legacy-code-todo-rewrite\jestAdapterInit.js:122:21)
        at jestAdapter (C:\Users\guillaumehouthoofd\Documents\Benoit\Epreuve_intégrée\ClubManager\api\node_modules\jest-circus\build\legacy-code-todo-rewrite\jestAdapter.js:79:19)
        at runTestInternal (C:\Users\guillaumehouthoofd\Documents\Benoit\Epreuve_intégrée\ClubManager\api\node_modules\jest-runner\build\runTest.js:367:16)
        at runTest (C:\Users\guillaumehouthoofd\Documents\Benoit\Epreuve_intégrée\ClubManager\api\node_modules\jest-runner\build\runTest.js:444:34)
        at Object.worker (C:\Users\guillaumehouthoofd\Documents\Benoit\Epreuve_intégrée\ClubManager\api\node_modules\jest-runner\build\testWorker.js:106:12)

    [0m [90m 61 |[39m     }
     [90m 62 |[39m
    [31m[1m>[22m[39m[90m 63 |[39m     console[33m.[39merror(
     [90m    |[39m             [31m[1m^[22m[39m
     [90m 64 |[39m       [32m"❌ [Handler Payment Intent] Erreur récupération PaymentIntent:"[39m[33m,[39m
     [90m 65 |[39m       error[33m,[39m
     [90m 66 |[39m     )[33m;[39m[0m

      at getPaymentIntent (src/routes/magasin/core/handlers/get-payment-intent.handler.ts:63:13)
      at Object.<anonymous> (src/routes/magasin/__tests__/magasin.security.test.ts:508:7)

  console.log
    📝 [Handler Articles] Création d'un nouvel article

      at createArticle (src/routes/magasin/core/handlers/create-article.handler.ts:17:13)

  console.error
    ❌ [Handler Articles] Erreur de validation: [
      {
        code: 'invalid_type',
        expected: 'string',
        received: 'object',
        path: [ 'nom' ],
        message: 'Le nom doit être une chaîne'
      }
    ]

    [0m [90m 43 |[39m   } [36mcatch[39m (error) {
     [90m 44 |[39m     [36mif[39m (error [36minstanceof[39m z[33m.[39m[33mZodError[39m) {
    [31m[1m>[22m[39m[90m 45 |[39m       console[33m.[39merror(
     [90m    |[39m               [31m[1m^[22m[39m
     [90m 46 |[39m         [32m"❌ [Handler Articles] Erreur de validation:"[39m[33m,[39m
     [90m 47 |[39m         error[33m.[39merrors[33m,[39m
     [90m 48 |[39m       )[33m;[39m[0m

      at createArticle (src/routes/magasin/core/handlers/create-article.handler.ts:45:15)
      at Object.<anonymous> (src/routes/magasin/__tests__/magasin.security.test.ts:534:13)

  console.error
    ❌ [EmailService] Erreur vérification connexion: Error: getaddrinfo ENOTFOUND smtp.test.local
        at GetAddrInfoReqWrap.onlookupall [as oncomplete] (node:dns:122:26) {
      errno: -3008,
      code: 'EDNS',
      syscall: 'getaddrinfo',
      hostname: 'smtp.test.local',
      command: 'CONN'
    }

    [0m [90m 114 |[39m       }
     [90m 115 |[39m     } [36mcatch[39m (error[33m:[39m any) {
    [31m[1m>[22m[39m[90m 116 |[39m       console[33m.[39merror([32m'❌ [EmailService] Erreur vérification connexion:'[39m[33m,[39m error)[33m;[39m
     [90m     |[39m               [31m[1m^[22m[39m
     [90m 117 |[39m       [36mthis[39m[33m.[39minitialized [33m=[39m [36mfalse[39m[33m;[39m
     [90m 118 |[39m     }
     [90m 119 |[39m   }[0m

      at EmailService.verifyConnection (src/services/emailService.ts:116:15)

  console.error
    ❌ [EmailService] Erreur vérification connexion: Error: getaddrinfo ENOTFOUND smtp.test.local
        at GetAddrInfoReqWrap.onlookupall [as oncomplete] (node:dns:122:26) {
      errno: -3008,
      code: 'EDNS',
      syscall: 'getaddrinfo',
      hostname: 'smtp.test.local',
      command: 'CONN'
    }

    [0m [90m 114 |[39m       }
     [90m 115 |[39m     } [36mcatch[39m (error[33m:[39m any) {
    [31m[1m>[22m[39m[90m 116 |[39m       console[33m.[39merror([32m'❌ [EmailService] Erreur vérification connexion:'[39m[33m,[39m error)[33m;[39m
     [90m     |[39m               [31m[1m^[22m[39m
     [90m 117 |[39m       [36mthis[39m[33m.[39minitialized [33m=[39m [36mfalse[39m[33m;[39m
     [90m 118 |[39m     }
     [90m 119 |[39m   }[0m

      at EmailService.verifyConnection (src/services/emailService.ts:116:15)

  console.error
    ❌ [Service Magasin] Erreur récupération articles: Error: Erreur de connexion à la base de données
        at Object.<anonymous> (C:\Users\guillaumehouthoofd\Documents\Benoit\Epreuve_intégrée\ClubManager\api\src\routes\magasin\__tests__\magasin.test.ts:129:27)
        at Promise.then.completed (C:\Users\guillaumehouthoofd\Documents\Benoit\Epreuve_intégrée\ClubManager\api\node_modules\jest-circus\build\utils.js:298:28)
        at new Promise (<anonymous>)
        at callAsyncCircusFn (C:\Users\guillaumehouthoofd\Documents\Benoit\Epreuve_intégrée\ClubManager\api\node_modules\jest-circus\build\utils.js:231:10)
        at _callCircusTest (C:\Users\guillaumehouthoofd\Documents\Benoit\Epreuve_intégrée\ClubManager\api\node_modules\jest-circus\build\run.js:316:40)
        at processTicksAndRejections (node:internal/process/task_queues:105:5)
        at _runTest (C:\Users\guillaumehouthoofd\Documents\Benoit\Epreuve_intégrée\ClubManager\api\node_modules\jest-circus\build\run.js:252:3)
        at _runTestsForDescribeBlock (C:\Users\guillaumehouthoofd\Documents\Benoit\Epreuve_intégrée\ClubManager\api\node_modules\jest-circus\build\run.js:126:9)
        at _runTestsForDescribeBlock (C:\Users\guillaumehouthoofd\Documents\Benoit\Epreuve_intégrée\ClubManager\api\node_modules\jest-circus\build\run.js:121:9)
        at _runTestsForDescribeBlock (C:\Users\guillaumehouthoofd\Documents\Benoit\Epreuve_intégrée\ClubManager\api\node_modules\jest-circus\build\run.js:121:9)
        at run (C:\Users\guillaumehouthoofd\Documents\Benoit\Epreuve_intégrée\ClubManager\api\node_modules\jest-circus\build\run.js:71:3)
        at runAndTransformResultsToJestFormat (C:\Users\guillaumehouthoofd\Documents\Benoit\Epreuve_intégrée\ClubManager\api\node_modules\jest-circus\build\legacy-code-todo-rewrite\jestAdapterInit.js:122:21)
        at jestAdapter (C:\Users\guillaumehouthoofd\Documents\Benoit\Epreuve_intégrée\ClubManager\api\node_modules\jest-circus\build\legacy-code-todo-rewrite\jestAdapter.js:79:19)
        at runTestInternal (C:\Users\guillaumehouthoofd\Documents\Benoit\Epreuve_intégrée\ClubManager\api\node_modules\jest-runner\build\runTest.js:367:16)
        at runTest (C:\Users\guillaumehouthoofd\Documents\Benoit\Epreuve_intégrée\ClubManager\api\node_modules\jest-runner\build\runTest.js:444:34)
        at Object.worker (C:\Users\guillaumehouthoofd\Documents\Benoit\Epreuve_intégrée\ClubManager\api\node_modules\jest-runner\build\testWorker.js:106:12)

    [0m [90m 173 |[39m     [36mreturn[39m articles[33m;[39m
     [90m 174 |[39m   } [36mcatch[39m (error) {
    [31m[1m>[22m[39m[90m 175 |[39m     console[33m.[39merror([32m"❌ [Service Magasin] Erreur récupération articles:"[39m[33m,[39m error)[33m;[39m
     [90m     |[39m             [31m[1m^[22m[39m
     [90m 176 |[39m     [36mthrow[39m [36mnew[39m [33mError[39m([32m"Impossible de récupérer les articles"[39m)[33m;[39m
     [90m 177 |[39m   }
     [90m 178 |[39m }[0m

      at obtenirArticlesParCategories (src/routes/magasin/core/services/magasin.service.ts:175:13)
      at getArticles (src/routes/magasin/core/handlers/get-articles.handler.ts:30:22)
      at Object.<anonymous> (src/routes/magasin/__tests__/magasin.test.ts:131:7)

  console.error
    ❌ [Handler Articles] Erreur récupération articles: Error: Impossible de récupérer les articles
        at obtenirArticlesParCategories (C:\Users\guillaumehouthoofd\Documents\Benoit\Epreuve_intégrée\ClubManager\api\src\routes\magasin\core\services\magasin.service.ts:176:11)
        at processTicksAndRejections (node:internal/process/task_queues:105:5)
        at getArticles (C:\Users\guillaumehouthoofd\Documents\Benoit\Epreuve_intégrée\ClubManager\api\src\routes\magasin\core\handlers\get-articles.handler.ts:30:22)
        at Object.<anonymous> (C:\Users\guillaumehouthoofd\Documents\Benoit\Epreuve_intégrée\ClubManager\api\src\routes\magasin\__tests__\magasin.test.ts:131:7)

    [0m [90m 46 |[39m     }
     [90m 47 |[39m
    [31m[1m>[22m[39m[90m 48 |[39m     console[33m.[39merror([32m"❌ [Handler Articles] Erreur récupération articles:"[39m[33m,[39m error)[33m;[39m
     [90m    |[39m             [31m[1m^[22m[39m
     [90m 49 |[39m     res[33m.[39mstatus([35m500[39m)[33m.[39mjson({
     [90m 50 |[39m       message[33m:[39m [32m"Erreur lors de la récupération des articles"[39m[33m,[39m
     [90m 51 |[39m       error[33m:[39m error [36minstanceof[39m [33mError[39m [33m?[39m error[33m.[39mmessage [33m:[39m [32m"Erreur inconnue"[39m[33m,[39m[0m

      at getArticles (src/routes/magasin/core/handlers/get-articles.handler.ts:48:13)
      at Object.<anonymous> (src/routes/magasin/__tests__/magasin.test.ts:131:7)

  console.log
    📋 [Handler Catégories] Récupération des catégories

      at getCategories (src/routes/magasin/core/handlers/get-categories.handler.ts:15:13)

  console.log
    🔍 [Service Magasin] Récupération des catégories

      at obtenirLesCategories (src/routes/magasin/core/services/magasin.service.ts:188:11)

  console.log
    ✅ [Service Magasin] 3 catégories récupérées

      at obtenirLesCategories (src/routes/magasin/core/services/magasin.service.ts:193:13)

  console.log
    ✅ [Handler Catégories] 3 catégories récupérées

      at getCategories (src/routes/magasin/core/handlers/get-categories.handler.ts:19:13)

  console.log
    📋 [Handler Catégories] Récupération des catégories

      at getCategories (src/routes/magasin/core/handlers/get-categories.handler.ts:15:13)

  console.log
    🔍 [Service Magasin] Récupération des catégories

      at obtenirLesCategories (src/routes/magasin/core/services/magasin.service.ts:188:11)

  console.error
    ❌ [Service Magasin] Erreur récupération catégories: Error: Erreur DB
        at Object.<anonymous> (C:\Users\guillaumehouthoofd\Documents\Benoit\Epreuve_intégrée\ClubManager\api\src\routes\magasin\__tests__\magasin.test.ts:172:9)
        at Promise.then.completed (C:\Users\guillaumehouthoofd\Documents\Benoit\Epreuve_intégrée\ClubManager\api\node_modules\jest-circus\build\utils.js:298:28)
        at new Promise (<anonymous>)
        at callAsyncCircusFn (C:\Users\guillaumehouthoofd\Documents\Benoit\Epreuve_intégrée\ClubManager\api\node_modules\jest-circus\build\utils.js:231:10)
        at _callCircusTest (C:\Users\guillaumehouthoofd\Documents\Benoit\Epreuve_intégrée\ClubManager\api\node_modules\jest-circus\build\run.js:316:40)
        at processTicksAndRejections (node:internal/process/task_queues:105:5)
        at _runTest (C:\Users\guillaumehouthoofd\Documents\Benoit\Epreuve_intégrée\ClubManager\api\node_modules\jest-circus\build\run.js:252:3)
        at _runTestsForDescribeBlock (C:\Users\guillaumehouthoofd\Documents\Benoit\Epreuve_intégrée\ClubManager\api\node_modules\jest-circus\build\run.js:126:9)
        at _runTestsForDescribeBlock (C:\Users\guillaumehouthoofd\Documents\Benoit\Epreuve_intégrée\ClubManager\api\node_modules\jest-circus\build\run.js:121:9)
        at _runTestsForDescribeBlock (C:\Users\guillaumehouthoofd\Documents\Benoit\Epreuve_intégrée\ClubManager\api\node_modules\jest-circus\build\run.js:121:9)
        at run (C:\Users\guillaumehouthoofd\Documents\Benoit\Epreuve_intégrée\ClubManager\api\node_modules\jest-circus\build\run.js:71:3)
        at runAndTransformResultsToJestFormat (C:\Users\guillaumehouthoofd\Documents\Benoit\Epreuve_intégrée\ClubManager\api\node_modules\jest-circus\build\legacy-code-todo-rewrite\jestAdapterInit.js:122:21)
        at jestAdapter (C:\Users\guillaumehouthoofd\Documents\Benoit\Epreuve_intégrée\ClubManager\api\node_modules\jest-circus\build\legacy-code-todo-rewrite\jestAdapter.js:79:19)
        at runTestInternal (C:\Users\guillaumehouthoofd\Documents\Benoit\Epreuve_intégrée\ClubManager\api\node_modules\jest-runner\build\runTest.js:367:16)
        at runTest (C:\Users\guillaumehouthoofd\Documents\Benoit\Epreuve_intégrée\ClubManager\api\node_modules\jest-runner\build\runTest.js:444:34)
        at Object.worker (C:\Users\guillaumehouthoofd\Documents\Benoit\Epreuve_intégrée\ClubManager\api\node_modules\jest-runner\build\testWorker.js:106:12)

    [0m [90m 197 |[39m     [36mreturn[39m categories[33m;[39m
     [90m 198 |[39m   } [36mcatch[39m (error) {
    [31m[1m>[22m[39m[90m 199 |[39m     console[33m.[39merror(
     [90m     |[39m             [31m[1m^[22m[39m
     [90m 200 |[39m       [32m"❌ [Service Magasin] Erreur récupération catégories:"[39m[33m,[39m
     [90m 201 |[39m       error[33m,[39m
     [90m 202 |[39m     )[33m;[39m[0m

      at obtenirLesCategories (src/routes/magasin/core/services/magasin.service.ts:199:13)
      at getCategories (src/routes/magasin/core/handlers/get-categories.handler.ts:17:24)
      at Object.<anonymous> (src/routes/magasin/__tests__/magasin.test.ts:175:7)

  console.error
    ❌ [Handler Catégories] Erreur récupération catégories: Error: Impossible de récupérer les catégories
        at obtenirLesCategories (C:\Users\guillaumehouthoofd\Documents\Benoit\Epreuve_intégrée\ClubManager\api\src\routes\magasin\core\services\magasin.service.ts:203:11)
        at processTicksAndRejections (node:internal/process/task_queues:105:5)
        at getCategories (C:\Users\guillaumehouthoofd\Documents\Benoit\Epreuve_intégrée\ClubManager\api\src\routes\magasin\core\handlers\get-categories.handler.ts:17:24)
        at Object.<anonymous> (C:\Users\guillaumehouthoofd\Documents\Benoit\Epreuve_intégrée\ClubManager\api\src\routes\magasin\__tests__\magasin.test.ts:175:7)

    [0m [90m 23 |[39m     res[33m.[39mstatus([35m200[39m)[33m.[39mjson(categories)[33m;[39m
     [90m 24 |[39m   } [36mcatch[39m (error) {
    [31m[1m>[22m[39m[90m 25 |[39m     console[33m.[39merror(
     [90m    |[39m             [31m[1m^[22m[39m
     [90m 26 |[39m       [32m"❌ [Handler Catégories] Erreur récupération catégories:"[39m[33m,[39m
     [90m 27 |[39m       error[33m,[39m
     [90m 28 |[39m     )[33m;[39m[0m

      at getCategories (src/routes/magasin/core/handlers/get-categories.handler.ts:25:13)
      at Object.<anonymous> (src/routes/magasin/__tests__/magasin.test.ts:175:7)

  console.log
    📝 [Handler Articles] Création d'un nouvel article

      at createArticle (src/routes/magasin/core/handlers/create-article.handler.ts:17:13)

  console.log
    Données validées par le schéma Zod: {"nom":"Nouveau Kimono","description":"Kimono de qualité supérieure","prix":59.99,"categorie_id":1,"images":[],"stocks":[],"actif":true}

      at createArticle (src/routes/magasin/core/handlers/create-article.handler.ts:22:13)

  console.log
    📝 [Service Magasin] Ajout d'un nouvel article: Nouveau Kimono

      at ajouterArticle (src/routes/magasin/core/services/magasin.service.ts:216:11)

  console.log
    ✅ [Service Magasin] Article ajouté avec succès

      at ajouterArticle (src/routes/magasin/core/services/magasin.service.ts:225:15)

  console.log
    ✅ [Handler Articles] Article créé avec succès

      at createArticle (src/routes/magasin/core/handlers/create-article.handler.ts:30:15)

  console.log
    📝 [Handler Articles] Création d'un nouvel article

      at createArticle (src/routes/magasin/core/handlers/create-article.handler.ts:17:13)

  console.error
    ❌ [Handler Articles] Erreur de validation: [
      {
        code: 'invalid_type',
        expected: 'number',
        received: 'undefined',
        path: [ 'prix' ],
        message: 'Le prix est requis'
      }
    ]

    [0m [90m 43 |[39m   } [36mcatch[39m (error) {
     [90m 44 |[39m     [36mif[39m (error [36minstanceof[39m z[33m.[39m[33mZodError[39m) {
    [31m[1m>[22m[39m[90m 45 |[39m       console[33m.[39merror(
     [90m    |[39m               [31m[1m^[22m[39m
     [90m 46 |[39m         [32m"❌ [Handler Articles] Erreur de validation:"[39m[33m,[39m
     [90m 47 |[39m         error[33m.[39merrors[33m,[39m
     [90m 48 |[39m       )[33m;[39m[0m

      at createArticle (src/routes/magasin/core/handlers/create-article.handler.ts:45:15)
      at Object.<anonymous> (src/routes/magasin/__tests__/magasin.test.ts:238:13)

  console.log
    📝 [Handler Articles] Création d'un nouvel article

      at createArticle (src/routes/magasin/core/handlers/create-article.handler.ts:17:13)

  console.log
    Données validées par le schéma Zod: {"nom":"Test Article","prix":25.99,"categorie_id":1,"images":[],"stocks":[],"actif":true}

      at createArticle (src/routes/magasin/core/handlers/create-article.handler.ts:22:13)

  console.log
    📝 [Service Magasin] Ajout d'un nouvel article: Test Article

      at ajouterArticle (src/routes/magasin/core/services/magasin.service.ts:216:11)

  console.error
    ❌ [Service Magasin] Erreur lors de l'ajout: Erreur lors de l'ajout

    [0m [90m 226 |[39m       [36mreturn[39m result[33m;[39m
     [90m 227 |[39m     } [36melse[39m {
    [31m[1m>[22m[39m[90m 228 |[39m       console[33m.[39merror(
     [90m     |[39m               [31m[1m^[22m[39m
     [90m 229 |[39m         [32m"❌ [Service Magasin] Erreur lors de l'ajout:"[39m[33m,[39m
     [90m 230 |[39m         result[33m.[39mmessage[33m,[39m
     [90m 231 |[39m       )[33m;[39m[0m

      at ajouterArticle (src/routes/magasin/core/services/magasin.service.ts:228:15)
      at createArticle (src/routes/magasin/core/handlers/create-article.handler.ts:27:20)
      at Object.<anonymous> (src/routes/magasin/__tests__/magasin.test.ts:270:7)

  console.error
    ❌ [Service Magasin] Erreur ajout article: Error: Erreur lors de l'ajout
        at ajouterArticle (C:\Users\guillaumehouthoofd\Documents\Benoit\Epreuve_intégrée\ClubManager\api\src\routes\magasin\core\services\magasin.service.ts:232:13)
        at processTicksAndRejections (node:internal/process/task_queues:105:5)
        at createArticle (C:\Users\guillaumehouthoofd\Documents\Benoit\Epreuve_intégrée\ClubManager\api\src\routes\magasin\core\handlers\create-article.handler.ts:27:20)
        at Object.<anonymous> (C:\Users\guillaumehouthoofd\Documents\Benoit\Epreuve_intégrée\ClubManager\api\src\routes\magasin\__tests__\magasin.test.ts:270:7)

    [0m [90m 233 |[39m     }
     [90m 234 |[39m   } [36mcatch[39m (error) {
    [31m[1m>[22m[39m[90m 235 |[39m     console[33m.[39merror([32m"❌ [Service Magasin] Erreur ajout article:"[39m[33m,[39m error)[33m;[39m
     [90m     |[39m             [31m[1m^[22m[39m
     [90m 236 |[39m     [36mif[39m (error [36minstanceof[39m [33mError[39m) {
     [90m 237 |[39m       [36mthrow[39m error[33m;[39m
     [90m 238 |[39m     }[0m

      at ajouterArticle (src/routes/magasin/core/services/magasin.service.ts:235:13)
      at createArticle (src/routes/magasin/core/handlers/create-article.handler.ts:27:20)
      at Object.<anonymous> (src/routes/magasin/__tests__/magasin.test.ts:270:7)

  console.error
    ❌ [Handler Articles] Erreur création article: Error: Erreur lors de l'ajout
        at ajouterArticle (C:\Users\guillaumehouthoofd\Documents\Benoit\Epreuve_intégrée\ClubManager\api\src\routes\magasin\core\services\magasin.service.ts:232:13)
        at processTicksAndRejections (node:internal/process/task_queues:105:5)
        at createArticle (C:\Users\guillaumehouthoofd\Documents\Benoit\Epreuve_intégrée\ClubManager\api\src\routes\magasin\core\handlers\create-article.handler.ts:27:20)
        at Object.<anonymous> (C:\Users\guillaumehouthoofd\Documents\Benoit\Epreuve_intégrée\ClubManager\api\src\routes\magasin\__tests__\magasin.test.ts:270:7)

    [0m [90m 54 |[39m     }
     [90m 55 |[39m
    [31m[1m>[22m[39m[90m 56 |[39m     console[33m.[39merror([32m"❌ [Handler Articles] Erreur création article:"[39m[33m,[39m error)[33m;[39m
     [90m    |[39m             [31m[1m^[22m[39m
     [90m 57 |[39m     res[33m.[39mstatus([35m500[39m)[33m.[39mjson({
     [90m 58 |[39m       message[33m:[39m [32m"Erreur lors de la création de l'article"[39m[33m,[39m
     [90m 59 |[39m       error[33m:[39m error [36minstanceof[39m [33mError[39m [33m?[39m error[33m.[39mmessage [33m:[39m [32m"Erreur inconnue"[39m[33m,[39m[0m

      at createArticle (src/routes/magasin/core/handlers/create-article.handler.ts:56:13)
      at Object.<anonymous> (src/routes/magasin/__tests__/magasin.test.ts:270:7)

  console.log
    📝 [Handler Articles] Modification d'un article

      at updateArticle (src/routes/magasin/core/handlers/update-article.handler.ts:17:13)

  console.log
    Données validées par le schéma Zod: {"id":1,"nom":"Kimono Modifié","prix":49.99}

      at updateArticle (src/routes/magasin/core/handlers/update-article.handler.ts:38:13)

  console.log
    📝 [Service Magasin] Modification de l'article 1

      at modifierArticle (src/routes/magasin/core/services/magasin.service.ts:253:11)

  console.log
    ✅ [Service Magasin] Article modifié avec succès

      at modifierArticle (src/routes/magasin/core/services/magasin.service.ts:259:15)

  console.log
    ✅ [Handler Articles] Article modifié avec succès

      at updateArticle (src/routes/magasin/core/handlers/update-article.handler.ts:49:13)

  console.log
    📝 [Handler Articles] Modification d'un article

      at updateArticle (src/routes/magasin/core/handlers/update-article.handler.ts:17:13)

  console.log
    📝 [Handler Articles] Modification d'un article

      at updateArticle (src/routes/magasin/core/handlers/update-article.handler.ts:17:13)

  console.log
    Données validées par le schéma Zod: {"id":1,"nom":"Test"}

      at updateArticle (src/routes/magasin/core/handlers/update-article.handler.ts:38:13)

  console.log
    📝 [Service Magasin] Modification de l'article 1

      at modifierArticle (src/routes/magasin/core/services/magasin.service.ts:253:11)

  console.error
    ❌ [Service Magasin] Erreur lors de la modification: Article non trouvé

    [0m [90m 260 |[39m       [36mreturn[39m result[33m;[39m
     [90m 261 |[39m     } [36melse[39m {
    [31m[1m>[22m[39m[90m 262 |[39m       console[33m.[39merror(
     [90m     |[39m               [31m[1m^[22m[39m
     [90m 263 |[39m         [32m"❌ [Service Magasin] Erreur lors de la modification:"[39m[33m,[39m
     [90m 264 |[39m         result[33m.[39mmessage[33m,[39m
     [90m 265 |[39m       )[33m;[39m[0m

      at modifierArticle (src/routes/magasin/core/services/magasin.service.ts:262:15)
      at updateArticle (src/routes/magasin/core/handlers/update-article.handler.ts:43:20)
      at Object.<anonymous> (src/routes/magasin/__tests__/magasin.test.ts:356:7)

  console.error
    ❌ [Service Magasin] Erreur modification article: Error: Article non trouvé
        at modifierArticle (C:\Users\guillaumehouthoofd\Documents\Benoit\Epreuve_intégrée\ClubManager\api\src\routes\magasin\core\services\magasin.service.ts:266:13)
        at processTicksAndRejections (node:internal/process/task_queues:105:5)
        at updateArticle (C:\Users\guillaumehouthoofd\Documents\Benoit\Epreuve_intégrée\ClubManager\api\src\routes\magasin\core\handlers\update-article.handler.ts:43:20)
        at Object.<anonymous> (C:\Users\guillaumehouthoofd\Documents\Benoit\Epreuve_intégrée\ClubManager\api\src\routes\magasin\__tests__\magasin.test.ts:356:7)

    [0m [90m 269 |[39m     }
     [90m 270 |[39m   } [36mcatch[39m (error) {
    [31m[1m>[22m[39m[90m 271 |[39m     console[33m.[39merror([32m"❌ [Service Magasin] Erreur modification article:"[39m[33m,[39m error)[33m;[39m
     [90m     |[39m             [31m[1m^[22m[39m
     [90m 272 |[39m     [36mif[39m (error [36minstanceof[39m [33mError[39m) {
     [90m 273 |[39m       [36mthrow[39m error[33m;[39m
     [90m 274 |[39m     }[0m

      at modifierArticle (src/routes/magasin/core/services/magasin.service.ts:271:13)
      at updateArticle (src/routes/magasin/core/handlers/update-article.handler.ts:43:20)
      at Object.<anonymous> (src/routes/magasin/__tests__/magasin.test.ts:356:7)

  console.error
    ❌ [Handler Articles] Erreur modification article: Error: Article non trouvé
        at modifierArticle (C:\Users\guillaumehouthoofd\Documents\Benoit\Epreuve_intégrée\ClubManager\api\src\routes\magasin\core\services\magasin.service.ts:266:13)
        at processTicksAndRejections (node:internal/process/task_queues:105:5)
        at updateArticle (C:\Users\guillaumehouthoofd\Documents\Benoit\Epreuve_intégrée\ClubManager\api\src\routes\magasin\core\handlers\update-article.handler.ts:43:20)
        at Object.<anonymous> (C:\Users\guillaumehouthoofd\Documents\Benoit\Epreuve_intégrée\ClubManager\api\src\routes\magasin\__tests__\magasin.test.ts:356:7)

    [0m [90m 64 |[39m     }
     [90m 65 |[39m
    [31m[1m>[22m[39m[90m 66 |[39m     console[33m.[39merror([32m"❌ [Handler Articles] Erreur modification article:"[39m[33m,[39m error)[33m;[39m
     [90m    |[39m             [31m[1m^[22m[39m
     [90m 67 |[39m
     [90m 68 |[39m     [90m// Vérifier si c'est une erreur métier (article non trouvé)[39m
     [90m 69 |[39m     [36mif[39m (error [36minstanceof[39m [33mError[39m) {[0m

      at updateArticle (src/routes/magasin/core/handlers/update-article.handler.ts:66:13)
      at Object.<anonymous> (src/routes/magasin/__tests__/magasin.test.ts:356:7)

  console.log
    🗑️ [Handler Articles] Suppression d'un article

      at deleteArticle (src/routes/magasin/core/handlers/delete-article.handler.ts:17:13)

  console.log
    🗑️ [Service Magasin] Suppression de l'article 5

      at supprimerArticle (src/routes/magasin/core/services/magasin.service.ts:288:11)

  console.log
    ✅ [Service Magasin] Article supprimé avec succès

      at supprimerArticle (src/routes/magasin/core/services/magasin.service.ts:293:13)

  console.log
    ✅ [Handler Articles] Article supprimé avec succès

      at deleteArticle (src/routes/magasin/core/handlers/delete-article.handler.ts:24:13)

  console.log
    🗑️ [Handler Articles] Suppression d'un article

      at deleteArticle (src/routes/magasin/core/handlers/delete-article.handler.ts:17:13)

  console.error
    ❌ [Handler Articles] Erreur de validation: [
      {
        code: 'custom',
        message: 'ID article doit être un nombre positif',
        path: [ 'id' ]
      }
    ]

    [0m [90m 29 |[39m   } [36mcatch[39m (error) {
     [90m 30 |[39m     [36mif[39m (error [36minstanceof[39m z[33m.[39m[33mZodError[39m) {
    [31m[1m>[22m[39m[90m 31 |[39m       console[33m.[39merror(
     [90m    |[39m               [31m[1m^[22m[39m
     [90m 32 |[39m         [32m"❌ [Handler Articles] Erreur de validation:"[39m[33m,[39m
     [90m 33 |[39m         error[33m.[39merrors[33m,[39m
     [90m 34 |[39m       )[33m;[39m[0m

      at deleteArticle (src/routes/magasin/core/handlers/delete-article.handler.ts:31:15)
      at Object.<anonymous> (src/routes/magasin/__tests__/magasin.test.ts:401:13)

  console.log
    📝 [Handler Commandes] Création d'une nouvelle commande

      at createCommande (src/routes/magasin/core/handlers/create-commande.handler.ts:19:13)

  console.log
    Corps reçu: {
      utilisateur_id: 1,
      articles: [
        {
          article_id: 1,
          nom: 'Kimono Blanc',
          quantite: 1,
          taille: 'M',
          prix: 45.99
        }
      ],
      total: 45.99,
      statut: 'en attente',
      date: '2026-02-04T20:46:00.462Z'
    }

      at createCommande (src/routes/magasin/core/handlers/create-commande.handler.ts:20:13)

  console.log
    Données validées par le schéma Zod: {"utilisateur_id":1,"articles":[{"article_id":1,"nom":"Kimono Blanc","quantite":1,"taille":"M","prix":45.99}],"total":45.99,"statut":"en attente","date":"2026-02-04T20:46:00.462Z"}

      at createCommande (src/routes/magasin/core/handlers/create-commande.handler.ts:25:13)

  console.log
    🔍 [Service Magasin] Vérification doublon commande: {
      cacheKey: '1-45.99-[{"id":1,"taille":"M","quantite":1}]...',
      utilisateur_id: 1,
      total: 45.99,
      nbArticles: 1
    }

      at creerCommande (src/routes/magasin/core/services/magasin.service.ts:325:11)

  console.log
    🆔 [Service Magasin] IDs générés: {
      uniqueCommandeId: 'CMD-001-1770237960469-EE48C15C',
      numeroCommande: 'CMD-000001',
      utilisateur_id: 1
    }

      at creerCommande (src/routes/magasin/core/services/magasin.service.ts:373:11)

  console.log
    📧 [Service Magasin] Envoi email confirmation commande: { destinataire: undefined, numeroCommande: 'CMD-000001' }

      at envoyerEmailConfirmationCommande (src/routes/magasin/core/services/magasin.service.ts:727:13)

  console.error
    ❌ [Service Magasin] Erreur envoi email confirmation: TypeError: emailClient.sendTemplatedEmail is not a function
        at envoyerEmailConfirmationCommande (C:\Users\guillaumehouthoofd\Documents\Benoit\Epreuve_intégrée\ClubManager\api\src\routes\magasin\core\services\magasin.service.ts:732:38)
        at C:\Users\guillaumehouthoofd\Documents\Benoit\Epreuve_intégrée\ClubManager\api\src\routes\magasin\core\services\magasin.service.ts:398:17
        at processTicksAndRejections (node:internal/process/task_queues:105:5)
        at creerCommande (C:\Users\guillaumehouthoofd\Documents\Benoit\Epreuve_intégrée\ClubManager\api\src\routes\magasin\core\services\magasin.service.ts:432:28)
        at createCommande (C:\Users\guillaumehouthoofd\Documents\Benoit\Epreuve_intégrée\ClubManager\api\src\routes\magasin\core\handlers\create-commande.handler.ts:30:20)
        at Object.<anonymous> (C:\Users\guillaumehouthoofd\Documents\Benoit\Epreuve_intégrée\ClubManager\api\src\routes\magasin\__tests__\magasin.test.ts:451:7)

    [0m [90m 745 |[39m     }
     [90m 746 |[39m   } [36mcatch[39m (error) {
    [31m[1m>[22m[39m[90m 747 |[39m     console[33m.[39merror(
     [90m     |[39m             [31m[1m^[22m[39m
     [90m 748 |[39m       [32m"❌ [Service Magasin] Erreur envoi email confirmation:"[39m[33m,[39m
     [90m 749 |[39m       error[33m,[39m
     [90m 750 |[39m     )[33m;[39m[0m

      at envoyerEmailConfirmationCommande (src/routes/magasin/core/services/magasin.service.ts:747:13)
      at src/routes/magasin/core/services/magasin.service.ts:398:17
      at creerCommande (src/routes/magasin/core/services/magasin.service.ts:432:28)
      at createCommande (src/routes/magasin/core/handlers/create-commande.handler.ts:30:20)
      at Object.<anonymous> (src/routes/magasin/__tests__/magasin.test.ts:451:7)

  console.log
    ✅ [Service Magasin] Commande créée avec protection doublon: {
      unique_id: 'CMD-001-1770237960469-EE48C15C',
      numero_commande: 'CMD-000001'
    }

      at creerCommande (src/routes/magasin/core/services/magasin.service.ts:434:11)

  console.log
    ✅ [Handler Commandes] Commande créée avec succès: {
      unique_id: 'CMD-001-1770237960469-EE48C15C',
      numero_commande: 'CMD-000001',
      isDuplicate: false
    }

      at createCommande (src/routes/magasin/core/handlers/create-commande.handler.ts:36:13)

  console.log
    📝 [Handler Commandes] Création d'une nouvelle commande

      at createCommande (src/routes/magasin/core/handlers/create-commande.handler.ts:19:13)

  console.log
    Corps reçu: { utilisateur_id: 1, articles: [], total: 0 }

      at createCommande (src/routes/magasin/core/handlers/create-commande.handler.ts:20:13)

  console.error
    ❌ [Handler Commandes] Erreur de validation: [
      {
        code: 'too_small',
        minimum: 1,
        type: 'array',
        inclusive: true,
        exact: false,
        message: 'Au moins un article est requis',
        path: [ 'articles' ]
      },
      {
        code: 'too_small',
        minimum: 0,
        type: 'number',
        inclusive: false,
        exact: false,
        message: 'Le total doit être positif',
        path: [ 'total' ]
      },
      {
        code: 'too_small',
        minimum: 0.01,
        type: 'number',
        inclusive: true,
        exact: false,
        message: 'Le total minimum est 0.01€',
        path: [ 'total' ]
      }
    ]

    [0m [90m 49 |[39m   } [36mcatch[39m (error) {
     [90m 50 |[39m     [36mif[39m (error [36minstanceof[39m z[33m.[39m[33mZodError[39m) {
    [31m[1m>[22m[39m[90m 51 |[39m       console[33m.[39merror(
     [90m    |[39m               [31m[1m^[22m[39m
     [90m 52 |[39m         [32m"❌ [Handler Commandes] Erreur de validation:"[39m[33m,[39m
     [90m 53 |[39m         error[33m.[39merrors[33m,[39m
     [90m 54 |[39m       )[33m;[39m[0m

      at createCommande (src/routes/magasin/core/handlers/create-commande.handler.ts:51:15)
      at Object.<anonymous> (src/routes/magasin/__tests__/magasin.test.ts:478:13)

  console.log
    📝 [Handler Commandes] Création d'une nouvelle commande

      at createCommande (src/routes/magasin/core/handlers/create-commande.handler.ts:19:13)

  console.log
    Corps reçu: {
      utilisateur_id: 1,
      articles: [ { article_id: 1, quantite: 0, taille: 'M' } ],
      total: 10
    }

      at createCommande (src/routes/magasin/core/handlers/create-commande.handler.ts:20:13)

  console.error
    ❌ [Handler Commandes] Erreur de validation: [
      {
        code: 'too_small',
        minimum: 0,
        type: 'number',
        inclusive: false,
        exact: false,
        message: 'La quantité doit être positive',
        path: [ 'articles', 0, 'quantite' ]
      },
      {
        code: 'too_small',
        minimum: 1,
        type: 'number',
        inclusive: true,
        exact: false,
        message: 'La quantité minimum est 1',
        path: [ 'articles', 0, 'quantite' ]
      }
    ]

    [0m [90m 49 |[39m   } [36mcatch[39m (error) {
     [90m 50 |[39m     [36mif[39m (error [36minstanceof[39m z[33m.[39m[33mZodError[39m) {
    [31m[1m>[22m[39m[90m 51 |[39m       console[33m.[39merror(
     [90m    |[39m               [31m[1m^[22m[39m
     [90m 52 |[39m         [32m"❌ [Handler Commandes] Erreur de validation:"[39m[33m,[39m
     [90m 53 |[39m         error[33m.[39merrors[33m,[39m
     [90m 54 |[39m       )[33m;[39m[0m

      at createCommande (src/routes/magasin/core/handlers/create-commande.handler.ts:51:15)
      at Object.<anonymous> (src/routes/magasin/__tests__/magasin.test.ts:507:13)

  console.log
    📋 [Handler Commandes] Récupération de toutes les commandes

      at getCommandes (src/routes/magasin/core/handlers/get-commandes.handler.ts:17:13)

  console.log
    🔍 [Service Magasin] Récupération de toutes les commandes

      at obtenirLesCommandes (src/routes/magasin/core/services/magasin.service.ts:453:11)

  console.log
    ✅ [Service Magasin] 2 commandes récupérées

      at obtenirLesCommandes (src/routes/magasin/core/services/magasin.service.ts:458:13)

  console.log
    ✅ [Handler Commandes] 2 commandes récupérées

      at getCommandes (src/routes/magasin/core/handlers/get-commandes.handler.ts:21:13)

  console.log
    📋 [Handler Commandes] Récupération de toutes les commandes

      at getCommandes (src/routes/magasin/core/handlers/get-commandes.handler.ts:17:13)

  console.log
    🔍 [Service Magasin] Récupération de toutes les commandes

      at obtenirLesCommandes (src/routes/magasin/core/services/magasin.service.ts:453:11)

  console.error
    ❌ [Service Magasin] Erreur récupération commandes: Error: Erreur DB
        at Object.<anonymous> (C:\Users\guillaumehouthoofd\Documents\Benoit\Epreuve_intégrée\ClubManager\api\src\routes\magasin\__tests__\magasin.test.ts:567:9)
        at Promise.then.completed (C:\Users\guillaumehouthoofd\Documents\Benoit\Epreuve_intégrée\ClubManager\api\node_modules\jest-circus\build\utils.js:298:28)
        at new Promise (<anonymous>)
        at callAsyncCircusFn (C:\Users\guillaumehouthoofd\Documents\Benoit\Epreuve_intégrée\ClubManager\api\node_modules\jest-circus\build\utils.js:231:10)
        at _callCircusTest (C:\Users\guillaumehouthoofd\Documents\Benoit\Epreuve_intégrée\ClubManager\api\node_modules\jest-circus\build\run.js:316:40)
        at processTicksAndRejections (node:internal/process/task_queues:105:5)
        at _runTest (C:\Users\guillaumehouthoofd\Documents\Benoit\Epreuve_intégrée\ClubManager\api\node_modules\jest-circus\build\run.js:252:3)
        at _runTestsForDescribeBlock (C:\Users\guillaumehouthoofd\Documents\Benoit\Epreuve_intégrée\ClubManager\api\node_modules\jest-circus\build\run.js:126:9)
        at _runTestsForDescribeBlock (C:\Users\guillaumehouthoofd\Documents\Benoit\Epreuve_intégrée\ClubManager\api\node_modules\jest-circus\build\run.js:121:9)
        at _runTestsForDescribeBlock (C:\Users\guillaumehouthoofd\Documents\Benoit\Epreuve_intégrée\ClubManager\api\node_modules\jest-circus\build\run.js:121:9)
        at run (C:\Users\guillaumehouthoofd\Documents\Benoit\Epreuve_intégrée\ClubManager\api\node_modules\jest-circus\build\run.js:71:3)
        at runAndTransformResultsToJestFormat (C:\Users\guillaumehouthoofd\Documents\Benoit\Epreuve_intégrée\ClubManager\api\node_modules\jest-circus\build\legacy-code-todo-rewrite\jestAdapterInit.js:122:21)
        at jestAdapter (C:\Users\guillaumehouthoofd\Documents\Benoit\Epreuve_intégrée\ClubManager\api\node_modules\jest-circus\build\legacy-code-todo-rewrite\jestAdapter.js:79:19)
        at runTestInternal (C:\Users\guillaumehouthoofd\Documents\Benoit\Epreuve_intégrée\ClubManager\api\node_modules\jest-runner\build\runTest.js:367:16)
        at runTest (C:\Users\guillaumehouthoofd\Documents\Benoit\Epreuve_intégrée\ClubManager\api\node_modules\jest-runner\build\runTest.js:444:34)
        at Object.worker (C:\Users\guillaumehouthoofd\Documents\Benoit\Epreuve_intégrée\ClubManager\api\node_modules\jest-runner\build\testWorker.js:106:12)

    [0m [90m 462 |[39m     [36mreturn[39m commandes[33m;[39m
     [90m 463 |[39m   } [36mcatch[39m (error) {
    [31m[1m>[22m[39m[90m 464 |[39m     console[33m.[39merror([32m"❌ [Service Magasin] Erreur récupération commandes:"[39m[33m,[39m error)[33m;[39m
     [90m     |[39m             [31m[1m^[22m[39m
     [90m 465 |[39m     [36mthrow[39m [36mnew[39m [33mError[39m([32m"Impossible de récupérer les commandes"[39m)[33m;[39m
     [90m 466 |[39m   }
     [90m 467 |[39m }[0m

      at obtenirLesCommandes (src/routes/magasin/core/services/magasin.service.ts:464:13)
      at getCommandes (src/routes/magasin/core/handlers/get-commandes.handler.ts:19:23)
      at Object.<anonymous> (src/routes/magasin/__tests__/magasin.test.ts:570:7)

  console.error
    ❌ [Handler Commandes] Erreur récupération commandes: Error: Impossible de récupérer les commandes
        at obtenirLesCommandes (C:\Users\guillaumehouthoofd\Documents\Benoit\Epreuve_intégrée\ClubManager\api\src\routes\magasin\core\services\magasin.service.ts:465:11)
        at processTicksAndRejections (node:internal/process/task_queues:105:5)
        at getCommandes (C:\Users\guillaumehouthoofd\Documents\Benoit\Epreuve_intégrée\ClubManager\api\src\routes\magasin\core\handlers\get-commandes.handler.ts:19:23)
        at Object.<anonymous> (C:\Users\guillaumehouthoofd\Documents\Benoit\Epreuve_intégrée\ClubManager\api\src\routes\magasin\__tests__\magasin.test.ts:570:7)

    [0m [90m 25 |[39m     res[33m.[39mstatus([35m200[39m)[33m.[39mjson({ commandes })[33m;[39m
     [90m 26 |[39m   } [36mcatch[39m (error) {
    [31m[1m>[22m[39m[90m 27 |[39m     console[33m.[39merror(
     [90m    |[39m             [31m[1m^[22m[39m
     [90m 28 |[39m       [32m"❌ [Handler Commandes] Erreur récupération commandes:"[39m[33m,[39m
     [90m 29 |[39m       error[33m,[39m
     [90m 30 |[39m     )[33m;[39m[0m

      at getCommandes (src/routes/magasin/core/handlers/get-commandes.handler.ts:27:13)
      at Object.<anonymous> (src/routes/magasin/__tests__/magasin.test.ts:570:7)

  console.log
    🔍 [Handler Commandes] Vérification unicité commande

      at verifyCommandeUnicity (src/routes/magasin/core/handlers/verify-commande.handler.ts:17:13)

  console.log
    🔍 [Service Magasin] Vérification unicité commande: CMD-001-1234567890-ABCD1234

      at verifierUniciteCommande (src/routes/magasin/core/services/magasin.service.ts:478:11)

  console.log
    ✅ [Handler Commandes] Commande CMD-001-1234567890-ABCD1234 trouvée

      at verifyCommandeUnicity (src/routes/magasin/core/handlers/verify-commande.handler.ts:25:15)

  console.log
    🔍 [Handler Commandes] Vérification unicité commande

      at verifyCommandeUnicity (src/routes/magasin/core/handlers/verify-commande.handler.ts:17:13)

  console.log
    🔍 [Service Magasin] Vérification unicité commande: CMD-999-9999999999-ABCD9999

      at verifierUniciteCommande (src/routes/magasin/core/services/magasin.service.ts:478:11)

  console.log
    ⚠️ [Handler Commandes] Commande CMD-999-9999999999-ABCD9999 non trouvée

      at verifyCommandeUnicity (src/routes/magasin/core/handlers/verify-commande.handler.ts:28:15)

  console.log
    🔍 [Handler Commandes] Vérification unicité commande

      at verifyCommandeUnicity (src/routes/magasin/core/handlers/verify-commande.handler.ts:17:13)

  console.error
    ❌ [Handler Commandes] Erreur de validation: [
      {
        validation: 'regex',
        code: 'invalid_string',
        message: "Format d'ID unique invalide (attendu: CMD-XXX-TIMESTAMP-XXXXXXXX)",
        path: [ 'uniqueId' ]
      }
    ]

    [0m [90m 31 |[39m   } [36mcatch[39m (error) {
     [90m 32 |[39m     [36mif[39m (error [36minstanceof[39m z[33m.[39m[33mZodError[39m) {
    [31m[1m>[22m[39m[90m 33 |[39m       console[33m.[39merror(
     [90m    |[39m               [31m[1m^[22m[39m
     [90m 34 |[39m         [32m"❌ [Handler Commandes] Erreur de validation:"[39m[33m,[39m
     [90m 35 |[39m         error[33m.[39merrors[33m,[39m
     [90m 36 |[39m       )[33m;[39m[0m

      at verifyCommandeUnicity (src/routes/magasin/core/handlers/verify-commande.handler.ts:33:15)
      at Object.<anonymous> (src/routes/magasin/__tests__/magasin.test.ts:644:13)

  console.log
    🏥 [Handler Health] Health check du module magasin

      at healthCheck (src/routes/magasin/core/handlers/health.handler.ts:19:13)

  console.log
    ✅ [Handler Health] Module magasin en bonne santé

      at healthCheck (src/routes/magasin/core/handlers/health.handler.ts:37:13)

  console.log
    📊 [Handler Statistiques] Récupération des statistiques du magasin

      at getStatistiquesMagasin (src/routes/magasin/core/handlers/health.handler.ts:62:13)

  console.log
    📊 [Service Magasin] Calcul des statistiques

      at calculerStatistiquesMagasin (src/routes/magasin/core/services/magasin.service.ts:805:11)

  console.log
    ✅ [Handler Statistiques] Statistiques récupérées avec succès

      at getStatistiquesMagasin (src/routes/magasin/core/handlers/health.handler.ts:75:13)

  console.log
    📊 [Handler Statistiques] Récupération des statistiques du magasin

      at getStatistiquesMagasin (src/routes/magasin/core/handlers/health.handler.ts:62:13)

  console.log
    📊 [Service Magasin] Calcul des statistiques

      at calculerStatistiquesMagasin (src/routes/magasin/core/services/magasin.service.ts:805:11)

  console.log
    ✅ [Handler Statistiques] Statistiques récupérées avec succès

      at getStatistiquesMagasin (src/routes/magasin/core/handlers/health.handler.ts:75:13)

  console.error
    ❌ [EmailService] Erreur vérification connexion: Error: getaddrinfo ENOTFOUND smtp.test.local
        at GetAddrInfoReqWrap.onlookupall [as oncomplete] (node:dns:122:26) {
      errno: -3008,
      code: 'EDNS',
      syscall: 'getaddrinfo',
      hostname: 'smtp.test.local',
      command: 'CONN'
    }

    [0m [90m 114 |[39m       }
     [90m 115 |[39m     } [36mcatch[39m (error[33m:[39m any) {
    [31m[1m>[22m[39m[90m 116 |[39m       console[33m.[39merror([32m'❌ [EmailService] Erreur vérification connexion:'[39m[33m,[39m error)[33m;[39m
     [90m     |[39m               [31m[1m^[22m[39m
     [90m 117 |[39m       [36mthis[39m[33m.[39minitialized [33m=[39m [36mfalse[39m[33m;[39m
     [90m 118 |[39m     }
     [90m 119 |[39m   }[0m

      at EmailService.verifyConnection (src/services/emailService.ts:116:15)

  console.error
    ❌ [EmailService] Erreur vérification connexion: Error: getaddrinfo ENOTFOUND smtp.test.local
        at GetAddrInfoReqWrap.onlookupall [as oncomplete] (node:dns:122:26) {
      errno: -3008,
      code: 'EDNS',
      syscall: 'getaddrinfo',
      hostname: 'smtp.test.local',
      command: 'CONN'
    }

    [0m [90m 114 |[39m       }
     [90m 115 |[39m     } [36mcatch[39m (error[33m:[39m any) {
    [31m[1m>[22m[39m[90m 116 |[39m       console[33m.[39merror([32m'❌ [EmailService] Erreur vérification connexion:'[39m[33m,[39m error)[33m;[39m
     [90m     |[39m               [31m[1m^[22m[39m
     [90m 117 |[39m       [36mthis[39m[33m.[39minitialized [33m=[39m [36mfalse[39m[33m;[39m
     [90m 118 |[39m     }
     [90m 119 |[39m   }[0m

      at EmailService.verifyConnection (src/services/emailService.ts:116:15)

  console.log
    📊 [Handler Statistiques] Récupération des statistiques du magasin

      at getStatistiquesMagasin (src/routes/magasin/core/handlers/health.handler.ts:62:13)

  console.log
    📊 [Service Magasin] Calcul des statistiques

      at calculerStatistiquesMagasin (src/routes/magasin/core/services/magasin.service.ts:805:11)

  console.log
    ✅ [Handler Statistiques] Statistiques récupérées avec succès

      at getStatistiquesMagasin (src/routes/magasin/core/handlers/health.handler.ts:75:13)

  console.log
    📝 [Handler Articles] Création d'un nouvel article

      at createArticle (src/routes/magasin/core/handlers/create-article.handler.ts:17:13)

  console.log
    Données validées par le schéma Zod: {"nom":"Article 0","prix":25.99,"categorie_id":1,"images":[],"stocks":[],"actif":true}

      at createArticle (src/routes/magasin/core/handlers/create-article.handler.ts:22:13)

  console.log
    📝 [Service Magasin] Ajout d'un nouvel article: Article 0

      at ajouterArticle (src/routes/magasin/core/services/magasin.service.ts:216:11)

  console.log
    📝 [Handler Articles] Création d'un nouvel article

      at createArticle (src/routes/magasin/core/handlers/create-article.handler.ts:17:13)

  console.log
    Données validées par le schéma Zod: {"nom":"Article 1","prix":25.99,"categorie_id":1,"images":[],"stocks":[],"actif":true}

      at createArticle (src/routes/magasin/core/handlers/create-article.handler.ts:22:13)

  console.log
    📝 [Service Magasin] Ajout d'un nouvel article: Article 1

      at ajouterArticle (src/routes/magasin/core/services/magasin.service.ts:216:11)

  console.log
    📝 [Handler Articles] Création d'un nouvel article

      at createArticle (src/routes/magasin/core/handlers/create-article.handler.ts:17:13)

  console.log
    Données validées par le schéma Zod: {"nom":"Article 2","prix":25.99,"categorie_id":1,"images":[],"stocks":[],"actif":true}

      at createArticle (src/routes/magasin/core/handlers/create-article.handler.ts:22:13)

  console.log
    📝 [Service Magasin] Ajout d'un nouvel article: Article 2

      at ajouterArticle (src/routes/magasin/core/services/magasin.service.ts:216:11)

  console.log
    📝 [Handler Articles] Création d'un nouvel article

      at createArticle (src/routes/magasin/core/handlers/create-article.handler.ts:17:13)

  console.log
    Données validées par le schéma Zod: {"nom":"Article 3","prix":25.99,"categorie_id":1,"images":[],"stocks":[],"actif":true}

      at createArticle (src/routes/magasin/core/handlers/create-article.handler.ts:22:13)

  console.log
    📝 [Service Magasin] Ajout d'un nouvel article: Article 3

      at ajouterArticle (src/routes/magasin/core/services/magasin.service.ts:216:11)

  console.log
    📝 [Handler Articles] Création d'un nouvel article

      at createArticle (src/routes/magasin/core/handlers/create-article.handler.ts:17:13)

  console.log
    Données validées par le schéma Zod: {"nom":"Article 4","prix":25.99,"categorie_id":1,"images":[],"stocks":[],"actif":true}

      at createArticle (src/routes/magasin/core/handlers/create-article.handler.ts:22:13)

  console.log
    📝 [Service Magasin] Ajout d'un nouvel article: Article 4

      at ajouterArticle (src/routes/magasin/core/services/magasin.service.ts:216:11)

  console.log
    📝 [Handler Articles] Création d'un nouvel article

      at createArticle (src/routes/magasin/core/handlers/create-article.handler.ts:17:13)

  console.log
    Données validées par le schéma Zod: {"nom":"Article 5","prix":25.99,"categorie_id":1,"images":[],"stocks":[],"actif":true}

      at createArticle (src/routes/magasin/core/handlers/create-article.handler.ts:22:13)

  console.log
    📝 [Service Magasin] Ajout d'un nouvel article: Article 5

      at ajouterArticle (src/routes/magasin/core/services/magasin.service.ts:216:11)

  console.log
    📝 [Handler Articles] Création d'un nouvel article

      at createArticle (src/routes/magasin/core/handlers/create-article.handler.ts:17:13)

  console.log
    Données validées par le schéma Zod: {"nom":"Article 6","prix":25.99,"categorie_id":1,"images":[],"stocks":[],"actif":true}

      at createArticle (src/routes/magasin/core/handlers/create-article.handler.ts:22:13)

  console.log
    📝 [Service Magasin] Ajout d'un nouvel article: Article 6

      at ajouterArticle (src/routes/magasin/core/services/magasin.service.ts:216:11)

  console.log
    📝 [Handler Articles] Création d'un nouvel article

      at createArticle (src/routes/magasin/core/handlers/create-article.handler.ts:17:13)

  console.log
    Données validées par le schéma Zod: {"nom":"Article 7","prix":25.99,"categorie_id":1,"images":[],"stocks":[],"actif":true}

      at createArticle (src/routes/magasin/core/handlers/create-article.handler.ts:22:13)

  console.log
    📝 [Service Magasin] Ajout d'un nouvel article: Article 7

      at ajouterArticle (src/routes/magasin/core/services/magasin.service.ts:216:11)

  console.log
    📝 [Handler Articles] Création d'un nouvel article

      at createArticle (src/routes/magasin/core/handlers/create-article.handler.ts:17:13)

  console.log
    Données validées par le schéma Zod: {"nom":"Article 8","prix":25.99,"categorie_id":1,"images":[],"stocks":[],"actif":true}

      at createArticle (src/routes/magasin/core/handlers/create-article.handler.ts:22:13)

  console.log
    📝 [Service Magasin] Ajout d'un nouvel article: Article 8

      at ajouterArticle (src/routes/magasin/core/services/magasin.service.ts:216:11)

  console.log
    📝 [Handler Articles] Création d'un nouvel article

      at createArticle (src/routes/magasin/core/handlers/create-article.handler.ts:17:13)

  console.log
    Données validées par le schéma Zod: {"nom":"Article 9","prix":25.99,"categorie_id":1,"images":[],"stocks":[],"actif":true}

      at createArticle (src/routes/magasin/core/handlers/create-article.handler.ts:22:13)

  console.log
    📝 [Service Magasin] Ajout d'un nouvel article: Article 9

      at ajouterArticle (src/routes/magasin/core/services/magasin.service.ts:216:11)

  console.log
    📝 [Handler Articles] Création d'un nouvel article

      at createArticle (src/routes/magasin/core/handlers/create-article.handler.ts:17:13)

  console.log
    Données validées par le schéma Zod: {"nom":"Article 10","prix":25.99,"categorie_id":1,"images":[],"stocks":[],"actif":true}

      at createArticle (src/routes/magasin/core/handlers/create-article.handler.ts:22:13)

  console.log
    📝 [Service Magasin] Ajout d'un nouvel article: Article 10

      at ajouterArticle (src/routes/magasin/core/services/magasin.service.ts:216:11)

  console.log
    📝 [Handler Articles] Création d'un nouvel article

      at createArticle (src/routes/magasin/core/handlers/create-article.handler.ts:17:13)

  console.log
    Données validées par le schéma Zod: {"nom":"Article 11","prix":25.99,"categorie_id":1,"images":[],"stocks":[],"actif":true}

      at createArticle (src/routes/magasin/core/handlers/create-article.handler.ts:22:13)

  console.log
    📝 [Service Magasin] Ajout d'un nouvel article: Article 11

      at ajouterArticle (src/routes/magasin/core/services/magasin.service.ts:216:11)

  console.log
    📝 [Handler Articles] Création d'un nouvel article

      at createArticle (src/routes/magasin/core/handlers/create-article.handler.ts:17:13)

  console.log
    Données validées par le schéma Zod: {"nom":"Article 12","prix":25.99,"categorie_id":1,"images":[],"stocks":[],"actif":true}

      at createArticle (src/routes/magasin/core/handlers/create-article.handler.ts:22:13)

  console.log
    📝 [Service Magasin] Ajout d'un nouvel article: Article 12

      at ajouterArticle (src/routes/magasin/core/services/magasin.service.ts:216:11)

  console.log
    📝 [Handler Articles] Création d'un nouvel article

      at createArticle (src/routes/magasin/core/handlers/create-article.handler.ts:17:13)

  console.log
    Données validées par le schéma Zod: {"nom":"Article 13","prix":25.99,"categorie_id":1,"images":[],"stocks":[],"actif":true}

      at createArticle (src/routes/magasin/core/handlers/create-article.handler.ts:22:13)

  console.log
    📝 [Service Magasin] Ajout d'un nouvel article: Article 13

      at ajouterArticle (src/routes/magasin/core/services/magasin.service.ts:216:11)

  console.log
    📝 [Handler Articles] Création d'un nouvel article

      at createArticle (src/routes/magasin/core/handlers/create-article.handler.ts:17:13)

  console.log
    Données validées par le schéma Zod: {"nom":"Article 14","prix":25.99,"categorie_id":1,"images":[],"stocks":[],"actif":true}

      at createArticle (src/routes/magasin/core/handlers/create-article.handler.ts:22:13)

  console.log
    📝 [Service Magasin] Ajout d'un nouvel article: Article 14

      at ajouterArticle (src/routes/magasin/core/services/magasin.service.ts:216:11)

  console.log
    📝 [Handler Articles] Création d'un nouvel article

      at createArticle (src/routes/magasin/core/handlers/create-article.handler.ts:17:13)

  console.log
    Données validées par le schéma Zod: {"nom":"Article 15","prix":25.99,"categorie_id":1,"images":[],"stocks":[],"actif":true}

      at createArticle (src/routes/magasin/core/handlers/create-article.handler.ts:22:13)

  console.log
    📝 [Service Magasin] Ajout d'un nouvel article: Article 15

      at ajouterArticle (src/routes/magasin/core/services/magasin.service.ts:216:11)

  console.log
    📝 [Handler Articles] Création d'un nouvel article

      at createArticle (src/routes/magasin/core/handlers/create-article.handler.ts:17:13)

  console.log
    Données validées par le schéma Zod: {"nom":"Article 16","prix":25.99,"categorie_id":1,"images":[],"stocks":[],"actif":true}

      at createArticle (src/routes/magasin/core/handlers/create-article.handler.ts:22:13)

  console.log
    📝 [Service Magasin] Ajout d'un nouvel article: Article 16

      at ajouterArticle (src/routes/magasin/core/services/magasin.service.ts:216:11)

  console.log
    📝 [Handler Articles] Création d'un nouvel article

      at createArticle (src/routes/magasin/core/handlers/create-article.handler.ts:17:13)

  console.log
    Données validées par le schéma Zod: {"nom":"Article 17","prix":25.99,"categorie_id":1,"images":[],"stocks":[],"actif":true}

      at createArticle (src/routes/magasin/core/handlers/create-article.handler.ts:22:13)

  console.log
    📝 [Service Magasin] Ajout d'un nouvel article: Article 17

      at ajouterArticle (src/routes/magasin/core/services/magasin.service.ts:216:11)

  console.log
    📝 [Handler Articles] Création d'un nouvel article

      at createArticle (src/routes/magasin/core/handlers/create-article.handler.ts:17:13)

  console.log
    Données validées par le schéma Zod: {"nom":"Article 18","prix":25.99,"categorie_id":1,"images":[],"stocks":[],"actif":true}

      at createArticle (src/routes/magasin/core/handlers/create-article.handler.ts:22:13)

  console.log
    📝 [Service Magasin] Ajout d'un nouvel article: Article 18

      at ajouterArticle (src/routes/magasin/core/services/magasin.service.ts:216:11)

  console.log
    📝 [Handler Articles] Création d'un nouvel article

      at createArticle (src/routes/magasin/core/handlers/create-article.handler.ts:17:13)

  console.log
    Données validées par le schéma Zod: {"nom":"Article 19","prix":25.99,"categorie_id":1,"images":[],"stocks":[],"actif":true}

      at createArticle (src/routes/magasin/core/handlers/create-article.handler.ts:22:13)

  console.log
    📝 [Service Magasin] Ajout d'un nouvel article: Article 19

      at ajouterArticle (src/routes/magasin/core/services/magasin.service.ts:216:11)

  console.log
    📝 [Handler Articles] Création d'un nouvel article

      at createArticle (src/routes/magasin/core/handlers/create-article.handler.ts:17:13)

  console.log
    Données validées par le schéma Zod: {"nom":"Article 20","prix":25.99,"categorie_id":1,"images":[],"stocks":[],"actif":true}

      at createArticle (src/routes/magasin/core/handlers/create-article.handler.ts:22:13)

  console.log
    📝 [Service Magasin] Ajout d'un nouvel article: Article 20

      at ajouterArticle (src/routes/magasin/core/services/magasin.service.ts:216:11)

  console.log
    📝 [Handler Articles] Création d'un nouvel article

      at createArticle (src/routes/magasin/core/handlers/create-article.handler.ts:17:13)

  console.log
    Données validées par le schéma Zod: {"nom":"Article 21","prix":25.99,"categorie_id":1,"images":[],"stocks":[],"actif":true}

      at createArticle (src/routes/magasin/core/handlers/create-article.handler.ts:22:13)

  console.log
    📝 [Service Magasin] Ajout d'un nouvel article: Article 21

      at ajouterArticle (src/routes/magasin/core/services/magasin.service.ts:216:11)

  console.log
    📝 [Handler Articles] Création d'un nouvel article

      at createArticle (src/routes/magasin/core/handlers/create-article.handler.ts:17:13)

  console.log
    Données validées par le schéma Zod: {"nom":"Article 22","prix":25.99,"categorie_id":1,"images":[],"stocks":[],"actif":true}

      at createArticle (src/routes/magasin/core/handlers/create-article.handler.ts:22:13)

  console.log
    📝 [Service Magasin] Ajout d'un nouvel article: Article 22

      at ajouterArticle (src/routes/magasin/core/services/magasin.service.ts:216:11)

  console.log
    📝 [Handler Articles] Création d'un nouvel article

      at createArticle (src/routes/magasin/core/handlers/create-article.handler.ts:17:13)

  console.log
    Données validées par le schéma Zod: {"nom":"Article 23","prix":25.99,"categorie_id":1,"images":[],"stocks":[],"actif":true}

      at createArticle (src/routes/magasin/core/handlers/create-article.handler.ts:22:13)

  console.log
    📝 [Service Magasin] Ajout d'un nouvel article: Article 23

      at ajouterArticle (src/routes/magasin/core/services/magasin.service.ts:216:11)

  console.log
    📝 [Handler Articles] Création d'un nouvel article

      at createArticle (src/routes/magasin/core/handlers/create-article.handler.ts:17:13)

  console.log
    Données validées par le schéma Zod: {"nom":"Article 24","prix":25.99,"categorie_id":1,"images":[],"stocks":[],"actif":true}

      at createArticle (src/routes/magasin/core/handlers/create-article.handler.ts:22:13)

  console.log
    📝 [Service Magasin] Ajout d'un nouvel article: Article 24

      at ajouterArticle (src/routes/magasin/core/services/magasin.service.ts:216:11)

  console.log
    📝 [Handler Articles] Création d'un nouvel article

      at createArticle (src/routes/magasin/core/handlers/create-article.handler.ts:17:13)

  console.log
    Données validées par le schéma Zod: {"nom":"Article 25","prix":25.99,"categorie_id":1,"images":[],"stocks":[],"actif":true}

      at createArticle (src/routes/magasin/core/handlers/create-article.handler.ts:22:13)

  console.log
    📝 [Service Magasin] Ajout d'un nouvel article: Article 25

      at ajouterArticle (src/routes/magasin/core/services/magasin.service.ts:216:11)

  console.log
    📝 [Handler Articles] Création d'un nouvel article

      at createArticle (src/routes/magasin/core/handlers/create-article.handler.ts:17:13)

  console.log
    Données validées par le schéma Zod: {"nom":"Article 26","prix":25.99,"categorie_id":1,"images":[],"stocks":[],"actif":true}

      at createArticle (src/routes/magasin/core/handlers/create-article.handler.ts:22:13)

  console.log
    📝 [Service Magasin] Ajout d'un nouvel article: Article 26

      at ajouterArticle (src/routes/magasin/core/services/magasin.service.ts:216:11)

  console.log
    📝 [Handler Articles] Création d'un nouvel article

      at createArticle (src/routes/magasin/core/handlers/create-article.handler.ts:17:13)

  console.log
    Données validées par le schéma Zod: {"nom":"Article 27","prix":25.99,"categorie_id":1,"images":[],"stocks":[],"actif":true}

      at createArticle (src/routes/magasin/core/handlers/create-article.handler.ts:22:13)

  console.log
    📝 [Service Magasin] Ajout d'un nouvel article: Article 27

      at ajouterArticle (src/routes/magasin/core/services/magasin.service.ts:216:11)

  console.log
    📝 [Handler Articles] Création d'un nouvel article

      at createArticle (src/routes/magasin/core/handlers/create-article.handler.ts:17:13)

  console.log
    Données validées par le schéma Zod: {"nom":"Article 28","prix":25.99,"categorie_id":1,"images":[],"stocks":[],"actif":true}

      at createArticle (src/routes/magasin/core/handlers/create-article.handler.ts:22:13)

  console.log
    📝 [Service Magasin] Ajout d'un nouvel article: Article 28

      at ajouterArticle (src/routes/magasin/core/services/magasin.service.ts:216:11)

  console.log
    📝 [Handler Articles] Création d'un nouvel article

      at createArticle (src/routes/magasin/core/handlers/create-article.handler.ts:17:13)

  console.log
    Données validées par le schéma Zod: {"nom":"Article 29","prix":25.99,"categorie_id":1,"images":[],"stocks":[],"actif":true}

      at createArticle (src/routes/magasin/core/handlers/create-article.handler.ts:22:13)

  console.log
    📝 [Service Magasin] Ajout d'un nouvel article: Article 29

      at ajouterArticle (src/routes/magasin/core/services/magasin.service.ts:216:11)

  console.log
    📝 [Handler Articles] Création d'un nouvel article

      at createArticle (src/routes/magasin/core/handlers/create-article.handler.ts:17:13)

  console.log
    Données validées par le schéma Zod: {"nom":"Article 30","prix":25.99,"categorie_id":1,"images":[],"stocks":[],"actif":true}

      at createArticle (src/routes/magasin/core/handlers/create-article.handler.ts:22:13)

  console.log
    📝 [Service Magasin] Ajout d'un nouvel article: Article 30

      at ajouterArticle (src/routes/magasin/core/services/magasin.service.ts:216:11)

  console.log
    📝 [Handler Articles] Création d'un nouvel article

      at createArticle (src/routes/magasin/core/handlers/create-article.handler.ts:17:13)

  console.log
    Données validées par le schéma Zod: {"nom":"Article 31","prix":25.99,"categorie_id":1,"images":[],"stocks":[],"actif":true}

      at createArticle (src/routes/magasin/core/handlers/create-article.handler.ts:22:13)

  console.log
    📝 [Service Magasin] Ajout d'un nouvel article: Article 31

      at ajouterArticle (src/routes/magasin/core/services/magasin.service.ts:216:11)

  console.log
    📝 [Handler Articles] Création d'un nouvel article

      at createArticle (src/routes/magasin/core/handlers/create-article.handler.ts:17:13)

  console.log
    Données validées par le schéma Zod: {"nom":"Article 32","prix":25.99,"categorie_id":1,"images":[],"stocks":[],"actif":true}

      at createArticle (src/routes/magasin/core/handlers/create-article.handler.ts:22:13)

  console.log
    📝 [Service Magasin] Ajout d'un nouvel article: Article 32

      at ajouterArticle (src/routes/magasin/core/services/magasin.service.ts:216:11)

  console.log
    📝 [Handler Articles] Création d'un nouvel article

      at createArticle (src/routes/magasin/core/handlers/create-article.handler.ts:17:13)

  console.log
    Données validées par le schéma Zod: {"nom":"Article 33","prix":25.99,"categorie_id":1,"images":[],"stocks":[],"actif":true}

      at createArticle (src/routes/magasin/core/handlers/create-article.handler.ts:22:13)

  console.log
    📝 [Service Magasin] Ajout d'un nouvel article: Article 33

      at ajouterArticle (src/routes/magasin/core/services/magasin.service.ts:216:11)

  console.log
    📝 [Handler Articles] Création d'un nouvel article

      at createArticle (src/routes/magasin/core/handlers/create-article.handler.ts:17:13)

  console.log
    Données validées par le schéma Zod: {"nom":"Article 34","prix":25.99,"categorie_id":1,"images":[],"stocks":[],"actif":true}

      at createArticle (src/routes/magasin/core/handlers/create-article.handler.ts:22:13)

  console.log
    📝 [Service Magasin] Ajout d'un nouvel article: Article 34

      at ajouterArticle (src/routes/magasin/core/services/magasin.service.ts:216:11)

  console.log
    📝 [Handler Articles] Création d'un nouvel article

      at createArticle (src/routes/magasin/core/handlers/create-article.handler.ts:17:13)

  console.log
    Données validées par le schéma Zod: {"nom":"Article 35","prix":25.99,"categorie_id":1,"images":[],"stocks":[],"actif":true}

      at createArticle (src/routes/magasin/core/handlers/create-article.handler.ts:22:13)

  console.log
    📝 [Service Magasin] Ajout d'un nouvel article: Article 35

      at ajouterArticle (src/routes/magasin/core/services/magasin.service.ts:216:11)

  console.log
    📝 [Handler Articles] Création d'un nouvel article

      at createArticle (src/routes/magasin/core/handlers/create-article.handler.ts:17:13)

  console.log
    Données validées par le schéma Zod: {"nom":"Article 36","prix":25.99,"categorie_id":1,"images":[],"stocks":[],"actif":true}

      at createArticle (src/routes/magasin/core/handlers/create-article.handler.ts:22:13)

  console.log
    📝 [Service Magasin] Ajout d'un nouvel article: Article 36

      at ajouterArticle (src/routes/magasin/core/services/magasin.service.ts:216:11)

  console.log
    📝 [Handler Articles] Création d'un nouvel article

      at createArticle (src/routes/magasin/core/handlers/create-article.handler.ts:17:13)

  console.log
    Données validées par le schéma Zod: {"nom":"Article 37","prix":25.99,"categorie_id":1,"images":[],"stocks":[],"actif":true}

      at createArticle (src/routes/magasin/core/handlers/create-article.handler.ts:22:13)

  console.log
    📝 [Service Magasin] Ajout d'un nouvel article: Article 37

      at ajouterArticle (src/routes/magasin/core/services/magasin.service.ts:216:11)

  console.log
    📝 [Handler Articles] Création d'un nouvel article

      at createArticle (src/routes/magasin/core/handlers/create-article.handler.ts:17:13)

  console.log
    Données validées par le schéma Zod: {"nom":"Article 38","prix":25.99,"categorie_id":1,"images":[],"stocks":[],"actif":true}

      at createArticle (src/routes/magasin/core/handlers/create-article.handler.ts:22:13)

  console.log
    📝 [Service Magasin] Ajout d'un nouvel article: Article 38

      at ajouterArticle (src/routes/magasin/core/services/magasin.service.ts:216:11)

  console.log
    📝 [Handler Articles] Création d'un nouvel article

      at createArticle (src/routes/magasin/core/handlers/create-article.handler.ts:17:13)

  console.log
    Données validées par le schéma Zod: {"nom":"Article 39","prix":25.99,"categorie_id":1,"images":[],"stocks":[],"actif":true}

      at createArticle (src/routes/magasin/core/handlers/create-article.handler.ts:22:13)

  console.log
    📝 [Service Magasin] Ajout d'un nouvel article: Article 39

      at ajouterArticle (src/routes/magasin/core/services/magasin.service.ts:216:11)

  console.log
    📝 [Handler Articles] Création d'un nouvel article

      at createArticle (src/routes/magasin/core/handlers/create-article.handler.ts:17:13)

  console.log
    Données validées par le schéma Zod: {"nom":"Article 40","prix":25.99,"categorie_id":1,"images":[],"stocks":[],"actif":true}

      at createArticle (src/routes/magasin/core/handlers/create-article.handler.ts:22:13)

  console.log
    📝 [Service Magasin] Ajout d'un nouvel article: Article 40

      at ajouterArticle (src/routes/magasin/core/services/magasin.service.ts:216:11)

  console.log
    📝 [Handler Articles] Création d'un nouvel article

      at createArticle (src/routes/magasin/core/handlers/create-article.handler.ts:17:13)

  console.log
    Données validées par le schéma Zod: {"nom":"Article 41","prix":25.99,"categorie_id":1,"images":[],"stocks":[],"actif":true}

      at createArticle (src/routes/magasin/core/handlers/create-article.handler.ts:22:13)

  console.log
    📝 [Service Magasin] Ajout d'un nouvel article: Article 41

      at ajouterArticle (src/routes/magasin/core/services/magasin.service.ts:216:11)

  console.log
    📝 [Handler Articles] Création d'un nouvel article

      at createArticle (src/routes/magasin/core/handlers/create-article.handler.ts:17:13)

  console.log
    Données validées par le schéma Zod: {"nom":"Article 42","prix":25.99,"categorie_id":1,"images":[],"stocks":[],"actif":true}

      at createArticle (src/routes/magasin/core/handlers/create-article.handler.ts:22:13)

  console.log
    📝 [Service Magasin] Ajout d'un nouvel article: Article 42

      at ajouterArticle (src/routes/magasin/core/services/magasin.service.ts:216:11)

  console.log
    📝 [Handler Articles] Création d'un nouvel article

      at createArticle (src/routes/magasin/core/handlers/create-article.handler.ts:17:13)

  console.log
    Données validées par le schéma Zod: {"nom":"Article 43","prix":25.99,"categorie_id":1,"images":[],"stocks":[],"actif":true}

      at createArticle (src/routes/magasin/core/handlers/create-article.handler.ts:22:13)

  console.log
    📝 [Service Magasin] Ajout d'un nouvel article: Article 43

      at ajouterArticle (src/routes/magasin/core/services/magasin.service.ts:216:11)

  console.log
    📝 [Handler Articles] Création d'un nouvel article

      at createArticle (src/routes/magasin/core/handlers/create-article.handler.ts:17:13)

  console.log
    Données validées par le schéma Zod: {"nom":"Article 44","prix":25.99,"categorie_id":1,"images":[],"stocks":[],"actif":true}

      at createArticle (src/routes/magasin/core/handlers/create-article.handler.ts:22:13)

  console.log
    📝 [Service Magasin] Ajout d'un nouvel article: Article 44

      at ajouterArticle (src/routes/magasin/core/services/magasin.service.ts:216:11)

  console.log
    📝 [Handler Articles] Création d'un nouvel article

      at createArticle (src/routes/magasin/core/handlers/create-article.handler.ts:17:13)

  console.log
    Données validées par le schéma Zod: {"nom":"Article 45","prix":25.99,"categorie_id":1,"images":[],"stocks":[],"actif":true}

      at createArticle (src/routes/magasin/core/handlers/create-article.handler.ts:22:13)

  console.log
    📝 [Service Magasin] Ajout d'un nouvel article: Article 45

      at ajouterArticle (src/routes/magasin/core/services/magasin.service.ts:216:11)

  console.log
    📝 [Handler Articles] Création d'un nouvel article

      at createArticle (src/routes/magasin/core/handlers/create-article.handler.ts:17:13)

  console.log
    Données validées par le schéma Zod: {"nom":"Article 46","prix":25.99,"categorie_id":1,"images":[],"stocks":[],"actif":true}

      at createArticle (src/routes/magasin/core/handlers/create-article.handler.ts:22:13)

  console.log
    📝 [Service Magasin] Ajout d'un nouvel article: Article 46

      at ajouterArticle (src/routes/magasin/core/services/magasin.service.ts:216:11)

  console.log
    📝 [Handler Articles] Création d'un nouvel article

      at createArticle (src/routes/magasin/core/handlers/create-article.handler.ts:17:13)

  console.log
    Données validées par le schéma Zod: {"nom":"Article 47","prix":25.99,"categorie_id":1,"images":[],"stocks":[],"actif":true}

      at createArticle (src/routes/magasin/core/handlers/create-article.handler.ts:22:13)

  console.log
    📝 [Service Magasin] Ajout d'un nouvel article: Article 47

      at ajouterArticle (src/routes/magasin/core/services/magasin.service.ts:216:11)

  console.log
    📝 [Handler Articles] Création d'un nouvel article

      at createArticle (src/routes/magasin/core/handlers/create-article.handler.ts:17:13)

  console.log
    Données validées par le schéma Zod: {"nom":"Article 48","prix":25.99,"categorie_id":1,"images":[],"stocks":[],"actif":true}

      at createArticle (src/routes/magasin/core/handlers/create-article.handler.ts:22:13)

  console.log
    📝 [Service Magasin] Ajout d'un nouvel article: Article 48

      at ajouterArticle (src/routes/magasin/core/services/magasin.service.ts:216:11)

  console.log
    📝 [Handler Articles] Création d'un nouvel article

      at createArticle (src/routes/magasin/core/handlers/create-article.handler.ts:17:13)

  console.log
    Données validées par le schéma Zod: {"nom":"Article 49","prix":25.99,"categorie_id":1,"images":[],"stocks":[],"actif":true}

      at createArticle (src/routes/magasin/core/handlers/create-article.handler.ts:22:13)

  console.log
    📝 [Service Magasin] Ajout d'un nouvel article: Article 49

      at ajouterArticle (src/routes/magasin/core/services/magasin.service.ts:216:11)

  console.log
    📝 [Handler Articles] Création d'un nouvel article

      at createArticle (src/routes/magasin/core/handlers/create-article.handler.ts:17:13)

  console.log
    Données validées par le schéma Zod: {"nom":"Article 50","prix":25.99,"categorie_id":1,"images":[],"stocks":[],"actif":true}

      at createArticle (src/routes/magasin/core/handlers/create-article.handler.ts:22:13)

  console.log
    📝 [Service Magasin] Ajout d'un nouvel article: Article 50

      at ajouterArticle (src/routes/magasin/core/services/magasin.service.ts:216:11)

  console.log
    📝 [Handler Articles] Création d'un nouvel article

      at createArticle (src/routes/magasin/core/handlers/create-article.handler.ts:17:13)

  console.log
    Données validées par le schéma Zod: {"nom":"Article 51","prix":25.99,"categorie_id":1,"images":[],"stocks":[],"actif":true}

      at createArticle (src/routes/magasin/core/handlers/create-article.handler.ts:22:13)

  console.log
    📝 [Service Magasin] Ajout d'un nouvel article: Article 51

      at ajouterArticle (src/routes/magasin/core/services/magasin.service.ts:216:11)

  console.log
    📝 [Handler Articles] Création d'un nouvel article

      at createArticle (src/routes/magasin/core/handlers/create-article.handler.ts:17:13)

  console.log
    Données validées par le schéma Zod: {"nom":"Article 52","prix":25.99,"categorie_id":1,"images":[],"stocks":[],"actif":true}

      at createArticle (src/routes/magasin/core/handlers/create-article.handler.ts:22:13)

  console.log
    📝 [Service Magasin] Ajout d'un nouvel article: Article 52

      at ajouterArticle (src/routes/magasin/core/services/magasin.service.ts:216:11)

  console.log
    📝 [Handler Articles] Création d'un nouvel article

      at createArticle (src/routes/magasin/core/handlers/create-article.handler.ts:17:13)

  console.log
    Données validées par le schéma Zod: {"nom":"Article 53","prix":25.99,"categorie_id":1,"images":[],"stocks":[],"actif":true}

      at createArticle (src/routes/magasin/core/handlers/create-article.handler.ts:22:13)

  console.log
    📝 [Service Magasin] Ajout d'un nouvel article: Article 53

      at ajouterArticle (src/routes/magasin/core/services/magasin.service.ts:216:11)

  console.log
    📝 [Handler Articles] Création d'un nouvel article

      at createArticle (src/routes/magasin/core/handlers/create-article.handler.ts:17:13)

  console.log
    Données validées par le schéma Zod: {"nom":"Article 54","prix":25.99,"categorie_id":1,"images":[],"stocks":[],"actif":true}

      at createArticle (src/routes/magasin/core/handlers/create-article.handler.ts:22:13)

  console.log
    📝 [Service Magasin] Ajout d'un nouvel article: Article 54

      at ajouterArticle (src/routes/magasin/core/services/magasin.service.ts:216:11)

  console.log
    📝 [Handler Articles] Création d'un nouvel article

      at createArticle (src/routes/magasin/core/handlers/create-article.handler.ts:17:13)

  console.log
    Données validées par le schéma Zod: {"nom":"Article 55","prix":25.99,"categorie_id":1,"images":[],"stocks":[],"actif":true}

      at createArticle (src/routes/magasin/core/handlers/create-article.handler.ts:22:13)

  console.log
    📝 [Service Magasin] Ajout d'un nouvel article: Article 55

      at ajouterArticle (src/routes/magasin/core/services/magasin.service.ts:216:11)

  console.log
    📝 [Handler Articles] Création d'un nouvel article

      at createArticle (src/routes/magasin/core/handlers/create-article.handler.ts:17:13)

  console.log
    Données validées par le schéma Zod: {"nom":"Article 56","prix":25.99,"categorie_id":1,"images":[],"stocks":[],"actif":true}

      at createArticle (src/routes/magasin/core/handlers/create-article.handler.ts:22:13)

  console.log
    📝 [Service Magasin] Ajout d'un nouvel article: Article 56

      at ajouterArticle (src/routes/magasin/core/services/magasin.service.ts:216:11)

  console.log
    📝 [Handler Articles] Création d'un nouvel article

      at createArticle (src/routes/magasin/core/handlers/create-article.handler.ts:17:13)

  console.log
    Données validées par le schéma Zod: {"nom":"Article 57","prix":25.99,"categorie_id":1,"images":[],"stocks":[],"actif":true}

      at createArticle (src/routes/magasin/core/handlers/create-article.handler.ts:22:13)

  console.log
    📝 [Service Magasin] Ajout d'un nouvel article: Article 57

      at ajouterArticle (src/routes/magasin/core/services/magasin.service.ts:216:11)

  console.log
    📝 [Handler Articles] Création d'un nouvel article

      at createArticle (src/routes/magasin/core/handlers/create-article.handler.ts:17:13)

  console.log
    Données validées par le schéma Zod: {"nom":"Article 58","prix":25.99,"categorie_id":1,"images":[],"stocks":[],"actif":true}

      at createArticle (src/routes/magasin/core/handlers/create-article.handler.ts:22:13)

  console.log
    📝 [Service Magasin] Ajout d'un nouvel article: Article 58

      at ajouterArticle (src/routes/magasin/core/services/magasin.service.ts:216:11)

  console.log
    📝 [Handler Articles] Création d'un nouvel article

      at createArticle (src/routes/magasin/core/handlers/create-article.handler.ts:17:13)

  console.log
    Données validées par le schéma Zod: {"nom":"Article 59","prix":25.99,"categorie_id":1,"images":[],"stocks":[],"actif":true}

      at createArticle (src/routes/magasin/core/handlers/create-article.handler.ts:22:13)

  console.log
    📝 [Service Magasin] Ajout d'un nouvel article: Article 59

      at ajouterArticle (src/routes/magasin/core/services/magasin.service.ts:216:11)

  console.log
    📝 [Handler Articles] Création d'un nouvel article

      at createArticle (src/routes/magasin/core/handlers/create-article.handler.ts:17:13)

  console.log
    Données validées par le schéma Zod: {"nom":"Article 60","prix":25.99,"categorie_id":1,"images":[],"stocks":[],"actif":true}

      at createArticle (src/routes/magasin/core/handlers/create-article.handler.ts:22:13)

  console.log
    📝 [Service Magasin] Ajout d'un nouvel article: Article 60

      at ajouterArticle (src/routes/magasin/core/services/magasin.service.ts:216:11)

  console.log
    📝 [Handler Articles] Création d'un nouvel article

      at createArticle (src/routes/magasin/core/handlers/create-article.handler.ts:17:13)

  console.log
    Données validées par le schéma Zod: {"nom":"Article 61","prix":25.99,"categorie_id":1,"images":[],"stocks":[],"actif":true}

      at createArticle (src/routes/magasin/core/handlers/create-article.handler.ts:22:13)

  console.log
    📝 [Service Magasin] Ajout d'un nouvel article: Article 61

      at ajouterArticle (src/routes/magasin/core/services/magasin.service.ts:216:11)

  console.log
    📝 [Handler Articles] Création d'un nouvel article

      at createArticle (src/routes/magasin/core/handlers/create-article.handler.ts:17:13)

  console.log
    Données validées par le schéma Zod: {"nom":"Article 62","prix":25.99,"categorie_id":1,"images":[],"stocks":[],"actif":true}

      at createArticle (src/routes/magasin/core/handlers/create-article.handler.ts:22:13)

  console.log
    📝 [Service Magasin] Ajout d'un nouvel article: Article 62

      at ajouterArticle (src/routes/magasin/core/services/magasin.service.ts:216:11)

  console.log
    📝 [Handler Articles] Création d'un nouvel article

      at createArticle (src/routes/magasin/core/handlers/create-article.handler.ts:17:13)

  console.log
    Données validées par le schéma Zod: {"nom":"Article 63","prix":25.99,"categorie_id":1,"images":[],"stocks":[],"actif":true}

      at createArticle (src/routes/magasin/core/handlers/create-article.handler.ts:22:13)

  console.log
    📝 [Service Magasin] Ajout d'un nouvel article: Article 63

      at ajouterArticle (src/routes/magasin/core/services/magasin.service.ts:216:11)

  console.log
    📝 [Handler Articles] Création d'un nouvel article

      at createArticle (src/routes/magasin/core/handlers/create-article.handler.ts:17:13)

  console.log
    Données validées par le schéma Zod: {"nom":"Article 64","prix":25.99,"categorie_id":1,"images":[],"stocks":[],"actif":true}

      at createArticle (src/routes/magasin/core/handlers/create-article.handler.ts:22:13)

  console.log
    📝 [Service Magasin] Ajout d'un nouvel article: Article 64

      at ajouterArticle (src/routes/magasin/core/services/magasin.service.ts:216:11)

  console.log
    📝 [Handler Articles] Création d'un nouvel article

      at createArticle (src/routes/magasin/core/handlers/create-article.handler.ts:17:13)

  console.log
    Données validées par le schéma Zod: {"nom":"Article 65","prix":25.99,"categorie_id":1,"images":[],"stocks":[],"actif":true}

      at createArticle (src/routes/magasin/core/handlers/create-article.handler.ts:22:13)

  console.log
    📝 [Service Magasin] Ajout d'un nouvel article: Article 65

      at ajouterArticle (src/routes/magasin/core/services/magasin.service.ts:216:11)

  console.log
    📝 [Handler Articles] Création d'un nouvel article

      at createArticle (src/routes/magasin/core/handlers/create-article.handler.ts:17:13)

  console.log
    Données validées par le schéma Zod: {"nom":"Article 66","prix":25.99,"categorie_id":1,"images":[],"stocks":[],"actif":true}

      at createArticle (src/routes/magasin/core/handlers/create-article.handler.ts:22:13)

  console.log
    📝 [Service Magasin] Ajout d'un nouvel article: Article 66

      at ajouterArticle (src/routes/magasin/core/services/magasin.service.ts:216:11)

  console.log
    📝 [Handler Articles] Création d'un nouvel article

      at createArticle (src/routes/magasin/core/handlers/create-article.handler.ts:17:13)

  console.log
    Données validées par le schéma Zod: {"nom":"Article 67","prix":25.99,"categorie_id":1,"images":[],"stocks":[],"actif":true}

      at createArticle (src/routes/magasin/core/handlers/create-article.handler.ts:22:13)

  console.log
    📝 [Service Magasin] Ajout d'un nouvel article: Article 67

      at ajouterArticle (src/routes/magasin/core/services/magasin.service.ts:216:11)

  console.log
    📝 [Handler Articles] Création d'un nouvel article

      at createArticle (src/routes/magasin/core/handlers/create-article.handler.ts:17:13)

  console.log
    Données validées par le schéma Zod: {"nom":"Article 68","prix":25.99,"categorie_id":1,"images":[],"stocks":[],"actif":true}

      at createArticle (src/routes/magasin/core/handlers/create-article.handler.ts:22:13)

  console.log
    📝 [Service Magasin] Ajout d'un nouvel article: Article 68

      at ajouterArticle (src/routes/magasin/core/services/magasin.service.ts:216:11)

  console.log
    📝 [Handler Articles] Création d'un nouvel article

      at createArticle (src/routes/magasin/core/handlers/create-article.handler.ts:17:13)

  console.log
    Données validées par le schéma Zod: {"nom":"Article 69","prix":25.99,"categorie_id":1,"images":[],"stocks":[],"actif":true}

      at createArticle (src/routes/magasin/core/handlers/create-article.handler.ts:22:13)

  console.log
    📝 [Service Magasin] Ajout d'un nouvel article: Article 69

      at ajouterArticle (src/routes/magasin/core/services/magasin.service.ts:216:11)

  console.log
    📝 [Handler Articles] Création d'un nouvel article

      at createArticle (src/routes/magasin/core/handlers/create-article.handler.ts:17:13)

  console.log
    Données validées par le schéma Zod: {"nom":"Article 70","prix":25.99,"categorie_id":1,"images":[],"stocks":[],"actif":true}

      at createArticle (src/routes/magasin/core/handlers/create-article.handler.ts:22:13)

  console.log
    📝 [Service Magasin] Ajout d'un nouvel article: Article 70

      at ajouterArticle (src/routes/magasin/core/services/magasin.service.ts:216:11)

  console.log
    📝 [Handler Articles] Création d'un nouvel article

      at createArticle (src/routes/magasin/core/handlers/create-article.handler.ts:17:13)

  console.log
    Données validées par le schéma Zod: {"nom":"Article 71","prix":25.99,"categorie_id":1,"images":[],"stocks":[],"actif":true}

      at createArticle (src/routes/magasin/core/handlers/create-article.handler.ts:22:13)

  console.log
    📝 [Service Magasin] Ajout d'un nouvel article: Article 71

      at ajouterArticle (src/routes/magasin/core/services/magasin.service.ts:216:11)

  console.log
    📝 [Handler Articles] Création d'un nouvel article

      at createArticle (src/routes/magasin/core/handlers/create-article.handler.ts:17:13)

  console.log
    Données validées par le schéma Zod: {"nom":"Article 72","prix":25.99,"categorie_id":1,"images":[],"stocks":[],"actif":true}

      at createArticle (src/routes/magasin/core/handlers/create-article.handler.ts:22:13)

  console.log
    📝 [Service Magasin] Ajout d'un nouvel article: Article 72

      at ajouterArticle (src/routes/magasin/core/services/magasin.service.ts:216:11)

  console.log
    📝 [Handler Articles] Création d'un nouvel article

      at createArticle (src/routes/magasin/core/handlers/create-article.handler.ts:17:13)

  console.log
    Données validées par le schéma Zod: {"nom":"Article 73","prix":25.99,"categorie_id":1,"images":[],"stocks":[],"actif":true}

      at createArticle (src/routes/magasin/core/handlers/create-article.handler.ts:22:13)

  console.log
    📝 [Service Magasin] Ajout d'un nouvel article: Article 73

      at ajouterArticle (src/routes/magasin/core/services/magasin.service.ts:216:11)

  console.log
    📝 [Handler Articles] Création d'un nouvel article

      at createArticle (src/routes/magasin/core/handlers/create-article.handler.ts:17:13)

  console.log
    Données validées par le schéma Zod: {"nom":"Article 74","prix":25.99,"categorie_id":1,"images":[],"stocks":[],"actif":true}

      at createArticle (src/routes/magasin/core/handlers/create-article.handler.ts:22:13)

  console.log
    📝 [Service Magasin] Ajout d'un nouvel article: Article 74

      at ajouterArticle (src/routes/magasin/core/services/magasin.service.ts:216:11)

  console.log
    📝 [Handler Articles] Création d'un nouvel article

      at createArticle (src/routes/magasin/core/handlers/create-article.handler.ts:17:13)

  console.log
    Données validées par le schéma Zod: {"nom":"Article 75","prix":25.99,"categorie_id":1,"images":[],"stocks":[],"actif":true}

      at createArticle (src/routes/magasin/core/handlers/create-article.handler.ts:22:13)

  console.log
    📝 [Service Magasin] Ajout d'un nouvel article: Article 75

      at ajouterArticle (src/routes/magasin/core/services/magasin.service.ts:216:11)

  console.log
    📝 [Handler Articles] Création d'un nouvel article

      at createArticle (src/routes/magasin/core/handlers/create-article.handler.ts:17:13)

  console.log
    Données validées par le schéma Zod: {"nom":"Article 76","prix":25.99,"categorie_id":1,"images":[],"stocks":[],"actif":true}

      at createArticle (src/routes/magasin/core/handlers/create-article.handler.ts:22:13)

  console.log
    📝 [Service Magasin] Ajout d'un nouvel article: Article 76

      at ajouterArticle (src/routes/magasin/core/services/magasin.service.ts:216:11)

  console.log
    📝 [Handler Articles] Création d'un nouvel article

      at createArticle (src/routes/magasin/core/handlers/create-article.handler.ts:17:13)

  console.log
    Données validées par le schéma Zod: {"nom":"Article 77","prix":25.99,"categorie_id":1,"images":[],"stocks":[],"actif":true}

      at createArticle (src/routes/magasin/core/handlers/create-article.handler.ts:22:13)

  console.log
    📝 [Service Magasin] Ajout d'un nouvel article: Article 77

      at ajouterArticle (src/routes/magasin/core/services/magasin.service.ts:216:11)

  console.log
    📝 [Handler Articles] Création d'un nouvel article

      at createArticle (src/routes/magasin/core/handlers/create-article.handler.ts:17:13)

  console.log
    Données validées par le schéma Zod: {"nom":"Article 78","prix":25.99,"categorie_id":1,"images":[],"stocks":[],"actif":true}

      at createArticle (src/routes/magasin/core/handlers/create-article.handler.ts:22:13)

  console.log
    📝 [Service Magasin] Ajout d'un nouvel article: Article 78

      at ajouterArticle (src/routes/magasin/core/services/magasin.service.ts:216:11)

  console.log
    📝 [Handler Articles] Création d'un nouvel article

      at createArticle (src/routes/magasin/core/handlers/create-article.handler.ts:17:13)

  console.log
    Données validées par le schéma Zod: {"nom":"Article 79","prix":25.99,"categorie_id":1,"images":[],"stocks":[],"actif":true}

      at createArticle (src/routes/magasin/core/handlers/create-article.handler.ts:22:13)

  console.log
    📝 [Service Magasin] Ajout d'un nouvel article: Article 79

      at ajouterArticle (src/routes/magasin/core/services/magasin.service.ts:216:11)

  console.log
    📝 [Handler Articles] Création d'un nouvel article

      at createArticle (src/routes/magasin/core/handlers/create-article.handler.ts:17:13)

  console.log
    Données validées par le schéma Zod: {"nom":"Article 80","prix":25.99,"categorie_id":1,"images":[],"stocks":[],"actif":true}

      at createArticle (src/routes/magasin/core/handlers/create-article.handler.ts:22:13)

  console.log
    📝 [Service Magasin] Ajout d'un nouvel article: Article 80

      at ajouterArticle (src/routes/magasin/core/services/magasin.service.ts:216:11)

  console.log
    📝 [Handler Articles] Création d'un nouvel article

      at createArticle (src/routes/magasin/core/handlers/create-article.handler.ts:17:13)

  console.log
    Données validées par le schéma Zod: {"nom":"Article 81","prix":25.99,"categorie_id":1,"images":[],"stocks":[],"actif":true}

      at createArticle (src/routes/magasin/core/handlers/create-article.handler.ts:22:13)

  console.log
    📝 [Service Magasin] Ajout d'un nouvel article: Article 81

      at ajouterArticle (src/routes/magasin/core/services/magasin.service.ts:216:11)

  console.log
    📝 [Handler Articles] Création d'un nouvel article

      at createArticle (src/routes/magasin/core/handlers/create-article.handler.ts:17:13)

  console.log
    Données validées par le schéma Zod: {"nom":"Article 82","prix":25.99,"categorie_id":1,"images":[],"stocks":[],"actif":true}

      at createArticle (src/routes/magasin/core/handlers/create-article.handler.ts:22:13)

  console.log
    📝 [Service Magasin] Ajout d'un nouvel article: Article 82

      at ajouterArticle (src/routes/magasin/core/services/magasin.service.ts:216:11)

  console.log
    📝 [Handler Articles] Création d'un nouvel article

      at createArticle (src/routes/magasin/core/handlers/create-article.handler.ts:17:13)

  console.log
    Données validées par le schéma Zod: {"nom":"Article 83","prix":25.99,"categorie_id":1,"images":[],"stocks":[],"actif":true}

      at createArticle (src/routes/magasin/core/handlers/create-article.handler.ts:22:13)

  console.log
    📝 [Service Magasin] Ajout d'un nouvel article: Article 83

      at ajouterArticle (src/routes/magasin/core/services/magasin.service.ts:216:11)

  console.log
    📝 [Handler Articles] Création d'un nouvel article

      at createArticle (src/routes/magasin/core/handlers/create-article.handler.ts:17:13)

  console.log
    Données validées par le schéma Zod: {"nom":"Article 84","prix":25.99,"categorie_id":1,"images":[],"stocks":[],"actif":true}

      at createArticle (src/routes/magasin/core/handlers/create-article.handler.ts:22:13)

  console.log
    📝 [Service Magasin] Ajout d'un nouvel article: Article 84

      at ajouterArticle (src/routes/magasin/core/services/magasin.service.ts:216:11)

  console.log
    📝 [Handler Articles] Création d'un nouvel article

      at createArticle (src/routes/magasin/core/handlers/create-article.handler.ts:17:13)

  console.log
    Données validées par le schéma Zod: {"nom":"Article 85","prix":25.99,"categorie_id":1,"images":[],"stocks":[],"actif":true}

      at createArticle (src/routes/magasin/core/handlers/create-article.handler.ts:22:13)

  console.log
    📝 [Service Magasin] Ajout d'un nouvel article: Article 85

      at ajouterArticle (src/routes/magasin/core/services/magasin.service.ts:216:11)

  console.log
    📝 [Handler Articles] Création d'un nouvel article

      at createArticle (src/routes/magasin/core/handlers/create-article.handler.ts:17:13)

  console.log
    Données validées par le schéma Zod: {"nom":"Article 86","prix":25.99,"categorie_id":1,"images":[],"stocks":[],"actif":true}

      at createArticle (src/routes/magasin/core/handlers/create-article.handler.ts:22:13)

  console.log
    📝 [Service Magasin] Ajout d'un nouvel article: Article 86

      at ajouterArticle (src/routes/magasin/core/services/magasin.service.ts:216:11)

  console.log
    📝 [Handler Articles] Création d'un nouvel article

      at createArticle (src/routes/magasin/core/handlers/create-article.handler.ts:17:13)

  console.log
    Données validées par le schéma Zod: {"nom":"Article 87","prix":25.99,"categorie_id":1,"images":[],"stocks":[],"actif":true}

      at createArticle (src/routes/magasin/core/handlers/create-article.handler.ts:22:13)

  console.log
    📝 [Service Magasin] Ajout d'un nouvel article: Article 87

      at ajouterArticle (src/routes/magasin/core/services/magasin.service.ts:216:11)

  console.log
    📝 [Handler Articles] Création d'un nouvel article

      at createArticle (src/routes/magasin/core/handlers/create-article.handler.ts:17:13)

  console.log
    Données validées par le schéma Zod: {"nom":"Article 88","prix":25.99,"categorie_id":1,"images":[],"stocks":[],"actif":true}

      at createArticle (src/routes/magasin/core/handlers/create-article.handler.ts:22:13)

  console.log
    📝 [Service Magasin] Ajout d'un nouvel article: Article 88

      at ajouterArticle (src/routes/magasin/core/services/magasin.service.ts:216:11)

  console.log
    📝 [Handler Articles] Création d'un nouvel article

      at createArticle (src/routes/magasin/core/handlers/create-article.handler.ts:17:13)

  console.log
    Données validées par le schéma Zod: {"nom":"Article 89","prix":25.99,"categorie_id":1,"images":[],"stocks":[],"actif":true}

      at createArticle (src/routes/magasin/core/handlers/create-article.handler.ts:22:13)

  console.log
    📝 [Service Magasin] Ajout d'un nouvel article: Article 89

      at ajouterArticle (src/routes/magasin/core/services/magasin.service.ts:216:11)

  console.log
    📝 [Handler Articles] Création d'un nouvel article

      at createArticle (src/routes/magasin/core/handlers/create-article.handler.ts:17:13)

  console.log
    Données validées par le schéma Zod: {"nom":"Article 90","prix":25.99,"categorie_id":1,"images":[],"stocks":[],"actif":true}

      at createArticle (src/routes/magasin/core/handlers/create-article.handler.ts:22:13)

  console.log
    📝 [Service Magasin] Ajout d'un nouvel article: Article 90

      at ajouterArticle (src/routes/magasin/core/services/magasin.service.ts:216:11)

  console.log
    📝 [Handler Articles] Création d'un nouvel article

      at createArticle (src/routes/magasin/core/handlers/create-article.handler.ts:17:13)

  console.log
    Données validées par le schéma Zod: {"nom":"Article 91","prix":25.99,"categorie_id":1,"images":[],"stocks":[],"actif":true}

      at createArticle (src/routes/magasin/core/handlers/create-article.handler.ts:22:13)

  console.log
    📝 [Service Magasin] Ajout d'un nouvel article: Article 91

      at ajouterArticle (src/routes/magasin/core/services/magasin.service.ts:216:11)

  console.log
    📝 [Handler Articles] Création d'un nouvel article

      at createArticle (src/routes/magasin/core/handlers/create-article.handler.ts:17:13)

  console.log
    Données validées par le schéma Zod: {"nom":"Article 92","prix":25.99,"categorie_id":1,"images":[],"stocks":[],"actif":true}

      at createArticle (src/routes/magasin/core/handlers/create-article.handler.ts:22:13)

  console.log
    📝 [Service Magasin] Ajout d'un nouvel article: Article 92

      at ajouterArticle (src/routes/magasin/core/services/magasin.service.ts:216:11)

  console.log
    📝 [Handler Articles] Création d'un nouvel article

      at createArticle (src/routes/magasin/core/handlers/create-article.handler.ts:17:13)

  console.log
    Données validées par le schéma Zod: {"nom":"Article 93","prix":25.99,"categorie_id":1,"images":[],"stocks":[],"actif":true}

      at createArticle (src/routes/magasin/core/handlers/create-article.handler.ts:22:13)

  console.log
    📝 [Service Magasin] Ajout d'un nouvel article: Article 93

      at ajouterArticle (src/routes/magasin/core/services/magasin.service.ts:216:11)

  console.log
    📝 [Handler Articles] Création d'un nouvel article

      at createArticle (src/routes/magasin/core/handlers/create-article.handler.ts:17:13)

  console.log
    Données validées par le schéma Zod: {"nom":"Article 94","prix":25.99,"categorie_id":1,"images":[],"stocks":[],"actif":true}

      at createArticle (src/routes/magasin/core/handlers/create-article.handler.ts:22:13)

  console.log
    📝 [Service Magasin] Ajout d'un nouvel article: Article 94

      at ajouterArticle (src/routes/magasin/core/services/magasin.service.ts:216:11)

  console.log
    📝 [Handler Articles] Création d'un nouvel article

      at createArticle (src/routes/magasin/core/handlers/create-article.handler.ts:17:13)

  console.log
    Données validées par le schéma Zod: {"nom":"Article 95","prix":25.99,"categorie_id":1,"images":[],"stocks":[],"actif":true}

      at createArticle (src/routes/magasin/core/handlers/create-article.handler.ts:22:13)

  console.log
    📝 [Service Magasin] Ajout d'un nouvel article: Article 95

      at ajouterArticle (src/routes/magasin/core/services/magasin.service.ts:216:11)

  console.log
    📝 [Handler Articles] Création d'un nouvel article

      at createArticle (src/routes/magasin/core/handlers/create-article.handler.ts:17:13)

  console.log
    Données validées par le schéma Zod: {"nom":"Article 96","prix":25.99,"categorie_id":1,"images":[],"stocks":[],"actif":true}

      at createArticle (src/routes/magasin/core/handlers/create-article.handler.ts:22:13)

  console.log
    📝 [Service Magasin] Ajout d'un nouvel article: Article 96

      at ajouterArticle (src/routes/magasin/core/services/magasin.service.ts:216:11)

  console.log
    📝 [Handler Articles] Création d'un nouvel article

      at createArticle (src/routes/magasin/core/handlers/create-article.handler.ts:17:13)

  console.log
    Données validées par le schéma Zod: {"nom":"Article 97","prix":25.99,"categorie_id":1,"images":[],"stocks":[],"actif":true}

      at createArticle (src/routes/magasin/core/handlers/create-article.handler.ts:22:13)

  console.log
    📝 [Service Magasin] Ajout d'un nouvel article: Article 97

      at ajouterArticle (src/routes/magasin/core/services/magasin.service.ts:216:11)

  console.log
    📝 [Handler Articles] Création d'un nouvel article

      at createArticle (src/routes/magasin/core/handlers/create-article.handler.ts:17:13)

  console.log
    Données validées par le schéma Zod: {"nom":"Article 98","prix":25.99,"categorie_id":1,"images":[],"stocks":[],"actif":true}

      at createArticle (src/routes/magasin/core/handlers/create-article.handler.ts:22:13)

  console.log
    📝 [Service Magasin] Ajout d'un nouvel article: Article 98

      at ajouterArticle (src/routes/magasin/core/services/magasin.service.ts:216:11)

  console.log
    📝 [Handler Articles] Création d'un nouvel article

      at createArticle (src/routes/magasin/core/handlers/create-article.handler.ts:17:13)

  console.log
    Données validées par le schéma Zod: {"nom":"Article 99","prix":25.99,"categorie_id":1,"images":[],"stocks":[],"actif":true}

      at createArticle (src/routes/magasin/core/handlers/create-article.handler.ts:22:13)

  console.log
    📝 [Service Magasin] Ajout d'un nouvel article: Article 99

      at ajouterArticle (src/routes/magasin/core/services/magasin.service.ts:216:11)

  console.log
    ✅ [Service Magasin] Article ajouté avec succès

      at ajouterArticle (src/routes/magasin/core/services/magasin.service.ts:225:15)
          at async Promise.all (index 0)

  console.log
    ✅ [Service Magasin] Article ajouté avec succès

      at ajouterArticle (src/routes/magasin/core/services/magasin.service.ts:225:15)
          at async Promise.all (index 1)

  console.log
    ✅ [Service Magasin] Article ajouté avec succès

      at ajouterArticle (src/routes/magasin/core/services/magasin.service.ts:225:15)
          at async Promise.all (index 2)

  console.log
    ✅ [Service Magasin] Article ajouté avec succès

      at ajouterArticle (src/routes/magasin/core/services/magasin.service.ts:225:15)
          at async Promise.all (index 3)

  console.log
    ✅ [Service Magasin] Article ajouté avec succès

      at ajouterArticle (src/routes/magasin/core/services/magasin.service.ts:225:15)
          at async Promise.all (index 4)

  console.log
    ✅ [Service Magasin] Article ajouté avec succès

      at ajouterArticle (src/routes/magasin/core/services/magasin.service.ts:225:15)
          at async Promise.all (index 5)

  console.log
    ✅ [Service Magasin] Article ajouté avec succès

      at ajouterArticle (src/routes/magasin/core/services/magasin.service.ts:225:15)
          at async Promise.all (index 6)

  console.log
    ✅ [Service Magasin] Article ajouté avec succès

      at ajouterArticle (src/routes/magasin/core/services/magasin.service.ts:225:15)
          at async Promise.all (index 7)

  console.log
    ✅ [Service Magasin] Article ajouté avec succès

      at ajouterArticle (src/routes/magasin/core/services/magasin.service.ts:225:15)
          at async Promise.all (index 8)

  console.log
    ✅ [Service Magasin] Article ajouté avec succès

      at ajouterArticle (src/routes/magasin/core/services/magasin.service.ts:225:15)
          at async Promise.all (index 9)

  console.log
    ✅ [Service Magasin] Article ajouté avec succès

      at ajouterArticle (src/routes/magasin/core/services/magasin.service.ts:225:15)
          at async Promise.all (index 10)

  console.log
    ✅ [Service Magasin] Article ajouté avec succès

      at ajouterArticle (src/routes/magasin/core/services/magasin.service.ts:225:15)
          at async Promise.all (index 11)

  console.log
    ✅ [Service Magasin] Article ajouté avec succès

      at ajouterArticle (src/routes/magasin/core/services/magasin.service.ts:225:15)
          at async Promise.all (index 12)

  console.log
    ✅ [Service Magasin] Article ajouté avec succès

      at ajouterArticle (src/routes/magasin/core/services/magasin.service.ts:225:15)
          at async Promise.all (index 13)

  console.log
    ✅ [Service Magasin] Article ajouté avec succès

      at ajouterArticle (src/routes/magasin/core/services/magasin.service.ts:225:15)
          at async Promise.all (index 14)

  console.log
    ✅ [Service Magasin] Article ajouté avec succès

      at ajouterArticle (src/routes/magasin/core/services/magasin.service.ts:225:15)
          at async Promise.all (index 15)

  console.log
    ✅ [Service Magasin] Article ajouté avec succès

      at ajouterArticle (src/routes/magasin/core/services/magasin.service.ts:225:15)
          at async Promise.all (index 16)

  console.log
    ✅ [Service Magasin] Article ajouté avec succès

      at ajouterArticle (src/routes/magasin/core/services/magasin.service.ts:225:15)
          at async Promise.all (index 17)

  console.log
    ✅ [Service Magasin] Article ajouté avec succès

      at ajouterArticle (src/routes/magasin/core/services/magasin.service.ts:225:15)
          at async Promise.all (index 18)

  console.log
    ✅ [Service Magasin] Article ajouté avec succès

      at ajouterArticle (src/routes/magasin/core/services/magasin.service.ts:225:15)
          at async Promise.all (index 19)

  console.log
    ✅ [Service Magasin] Article ajouté avec succès

      at ajouterArticle (src/routes/magasin/core/services/magasin.service.ts:225:15)
          at async Promise.all (index 20)

  console.log
    ✅ [Service Magasin] Article ajouté avec succès

      at ajouterArticle (src/routes/magasin/core/services/magasin.service.ts:225:15)
          at async Promise.all (index 21)

  console.log
    ✅ [Service Magasin] Article ajouté avec succès

      at ajouterArticle (src/routes/magasin/core/services/magasin.service.ts:225:15)
          at async Promise.all (index 22)

  console.log
    ✅ [Service Magasin] Article ajouté avec succès

      at ajouterArticle (src/routes/magasin/core/services/magasin.service.ts:225:15)
          at async Promise.all (index 23)

  console.log
    ✅ [Service Magasin] Article ajouté avec succès

      at ajouterArticle (src/routes/magasin/core/services/magasin.service.ts:225:15)
          at async Promise.all (index 24)

  console.log
    ✅ [Service Magasin] Article ajouté avec succès

      at ajouterArticle (src/routes/magasin/core/services/magasin.service.ts:225:15)
          at async Promise.all (index 25)

  console.log
    ✅ [Service Magasin] Article ajouté avec succès

      at ajouterArticle (src/routes/magasin/core/services/magasin.service.ts:225:15)
          at async Promise.all (index 26)

  console.log
    ✅ [Service Magasin] Article ajouté avec succès

      at ajouterArticle (src/routes/magasin/core/services/magasin.service.ts:225:15)
          at async Promise.all (index 27)

  console.log
    ✅ [Service Magasin] Article ajouté avec succès

      at ajouterArticle (src/routes/magasin/core/services/magasin.service.ts:225:15)
          at async Promise.all (index 28)

  console.log
    ✅ [Service Magasin] Article ajouté avec succès

      at ajouterArticle (src/routes/magasin/core/services/magasin.service.ts:225:15)
          at async Promise.all (index 29)

  console.log
    ✅ [Service Magasin] Article ajouté avec succès

      at ajouterArticle (src/routes/magasin/core/services/magasin.service.ts:225:15)
          at async Promise.all (index 30)

  console.log
    ✅ [Service Magasin] Article ajouté avec succès

      at ajouterArticle (src/routes/magasin/core/services/magasin.service.ts:225:15)
          at async Promise.all (index 31)

  console.log
    ✅ [Service Magasin] Article ajouté avec succès

      at ajouterArticle (src/routes/magasin/core/services/magasin.service.ts:225:15)
          at async Promise.all (index 32)

  console.log
    ✅ [Service Magasin] Article ajouté avec succès

      at ajouterArticle (src/routes/magasin/core/services/magasin.service.ts:225:15)
          at async Promise.all (index 33)

  console.log
    ✅ [Service Magasin] Article ajouté avec succès

      at ajouterArticle (src/routes/magasin/core/services/magasin.service.ts:225:15)
          at async Promise.all (index 34)

  console.log
    ✅ [Service Magasin] Article ajouté avec succès

      at ajouterArticle (src/routes/magasin/core/services/magasin.service.ts:225:15)
          at async Promise.all (index 35)

  console.log
    ✅ [Service Magasin] Article ajouté avec succès

      at ajouterArticle (src/routes/magasin/core/services/magasin.service.ts:225:15)
          at async Promise.all (index 36)

  console.log
    ✅ [Service Magasin] Article ajouté avec succès

      at ajouterArticle (src/routes/magasin/core/services/magasin.service.ts:225:15)
          at async Promise.all (index 37)

  console.log
    ✅ [Service Magasin] Article ajouté avec succès

      at ajouterArticle (src/routes/magasin/core/services/magasin.service.ts:225:15)
          at async Promise.all (index 38)

  console.log
    ✅ [Service Magasin] Article ajouté avec succès

      at ajouterArticle (src/routes/magasin/core/services/magasin.service.ts:225:15)
          at async Promise.all (index 39)

  console.log
    ✅ [Service Magasin] Article ajouté avec succès

      at ajouterArticle (src/routes/magasin/core/services/magasin.service.ts:225:15)
          at async Promise.all (index 40)

  console.log
    ✅ [Service Magasin] Article ajouté avec succès

      at ajouterArticle (src/routes/magasin/core/services/magasin.service.ts:225:15)
          at async Promise.all (index 41)

  console.log
    ✅ [Service Magasin] Article ajouté avec succès

      at ajouterArticle (src/routes/magasin/core/services/magasin.service.ts:225:15)
          at async Promise.all (index 42)

  console.log
    ✅ [Service Magasin] Article ajouté avec succès

      at ajouterArticle (src/routes/magasin/core/services/magasin.service.ts:225:15)
          at async Promise.all (index 43)

  console.log
    ✅ [Service Magasin] Article ajouté avec succès

      at ajouterArticle (src/routes/magasin/core/services/magasin.service.ts:225:15)
          at async Promise.all (index 44)

  console.log
    ✅ [Service Magasin] Article ajouté avec succès

      at ajouterArticle (src/routes/magasin/core/services/magasin.service.ts:225:15)
          at async Promise.all (index 45)

  console.log
    ✅ [Service Magasin] Article ajouté avec succès

      at ajouterArticle (src/routes/magasin/core/services/magasin.service.ts:225:15)
          at async Promise.all (index 46)

  console.log
    ✅ [Service Magasin] Article ajouté avec succès

      at ajouterArticle (src/routes/magasin/core/services/magasin.service.ts:225:15)
          at async Promise.all (index 47)

  console.log
    ✅ [Service Magasin] Article ajouté avec succès

      at ajouterArticle (src/routes/magasin/core/services/magasin.service.ts:225:15)
          at async Promise.all (index 48)

  console.log
    ✅ [Service Magasin] Article ajouté avec succès

      at ajouterArticle (src/routes/magasin/core/services/magasin.service.ts:225:15)
          at async Promise.all (index 49)

  console.log
    ✅ [Service Magasin] Article ajouté avec succès

      at ajouterArticle (src/routes/magasin/core/services/magasin.service.ts:225:15)
          at async Promise.all (index 50)

  console.log
    ✅ [Service Magasin] Article ajouté avec succès

      at ajouterArticle (src/routes/magasin/core/services/magasin.service.ts:225:15)
          at async Promise.all (index 51)

  console.log
    ✅ [Service Magasin] Article ajouté avec succès

      at ajouterArticle (src/routes/magasin/core/services/magasin.service.ts:225:15)
          at async Promise.all (index 52)

  console.log
    ✅ [Service Magasin] Article ajouté avec succès

      at ajouterArticle (src/routes/magasin/core/services/magasin.service.ts:225:15)
          at async Promise.all (index 53)

  console.log
    ✅ [Service Magasin] Article ajouté avec succès

      at ajouterArticle (src/routes/magasin/core/services/magasin.service.ts:225:15)
          at async Promise.all (index 54)

  console.log
    ✅ [Service Magasin] Article ajouté avec succès

      at ajouterArticle (src/routes/magasin/core/services/magasin.service.ts:225:15)
          at async Promise.all (index 55)

  console.log
    ✅ [Service Magasin] Article ajouté avec succès

      at ajouterArticle (src/routes/magasin/core/services/magasin.service.ts:225:15)
          at async Promise.all (index 56)

  console.log
    ✅ [Service Magasin] Article ajouté avec succès

      at ajouterArticle (src/routes/magasin/core/services/magasin.service.ts:225:15)
          at async Promise.all (index 57)

  console.log
    ✅ [Service Magasin] Article ajouté avec succès

      at ajouterArticle (src/routes/magasin/core/services/magasin.service.ts:225:15)
          at async Promise.all (index 58)

  console.log
    ✅ [Service Magasin] Article ajouté avec succès

      at ajouterArticle (src/routes/magasin/core/services/magasin.service.ts:225:15)
          at async Promise.all (index 59)

  console.log
    ✅ [Service Magasin] Article ajouté avec succès

      at ajouterArticle (src/routes/magasin/core/services/magasin.service.ts:225:15)
          at async Promise.all (index 60)

  console.log
    ✅ [Service Magasin] Article ajouté avec succès

      at ajouterArticle (src/routes/magasin/core/services/magasin.service.ts:225:15)
          at async Promise.all (index 61)

  console.log
    ✅ [Service Magasin] Article ajouté avec succès

      at ajouterArticle (src/routes/magasin/core/services/magasin.service.ts:225:15)
          at async Promise.all (index 62)

  console.log
    ✅ [Service Magasin] Article ajouté avec succès

      at ajouterArticle (src/routes/magasin/core/services/magasin.service.ts:225:15)
          at async Promise.all (index 63)

  console.log
    ✅ [Service Magasin] Article ajouté avec succès

      at ajouterArticle (src/routes/magasin/core/services/magasin.service.ts:225:15)
          at async Promise.all (index 64)

  console.log
    ✅ [Service Magasin] Article ajouté avec succès

      at ajouterArticle (src/routes/magasin/core/services/magasin.service.ts:225:15)
          at async Promise.all (index 65)

  console.log
    ✅ [Service Magasin] Article ajouté avec succès

      at ajouterArticle (src/routes/magasin/core/services/magasin.service.ts:225:15)
          at async Promise.all (index 66)

  console.log
    ✅ [Service Magasin] Article ajouté avec succès

      at ajouterArticle (src/routes/magasin/core/services/magasin.service.ts:225:15)
          at async Promise.all (index 67)

  console.log
    ✅ [Service Magasin] Article ajouté avec succès

      at ajouterArticle (src/routes/magasin/core/services/magasin.service.ts:225:15)
          at async Promise.all (index 68)

  console.log
    ✅ [Service Magasin] Article ajouté avec succès

      at ajouterArticle (src/routes/magasin/core/services/magasin.service.ts:225:15)
          at async Promise.all (index 69)

  console.log
    ✅ [Service Magasin] Article ajouté avec succès

      at ajouterArticle (src/routes/magasin/core/services/magasin.service.ts:225:15)
          at async Promise.all (index 70)

  console.log
    ✅ [Service Magasin] Article ajouté avec succès

      at ajouterArticle (src/routes/magasin/core/services/magasin.service.ts:225:15)
          at async Promise.all (index 71)

  console.log
    ✅ [Service Magasin] Article ajouté avec succès

      at ajouterArticle (src/routes/magasin/core/services/magasin.service.ts:225:15)
          at async Promise.all (index 72)

  console.log
    ✅ [Service Magasin] Article ajouté avec succès

      at ajouterArticle (src/routes/magasin/core/services/magasin.service.ts:225:15)
          at async Promise.all (index 73)

  console.log
    ✅ [Service Magasin] Article ajouté avec succès

      at ajouterArticle (src/routes/magasin/core/services/magasin.service.ts:225:15)
          at async Promise.all (index 74)

  console.log
    ✅ [Service Magasin] Article ajouté avec succès

      at ajouterArticle (src/routes/magasin/core/services/magasin.service.ts:225:15)
          at async Promise.all (index 75)

  console.log
    ✅ [Service Magasin] Article ajouté avec succès

      at ajouterArticle (src/routes/magasin/core/services/magasin.service.ts:225:15)
          at async Promise.all (index 76)

  console.log
    ✅ [Service Magasin] Article ajouté avec succès

      at ajouterArticle (src/routes/magasin/core/services/magasin.service.ts:225:15)
          at async Promise.all (index 77)

  console.log
    ✅ [Service Magasin] Article ajouté avec succès

      at ajouterArticle (src/routes/magasin/core/services/magasin.service.ts:225:15)
          at async Promise.all (index 78)

  console.log
    ✅ [Service Magasin] Article ajouté avec succès

      at ajouterArticle (src/routes/magasin/core/services/magasin.service.ts:225:15)
          at async Promise.all (index 79)

  console.log
    ✅ [Service Magasin] Article ajouté avec succès

      at ajouterArticle (src/routes/magasin/core/services/magasin.service.ts:225:15)
          at async Promise.all (index 80)

  console.log
    ✅ [Service Magasin] Article ajouté avec succès

      at ajouterArticle (src/routes/magasin/core/services/magasin.service.ts:225:15)
          at async Promise.all (index 81)

  console.log
    ✅ [Service Magasin] Article ajouté avec succès

      at ajouterArticle (src/routes/magasin/core/services/magasin.service.ts:225:15)
          at async Promise.all (index 82)

  console.log
    ✅ [Service Magasin] Article ajouté avec succès

      at ajouterArticle (src/routes/magasin/core/services/magasin.service.ts:225:15)
          at async Promise.all (index 83)

  console.log
    ✅ [Service Magasin] Article ajouté avec succès

      at ajouterArticle (src/routes/magasin/core/services/magasin.service.ts:225:15)
          at async Promise.all (index 84)

  console.log
    ✅ [Service Magasin] Article ajouté avec succès

      at ajouterArticle (src/routes/magasin/core/services/magasin.service.ts:225:15)
          at async Promise.all (index 85)

  console.log
    ✅ [Service Magasin] Article ajouté avec succès

      at ajouterArticle (src/routes/magasin/core/services/magasin.service.ts:225:15)
          at async Promise.all (index 86)

  console.log
    ✅ [Service Magasin] Article ajouté avec succès

      at ajouterArticle (src/routes/magasin/core/services/magasin.service.ts:225:15)
          at async Promise.all (index 87)

  console.log
    ✅ [Service Magasin] Article ajouté avec succès

      at ajouterArticle (src/routes/magasin/core/services/magasin.service.ts:225:15)
          at async Promise.all (index 88)

  console.log
    ✅ [Service Magasin] Article ajouté avec succès

      at ajouterArticle (src/routes/magasin/core/services/magasin.service.ts:225:15)
          at async Promise.all (index 89)

  console.log
    ✅ [Service Magasin] Article ajouté avec succès

      at ajouterArticle (src/routes/magasin/core/services/magasin.service.ts:225:15)
          at async Promise.all (index 90)

  console.log
    ✅ [Service Magasin] Article ajouté avec succès

      at ajouterArticle (src/routes/magasin/core/services/magasin.service.ts:225:15)
          at async Promise.all (index 91)

  console.log
    ✅ [Service Magasin] Article ajouté avec succès

      at ajouterArticle (src/routes/magasin/core/services/magasin.service.ts:225:15)
          at async Promise.all (index 92)

  console.log
    ✅ [Service Magasin] Article ajouté avec succès

      at ajouterArticle (src/routes/magasin/core/services/magasin.service.ts:225:15)
          at async Promise.all (index 93)

  console.log
    ✅ [Service Magasin] Article ajouté avec succès

      at ajouterArticle (src/routes/magasin/core/services/magasin.service.ts:225:15)
          at async Promise.all (index 94)

  console.log
    ✅ [Service Magasin] Article ajouté avec succès

      at ajouterArticle (src/routes/magasin/core/services/magasin.service.ts:225:15)
          at async Promise.all (index 95)

  console.log
    ✅ [Service Magasin] Article ajouté avec succès

      at ajouterArticle (src/routes/magasin/core/services/magasin.service.ts:225:15)
          at async Promise.all (index 96)

  console.log
    ✅ [Service Magasin] Article ajouté avec succès

      at ajouterArticle (src/routes/magasin/core/services/magasin.service.ts:225:15)
          at async Promise.all (index 97)

  console.log
    ✅ [Service Magasin] Article ajouté avec succès

      at ajouterArticle (src/routes/magasin/core/services/magasin.service.ts:225:15)
          at async Promise.all (index 98)

  console.log
    ✅ [Service Magasin] Article ajouté avec succès

      at ajouterArticle (src/routes/magasin/core/services/magasin.service.ts:225:15)
          at async Promise.all (index 99)

  console.log
    ✅ [Handler Articles] Article créé avec succès

      at createArticle (src/routes/magasin/core/handlers/create-article.handler.ts:30:15)
          at async Promise.all (index 0)

  console.log
    ✅ [Handler Articles] Article créé avec succès

      at createArticle (src/routes/magasin/core/handlers/create-article.handler.ts:30:15)
          at async Promise.all (index 1)

  console.log
    ✅ [Handler Articles] Article créé avec succès

      at createArticle (src/routes/magasin/core/handlers/create-article.handler.ts:30:15)
          at async Promise.all (index 2)

  console.log
    ✅ [Handler Articles] Article créé avec succès

      at createArticle (src/routes/magasin/core/handlers/create-article.handler.ts:30:15)
          at async Promise.all (index 3)

  console.log
    ✅ [Handler Articles] Article créé avec succès

      at createArticle (src/routes/magasin/core/handlers/create-article.handler.ts:30:15)
          at async Promise.all (index 4)

  console.log
    ✅ [Handler Articles] Article créé avec succès

      at createArticle (src/routes/magasin/core/handlers/create-article.handler.ts:30:15)
          at async Promise.all (index 5)

  console.log
    ✅ [Handler Articles] Article créé avec succès

      at createArticle (src/routes/magasin/core/handlers/create-article.handler.ts:30:15)
          at async Promise.all (index 6)

  console.log
    ✅ [Handler Articles] Article créé avec succès

      at createArticle (src/routes/magasin/core/handlers/create-article.handler.ts:30:15)
          at async Promise.all (index 7)

  console.log
    ✅ [Handler Articles] Article créé avec succès

      at createArticle (src/routes/magasin/core/handlers/create-article.handler.ts:30:15)
          at async Promise.all (index 8)

  console.log
    ✅ [Handler Articles] Article créé avec succès

      at createArticle (src/routes/magasin/core/handlers/create-article.handler.ts:30:15)
          at async Promise.all (index 9)

  console.log
    ✅ [Handler Articles] Article créé avec succès

      at createArticle (src/routes/magasin/core/handlers/create-article.handler.ts:30:15)
          at async Promise.all (index 10)

  console.log
    ✅ [Handler Articles] Article créé avec succès

      at createArticle (src/routes/magasin/core/handlers/create-article.handler.ts:30:15)
          at async Promise.all (index 11)

  console.log
    ✅ [Handler Articles] Article créé avec succès

      at createArticle (src/routes/magasin/core/handlers/create-article.handler.ts:30:15)
          at async Promise.all (index 12)

  console.log
    ✅ [Handler Articles] Article créé avec succès

      at createArticle (src/routes/magasin/core/handlers/create-article.handler.ts:30:15)
          at async Promise.all (index 13)

  console.log
    ✅ [Handler Articles] Article créé avec succès

      at createArticle (src/routes/magasin/core/handlers/create-article.handler.ts:30:15)
          at async Promise.all (index 14)

  console.log
    ✅ [Handler Articles] Article créé avec succès

      at createArticle (src/routes/magasin/core/handlers/create-article.handler.ts:30:15)
          at async Promise.all (index 15)

  console.log
    ✅ [Handler Articles] Article créé avec succès

      at createArticle (src/routes/magasin/core/handlers/create-article.handler.ts:30:15)
          at async Promise.all (index 16)

  console.log
    ✅ [Handler Articles] Article créé avec succès

      at createArticle (src/routes/magasin/core/handlers/create-article.handler.ts:30:15)
          at async Promise.all (index 17)

  console.log
    ✅ [Handler Articles] Article créé avec succès

      at createArticle (src/routes/magasin/core/handlers/create-article.handler.ts:30:15)
          at async Promise.all (index 18)

  console.log
    ✅ [Handler Articles] Article créé avec succès

      at createArticle (src/routes/magasin/core/handlers/create-article.handler.ts:30:15)
          at async Promise.all (index 19)

  console.log
    ✅ [Handler Articles] Article créé avec succès

      at createArticle (src/routes/magasin/core/handlers/create-article.handler.ts:30:15)
          at async Promise.all (index 20)

  console.log
    ✅ [Handler Articles] Article créé avec succès

      at createArticle (src/routes/magasin/core/handlers/create-article.handler.ts:30:15)
          at async Promise.all (index 21)

  console.log
    ✅ [Handler Articles] Article créé avec succès

      at createArticle (src/routes/magasin/core/handlers/create-article.handler.ts:30:15)
          at async Promise.all (index 22)

  console.log
    ✅ [Handler Articles] Article créé avec succès

      at createArticle (src/routes/magasin/core/handlers/create-article.handler.ts:30:15)
          at async Promise.all (index 23)

  console.log
    ✅ [Handler Articles] Article créé avec succès

      at createArticle (src/routes/magasin/core/handlers/create-article.handler.ts:30:15)
          at async Promise.all (index 24)

  console.log
    ✅ [Handler Articles] Article créé avec succès

      at createArticle (src/routes/magasin/core/handlers/create-article.handler.ts:30:15)
          at async Promise.all (index 25)

  console.log
    ✅ [Handler Articles] Article créé avec succès

      at createArticle (src/routes/magasin/core/handlers/create-article.handler.ts:30:15)
          at async Promise.all (index 26)

  console.log
    ✅ [Handler Articles] Article créé avec succès

      at createArticle (src/routes/magasin/core/handlers/create-article.handler.ts:30:15)
          at async Promise.all (index 27)

  console.log
    ✅ [Handler Articles] Article créé avec succès

      at createArticle (src/routes/magasin/core/handlers/create-article.handler.ts:30:15)
          at async Promise.all (index 28)

  console.log
    ✅ [Handler Articles] Article créé avec succès

      at createArticle (src/routes/magasin/core/handlers/create-article.handler.ts:30:15)
          at async Promise.all (index 29)

  console.log
    ✅ [Handler Articles] Article créé avec succès

      at createArticle (src/routes/magasin/core/handlers/create-article.handler.ts:30:15)
          at async Promise.all (index 30)

  console.log
    ✅ [Handler Articles] Article créé avec succès

      at createArticle (src/routes/magasin/core/handlers/create-article.handler.ts:30:15)
          at async Promise.all (index 31)

  console.log
    ✅ [Handler Articles] Article créé avec succès

      at createArticle (src/routes/magasin/core/handlers/create-article.handler.ts:30:15)
          at async Promise.all (index 32)

  console.log
    ✅ [Handler Articles] Article créé avec succès

      at createArticle (src/routes/magasin/core/handlers/create-article.handler.ts:30:15)
          at async Promise.all (index 33)

  console.log
    ✅ [Handler Articles] Article créé avec succès

      at createArticle (src/routes/magasin/core/handlers/create-article.handler.ts:30:15)
          at async Promise.all (index 34)

  console.log
    ✅ [Handler Articles] Article créé avec succès

      at createArticle (src/routes/magasin/core/handlers/create-article.handler.ts:30:15)
          at async Promise.all (index 35)

  console.log
    ✅ [Handler Articles] Article créé avec succès

      at createArticle (src/routes/magasin/core/handlers/create-article.handler.ts:30:15)
          at async Promise.all (index 36)

  console.log
    ✅ [Handler Articles] Article créé avec succès

      at createArticle (src/routes/magasin/core/handlers/create-article.handler.ts:30:15)
          at async Promise.all (index 37)

  console.log
    ✅ [Handler Articles] Article créé avec succès

      at createArticle (src/routes/magasin/core/handlers/create-article.handler.ts:30:15)
          at async Promise.all (index 38)

  console.log
    ✅ [Handler Articles] Article créé avec succès

      at createArticle (src/routes/magasin/core/handlers/create-article.handler.ts:30:15)
          at async Promise.all (index 39)

  console.log
    ✅ [Handler Articles] Article créé avec succès

      at createArticle (src/routes/magasin/core/handlers/create-article.handler.ts:30:15)
          at async Promise.all (index 40)

  console.log
    ✅ [Handler Articles] Article créé avec succès

      at createArticle (src/routes/magasin/core/handlers/create-article.handler.ts:30:15)
          at async Promise.all (index 41)

  console.log
    ✅ [Handler Articles] Article créé avec succès

      at createArticle (src/routes/magasin/core/handlers/create-article.handler.ts:30:15)
          at async Promise.all (index 42)

  console.log
    ✅ [Handler Articles] Article créé avec succès

      at createArticle (src/routes/magasin/core/handlers/create-article.handler.ts:30:15)
          at async Promise.all (index 43)

  console.log
    ✅ [Handler Articles] Article créé avec succès

      at createArticle (src/routes/magasin/core/handlers/create-article.handler.ts:30:15)
          at async Promise.all (index 44)

  console.log
    ✅ [Handler Articles] Article créé avec succès

      at createArticle (src/routes/magasin/core/handlers/create-article.handler.ts:30:15)
          at async Promise.all (index 45)

  console.log
    ✅ [Handler Articles] Article créé avec succès

      at createArticle (src/routes/magasin/core/handlers/create-article.handler.ts:30:15)
          at async Promise.all (index 46)

  console.log
    ✅ [Handler Articles] Article créé avec succès

      at createArticle (src/routes/magasin/core/handlers/create-article.handler.ts:30:15)
          at async Promise.all (index 47)

  console.log
    ✅ [Handler Articles] Article créé avec succès

      at createArticle (src/routes/magasin/core/handlers/create-article.handler.ts:30:15)
          at async Promise.all (index 48)

  console.log
    ✅ [Handler Articles] Article créé avec succès

      at createArticle (src/routes/magasin/core/handlers/create-article.handler.ts:30:15)
          at async Promise.all (index 49)

  console.log
    ✅ [Handler Articles] Article créé avec succès

      at createArticle (src/routes/magasin/core/handlers/create-article.handler.ts:30:15)
          at async Promise.all (index 50)

  console.log
    ✅ [Handler Articles] Article créé avec succès

      at createArticle (src/routes/magasin/core/handlers/create-article.handler.ts:30:15)
          at async Promise.all (index 51)

  console.log
    ✅ [Handler Articles] Article créé avec succès

      at createArticle (src/routes/magasin/core/handlers/create-article.handler.ts:30:15)
          at async Promise.all (index 52)

  console.log
    ✅ [Handler Articles] Article créé avec succès

      at createArticle (src/routes/magasin/core/handlers/create-article.handler.ts:30:15)
          at async Promise.all (index 53)

  console.log
    ✅ [Handler Articles] Article créé avec succès

      at createArticle (src/routes/magasin/core/handlers/create-article.handler.ts:30:15)
          at async Promise.all (index 54)

  console.log
    ✅ [Handler Articles] Article créé avec succès

      at createArticle (src/routes/magasin/core/handlers/create-article.handler.ts:30:15)
          at async Promise.all (index 55)

  console.log
    ✅ [Handler Articles] Article créé avec succès

      at createArticle (src/routes/magasin/core/handlers/create-article.handler.ts:30:15)
          at async Promise.all (index 56)

  console.log
    ✅ [Handler Articles] Article créé avec succès

      at createArticle (src/routes/magasin/core/handlers/create-article.handler.ts:30:15)
          at async Promise.all (index 57)

  console.log
    ✅ [Handler Articles] Article créé avec succès

      at createArticle (src/routes/magasin/core/handlers/create-article.handler.ts:30:15)
          at async Promise.all (index 58)

  console.log
    ✅ [Handler Articles] Article créé avec succès

      at createArticle (src/routes/magasin/core/handlers/create-article.handler.ts:30:15)
          at async Promise.all (index 59)

  console.log
    ✅ [Handler Articles] Article créé avec succès

      at createArticle (src/routes/magasin/core/handlers/create-article.handler.ts:30:15)
          at async Promise.all (index 60)

  console.log
    ✅ [Handler Articles] Article créé avec succès

      at createArticle (src/routes/magasin/core/handlers/create-article.handler.ts:30:15)
          at async Promise.all (index 61)

  console.log
    ✅ [Handler Articles] Article créé avec succès

      at createArticle (src/routes/magasin/core/handlers/create-article.handler.ts:30:15)
          at async Promise.all (index 62)

  console.log
    ✅ [Handler Articles] Article créé avec succès

      at createArticle (src/routes/magasin/core/handlers/create-article.handler.ts:30:15)
          at async Promise.all (index 63)

  console.log
    ✅ [Handler Articles] Article créé avec succès

      at createArticle (src/routes/magasin/core/handlers/create-article.handler.ts:30:15)
          at async Promise.all (index 64)

  console.log
    ✅ [Handler Articles] Article créé avec succès

      at createArticle (src/routes/magasin/core/handlers/create-article.handler.ts:30:15)
          at async Promise.all (index 65)

  console.log
    ✅ [Handler Articles] Article créé avec succès

      at createArticle (src/routes/magasin/core/handlers/create-article.handler.ts:30:15)
          at async Promise.all (index 66)

  console.log
    ✅ [Handler Articles] Article créé avec succès

      at createArticle (src/routes/magasin/core/handlers/create-article.handler.ts:30:15)
          at async Promise.all (index 67)

  console.log
    ✅ [Handler Articles] Article créé avec succès

      at createArticle (src/routes/magasin/core/handlers/create-article.handler.ts:30:15)
          at async Promise.all (index 68)

  console.log
    ✅ [Handler Articles] Article créé avec succès

      at createArticle (src/routes/magasin/core/handlers/create-article.handler.ts:30:15)
          at async Promise.all (index 69)

  console.log
    ✅ [Handler Articles] Article créé avec succès

      at createArticle (src/routes/magasin/core/handlers/create-article.handler.ts:30:15)
          at async Promise.all (index 70)

  console.log
    ✅ [Handler Articles] Article créé avec succès

      at createArticle (src/routes/magasin/core/handlers/create-article.handler.ts:30:15)
          at async Promise.all (index 71)

  console.log
    ✅ [Handler Articles] Article créé avec succès

      at createArticle (src/routes/magasin/core/handlers/create-article.handler.ts:30:15)
          at async Promise.all (index 72)

  console.log
    ✅ [Handler Articles] Article créé avec succès

      at createArticle (src/routes/magasin/core/handlers/create-article.handler.ts:30:15)
          at async Promise.all (index 73)

  console.log
    ✅ [Handler Articles] Article créé avec succès

      at createArticle (src/routes/magasin/core/handlers/create-article.handler.ts:30:15)
          at async Promise.all (index 74)

  console.log
    ✅ [Handler Articles] Article créé avec succès

      at createArticle (src/routes/magasin/core/handlers/create-article.handler.ts:30:15)
          at async Promise.all (index 75)

  console.log
    ✅ [Handler Articles] Article créé avec succès

      at createArticle (src/routes/magasin/core/handlers/create-article.handler.ts:30:15)
          at async Promise.all (index 76)

  console.log
    ✅ [Handler Articles] Article créé avec succès

      at createArticle (src/routes/magasin/core/handlers/create-article.handler.ts:30:15)
          at async Promise.all (index 77)

  console.log
    ✅ [Handler Articles] Article créé avec succès

      at createArticle (src/routes/magasin/core/handlers/create-article.handler.ts:30:15)
          at async Promise.all (index 78)

  console.log
    ✅ [Handler Articles] Article créé avec succès

      at createArticle (src/routes/magasin/core/handlers/create-article.handler.ts:30:15)
          at async Promise.all (index 79)

  console.log
    ✅ [Handler Articles] Article créé avec succès

      at createArticle (src/routes/magasin/core/handlers/create-article.handler.ts:30:15)
          at async Promise.all (index 80)

  console.log
    ✅ [Handler Articles] Article créé avec succès

      at createArticle (src/routes/magasin/core/handlers/create-article.handler.ts:30:15)
          at async Promise.all (index 81)

  console.log
    ✅ [Handler Articles] Article créé avec succès

      at createArticle (src/routes/magasin/core/handlers/create-article.handler.ts:30:15)
          at async Promise.all (index 82)

  console.log
    ✅ [Handler Articles] Article créé avec succès

      at createArticle (src/routes/magasin/core/handlers/create-article.handler.ts:30:15)
          at async Promise.all (index 83)

  console.log
    ✅ [Handler Articles] Article créé avec succès

      at createArticle (src/routes/magasin/core/handlers/create-article.handler.ts:30:15)
          at async Promise.all (index 84)

  console.log
    ✅ [Handler Articles] Article créé avec succès

      at createArticle (src/routes/magasin/core/handlers/create-article.handler.ts:30:15)
          at async Promise.all (index 85)

  console.log
    ✅ [Handler Articles] Article créé avec succès

      at createArticle (src/routes/magasin/core/handlers/create-article.handler.ts:30:15)
          at async Promise.all (index 86)

  console.log
    ✅ [Handler Articles] Article créé avec succès

      at createArticle (src/routes/magasin/core/handlers/create-article.handler.ts:30:15)
          at async Promise.all (index 87)

  console.log
    ✅ [Handler Articles] Article créé avec succès

      at createArticle (src/routes/magasin/core/handlers/create-article.handler.ts:30:15)
          at async Promise.all (index 88)

  console.log
    ✅ [Handler Articles] Article créé avec succès

      at createArticle (src/routes/magasin/core/handlers/create-article.handler.ts:30:15)
          at async Promise.all (index 89)

  console.log
    ✅ [Handler Articles] Article créé avec succès

      at createArticle (src/routes/magasin/core/handlers/create-article.handler.ts:30:15)
          at async Promise.all (index 90)

  console.log
    ✅ [Handler Articles] Article créé avec succès

      at createArticle (src/routes/magasin/core/handlers/create-article.handler.ts:30:15)
          at async Promise.all (index 91)

  console.log
    ✅ [Handler Articles] Article créé avec succès

      at createArticle (src/routes/magasin/core/handlers/create-article.handler.ts:30:15)
          at async Promise.all (index 92)

  console.log
    ✅ [Handler Articles] Article créé avec succès

      at createArticle (src/routes/magasin/core/handlers/create-article.handler.ts:30:15)
          at async Promise.all (index 93)

  console.log
    ✅ [Handler Articles] Article créé avec succès

      at createArticle (src/routes/magasin/core/handlers/create-article.handler.ts:30:15)
          at async Promise.all (index 94)

  console.log
    ✅ [Handler Articles] Article créé avec succès

      at createArticle (src/routes/magasin/core/handlers/create-article.handler.ts:30:15)
          at async Promise.all (index 95)

  console.log
    ✅ [Handler Articles] Article créé avec succès

      at createArticle (src/routes/magasin/core/handlers/create-article.handler.ts:30:15)
          at async Promise.all (index 96)

  console.log
    ✅ [Handler Articles] Article créé avec succès

      at createArticle (src/routes/magasin/core/handlers/create-article.handler.ts:30:15)
          at async Promise.all (index 97)

  console.log
    ✅ [Handler Articles] Article créé avec succès

      at createArticle (src/routes/magasin/core/handlers/create-article.handler.ts:30:15)
          at async Promise.all (index 98)

  console.log
    ✅ [Handler Articles] Article créé avec succès

      at createArticle (src/routes/magasin/core/handlers/create-article.handler.ts:30:15)
          at async Promise.all (index 99)

  console.log
    📋 [Handler Articles] Récupération des articles par catégories

      at getArticles (src/routes/magasin/core/handlers/get-articles.handler.ts:23:13)

  console.log
    🔍 [Service Magasin] Récupération des articles par catégories

      at obtenirArticlesParCategories (src/routes/magasin/core/services/magasin.service.ts:166:11)

  console.log
    📋 [Handler Articles] Récupération des articles par catégories

      at getArticles (src/routes/magasin/core/handlers/get-articles.handler.ts:23:13)

  console.log
    🔍 [Service Magasin] Récupération des articles par catégories

      at obtenirArticlesParCategories (src/routes/magasin/core/services/magasin.service.ts:166:11)

  console.log
    📋 [Handler Articles] Récupération des articles par catégories

      at getArticles (src/routes/magasin/core/handlers/get-articles.handler.ts:23:13)

  console.log
    🔍 [Service Magasin] Récupération des articles par catégories

      at obtenirArticlesParCategories (src/routes/magasin/core/services/magasin.service.ts:166:11)

  console.log
    📋 [Handler Articles] Récupération des articles par catégories

      at getArticles (src/routes/magasin/core/handlers/get-articles.handler.ts:23:13)

  console.log
    🔍 [Service Magasin] Récupération des articles par catégories

      at obtenirArticlesParCategories (src/routes/magasin/core/services/magasin.service.ts:166:11)

  console.log
    📋 [Handler Articles] Récupération des articles par catégories

      at getArticles (src/routes/magasin/core/handlers/get-articles.handler.ts:23:13)

  console.log
    🔍 [Service Magasin] Récupération des articles par catégories

      at obtenirArticlesParCategories (src/routes/magasin/core/services/magasin.service.ts:166:11)

  console.log
    📋 [Handler Articles] Récupération des articles par catégories

      at getArticles (src/routes/magasin/core/handlers/get-articles.handler.ts:23:13)

  console.log
    🔍 [Service Magasin] Récupération des articles par catégories

      at obtenirArticlesParCategories (src/routes/magasin/core/services/magasin.service.ts:166:11)

  console.log
    📋 [Handler Articles] Récupération des articles par catégories

      at getArticles (src/routes/magasin/core/handlers/get-articles.handler.ts:23:13)

  console.log
    🔍 [Service Magasin] Récupération des articles par catégories

      at obtenirArticlesParCategories (src/routes/magasin/core/services/magasin.service.ts:166:11)

  console.log
    📋 [Handler Articles] Récupération des articles par catégories

      at getArticles (src/routes/magasin/core/handlers/get-articles.handler.ts:23:13)

  console.log
    🔍 [Service Magasin] Récupération des articles par catégories

      at obtenirArticlesParCategories (src/routes/magasin/core/services/magasin.service.ts:166:11)

  console.log
    📋 [Handler Articles] Récupération des articles par catégories

      at getArticles (src/routes/magasin/core/handlers/get-articles.handler.ts:23:13)

  console.log
    🔍 [Service Magasin] Récupération des articles par catégories

      at obtenirArticlesParCategories (src/routes/magasin/core/services/magasin.service.ts:166:11)

  console.log
    📋 [Handler Articles] Récupération des articles par catégories

      at getArticles (src/routes/magasin/core/handlers/get-articles.handler.ts:23:13)

  console.log
    🔍 [Service Magasin] Récupération des articles par catégories

      at obtenirArticlesParCategories (src/routes/magasin/core/services/magasin.service.ts:166:11)

  console.log
    📋 [Handler Articles] Récupération des articles par catégories

      at getArticles (src/routes/magasin/core/handlers/get-articles.handler.ts:23:13)

  console.log
    🔍 [Service Magasin] Récupération des articles par catégories

      at obtenirArticlesParCategories (src/routes/magasin/core/services/magasin.service.ts:166:11)

  console.log
    📋 [Handler Articles] Récupération des articles par catégories

      at getArticles (src/routes/magasin/core/handlers/get-articles.handler.ts:23:13)

  console.log
    🔍 [Service Magasin] Récupération des articles par catégories

      at obtenirArticlesParCategories (src/routes/magasin/core/services/magasin.service.ts:166:11)

  console.log
    📋 [Handler Articles] Récupération des articles par catégories

      at getArticles (src/routes/magasin/core/handlers/get-articles.handler.ts:23:13)

  console.log
    🔍 [Service Magasin] Récupération des articles par catégories

      at obtenirArticlesParCategories (src/routes/magasin/core/services/magasin.service.ts:166:11)

  console.log
    📋 [Handler Articles] Récupération des articles par catégories

      at getArticles (src/routes/magasin/core/handlers/get-articles.handler.ts:23:13)

  console.log
    🔍 [Service Magasin] Récupération des articles par catégories

      at obtenirArticlesParCategories (src/routes/magasin/core/services/magasin.service.ts:166:11)

  console.log
    📋 [Handler Articles] Récupération des articles par catégories

      at getArticles (src/routes/magasin/core/handlers/get-articles.handler.ts:23:13)

  console.log
    🔍 [Service Magasin] Récupération des articles par catégories

      at obtenirArticlesParCategories (src/routes/magasin/core/services/magasin.service.ts:166:11)

  console.log
    📋 [Handler Articles] Récupération des articles par catégories

      at getArticles (src/routes/magasin/core/handlers/get-articles.handler.ts:23:13)

  console.log
    🔍 [Service Magasin] Récupération des articles par catégories

      at obtenirArticlesParCategories (src/routes/magasin/core/services/magasin.service.ts:166:11)

  console.log
    📋 [Handler Articles] Récupération des articles par catégories

      at getArticles (src/routes/magasin/core/handlers/get-articles.handler.ts:23:13)

  console.log
    🔍 [Service Magasin] Récupération des articles par catégories

      at obtenirArticlesParCategories (src/routes/magasin/core/services/magasin.service.ts:166:11)

  console.log
    📋 [Handler Articles] Récupération des articles par catégories

      at getArticles (src/routes/magasin/core/handlers/get-articles.handler.ts:23:13)

  console.log
    🔍 [Service Magasin] Récupération des articles par catégories

      at obtenirArticlesParCategories (src/routes/magasin/core/services/magasin.service.ts:166:11)

  console.log
    📋 [Handler Articles] Récupération des articles par catégories

      at getArticles (src/routes/magasin/core/handlers/get-articles.handler.ts:23:13)

  console.log
    🔍 [Service Magasin] Récupération des articles par catégories

      at obtenirArticlesParCategories (src/routes/magasin/core/services/magasin.service.ts:166:11)

  console.log
    📋 [Handler Articles] Récupération des articles par catégories

      at getArticles (src/routes/magasin/core/handlers/get-articles.handler.ts:23:13)

  console.log
    🔍 [Service Magasin] Récupération des articles par catégories

      at obtenirArticlesParCategories (src/routes/magasin/core/services/magasin.service.ts:166:11)

  console.log
    📋 [Handler Articles] Récupération des articles par catégories

      at getArticles (src/routes/magasin/core/handlers/get-articles.handler.ts:23:13)

  console.log
    🔍 [Service Magasin] Récupération des articles par catégories

      at obtenirArticlesParCategories (src/routes/magasin/core/services/magasin.service.ts:166:11)

  console.log
    📋 [Handler Articles] Récupération des articles par catégories

      at getArticles (src/routes/magasin/core/handlers/get-articles.handler.ts:23:13)

  console.log
    🔍 [Service Magasin] Récupération des articles par catégories

      at obtenirArticlesParCategories (src/routes/magasin/core/services/magasin.service.ts:166:11)

  console.log
    📋 [Handler Articles] Récupération des articles par catégories

      at getArticles (src/routes/magasin/core/handlers/get-articles.handler.ts:23:13)

  console.log
    🔍 [Service Magasin] Récupération des articles par catégories

      at obtenirArticlesParCategories (src/routes/magasin/core/services/magasin.service.ts:166:11)

  console.log
    📋 [Handler Articles] Récupération des articles par catégories

      at getArticles (src/routes/magasin/core/handlers/get-articles.handler.ts:23:13)

  console.log
    🔍 [Service Magasin] Récupération des articles par catégories

      at obtenirArticlesParCategories (src/routes/magasin/core/services/magasin.service.ts:166:11)

  console.log
    📋 [Handler Articles] Récupération des articles par catégories

      at getArticles (src/routes/magasin/core/handlers/get-articles.handler.ts:23:13)

  console.log
    🔍 [Service Magasin] Récupération des articles par catégories

      at obtenirArticlesParCategories (src/routes/magasin/core/services/magasin.service.ts:166:11)

  console.log
    📋 [Handler Articles] Récupération des articles par catégories

      at getArticles (src/routes/magasin/core/handlers/get-articles.handler.ts:23:13)

  console.log
    🔍 [Service Magasin] Récupération des articles par catégories

      at obtenirArticlesParCategories (src/routes/magasin/core/services/magasin.service.ts:166:11)

  console.log
    📋 [Handler Articles] Récupération des articles par catégories

      at getArticles (src/routes/magasin/core/handlers/get-articles.handler.ts:23:13)

  console.log
    🔍 [Service Magasin] Récupération des articles par catégories

      at obtenirArticlesParCategories (src/routes/magasin/core/services/magasin.service.ts:166:11)

  console.log
    📋 [Handler Articles] Récupération des articles par catégories

      at getArticles (src/routes/magasin/core/handlers/get-articles.handler.ts:23:13)

  console.log
    🔍 [Service Magasin] Récupération des articles par catégories

      at obtenirArticlesParCategories (src/routes/magasin/core/services/magasin.service.ts:166:11)

  console.log
    📋 [Handler Articles] Récupération des articles par catégories

      at getArticles (src/routes/magasin/core/handlers/get-articles.handler.ts:23:13)

  console.log
    🔍 [Service Magasin] Récupération des articles par catégories

      at obtenirArticlesParCategories (src/routes/magasin/core/services/magasin.service.ts:166:11)

  console.log
    📋 [Handler Articles] Récupération des articles par catégories

      at getArticles (src/routes/magasin/core/handlers/get-articles.handler.ts:23:13)

  console.log
    🔍 [Service Magasin] Récupération des articles par catégories

      at obtenirArticlesParCategories (src/routes/magasin/core/services/magasin.service.ts:166:11)

  console.log
    📋 [Handler Articles] Récupération des articles par catégories

      at getArticles (src/routes/magasin/core/handlers/get-articles.handler.ts:23:13)

  console.log
    🔍 [Service Magasin] Récupération des articles par catégories

      at obtenirArticlesParCategories (src/routes/magasin/core/services/magasin.service.ts:166:11)

  console.log
    📋 [Handler Articles] Récupération des articles par catégories

      at getArticles (src/routes/magasin/core/handlers/get-articles.handler.ts:23:13)

  console.log
    🔍 [Service Magasin] Récupération des articles par catégories

      at obtenirArticlesParCategories (src/routes/magasin/core/services/magasin.service.ts:166:11)

  console.log
    📋 [Handler Articles] Récupération des articles par catégories

      at getArticles (src/routes/magasin/core/handlers/get-articles.handler.ts:23:13)

  console.log
    🔍 [Service Magasin] Récupération des articles par catégories

      at obtenirArticlesParCategories (src/routes/magasin/core/services/magasin.service.ts:166:11)

  console.log
    📋 [Handler Articles] Récupération des articles par catégories

      at getArticles (src/routes/magasin/core/handlers/get-articles.handler.ts:23:13)

  console.log
    🔍 [Service Magasin] Récupération des articles par catégories

      at obtenirArticlesParCategories (src/routes/magasin/core/services/magasin.service.ts:166:11)

  console.log
    📋 [Handler Articles] Récupération des articles par catégories

      at getArticles (src/routes/magasin/core/handlers/get-articles.handler.ts:23:13)

  console.log
    🔍 [Service Magasin] Récupération des articles par catégories

      at obtenirArticlesParCategories (src/routes/magasin/core/services/magasin.service.ts:166:11)

  console.log
    📋 [Handler Articles] Récupération des articles par catégories

      at getArticles (src/routes/magasin/core/handlers/get-articles.handler.ts:23:13)

  console.log
    🔍 [Service Magasin] Récupération des articles par catégories

      at obtenirArticlesParCategories (src/routes/magasin/core/services/magasin.service.ts:166:11)

  console.log
    📋 [Handler Articles] Récupération des articles par catégories

      at getArticles (src/routes/magasin/core/handlers/get-articles.handler.ts:23:13)

  console.log
    🔍 [Service Magasin] Récupération des articles par catégories

      at obtenirArticlesParCategories (src/routes/magasin/core/services/magasin.service.ts:166:11)

  console.log
    📋 [Handler Articles] Récupération des articles par catégories

      at getArticles (src/routes/magasin/core/handlers/get-articles.handler.ts:23:13)

  console.log
    🔍 [Service Magasin] Récupération des articles par catégories

      at obtenirArticlesParCategories (src/routes/magasin/core/services/magasin.service.ts:166:11)

  console.log
    📋 [Handler Articles] Récupération des articles par catégories

      at getArticles (src/routes/magasin/core/handlers/get-articles.handler.ts:23:13)

  console.log
    🔍 [Service Magasin] Récupération des articles par catégories

      at obtenirArticlesParCategories (src/routes/magasin/core/services/magasin.service.ts:166:11)

  console.log
    📋 [Handler Articles] Récupération des articles par catégories

      at getArticles (src/routes/magasin/core/handlers/get-articles.handler.ts:23:13)

  console.log
    🔍 [Service Magasin] Récupération des articles par catégories

      at obtenirArticlesParCategories (src/routes/magasin/core/services/magasin.service.ts:166:11)

  console.log
    📋 [Handler Articles] Récupération des articles par catégories

      at getArticles (src/routes/magasin/core/handlers/get-articles.handler.ts:23:13)

  console.log
    🔍 [Service Magasin] Récupération des articles par catégories

      at obtenirArticlesParCategories (src/routes/magasin/core/services/magasin.service.ts:166:11)

  console.log
    📋 [Handler Articles] Récupération des articles par catégories

      at getArticles (src/routes/magasin/core/handlers/get-articles.handler.ts:23:13)

  console.log
    🔍 [Service Magasin] Récupération des articles par catégories

      at obtenirArticlesParCategories (src/routes/magasin/core/services/magasin.service.ts:166:11)

  console.log
    📋 [Handler Articles] Récupération des articles par catégories

      at getArticles (src/routes/magasin/core/handlers/get-articles.handler.ts:23:13)

  console.log
    🔍 [Service Magasin] Récupération des articles par catégories

      at obtenirArticlesParCategories (src/routes/magasin/core/services/magasin.service.ts:166:11)

  console.log
    📋 [Handler Articles] Récupération des articles par catégories

      at getArticles (src/routes/magasin/core/handlers/get-articles.handler.ts:23:13)

  console.log
    🔍 [Service Magasin] Récupération des articles par catégories

      at obtenirArticlesParCategories (src/routes/magasin/core/services/magasin.service.ts:166:11)

  console.log
    📋 [Handler Articles] Récupération des articles par catégories

      at getArticles (src/routes/magasin/core/handlers/get-articles.handler.ts:23:13)

  console.log
    🔍 [Service Magasin] Récupération des articles par catégories

      at obtenirArticlesParCategories (src/routes/magasin/core/services/magasin.service.ts:166:11)

  console.log
    📋 [Handler Articles] Récupération des articles par catégories

      at getArticles (src/routes/magasin/core/handlers/get-articles.handler.ts:23:13)

  console.log
    🔍 [Service Magasin] Récupération des articles par catégories

      at obtenirArticlesParCategories (src/routes/magasin/core/services/magasin.service.ts:166:11)

  console.log
    📋 [Handler Articles] Récupération des articles par catégories

      at getArticles (src/routes/magasin/core/handlers/get-articles.handler.ts:23:13)

  console.log
    🔍 [Service Magasin] Récupération des articles par catégories

      at obtenirArticlesParCategories (src/routes/magasin/core/services/magasin.service.ts:166:11)

  console.log
    📋 [Handler Articles] Récupération des articles par catégories

      at getArticles (src/routes/magasin/core/handlers/get-articles.handler.ts:23:13)

  console.log
    🔍 [Service Magasin] Récupération des articles par catégories

      at obtenirArticlesParCategories (src/routes/magasin/core/services/magasin.service.ts:166:11)

  console.log
    📋 [Handler Articles] Récupération des articles par catégories

      at getArticles (src/routes/magasin/core/handlers/get-articles.handler.ts:23:13)

  console.log
    🔍 [Service Magasin] Récupération des articles par catégories

      at obtenirArticlesParCategories (src/routes/magasin/core/services/magasin.service.ts:166:11)

  console.log
    📋 [Handler Articles] Récupération des articles par catégories

      at getArticles (src/routes/magasin/core/handlers/get-articles.handler.ts:23:13)

  console.log
    🔍 [Service Magasin] Récupération des articles par catégories

      at obtenirArticlesParCategories (src/routes/magasin/core/services/magasin.service.ts:166:11)

  console.log
    ✅ [Service Magasin] Articles récupérés avec succès

      at obtenirArticlesParCategories (src/routes/magasin/core/services/magasin.service.ts:171:13)
          at async Promise.all (index 0)

  console.log
    ✅ [Service Magasin] Articles récupérés avec succès

      at obtenirArticlesParCategories (src/routes/magasin/core/services/magasin.service.ts:171:13)
          at async Promise.all (index 1)

  console.log
    ✅ [Service Magasin] Articles récupérés avec succès

      at obtenirArticlesParCategories (src/routes/magasin/core/services/magasin.service.ts:171:13)
          at async Promise.all (index 2)

  console.log
    ✅ [Service Magasin] Articles récupérés avec succès

      at obtenirArticlesParCategories (src/routes/magasin/core/services/magasin.service.ts:171:13)
          at async Promise.all (index 3)

  console.log
    ✅ [Service Magasin] Articles récupérés avec succès

      at obtenirArticlesParCategories (src/routes/magasin/core/services/magasin.service.ts:171:13)
          at async Promise.all (index 4)

  console.log
    ✅ [Service Magasin] Articles récupérés avec succès

      at obtenirArticlesParCategories (src/routes/magasin/core/services/magasin.service.ts:171:13)
          at async Promise.all (index 5)

  console.log
    ✅ [Service Magasin] Articles récupérés avec succès

      at obtenirArticlesParCategories (src/routes/magasin/core/services/magasin.service.ts:171:13)
          at async Promise.all (index 6)

  console.log
    ✅ [Service Magasin] Articles récupérés avec succès

      at obtenirArticlesParCategories (src/routes/magasin/core/services/magasin.service.ts:171:13)
          at async Promise.all (index 7)

  console.log
    ✅ [Service Magasin] Articles récupérés avec succès

      at obtenirArticlesParCategories (src/routes/magasin/core/services/magasin.service.ts:171:13)
          at async Promise.all (index 8)

  console.log
    ✅ [Service Magasin] Articles récupérés avec succès

      at obtenirArticlesParCategories (src/routes/magasin/core/services/magasin.service.ts:171:13)
          at async Promise.all (index 9)

  console.log
    ✅ [Service Magasin] Articles récupérés avec succès

      at obtenirArticlesParCategories (src/routes/magasin/core/services/magasin.service.ts:171:13)
          at async Promise.all (index 10)

  console.log
    ✅ [Service Magasin] Articles récupérés avec succès

      at obtenirArticlesParCategories (src/routes/magasin/core/services/magasin.service.ts:171:13)
          at async Promise.all (index 11)

  console.log
    ✅ [Service Magasin] Articles récupérés avec succès

      at obtenirArticlesParCategories (src/routes/magasin/core/services/magasin.service.ts:171:13)
          at async Promise.all (index 12)

  console.log
    ✅ [Service Magasin] Articles récupérés avec succès

      at obtenirArticlesParCategories (src/routes/magasin/core/services/magasin.service.ts:171:13)
          at async Promise.all (index 13)

  console.log
    ✅ [Service Magasin] Articles récupérés avec succès

      at obtenirArticlesParCategories (src/routes/magasin/core/services/magasin.service.ts:171:13)
          at async Promise.all (index 14)

  console.log
    ✅ [Service Magasin] Articles récupérés avec succès

      at obtenirArticlesParCategories (src/routes/magasin/core/services/magasin.service.ts:171:13)
          at async Promise.all (index 15)

  console.log
    ✅ [Service Magasin] Articles récupérés avec succès

      at obtenirArticlesParCategories (src/routes/magasin/core/services/magasin.service.ts:171:13)
          at async Promise.all (index 16)

  console.log
    ✅ [Service Magasin] Articles récupérés avec succès

      at obtenirArticlesParCategories (src/routes/magasin/core/services/magasin.service.ts:171:13)
          at async Promise.all (index 17)

  console.log
    ✅ [Service Magasin] Articles récupérés avec succès

      at obtenirArticlesParCategories (src/routes/magasin/core/services/magasin.service.ts:171:13)
          at async Promise.all (index 18)

  console.log
    ✅ [Service Magasin] Articles récupérés avec succès

      at obtenirArticlesParCategories (src/routes/magasin/core/services/magasin.service.ts:171:13)
          at async Promise.all (index 19)

  console.log
    ✅ [Service Magasin] Articles récupérés avec succès

      at obtenirArticlesParCategories (src/routes/magasin/core/services/magasin.service.ts:171:13)
          at async Promise.all (index 20)

  console.log
    ✅ [Service Magasin] Articles récupérés avec succès

      at obtenirArticlesParCategories (src/routes/magasin/core/services/magasin.service.ts:171:13)
          at async Promise.all (index 21)

  console.log
    ✅ [Service Magasin] Articles récupérés avec succès

      at obtenirArticlesParCategories (src/routes/magasin/core/services/magasin.service.ts:171:13)
          at async Promise.all (index 22)

  console.log
    ✅ [Service Magasin] Articles récupérés avec succès

      at obtenirArticlesParCategories (src/routes/magasin/core/services/magasin.service.ts:171:13)
          at async Promise.all (index 23)

  console.log
    ✅ [Service Magasin] Articles récupérés avec succès

      at obtenirArticlesParCategories (src/routes/magasin/core/services/magasin.service.ts:171:13)
          at async Promise.all (index 24)

  console.log
    ✅ [Service Magasin] Articles récupérés avec succès

      at obtenirArticlesParCategories (src/routes/magasin/core/services/magasin.service.ts:171:13)
          at async Promise.all (index 25)

  console.log
    ✅ [Service Magasin] Articles récupérés avec succès

      at obtenirArticlesParCategories (src/routes/magasin/core/services/magasin.service.ts:171:13)
          at async Promise.all (index 26)

  console.log
    ✅ [Service Magasin] Articles récupérés avec succès

      at obtenirArticlesParCategories (src/routes/magasin/core/services/magasin.service.ts:171:13)
          at async Promise.all (index 27)

  console.log
    ✅ [Service Magasin] Articles récupérés avec succès

      at obtenirArticlesParCategories (src/routes/magasin/core/services/magasin.service.ts:171:13)
          at async Promise.all (index 28)

  console.log
    ✅ [Service Magasin] Articles récupérés avec succès

      at obtenirArticlesParCategories (src/routes/magasin/core/services/magasin.service.ts:171:13)
          at async Promise.all (index 29)

  console.log
    ✅ [Service Magasin] Articles récupérés avec succès

      at obtenirArticlesParCategories (src/routes/magasin/core/services/magasin.service.ts:171:13)
          at async Promise.all (index 30)

  console.log
    ✅ [Service Magasin] Articles récupérés avec succès

      at obtenirArticlesParCategories (src/routes/magasin/core/services/magasin.service.ts:171:13)
          at async Promise.all (index 31)

  console.log
    ✅ [Service Magasin] Articles récupérés avec succès

      at obtenirArticlesParCategories (src/routes/magasin/core/services/magasin.service.ts:171:13)
          at async Promise.all (index 32)

  console.log
    ✅ [Service Magasin] Articles récupérés avec succès

      at obtenirArticlesParCategories (src/routes/magasin/core/services/magasin.service.ts:171:13)
          at async Promise.all (index 33)

  console.log
    ✅ [Service Magasin] Articles récupérés avec succès

      at obtenirArticlesParCategories (src/routes/magasin/core/services/magasin.service.ts:171:13)
          at async Promise.all (index 34)

  console.log
    ✅ [Service Magasin] Articles récupérés avec succès

      at obtenirArticlesParCategories (src/routes/magasin/core/services/magasin.service.ts:171:13)
          at async Promise.all (index 35)

  console.log
    ✅ [Service Magasin] Articles récupérés avec succès

      at obtenirArticlesParCategories (src/routes/magasin/core/services/magasin.service.ts:171:13)
          at async Promise.all (index 36)

  console.log
    ✅ [Service Magasin] Articles récupérés avec succès

      at obtenirArticlesParCategories (src/routes/magasin/core/services/magasin.service.ts:171:13)
          at async Promise.all (index 37)

  console.log
    ✅ [Service Magasin] Articles récupérés avec succès

      at obtenirArticlesParCategories (src/routes/magasin/core/services/magasin.service.ts:171:13)
          at async Promise.all (index 38)

  console.log
    ✅ [Service Magasin] Articles récupérés avec succès

      at obtenirArticlesParCategories (src/routes/magasin/core/services/magasin.service.ts:171:13)
          at async Promise.all (index 39)

  console.log
    ✅ [Service Magasin] Articles récupérés avec succès

      at obtenirArticlesParCategories (src/routes/magasin/core/services/magasin.service.ts:171:13)
          at async Promise.all (index 40)

  console.log
    ✅ [Service Magasin] Articles récupérés avec succès

      at obtenirArticlesParCategories (src/routes/magasin/core/services/magasin.service.ts:171:13)
          at async Promise.all (index 41)

  console.log
    ✅ [Service Magasin] Articles récupérés avec succès

      at obtenirArticlesParCategories (src/routes/magasin/core/services/magasin.service.ts:171:13)
          at async Promise.all (index 42)

  console.log
    ✅ [Service Magasin] Articles récupérés avec succès

      at obtenirArticlesParCategories (src/routes/magasin/core/services/magasin.service.ts:171:13)
          at async Promise.all (index 43)

  console.log
    ✅ [Service Magasin] Articles récupérés avec succès

      at obtenirArticlesParCategories (src/routes/magasin/core/services/magasin.service.ts:171:13)
          at async Promise.all (index 44)

  console.log
    ✅ [Service Magasin] Articles récupérés avec succès

      at obtenirArticlesParCategories (src/routes/magasin/core/services/magasin.service.ts:171:13)
          at async Promise.all (index 45)

  console.log
    ✅ [Service Magasin] Articles récupérés avec succès

      at obtenirArticlesParCategories (src/routes/magasin/core/services/magasin.service.ts:171:13)
          at async Promise.all (index 46)

  console.log
    ✅ [Service Magasin] Articles récupérés avec succès

      at obtenirArticlesParCategories (src/routes/magasin/core/services/magasin.service.ts:171:13)
          at async Promise.all (index 47)

  console.log
    ✅ [Service Magasin] Articles récupérés avec succès

      at obtenirArticlesParCategories (src/routes/magasin/core/services/magasin.service.ts:171:13)
          at async Promise.all (index 48)

  console.log
    ✅ [Service Magasin] Articles récupérés avec succès

      at obtenirArticlesParCategories (src/routes/magasin/core/services/magasin.service.ts:171:13)
          at async Promise.all (index 49)

  console.log
    ✅ [Handler Articles] Articles récupérés avec succès

      at getArticles (src/routes/magasin/core/handlers/get-articles.handler.ts:32:13)
          at async Promise.all (index 0)

  console.log
    ✅ [Handler Articles] Articles récupérés avec succès

      at getArticles (src/routes/magasin/core/handlers/get-articles.handler.ts:32:13)
          at async Promise.all (index 1)

  console.log
    ✅ [Handler Articles] Articles récupérés avec succès

      at getArticles (src/routes/magasin/core/handlers/get-articles.handler.ts:32:13)
          at async Promise.all (index 2)

  console.log
    ✅ [Handler Articles] Articles récupérés avec succès

      at getArticles (src/routes/magasin/core/handlers/get-articles.handler.ts:32:13)
          at async Promise.all (index 3)

  console.log
    ✅ [Handler Articles] Articles récupérés avec succès

      at getArticles (src/routes/magasin/core/handlers/get-articles.handler.ts:32:13)
          at async Promise.all (index 4)

  console.log
    ✅ [Handler Articles] Articles récupérés avec succès

      at getArticles (src/routes/magasin/core/handlers/get-articles.handler.ts:32:13)
          at async Promise.all (index 5)

  console.log
    ✅ [Handler Articles] Articles récupérés avec succès

      at getArticles (src/routes/magasin/core/handlers/get-articles.handler.ts:32:13)
          at async Promise.all (index 6)

  console.log
    ✅ [Handler Articles] Articles récupérés avec succès

      at getArticles (src/routes/magasin/core/handlers/get-articles.handler.ts:32:13)
          at async Promise.all (index 7)

  console.log
    ✅ [Handler Articles] Articles récupérés avec succès

      at getArticles (src/routes/magasin/core/handlers/get-articles.handler.ts:32:13)
          at async Promise.all (index 8)

  console.log
    ✅ [Handler Articles] Articles récupérés avec succès

      at getArticles (src/routes/magasin/core/handlers/get-articles.handler.ts:32:13)
          at async Promise.all (index 9)

  console.log
    ✅ [Handler Articles] Articles récupérés avec succès

      at getArticles (src/routes/magasin/core/handlers/get-articles.handler.ts:32:13)
          at async Promise.all (index 10)

  console.log
    ✅ [Handler Articles] Articles récupérés avec succès

      at getArticles (src/routes/magasin/core/handlers/get-articles.handler.ts:32:13)
          at async Promise.all (index 11)

  console.log
    ✅ [Handler Articles] Articles récupérés avec succès

      at getArticles (src/routes/magasin/core/handlers/get-articles.handler.ts:32:13)
          at async Promise.all (index 12)

  console.log
    ✅ [Handler Articles] Articles récupérés avec succès

      at getArticles (src/routes/magasin/core/handlers/get-articles.handler.ts:32:13)
          at async Promise.all (index 13)

  console.log
    ✅ [Handler Articles] Articles récupérés avec succès

      at getArticles (src/routes/magasin/core/handlers/get-articles.handler.ts:32:13)
          at async Promise.all (index 14)

  console.log
    ✅ [Handler Articles] Articles récupérés avec succès

      at getArticles (src/routes/magasin/core/handlers/get-articles.handler.ts:32:13)
          at async Promise.all (index 15)

  console.log
    ✅ [Handler Articles] Articles récupérés avec succès

      at getArticles (src/routes/magasin/core/handlers/get-articles.handler.ts:32:13)
          at async Promise.all (index 16)

  console.log
    ✅ [Handler Articles] Articles récupérés avec succès

      at getArticles (src/routes/magasin/core/handlers/get-articles.handler.ts:32:13)
          at async Promise.all (index 17)

  console.log
    ✅ [Handler Articles] Articles récupérés avec succès

      at getArticles (src/routes/magasin/core/handlers/get-articles.handler.ts:32:13)
          at async Promise.all (index 18)

  console.log
    ✅ [Handler Articles] Articles récupérés avec succès

      at getArticles (src/routes/magasin/core/handlers/get-articles.handler.ts:32:13)
          at async Promise.all (index 19)

  console.log
    ✅ [Handler Articles] Articles récupérés avec succès

      at getArticles (src/routes/magasin/core/handlers/get-articles.handler.ts:32:13)
          at async Promise.all (index 20)

  console.log
    ✅ [Handler Articles] Articles récupérés avec succès

      at getArticles (src/routes/magasin/core/handlers/get-articles.handler.ts:32:13)
          at async Promise.all (index 21)

  console.log
    ✅ [Handler Articles] Articles récupérés avec succès

      at getArticles (src/routes/magasin/core/handlers/get-articles.handler.ts:32:13)
          at async Promise.all (index 22)

  console.log
    ✅ [Handler Articles] Articles récupérés avec succès

      at getArticles (src/routes/magasin/core/handlers/get-articles.handler.ts:32:13)
          at async Promise.all (index 23)

  console.log
    ✅ [Handler Articles] Articles récupérés avec succès

      at getArticles (src/routes/magasin/core/handlers/get-articles.handler.ts:32:13)
          at async Promise.all (index 24)

  console.log
    ✅ [Handler Articles] Articles récupérés avec succès

      at getArticles (src/routes/magasin/core/handlers/get-articles.handler.ts:32:13)
          at async Promise.all (index 25)

  console.log
    ✅ [Handler Articles] Articles récupérés avec succès

      at getArticles (src/routes/magasin/core/handlers/get-articles.handler.ts:32:13)
          at async Promise.all (index 26)

  console.log
    ✅ [Handler Articles] Articles récupérés avec succès

      at getArticles (src/routes/magasin/core/handlers/get-articles.handler.ts:32:13)
          at async Promise.all (index 27)

  console.log
    ✅ [Handler Articles] Articles récupérés avec succès

      at getArticles (src/routes/magasin/core/handlers/get-articles.handler.ts:32:13)
          at async Promise.all (index 28)

  console.log
    ✅ [Handler Articles] Articles récupérés avec succès

      at getArticles (src/routes/magasin/core/handlers/get-articles.handler.ts:32:13)
          at async Promise.all (index 29)

  console.log
    ✅ [Handler Articles] Articles récupérés avec succès

      at getArticles (src/routes/magasin/core/handlers/get-articles.handler.ts:32:13)
          at async Promise.all (index 30)

  console.log
    ✅ [Handler Articles] Articles récupérés avec succès

      at getArticles (src/routes/magasin/core/handlers/get-articles.handler.ts:32:13)
          at async Promise.all (index 31)

  console.log
    ✅ [Handler Articles] Articles récupérés avec succès

      at getArticles (src/routes/magasin/core/handlers/get-articles.handler.ts:32:13)
          at async Promise.all (index 32)

  console.log
    ✅ [Handler Articles] Articles récupérés avec succès

      at getArticles (src/routes/magasin/core/handlers/get-articles.handler.ts:32:13)
          at async Promise.all (index 33)

  console.log
    ✅ [Handler Articles] Articles récupérés avec succès

      at getArticles (src/routes/magasin/core/handlers/get-articles.handler.ts:32:13)
          at async Promise.all (index 34)

  console.log
    ✅ [Handler Articles] Articles récupérés avec succès

      at getArticles (src/routes/magasin/core/handlers/get-articles.handler.ts:32:13)
          at async Promise.all (index 35)

  console.log
    ✅ [Handler Articles] Articles récupérés avec succès

      at getArticles (src/routes/magasin/core/handlers/get-articles.handler.ts:32:13)
          at async Promise.all (index 36)

  console.log
    ✅ [Handler Articles] Articles récupérés avec succès

      at getArticles (src/routes/magasin/core/handlers/get-articles.handler.ts:32:13)
          at async Promise.all (index 37)

  console.log
    ✅ [Handler Articles] Articles récupérés avec succès

      at getArticles (src/routes/magasin/core/handlers/get-articles.handler.ts:32:13)
          at async Promise.all (index 38)

  console.log
    ✅ [Handler Articles] Articles récupérés avec succès

      at getArticles (src/routes/magasin/core/handlers/get-articles.handler.ts:32:13)
          at async Promise.all (index 39)

  console.log
    ✅ [Handler Articles] Articles récupérés avec succès

      at getArticles (src/routes/magasin/core/handlers/get-articles.handler.ts:32:13)
          at async Promise.all (index 40)

  console.log
    ✅ [Handler Articles] Articles récupérés avec succès

      at getArticles (src/routes/magasin/core/handlers/get-articles.handler.ts:32:13)
          at async Promise.all (index 41)

  console.log
    ✅ [Handler Articles] Articles récupérés avec succès

      at getArticles (src/routes/magasin/core/handlers/get-articles.handler.ts:32:13)
          at async Promise.all (index 42)

  console.log
    ✅ [Handler Articles] Articles récupérés avec succès

      at getArticles (src/routes/magasin/core/handlers/get-articles.handler.ts:32:13)
          at async Promise.all (index 43)

  console.log
    ✅ [Handler Articles] Articles récupérés avec succès

      at getArticles (src/routes/magasin/core/handlers/get-articles.handler.ts:32:13)
          at async Promise.all (index 44)

  console.log
    ✅ [Handler Articles] Articles récupérés avec succès

      at getArticles (src/routes/magasin/core/handlers/get-articles.handler.ts:32:13)
          at async Promise.all (index 45)

  console.log
    ✅ [Handler Articles] Articles récupérés avec succès

      at getArticles (src/routes/magasin/core/handlers/get-articles.handler.ts:32:13)
          at async Promise.all (index 46)

  console.log
    ✅ [Handler Articles] Articles récupérés avec succès

      at getArticles (src/routes/magasin/core/handlers/get-articles.handler.ts:32:13)
          at async Promise.all (index 47)

  console.log
    ✅ [Handler Articles] Articles récupérés avec succès

      at getArticles (src/routes/magasin/core/handlers/get-articles.handler.ts:32:13)
          at async Promise.all (index 48)

  console.log
    ✅ [Handler Articles] Articles récupérés avec succès

      at getArticles (src/routes/magasin/core/handlers/get-articles.handler.ts:32:13)
          at async Promise.all (index 49)

  console.log
    📋 [Handler Articles] Récupération des articles par catégories

      at getArticles (src/routes/magasin/core/handlers/get-articles.handler.ts:23:13)

  console.log
    🔍 [Service Magasin] Récupération des articles par catégories

      at obtenirArticlesParCategories (src/routes/magasin/core/services/magasin.service.ts:166:11)

  console.log
    ✅ [Service Magasin] Articles récupérés avec succès

      at obtenirArticlesParCategories (src/routes/magasin/core/services/magasin.service.ts:171:13)

  console.log
    ✅ [Handler Articles] Articles récupérés avec succès

      at getArticles (src/routes/magasin/core/handlers/get-articles.handler.ts:32:13)

  console.log
    📋 [Handler Articles] Récupération des articles par catégories

      at getArticles (src/routes/magasin/core/handlers/get-articles.handler.ts:23:13)

  console.log
    🔍 [Service Magasin] Récupération des articles par catégories

      at obtenirArticlesParCategories (src/routes/magasin/core/services/magasin.service.ts:166:11)

  console.log
    ✅ [Service Magasin] Articles récupérés avec succès

      at obtenirArticlesParCategories (src/routes/magasin/core/services/magasin.service.ts:171:13)

  console.log
    ✅ [Handler Articles] Articles récupérés avec succès

      at getArticles (src/routes/magasin/core/handlers/get-articles.handler.ts:32:13)

  console.log
    📋 [Handler Articles] Récupération des articles par catégories

      at getArticles (src/routes/magasin/core/handlers/get-articles.handler.ts:23:13)

  console.log
    🔍 [Service Magasin] Récupération des articles par catégories

      at obtenirArticlesParCategories (src/routes/magasin/core/services/magasin.service.ts:166:11)

  console.log
    ✅ [Service Magasin] Articles récupérés avec succès

      at obtenirArticlesParCategories (src/routes/magasin/core/services/magasin.service.ts:171:13)

  console.log
    ✅ [Handler Articles] Articles récupérés avec succès

      at getArticles (src/routes/magasin/core/handlers/get-articles.handler.ts:32:13)

  console.log
    📋 [Handler Articles] Récupération des articles par catégories

      at getArticles (src/routes/magasin/core/handlers/get-articles.handler.ts:23:13)

  console.log
    📊 [Handler Statistiques] Récupération des statistiques du magasin

      at getStatistiquesMagasin (src/routes/magasin/core/handlers/health.handler.ts:62:13)

  console.log
    📊 [Service Magasin] Calcul des statistiques

      at calculerStatistiquesMagasin (src/routes/magasin/core/services/magasin.service.ts:805:11)

  console.log
    ✅ [Handler Statistiques] Statistiques récupérées avec succès

      at getStatistiquesMagasin (src/routes/magasin/core/handlers/health.handler.ts:75:13)

  console.log
    📊 [Handler Statistiques] Récupération des statistiques du magasin

      at getStatistiquesMagasin (src/routes/magasin/core/handlers/health.handler.ts:62:13)

  console.log
    📊 [Service Magasin] Calcul des statistiques

      at calculerStatistiquesMagasin (src/routes/magasin/core/services/magasin.service.ts:805:11)

  console.log
    ✅ [Handler Statistiques] Statistiques récupérées avec succès

      at getStatistiquesMagasin (src/routes/magasin/core/handlers/health.handler.ts:75:13)

  console.log
    📊 [Handler Statistiques] Récupération des statistiques du magasin

      at getStatistiquesMagasin (src/routes/magasin/core/handlers/health.handler.ts:62:13)

  console.log
    📊 [Service Magasin] Calcul des statistiques

      at calculerStatistiquesMagasin (src/routes/magasin/core/services/magasin.service.ts:805:11)

  console.log
    ✅ [Handler Statistiques] Statistiques récupérées avec succès

      at getStatistiquesMagasin (src/routes/magasin/core/handlers/health.handler.ts:75:13)

  console.log
    📊 [Handler Statistiques] Récupération des statistiques du magasin

      at getStatistiquesMagasin (src/routes/magasin/core/handlers/health.handler.ts:62:13)

  console.log
    📊 [Service Magasin] Calcul des statistiques

      at calculerStatistiquesMagasin (src/routes/magasin/core/services/magasin.service.ts:805:11)

  console.log
    ✅ [Handler Statistiques] Statistiques récupérées avec succès

      at getStatistiquesMagasin (src/routes/magasin/core/handlers/health.handler.ts:75:13)

  console.log
    📊 [Handler Statistiques] Récupération des statistiques du magasin

      at getStatistiquesMagasin (src/routes/magasin/core/handlers/health.handler.ts:62:13)

  console.log
    📊 [Service Magasin] Calcul des statistiques

      at calculerStatistiquesMagasin (src/routes/magasin/core/services/magasin.service.ts:805:11)

  console.log
    ✅ [Handler Statistiques] Statistiques récupérées avec succès

      at getStatistiquesMagasin (src/routes/magasin/core/handlers/health.handler.ts:75:13)

  console.log
    📊 [Service Magasin] Calcul des statistiques

      at Module.calculerStatistiquesMagasin (src/routes/magasin/core/services/magasin.service.ts:805:11)

  console.log
    📊 [Service Magasin] Calcul des statistiques

      at Module.calculerStatistiquesMagasin (src/routes/magasin/core/services/magasin.service.ts:805:11)

  console.log
    📊 [Service Magasin] Calcul des statistiques

      at Module.calculerStatistiquesMagasin (src/routes/magasin/core/services/magasin.service.ts:805:11)

  console.log
    📊 [Service Magasin] Calcul des statistiques

      at Module.calculerStatistiquesMagasin (src/routes/magasin/core/services/magasin.service.ts:805:11)

  console.log
    📊 [Service Magasin] Calcul des statistiques

      at Module.calculerStatistiquesMagasin (src/routes/magasin/core/services/magasin.service.ts:805:11)

  console.log
    📊 [Service Magasin] Calcul des statistiques

      at Module.calculerStatistiquesMagasin (src/routes/magasin/core/services/magasin.service.ts:805:11)

  console.log
    📊 [Service Magasin] Calcul des statistiques

      at Module.calculerStatistiquesMagasin (src/routes/magasin/core/services/magasin.service.ts:805:11)

  console.log
    📊 [Service Magasin] Calcul des statistiques

      at Module.calculerStatistiquesMagasin (src/routes/magasin/core/services/magasin.service.ts:805:11)

  console.log
    📊 [Service Magasin] Calcul des statistiques

      at Module.calculerStatistiquesMagasin (src/routes/magasin/core/services/magasin.service.ts:805:11)

  console.log
    📊 [Service Magasin] Calcul des statistiques

      at Module.calculerStatistiquesMagasin (src/routes/magasin/core/services/magasin.service.ts:805:11)

  console.log
    📊 [Service Magasin] Calcul des statistiques

      at Module.calculerStatistiquesMagasin (src/routes/magasin/core/services/magasin.service.ts:805:11)

  console.log
    📊 [Service Magasin] Calcul des statistiques

      at Module.calculerStatistiquesMagasin (src/routes/magasin/core/services/magasin.service.ts:805:11)

  console.log
    📊 [Service Magasin] Calcul des statistiques

      at Module.calculerStatistiquesMagasin (src/routes/magasin/core/services/magasin.service.ts:805:11)

  console.error
    ❌ [Service Magasin] Erreur calcul statistiques: Error: Database connection failed
        at Object.<anonymous> (C:\Users\guillaumehouthoofd\Documents\Benoit\Epreuve_intégrée\ClubManager\api\src\routes\magasin\__tests__\magasin.stats-advanced.test.ts:492:9)
        at Promise.then.completed (C:\Users\guillaumehouthoofd\Documents\Benoit\Epreuve_intégrée\ClubManager\api\node_modules\jest-circus\build\utils.js:298:28)
        at new Promise (<anonymous>)
        at callAsyncCircusFn (C:\Users\guillaumehouthoofd\Documents\Benoit\Epreuve_intégrée\ClubManager\api\node_modules\jest-circus\build\utils.js:231:10)
        at _callCircusTest (C:\Users\guillaumehouthoofd\Documents\Benoit\Epreuve_intégrée\ClubManager\api\node_modules\jest-circus\build\run.js:316:40)
        at processTicksAndRejections (node:internal/process/task_queues:105:5)
        at _runTest (C:\Users\guillaumehouthoofd\Documents\Benoit\Epreuve_intégrée\ClubManager\api\node_modules\jest-circus\build\run.js:252:3)
        at _runTestsForDescribeBlock (C:\Users\guillaumehouthoofd\Documents\Benoit\Epreuve_intégrée\ClubManager\api\node_modules\jest-circus\build\run.js:126:9)
        at _runTestsForDescribeBlock (C:\Users\guillaumehouthoofd\Documents\Benoit\Epreuve_intégrée\ClubManager\api\node_modules\jest-circus\build\run.js:121:9)
        at _runTestsForDescribeBlock (C:\Users\guillaumehouthoofd\Documents\Benoit\Epreuve_intégrée\ClubManager\api\node_modules\jest-circus\build\run.js:121:9)
        at run (C:\Users\guillaumehouthoofd\Documents\Benoit\Epreuve_intégrée\ClubManager\api\node_modules\jest-circus\build\run.js:71:3)
        at runAndTransformResultsToJestFormat (C:\Users\guillaumehouthoofd\Documents\Benoit\Epreuve_intégrée\ClubManager\api\node_modules\jest-circus\build\legacy-code-todo-rewrite\jestAdapterInit.js:122:21)
        at jestAdapter (C:\Users\guillaumehouthoofd\Documents\Benoit\Epreuve_intégrée\ClubManager\api\node_modules\jest-circus\build\legacy-code-todo-rewrite\jestAdapter.js:79:19)
        at runTestInternal (C:\Users\guillaumehouthoofd\Documents\Benoit\Epreuve_intégrée\ClubManager\api\node_modules\jest-runner\build\runTest.js:367:16)
        at runTest (C:\Users\guillaumehouthoofd\Documents\Benoit\Epreuve_intégrée\ClubManager\api\node_modules\jest-runner\build\runTest.js:444:34)
        at Object.worker (C:\Users\guillaumehouthoofd\Documents\Benoit\Epreuve_intégrée\ClubManager\api\node_modules\jest-runner\build\testWorker.js:106:12)

    [0m [90m 839 |[39m     }[33m;[39m
     [90m 840 |[39m   } [36mcatch[39m (error) {
    [31m[1m>[22m[39m[90m 841 |[39m     console[33m.[39merror([32m"❌ [Service Magasin] Erreur calcul statistiques:"[39m[33m,[39m error)[33m;[39m
     [90m     |[39m             [31m[1m^[22m[39m
     [90m 842 |[39m     [36mthrow[39m [36mnew[39m [33mError[39m([32m"Impossible de calculer les statistiques"[39m)[33m;[39m
     [90m 843 |[39m   }
     [90m 844 |[39m }[0m

      at Module.calculerStatistiquesMagasin (src/routes/magasin/core/services/magasin.service.ts:841:13)
      at Object.<anonymous> (src/routes/magasin/__tests__/magasin.stats-advanced.test.ts:495:7)

  console.log
    📊 [Service Magasin] Calcul des statistiques

      at Module.calculerStatistiquesMagasin (src/routes/magasin/core/services/magasin.service.ts:805:11)

  console.error
    ❌ [EmailService] Erreur vérification connexion: Error: getaddrinfo ENOTFOUND smtp.test.local
        at GetAddrInfoReqWrap.onlookupall [as oncomplete] (node:dns:122:26) {
      errno: -3008,
      code: 'EDNS',
      syscall: 'getaddrinfo',
      hostname: 'smtp.test.local',
      command: 'CONN'
    }

    [0m [90m 114 |[39m       }
     [90m 115 |[39m     } [36mcatch[39m (error[33m:[39m any) {
    [31m[1m>[22m[39m[90m 116 |[39m       console[33m.[39merror([32m'❌ [EmailService] Erreur vérification connexion:'[39m[33m,[39m error)[33m;[39m
     [90m     |[39m               [31m[1m^[22m[39m
     [90m 117 |[39m       [36mthis[39m[33m.[39minitialized [33m=[39m [36mfalse[39m[33m;[39m
     [90m 118 |[39m     }
     [90m 119 |[39m   }[0m

      at EmailService.verifyConnection (src/services/emailService.ts:116:15)

  console.error
    ❌ [EmailService] Erreur vérification connexion: Error: getaddrinfo ENOTFOUND smtp.test.local
        at GetAddrInfoReqWrap.onlookupall [as oncomplete] (node:dns:122:26) {
      errno: -3008,
      code: 'EDNS',
      syscall: 'getaddrinfo',
      hostname: 'smtp.test.local',
      command: 'CONN'
    }

    [0m [90m 114 |[39m       }
     [90m 115 |[39m     } [36mcatch[39m (error[33m:[39m any) {
    [31m[1m>[22m[39m[90m 116 |[39m       console[33m.[39merror([32m'❌ [EmailService] Erreur vérification connexion:'[39m[33m,[39m error)[33m;[39m
     [90m     |[39m               [31m[1m^[22m[39m
     [90m 117 |[39m       [36mthis[39m[33m.[39minitialized [33m=[39m [36mfalse[39m[33m;[39m
     [90m 118 |[39m     }
     [90m 119 |[39m   }[0m

      at EmailService.verifyConnection (src/services/emailService.ts:116:15)

  console.error
    ❌ [Service Magasin] Erreur calcul statistiques: Error: Query timeout
        at Timeout._onTimeout (C:\Users\guillaumehouthoofd\Documents\Benoit\Epreuve_intégrée\ClubManager\api\src\routes\magasin\__tests__\magasin.stats-advanced.test.ts:507:35)
        at listOnTimeout (node:internal/timers:588:17)
        at processTimers (node:internal/timers:523:7)

    [0m [90m 839 |[39m     }[33m;[39m
     [90m 840 |[39m   } [36mcatch[39m (error) {
    [31m[1m>[22m[39m[90m 841 |[39m     console[33m.[39merror([32m"❌ [Service Magasin] Erreur calcul statistiques:"[39m[33m,[39m error)[33m;[39m
     [90m     |[39m             [31m[1m^[22m[39m
     [90m 842 |[39m     [36mthrow[39m [36mnew[39m [33mError[39m([32m"Impossible de calculer les statistiques"[39m)[33m;[39m
     [90m 843 |[39m   }
     [90m 844 |[39m }[0m

      at Module.calculerStatistiquesMagasin (src/routes/magasin/core/services/magasin.service.ts:841:13)
      at Object.<anonymous> (src/routes/magasin/__tests__/magasin.stats-advanced.test.ts:511:7)

  console.log
    📊 [Handler Statistiques] Récupération des statistiques du magasin

      at getStatistiquesMagasin (src/routes/magasin/core/handlers/health.handler.ts:62:13)

  console.log
    📊 [Service Magasin] Calcul des statistiques

      at calculerStatistiquesMagasin (src/routes/magasin/core/services/magasin.service.ts:805:11)

  console.error
    ❌ [Service Magasin] Erreur calcul statistiques: Error: DB Error
        at Object.<anonymous> (C:\Users\guillaumehouthoofd\Documents\Benoit\Epreuve_intégrée\ClubManager\api\src\routes\magasin\__tests__\magasin.stats-advanced.test.ts:524:9)
        at Promise.then.completed (C:\Users\guillaumehouthoofd\Documents\Benoit\Epreuve_intégrée\ClubManager\api\node_modules\jest-circus\build\utils.js:298:28)
        at new Promise (<anonymous>)
        at callAsyncCircusFn (C:\Users\guillaumehouthoofd\Documents\Benoit\Epreuve_intégrée\ClubManager\api\node_modules\jest-circus\build\utils.js:231:10)
        at _callCircusTest (C:\Users\guillaumehouthoofd\Documents\Benoit\Epreuve_intégrée\ClubManager\api\node_modules\jest-circus\build\run.js:316:40)
        at _runTest (C:\Users\guillaumehouthoofd\Documents\Benoit\Epreuve_intégrée\ClubManager\api\node_modules\jest-circus\build\run.js:252:3)
        at _runTestsForDescribeBlock (C:\Users\guillaumehouthoofd\Documents\Benoit\Epreuve_intégrée\ClubManager\api\node_modules\jest-circus\build\run.js:126:9)
        at _runTestsForDescribeBlock (C:\Users\guillaumehouthoofd\Documents\Benoit\Epreuve_intégrée\ClubManager\api\node_modules\jest-circus\build\run.js:121:9)
        at _runTestsForDescribeBlock (C:\Users\guillaumehouthoofd\Documents\Benoit\Epreuve_intégrée\ClubManager\api\node_modules\jest-circus\build\run.js:121:9)
        at run (C:\Users\guillaumehouthoofd\Documents\Benoit\Epreuve_intégrée\ClubManager\api\node_modules\jest-circus\build\run.js:71:3)
        at runAndTransformResultsToJestFormat (C:\Users\guillaumehouthoofd\Documents\Benoit\Epreuve_intégrée\ClubManager\api\node_modules\jest-circus\build\legacy-code-todo-rewrite\jestAdapterInit.js:122:21)
        at jestAdapter (C:\Users\guillaumehouthoofd\Documents\Benoit\Epreuve_intégrée\ClubManager\api\node_modules\jest-circus\build\legacy-code-todo-rewrite\jestAdapter.js:79:19)
        at runTestInternal (C:\Users\guillaumehouthoofd\Documents\Benoit\Epreuve_intégrée\ClubManager\api\node_modules\jest-runner\build\runTest.js:367:16)
        at runTest (C:\Users\guillaumehouthoofd\Documents\Benoit\Epreuve_intégrée\ClubManager\api\node_modules\jest-runner\build\runTest.js:444:34)
        at Object.worker (C:\Users\guillaumehouthoofd\Documents\Benoit\Epreuve_intégrée\ClubManager\api\node_modules\jest-runner\build\testWorker.js:106:12)

    [0m [90m 839 |[39m     }[33m;[39m
     [90m 840 |[39m   } [36mcatch[39m (error) {
    [31m[1m>[22m[39m[90m 841 |[39m     console[33m.[39merror([32m"❌ [Service Magasin] Erreur calcul statistiques:"[39m[33m,[39m error)[33m;[39m
     [90m     |[39m             [31m[1m^[22m[39m
     [90m 842 |[39m     [36mthrow[39m [36mnew[39m [33mError[39m([32m"Impossible de calculer les statistiques"[39m)[33m;[39m
     [90m 843 |[39m   }
     [90m 844 |[39m }[0m

      at calculerStatistiquesMagasin (src/routes/magasin/core/services/magasin.service.ts:841:13)
      at getStatistiquesMagasin (src/routes/magasin/core/handlers/health.handler.ts:69:26)
      at Object.<anonymous> (src/routes/magasin/__tests__/magasin.stats-advanced.test.ts:527:7)

  console.error
    ❌ [Handler Statistiques] Erreur récupération statistiques: Error: Impossible de calculer les statistiques
        at calculerStatistiquesMagasin (C:\Users\guillaumehouthoofd\Documents\Benoit\Epreuve_intégrée\ClubManager\api\src\routes\magasin\core\services\magasin.service.ts:842:11)
        at getStatistiquesMagasin (C:\Users\guillaumehouthoofd\Documents\Benoit\Epreuve_intégrée\ClubManager\api\src\routes\magasin\core\handlers\health.handler.ts:69:26)
        at Object.<anonymous> (C:\Users\guillaumehouthoofd\Documents\Benoit\Epreuve_intégrée\ClubManager\api\src\routes\magasin\__tests__\magasin.stats-advanced.test.ts:527:7)

    [0m [90m  99 |[39m     }
     [90m 100 |[39m
    [31m[1m>[22m[39m[90m 101 |[39m     console[33m.[39merror(
     [90m     |[39m             [31m[1m^[22m[39m
     [90m 102 |[39m       [32m"❌ [Handler Statistiques] Erreur récupération statistiques:"[39m[33m,[39m
     [90m 103 |[39m       error[33m,[39m
     [90m 104 |[39m     )[33m;[39m[0m

      at getStatistiquesMagasin (src/routes/magasin/core/handlers/health.handler.ts:101:13)
      at Object.<anonymous> (src/routes/magasin/__tests__/magasin.stats-advanced.test.ts:527:7)

  console.log
    📊 [Handler Statistiques] Récupération des statistiques du magasin

      at getStatistiquesMagasin (src/routes/magasin/core/handlers/health.handler.ts:62:13)

  console.log
    📊 [Service Magasin] Calcul des statistiques

      at calculerStatistiquesMagasin (src/routes/magasin/core/services/magasin.service.ts:805:11)

  console.log
    ✅ [Handler Statistiques] Statistiques récupérées avec succès

      at getStatistiquesMagasin (src/routes/magasin/core/handlers/health.handler.ts:75:13)

  console.log
    📊 [Handler Statistiques] Récupération des statistiques du magasin

      at getStatistiquesMagasin (src/routes/magasin/core/handlers/health.handler.ts:62:13)

  console.error
    ❌ [Handler Statistiques] Erreur de validation: [
      {
        code: 'custom',
        message: 'La date de début doit être au format ISO valide (YYYY-MM-DD)',
        path: [ 'dateDebut' ]
      }
    ]

    [0m [90m 88 |[39m   } [36mcatch[39m (error) {
     [90m 89 |[39m     [36mif[39m (error [36minstanceof[39m z[33m.[39m[33mZodError[39m) {
    [31m[1m>[22m[39m[90m 90 |[39m       console[33m.[39merror(
     [90m    |[39m               [31m[1m^[22m[39m
     [90m 91 |[39m         [32m"❌ [Handler Statistiques] Erreur de validation:"[39m[33m,[39m
     [90m 92 |[39m         error[33m.[39merrors[33m,[39m
     [90m 93 |[39m       )[33m;[39m[0m

      at getStatistiquesMagasin (src/routes/magasin/core/handlers/health.handler.ts:90:15)
      at Object.<anonymous> (src/routes/magasin/__tests__/magasin.stats-advanced.test.ts:577:13)

  console.log
    📊 [Service Magasin] Calcul des statistiques

      at Module.calculerStatistiquesMagasin (src/routes/magasin/core/services/magasin.service.ts:805:11)

  console.log
    📊 [Service Magasin] Calcul des statistiques

      at Module.calculerStatistiquesMagasin (src/routes/magasin/core/services/magasin.service.ts:805:11)

  console.log
    📊 [Service Magasin] Calcul des statistiques

      at Module.calculerStatistiquesMagasin (src/routes/magasin/core/services/magasin.service.ts:805:11)

(node:22580) ExperimentalWarning: VM Modules is an experimental feature and might change at any time
(Use `node --trace-warnings ...` to show where the warning was created)
(node:20664) ExperimentalWarning: VM Modules is an experimental feature and might change at any time
(Use `node --trace-warnings ...` to show where the warning was created)
(node:7564) ExperimentalWarning: VM Modules is an experimental feature and might change at any time
(Use `node --trace-warnings ...` to show where the warning was created)
  console.log
    📝 [Service Magasin] Ajout d'un nouvel article: Test

      at Module.ajouterArticle (src/routes/magasin/core/services/magasin.service.ts:216:11)

  console.error
    ❌ [Service Magasin] Erreur ajout article: Error: DB Error
        at Object.<anonymous> (C:\Users\guillaumehouthoofd\Documents\Benoit\Epreuve_intégrée\ClubManager\api\src\routes\magasin\__tests__\magasin.service-branches.test.ts:147:9)
        at Promise.then.completed (C:\Users\guillaumehouthoofd\Documents\Benoit\Epreuve_intégrée\ClubManager\api\node_modules\jest-circus\build\utils.js:298:28)
        at new Promise (<anonymous>)
        at callAsyncCircusFn (C:\Users\guillaumehouthoofd\Documents\Benoit\Epreuve_intégrée\ClubManager\api\node_modules\jest-circus\build\utils.js:231:10)
        at _callCircusTest (C:\Users\guillaumehouthoofd\Documents\Benoit\Epreuve_intégrée\ClubManager\api\node_modules\jest-circus\build\run.js:316:40)
        at processTicksAndRejections (node:internal/process/task_queues:105:5)
        at _runTest (C:\Users\guillaumehouthoofd\Documents\Benoit\Epreuve_intégrée\ClubManager\api\node_modules\jest-circus\build\run.js:252:3)
        at _runTestsForDescribeBlock (C:\Users\guillaumehouthoofd\Documents\Benoit\Epreuve_intégrée\ClubManager\api\node_modules\jest-circus\build\run.js:126:9)
        at _runTestsForDescribeBlock (C:\Users\guillaumehouthoofd\Documents\Benoit\Epreuve_intégrée\ClubManager\api\node_modules\jest-circus\build\run.js:121:9)
        at _runTestsForDescribeBlock (C:\Users\guillaumehouthoofd\Documents\Benoit\Epreuve_intégrée\ClubManager\api\node_modules\jest-circus\build\run.js:121:9)
        at run (C:\Users\guillaumehouthoofd\Documents\Benoit\Epreuve_intégrée\ClubManager\api\node_modules\jest-circus\build\run.js:71:3)
        at runAndTransformResultsToJestFormat (C:\Users\guillaumehouthoofd\Documents\Benoit\Epreuve_intégrée\ClubManager\api\node_modules\jest-circus\build\legacy-code-todo-rewrite\jestAdapterInit.js:122:21)
        at jestAdapter (C:\Users\guillaumehouthoofd\Documents\Benoit\Epreuve_intégrée\ClubManager\api\node_modules\jest-circus\build\legacy-code-todo-rewrite\jestAdapter.js:79:19)
        at runTestInternal (C:\Users\guillaumehouthoofd\Documents\Benoit\Epreuve_intégrée\ClubManager\api\node_modules\jest-runner\build\runTest.js:367:16)
        at runTest (C:\Users\guillaumehouthoofd\Documents\Benoit\Epreuve_intégrée\ClubManager\api\node_modules\jest-runner\build\runTest.js:444:34)
        at Object.worker (C:\Users\guillaumehouthoofd\Documents\Benoit\Epreuve_intégrée\ClubManager\api\node_modules\jest-runner\build\testWorker.js:106:12)

    [0m [90m 233 |[39m     }
     [90m 234 |[39m   } [36mcatch[39m (error) {
    [31m[1m>[22m[39m[90m 235 |[39m     console[33m.[39merror([32m"❌ [Service Magasin] Erreur ajout article:"[39m[33m,[39m error)[33m;[39m
     [90m     |[39m             [31m[1m^[22m[39m
     [90m 236 |[39m     [36mif[39m (error [36minstanceof[39m [33mError[39m) {
     [90m 237 |[39m       [36mthrow[39m error[33m;[39m
     [90m 238 |[39m     }[0m

      at Module.ajouterArticle (src/routes/magasin/core/services/magasin.service.ts:235:13)
      at Object.<anonymous> (src/routes/magasin/__tests__/magasin.service-branches.test.ts:150:7)

  console.log
    📝 [Service Magasin] Modification de l'article 1

      at Module.modifierArticle (src/routes/magasin/core/services/magasin.service.ts:253:11)

  console.log
    ✅ [Service Magasin] Article modifié avec succès

      at Module.modifierArticle (src/routes/magasin/core/services/magasin.service.ts:259:15)

  console.log
    📝 [Service Magasin] Modification de l'article 1

      at Module.modifierArticle (src/routes/magasin/core/services/magasin.service.ts:253:11)

  console.error
    ❌ [Service Magasin] Erreur lors de la modification: Article non trouvé

    [0m [90m 260 |[39m       [36mreturn[39m result[33m;[39m
     [90m 261 |[39m     } [36melse[39m {
    [31m[1m>[22m[39m[90m 262 |[39m       console[33m.[39merror(
     [90m     |[39m               [31m[1m^[22m[39m
     [90m 263 |[39m         [32m"❌ [Service Magasin] Erreur lors de la modification:"[39m[33m,[39m
     [90m 264 |[39m         result[33m.[39mmessage[33m,[39m
     [90m 265 |[39m       )[33m;[39m[0m

      at Module.modifierArticle (src/routes/magasin/core/services/magasin.service.ts:262:15)
      at Object.<anonymous> (src/routes/magasin/__tests__/magasin.service-branches.test.ts:180:7)

  console.error
    ❌ [Service Magasin] Erreur modification article: Error: Article non trouvé
        at Module.modifierArticle (C:\Users\guillaumehouthoofd\Documents\Benoit\Epreuve_intégrée\ClubManager\api\src\routes\magasin\core\services\magasin.service.ts:266:13)
        at processTicksAndRejections (node:internal/process/task_queues:105:5)
        at Object.<anonymous> (C:\Users\guillaumehouthoofd\Documents\Benoit\Epreuve_intégrée\ClubManager\api\src\routes\magasin\__tests__\magasin.service-branches.test.ts:180:7)

    [0m [90m 269 |[39m     }
     [90m 270 |[39m   } [36mcatch[39m (error) {
    [31m[1m>[22m[39m[90m 271 |[39m     console[33m.[39merror([32m"❌ [Service Magasin] Erreur modification article:"[39m[33m,[39m error)[33m;[39m
     [90m     |[39m             [31m[1m^[22m[39m
     [90m 272 |[39m     [36mif[39m (error [36minstanceof[39m [33mError[39m) {
     [90m 273 |[39m       [36mthrow[39m error[33m;[39m
     [90m 274 |[39m     }[0m

      at Module.modifierArticle (src/routes/magasin/core/services/magasin.service.ts:271:13)
      at Object.<anonymous> (src/routes/magasin/__tests__/magasin.service-branches.test.ts:180:7)

  console.log
    🗑️ [Service Magasin] Suppression de l'article 1

      at Module.supprimerArticle (src/routes/magasin/core/services/magasin.service.ts:288:11)

  console.log
    ✅ [Service Magasin] Article supprimé avec succès

      at Module.supprimerArticle (src/routes/magasin/core/services/magasin.service.ts:293:13)

  console.log
    🗑️ [Service Magasin] Suppression de l'article 1

      at Module.supprimerArticle (src/routes/magasin/core/services/magasin.service.ts:288:11)

  console.error
    ❌ [Service Magasin] Erreur suppression article: Error: Impossible de supprimer
        at Object.<anonymous> (C:\Users\guillaumehouthoofd\Documents\Benoit\Epreuve_intégrée\ClubManager\api\src\routes\magasin\__tests__\magasin.service-branches.test.ts:202:9)
        at Promise.then.completed (C:\Users\guillaumehouthoofd\Documents\Benoit\Epreuve_intégrée\ClubManager\api\node_modules\jest-circus\build\utils.js:298:28)
        at new Promise (<anonymous>)
        at callAsyncCircusFn (C:\Users\guillaumehouthoofd\Documents\Benoit\Epreuve_intégrée\ClubManager\api\node_modules\jest-circus\build\utils.js:231:10)
        at _callCircusTest (C:\Users\guillaumehouthoofd\Documents\Benoit\Epreuve_intégrée\ClubManager\api\node_modules\jest-circus\build\run.js:316:40)
        at processTicksAndRejections (node:internal/process/task_queues:105:5)
        at _runTest (C:\Users\guillaumehouthoofd\Documents\Benoit\Epreuve_intégrée\ClubManager\api\node_modules\jest-circus\build\run.js:252:3)
        at _runTestsForDescribeBlock (C:\Users\guillaumehouthoofd\Documents\Benoit\Epreuve_intégrée\ClubManager\api\node_modules\jest-circus\build\run.js:126:9)
        at _runTestsForDescribeBlock (C:\Users\guillaumehouthoofd\Documents\Benoit\Epreuve_intégrée\ClubManager\api\node_modules\jest-circus\build\run.js:121:9)
        at _runTestsForDescribeBlock (C:\Users\guillaumehouthoofd\Documents\Benoit\Epreuve_intégrée\ClubManager\api\node_modules\jest-circus\build\run.js:121:9)
        at run (C:\Users\guillaumehouthoofd\Documents\Benoit\Epreuve_intégrée\ClubManager\api\node_modules\jest-circus\build\run.js:71:3)
        at runAndTransformResultsToJestFormat (C:\Users\guillaumehouthoofd\Documents\Benoit\Epreuve_intégrée\ClubManager\api\node_modules\jest-circus\build\legacy-code-todo-rewrite\jestAdapterInit.js:122:21)
        at jestAdapter (C:\Users\guillaumehouthoofd\Documents\Benoit\Epreuve_intégrée\ClubManager\api\node_modules\jest-circus\build\legacy-code-todo-rewrite\jestAdapter.js:79:19)
        at runTestInternal (C:\Users\guillaumehouthoofd\Documents\Benoit\Epreuve_intégrée\ClubManager\api\node_modules\jest-runner\build\runTest.js:367:16)
        at runTest (C:\Users\guillaumehouthoofd\Documents\Benoit\Epreuve_intégrée\ClubManager\api\node_modules\jest-runner\build\runTest.js:444:34)
        at Object.worker (C:\Users\guillaumehouthoofd\Documents\Benoit\Epreuve_intégrée\ClubManager\api\node_modules\jest-runner\build\testWorker.js:106:12)

    [0m [90m 295 |[39m     [36mreturn[39m result[33m;[39m
     [90m 296 |[39m   } [36mcatch[39m (error) {
    [31m[1m>[22m[39m[90m 297 |[39m     console[33m.[39merror([32m"❌ [Service Magasin] Erreur suppression article:"[39m[33m,[39m error)[33m;[39m
     [90m     |[39m             [31m[1m^[22m[39m
     [90m 298 |[39m     [36mthrow[39m [36mnew[39m [33mError[39m([32m"Impossible de supprimer l'article"[39m)[33m;[39m
     [90m 299 |[39m   }
     [90m 300 |[39m }[0m

      at Module.supprimerArticle (src/routes/magasin/core/services/magasin.service.ts:297:13)
      at Object.<anonymous> (src/routes/magasin/__tests__/magasin.service-branches.test.ts:205:7)

  console.log
    🔍 [Service Magasin] Vérification doublon commande: {
      cacheKey: '1-45.99-[{"id":1,"taille":"M","quantite":1}]...',
      utilisateur_id: 1,
      total: 45.99,
      nbArticles: 1
    }

      at Module.creerCommande (src/routes/magasin/core/services/magasin.service.ts:325:11)

  console.log
    🆔 [Service Magasin] IDs générés: {
      uniqueCommandeId: 'CMD-001-1770237960334-478A3800',
      numeroCommande: 'CMD-000001',
      utilisateur_id: 1
    }

      at Module.creerCommande (src/routes/magasin/core/services/magasin.service.ts:373:11)

  console.log
    📧 [Service Magasin] Envoi email confirmation commande: { destinataire: undefined, numeroCommande: 'CMD-000001' }

      at envoyerEmailConfirmationCommande (src/routes/magasin/core/services/magasin.service.ts:727:13)

  console.error
    ❌ [Service Magasin] Erreur envoi email confirmation: TypeError: emailClient.sendTemplatedEmail is not a function
        at envoyerEmailConfirmationCommande (C:\Users\guillaumehouthoofd\Documents\Benoit\Epreuve_intégrée\ClubManager\api\src\routes\magasin\core\services\magasin.service.ts:732:38)
        at C:\Users\guillaumehouthoofd\Documents\Benoit\Epreuve_intégrée\ClubManager\api\src\routes\magasin\core\services\magasin.service.ts:398:17
        at processTicksAndRejections (node:internal/process/task_queues:105:5)
        at Module.creerCommande (C:\Users\guillaumehouthoofd\Documents\Benoit\Epreuve_intégrée\ClubManager\api\src\routes\magasin\core\services\magasin.service.ts:432:28)
        at Object.<anonymous> (C:\Users\guillaumehouthoofd\Documents\Benoit\Epreuve_intégrée\ClubManager\api\src\routes\magasin\__tests__\magasin.service-branches.test.ts:232:22)

    [0m [90m 745 |[39m     }
     [90m 746 |[39m   } [36mcatch[39m (error) {
    [31m[1m>[22m[39m[90m 747 |[39m     console[33m.[39merror(
     [90m     |[39m             [31m[1m^[22m[39m
     [90m 748 |[39m       [32m"❌ [Service Magasin] Erreur envoi email confirmation:"[39m[33m,[39m
     [90m 749 |[39m       error[33m,[39m
     [90m 750 |[39m     )[33m;[39m[0m

      at envoyerEmailConfirmationCommande (src/routes/magasin/core/services/magasin.service.ts:747:13)
      at src/routes/magasin/core/services/magasin.service.ts:398:17
      at Module.creerCommande (src/routes/magasin/core/services/magasin.service.ts:432:28)
      at Object.<anonymous> (src/routes/magasin/__tests__/magasin.service-branches.test.ts:232:22)

  console.log
    ✅ [Service Magasin] Commande créée avec protection doublon: {
      unique_id: 'CMD-001-1770237960334-478A3800',
      numero_commande: 'CMD-000001'
    }

      at Module.creerCommande (src/routes/magasin/core/services/magasin.service.ts:434:11)

  console.log
    🔍 [Service Magasin] Vérification doublon commande: {
      cacheKey: '1-45.99-[{"id":1,"taille":"M","quantite":1}]...',
      utilisateur_id: 1,
      total: 45.99,
      nbArticles: 1
    }

      at Module.creerCommande (src/routes/magasin/core/services/magasin.service.ts:325:11)

  console.log
    ⚠️ [Service Magasin] Commande identique détectée, attente... { delaiDepuisCommande: '45ms' }

      at Module.creerCommande (src/routes/magasin/core/services/magasin.service.ts:339:15)

  console.log
    ✅ [Service Magasin] Première commande terminée, retour du même résultat

      at Module.creerCommande (src/routes/magasin/core/services/magasin.service.ts:349:17)

  console.log
    🔍 [Service Magasin] Récupération de toutes les commandes

      at Module.obtenirLesCommandes (src/routes/magasin/core/services/magasin.service.ts:453:11)

  console.log
    ✅ [Service Magasin] 2 commandes récupérées

      at Module.obtenirLesCommandes (src/routes/magasin/core/services/magasin.service.ts:458:13)

  console.log
    🔍 [Service Magasin] Récupération de toutes les commandes

      at Module.obtenirLesCommandes (src/routes/magasin/core/services/magasin.service.ts:453:11)

  console.error
    ❌ [Service Magasin] Erreur récupération commandes: Error: Erreur DB
        at Object.<anonymous> (C:\Users\guillaumehouthoofd\Documents\Benoit\Epreuve_intégrée\ClubManager\api\src\routes\magasin\__tests__\magasin.service-branches.test.ts:291:9)
        at Promise.then.completed (C:\Users\guillaumehouthoofd\Documents\Benoit\Epreuve_intégrée\ClubManager\api\node_modules\jest-circus\build\utils.js:298:28)
        at new Promise (<anonymous>)
        at callAsyncCircusFn (C:\Users\guillaumehouthoofd\Documents\Benoit\Epreuve_intégrée\ClubManager\api\node_modules\jest-circus\build\utils.js:231:10)
        at _callCircusTest (C:\Users\guillaumehouthoofd\Documents\Benoit\Epreuve_intégrée\ClubManager\api\node_modules\jest-circus\build\run.js:316:40)
        at processTicksAndRejections (node:internal/process/task_queues:105:5)
        at _runTest (C:\Users\guillaumehouthoofd\Documents\Benoit\Epreuve_intégrée\ClubManager\api\node_modules\jest-circus\build\run.js:252:3)
        at _runTestsForDescribeBlock (C:\Users\guillaumehouthoofd\Documents\Benoit\Epreuve_intégrée\ClubManager\api\node_modules\jest-circus\build\run.js:126:9)
        at _runTestsForDescribeBlock (C:\Users\guillaumehouthoofd\Documents\Benoit\Epreuve_intégrée\ClubManager\api\node_modules\jest-circus\build\run.js:121:9)
        at _runTestsForDescribeBlock (C:\Users\guillaumehouthoofd\Documents\Benoit\Epreuve_intégrée\ClubManager\api\node_modules\jest-circus\build\run.js:121:9)
        at run (C:\Users\guillaumehouthoofd\Documents\Benoit\Epreuve_intégrée\ClubManager\api\node_modules\jest-circus\build\run.js:71:3)
        at runAndTransformResultsToJestFormat (C:\Users\guillaumehouthoofd\Documents\Benoit\Epreuve_intégrée\ClubManager\api\node_modules\jest-circus\build\legacy-code-todo-rewrite\jestAdapterInit.js:122:21)
        at jestAdapter (C:\Users\guillaumehouthoofd\Documents\Benoit\Epreuve_intégrée\ClubManager\api\node_modules\jest-circus\build\legacy-code-todo-rewrite\jestAdapter.js:79:19)
        at runTestInternal (C:\Users\guillaumehouthoofd\Documents\Benoit\Epreuve_intégrée\ClubManager\api\node_modules\jest-runner\build\runTest.js:367:16)
        at runTest (C:\Users\guillaumehouthoofd\Documents\Benoit\Epreuve_intégrée\ClubManager\api\node_modules\jest-runner\build\runTest.js:444:34)
        at Object.worker (C:\Users\guillaumehouthoofd\Documents\Benoit\Epreuve_intégrée\ClubManager\api\node_modules\jest-runner\build\testWorker.js:106:12)

    [0m [90m 462 |[39m     [36mreturn[39m commandes[33m;[39m
     [90m 463 |[39m   } [36mcatch[39m (error) {
    [31m[1m>[22m[39m[90m 464 |[39m     console[33m.[39merror([32m"❌ [Service Magasin] Erreur récupération commandes:"[39m[33m,[39m error)[33m;[39m
     [90m     |[39m             [31m[1m^[22m[39m
     [90m 465 |[39m     [36mthrow[39m [36mnew[39m [33mError[39m([32m"Impossible de récupérer les commandes"[39m)[33m;[39m
     [90m 466 |[39m   }
     [90m 467 |[39m }[0m

      at Module.obtenirLesCommandes (src/routes/magasin/core/services/magasin.service.ts:464:13)
      at Object.<anonymous> (src/routes/magasin/__tests__/magasin.service-branches.test.ts:294:7)

  console.log
    🔍 [Service Magasin] Vérification unicité commande: CMD-001-123-ABCD1234

      at Module.verifierUniciteCommande (src/routes/magasin/core/services/magasin.service.ts:478:11)

  console.log
    🔍 [Service Magasin] Vérification unicité commande: CMD-999-999-FAKE9999

      at Module.verifierUniciteCommande (src/routes/magasin/core/services/magasin.service.ts:478:11)

  console.log
    🔍 [Service Magasin] Vérification unicité commande: CMD-001-123-ABCD1234

      at Module.verifierUniciteCommande (src/routes/magasin/core/services/magasin.service.ts:478:11)

  console.error
    ❌ [Service Magasin] Erreur vérification unicité: Error: DB Error
        at Object.<anonymous> (C:\Users\guillaumehouthoofd\Documents\Benoit\Epreuve_intégrée\ClubManager\api\src\routes\magasin\__tests__\magasin.service-branches.test.ts:339:9)
        at Promise.then.completed (C:\Users\guillaumehouthoofd\Documents\Benoit\Epreuve_intégrée\ClubManager\api\node_modules\jest-circus\build\utils.js:298:28)
        at new Promise (<anonymous>)
        at callAsyncCircusFn (C:\Users\guillaumehouthoofd\Documents\Benoit\Epreuve_intégrée\ClubManager\api\node_modules\jest-circus\build\utils.js:231:10)
        at _callCircusTest (C:\Users\guillaumehouthoofd\Documents\Benoit\Epreuve_intégrée\ClubManager\api\node_modules\jest-circus\build\run.js:316:40)
        at processTicksAndRejections (node:internal/process/task_queues:105:5)
        at _runTest (C:\Users\guillaumehouthoofd\Documents\Benoit\Epreuve_intégrée\ClubManager\api\node_modules\jest-circus\build\run.js:252:3)
        at _runTestsForDescribeBlock (C:\Users\guillaumehouthoofd\Documents\Benoit\Epreuve_intégrée\ClubManager\api\node_modules\jest-circus\build\run.js:126:9)
        at _runTestsForDescribeBlock (C:\Users\guillaumehouthoofd\Documents\Benoit\Epreuve_intégrée\ClubManager\api\node_modules\jest-circus\build\run.js:121:9)
        at _runTestsForDescribeBlock (C:\Users\guillaumehouthoofd\Documents\Benoit\Epreuve_intégrée\ClubManager\api\node_modules\jest-circus\build\run.js:121:9)
        at run (C:\Users\guillaumehouthoofd\Documents\Benoit\Epreuve_intégrée\ClubManager\api\node_modules\jest-circus\build\run.js:71:3)
        at runAndTransformResultsToJestFormat (C:\Users\guillaumehouthoofd\Documents\Benoit\Epreuve_intégrée\ClubManager\api\node_modules\jest-circus\build\legacy-code-todo-rewrite\jestAdapterInit.js:122:21)
        at jestAdapter (C:\Users\guillaumehouthoofd\Documents\Benoit\Epreuve_intégrée\ClubManager\api\node_modules\jest-circus\build\legacy-code-todo-rewrite\jestAdapter.js:79:19)
        at runTestInternal (C:\Users\guillaumehouthoofd\Documents\Benoit\Epreuve_intégrée\ClubManager\api\node_modules\jest-runner\build\runTest.js:367:16)
        at runTest (C:\Users\guillaumehouthoofd\Documents\Benoit\Epreuve_intégrée\ClubManager\api\node_modules\jest-runner\build\runTest.js:444:34)
        at Object.worker (C:\Users\guillaumehouthoofd\Documents\Benoit\Epreuve_intégrée\ClubManager\api\node_modules\jest-runner\build\testWorker.js:106:12)

    [0m [90m 511 |[39m     }[33m;[39m
     [90m 512 |[39m   } [36mcatch[39m (error) {
    [31m[1m>[22m[39m[90m 513 |[39m     console[33m.[39merror([32m"❌ [Service Magasin] Erreur vérification unicité:"[39m[33m,[39m error)[33m;[39m
     [90m     |[39m             [31m[1m^[22m[39m
     [90m 514 |[39m     [36mthrow[39m [36mnew[39m [33mError[39m([32m"Erreur lors de la vérification de l'unicité"[39m)[33m;[39m
     [90m 515 |[39m   }
     [90m 516 |[39m }[0m

      at Module.verifierUniciteCommande (src/routes/magasin/core/services/magasin.service.ts:513:13)
      at Object.<anonymous> (src/routes/magasin/__tests__/magasin.service-branches.test.ts:342:7)

  console.error
    ❌ Erreur génération numéro commande: Error: DB Error
        at Object.<anonymous> (C:\Users\guillaumehouthoofd\Documents\Benoit\Epreuve_intégrée\ClubManager\api\src\routes\magasin\__tests__\magasin.service-branches.test.ts:401:9)
        at Promise.then.completed (C:\Users\guillaumehouthoofd\Documents\Benoit\Epreuve_intégrée\ClubManager\api\node_modules\jest-circus\build\utils.js:298:28)
        at new Promise (<anonymous>)
        at callAsyncCircusFn (C:\Users\guillaumehouthoofd\Documents\Benoit\Epreuve_intégrée\ClubManager\api\node_modules\jest-circus\build\utils.js:231:10)
        at _callCircusTest (C:\Users\guillaumehouthoofd\Documents\Benoit\Epreuve_intégrée\ClubManager\api\node_modules\jest-circus\build\run.js:316:40)
        at processTicksAndRejections (node:internal/process/task_queues:105:5)
        at _runTest (C:\Users\guillaumehouthoofd\Documents\Benoit\Epreuve_intégrée\ClubManager\api\node_modules\jest-circus\build\run.js:252:3)
        at _runTestsForDescribeBlock (C:\Users\guillaumehouthoofd\Documents\Benoit\Epreuve_intégrée\ClubManager\api\node_modules\jest-circus\build\run.js:126:9)
        at _runTestsForDescribeBlock (C:\Users\guillaumehouthoofd\Documents\Benoit\Epreuve_intégrée\ClubManager\api\node_modules\jest-circus\build\run.js:121:9)
        at _runTestsForDescribeBlock (C:\Users\guillaumehouthoofd\Documents\Benoit\Epreuve_intégrée\ClubManager\api\node_modules\jest-circus\build\run.js:121:9)
        at run (C:\Users\guillaumehouthoofd\Documents\Benoit\Epreuve_intégrée\ClubManager\api\node_modules\jest-circus\build\run.js:71:3)
        at runAndTransformResultsToJestFormat (C:\Users\guillaumehouthoofd\Documents\Benoit\Epreuve_intégrée\ClubManager\api\node_modules\jest-circus\build\legacy-code-todo-rewrite\jestAdapterInit.js:122:21)
        at jestAdapter (C:\Users\guillaumehouthoofd\Documents\Benoit\Epreuve_intégrée\ClubManager\api\node_modules\jest-circus\build\legacy-code-todo-rewrite\jestAdapter.js:79:19)
        at runTestInternal (C:\Users\guillaumehouthoofd\Documents\Benoit\Epreuve_intégrée\ClubManager\api\node_modules\jest-runner\build\runTest.js:367:16)
        at runTest (C:\Users\guillaumehouthoofd\Documents\Benoit\Epreuve_intégrée\ClubManager\api\node_modules\jest-runner\build\runTest.js:444:34)
        at Object.worker (C:\Users\guillaumehouthoofd\Documents\Benoit\Epreuve_intégrée\ClubManager\api\node_modules\jest-runner\build\testWorker.js:106:12)

    [0m [90m 150 |[39m     [36mreturn[39m [32m`CMD-${nextNumber.toString().padStart(6, "0")}`[39m[33m;[39m
     [90m 151 |[39m   } [36mcatch[39m (error) {
    [31m[1m>[22m[39m[90m 152 |[39m     console[33m.[39merror([32m"❌ Erreur génération numéro commande:"[39m[33m,[39m error)[33m;[39m
     [90m     |[39m             [31m[1m^[22m[39m
     [90m 153 |[39m     [90m// Fallback vers timestamp en cas d'erreur[39m
     [90m 154 |[39m     [36mreturn[39m [32m`CMD-${Date.now()}`[39m[33m;[39m
     [90m 155 |[39m   }[0m

      at Module.generateSequentialCommandeNumber (src/routes/magasin/core/services/magasin.service.ts:152:13)
      at Object.<anonymous> (src/routes/magasin/__tests__/magasin.service-branches.test.ts:404:22)

  console.log
    📊 [Service Magasin] Calcul des statistiques

      at Module.calculerStatistiquesMagasin (src/routes/magasin/core/services/magasin.service.ts:805:11)

  console.log
    📊 [Service Magasin] Calcul des statistiques

      at Module.calculerStatistiquesMagasin (src/routes/magasin/core/services/magasin.service.ts:805:11)

  console.log
    📊 [Service Magasin] Calcul des statistiques

      at Module.calculerStatistiquesMagasin (src/routes/magasin/core/services/magasin.service.ts:805:11)

  console.log
    📊 [Service Magasin] Calcul des statistiques

      at Module.calculerStatistiquesMagasin (src/routes/magasin/core/services/magasin.service.ts:805:11)

  console.error
    ❌ [Service Magasin] Erreur calcul statistiques: Error: DB Error
        at Object.<anonymous> (C:\Users\guillaumehouthoofd\Documents\Benoit\Epreuve_intégrée\ClubManager\api\src\routes\magasin\__tests__\magasin.service-branches.test.ts:476:9)
        at Promise.then.completed (C:\Users\guillaumehouthoofd\Documents\Benoit\Epreuve_intégrée\ClubManager\api\node_modules\jest-circus\build\utils.js:298:28)
        at new Promise (<anonymous>)
        at callAsyncCircusFn (C:\Users\guillaumehouthoofd\Documents\Benoit\Epreuve_intégrée\ClubManager\api\node_modules\jest-circus\build\utils.js:231:10)
        at _callCircusTest (C:\Users\guillaumehouthoofd\Documents\Benoit\Epreuve_intégrée\ClubManager\api\node_modules\jest-circus\build\run.js:316:40)
        at processTicksAndRejections (node:internal/process/task_queues:105:5)
        at _runTest (C:\Users\guillaumehouthoofd\Documents\Benoit\Epreuve_intégrée\ClubManager\api\node_modules\jest-circus\build\run.js:252:3)
        at _runTestsForDescribeBlock (C:\Users\guillaumehouthoofd\Documents\Benoit\Epreuve_intégrée\ClubManager\api\node_modules\jest-circus\build\run.js:126:9)
        at _runTestsForDescribeBlock (C:\Users\guillaumehouthoofd\Documents\Benoit\Epreuve_intégrée\ClubManager\api\node_modules\jest-circus\build\run.js:121:9)
        at _runTestsForDescribeBlock (C:\Users\guillaumehouthoofd\Documents\Benoit\Epreuve_intégrée\ClubManager\api\node_modules\jest-circus\build\run.js:121:9)
        at run (C:\Users\guillaumehouthoofd\Documents\Benoit\Epreuve_intégrée\ClubManager\api\node_modules\jest-circus\build\run.js:71:3)
        at runAndTransformResultsToJestFormat (C:\Users\guillaumehouthoofd\Documents\Benoit\Epreuve_intégrée\ClubManager\api\node_modules\jest-circus\build\legacy-code-todo-rewrite\jestAdapterInit.js:122:21)
        at jestAdapter (C:\Users\guillaumehouthoofd\Documents\Benoit\Epreuve_intégrée\ClubManager\api\node_modules\jest-circus\build\legacy-code-todo-rewrite\jestAdapter.js:79:19)
        at runTestInternal (C:\Users\guillaumehouthoofd\Documents\Benoit\Epreuve_intégrée\ClubManager\api\node_modules\jest-runner\build\runTest.js:367:16)
        at runTest (C:\Users\guillaumehouthoofd\Documents\Benoit\Epreuve_intégrée\ClubManager\api\node_modules\jest-runner\build\runTest.js:444:34)
        at Object.worker (C:\Users\guillaumehouthoofd\Documents\Benoit\Epreuve_intégrée\ClubManager\api\node_modules\jest-runner\build\testWorker.js:106:12)

    [0m [90m 839 |[39m     }[33m;[39m
     [90m 840 |[39m   } [36mcatch[39m (error) {
    [31m[1m>[22m[39m[90m 841 |[39m     console[33m.[39merror([32m"❌ [Service Magasin] Erreur calcul statistiques:"[39m[33m,[39m error)[33m;[39m
     [90m     |[39m             [31m[1m^[22m[39m
     [90m 842 |[39m     [36mthrow[39m [36mnew[39m [33mError[39m([32m"Impossible de calculer les statistiques"[39m)[33m;[39m
     [90m 843 |[39m   }
     [90m 844 |[39m }[0m

      at Module.calculerStatistiquesMagasin (src/routes/magasin/core/services/magasin.service.ts:841:13)
      at Object.<anonymous> (src/routes/magasin/__tests__/magasin.service-branches.test.ts:479:7)

  console.error
    ❌ [EmailService] Erreur vérification connexion: Error: getaddrinfo ENOTFOUND smtp.test.local
        at GetAddrInfoReqWrap.onlookupall [as oncomplete] (node:dns:122:26) {
      errno: -3008,
      code: 'EDNS',
      syscall: 'getaddrinfo',
      hostname: 'smtp.test.local',
      command: 'CONN'
    }

    [0m [90m 114 |[39m       }
     [90m 115 |[39m     } [36mcatch[39m (error[33m:[39m any) {
    [31m[1m>[22m[39m[90m 116 |[39m       console[33m.[39merror([32m'❌ [EmailService] Erreur vérification connexion:'[39m[33m,[39m error)[33m;[39m
     [90m     |[39m               [31m[1m^[22m[39m
     [90m 117 |[39m       [36mthis[39m[33m.[39minitialized [33m=[39m [36mfalse[39m[33m;[39m
     [90m 118 |[39m     }
     [90m 119 |[39m   }[0m

      at EmailService.verifyConnection (src/services/emailService.ts:116:15)

  console.error
    ❌ [EmailService] Erreur vérification connexion: Error: getaddrinfo ENOTFOUND smtp.test.local
        at GetAddrInfoReqWrap.onlookupall [as oncomplete] (node:dns:122:26) {
      errno: -3008,
      code: 'EDNS',
      syscall: 'getaddrinfo',
      hostname: 'smtp.test.local',
      command: 'CONN'
    }

    [0m [90m 114 |[39m       }
     [90m 115 |[39m     } [36mcatch[39m (error[33m:[39m any) {
    [31m[1m>[22m[39m[90m 116 |[39m       console[33m.[39merror([32m'❌ [EmailService] Erreur vérification connexion:'[39m[33m,[39m error)[33m;[39m
     [90m     |[39m               [31m[1m^[22m[39m
     [90m 117 |[39m       [36mthis[39m[33m.[39minitialized [33m=[39m [36mfalse[39m[33m;[39m
     [90m 118 |[39m     }
     [90m 119 |[39m   }[0m

      at EmailService.verifyConnection (src/services/emailService.ts:116:15)

(node:30076) ExperimentalWarning: VM Modules is an experimental feature and might change at any time
(Use `node --trace-warnings ...` to show where the warning was created)
(node:8868) ExperimentalWarning: VM Modules is an experimental feature and might change at any time
(Use `node --trace-warnings ...` to show where the warning was created)
  console.log
    🔍 [Service Magasin] Vérification doublon commande: {
      cacheKey: '1-50-[{"id":1,"taille":"M","quantite":1}]...',
      utilisateur_id: 1,
      total: 50,
      nbArticles: 1
    }

      at creerCommande (src/routes/magasin/core/services/magasin.service.ts:325:11)

  console.log
    ⚠️ [Service Magasin] Commande identique détectée, attente... { delaiDepuisCommande: '121ms' }

      at creerCommande (src/routes/magasin/core/services/magasin.service.ts:339:15)

  console.log
    ✅ [Service Magasin] Première commande terminée, retour du même résultat

      at creerCommande (src/routes/magasin/core/services/magasin.service.ts:349:17)

  console.log
    ✅ [Handler Commandes] Commande créée avec succès: {
      unique_id: 'CMD-001-1770237960474-1D7CDC1D',
      numero_commande: 'CMD-000001',
      isDuplicate: true
    }

      at createCommande (src/routes/magasin/core/handlers/create-commande.handler.ts:36:13)

  console.log
    📝 [Handler Commandes] Création d'une nouvelle commande

      at createCommande (src/routes/magasin/core/handlers/create-commande.handler.ts:19:13)

  console.log
    Corps reçu: {
      utilisateur_id: 1,
      articles: [ { article_id: 1, quantite: 1, taille: 'AAAAAAAAAAAAAAAAAAAA' } ],
      total: 50
    }

      at createCommande (src/routes/magasin/core/handlers/create-commande.handler.ts:20:13)

  console.log
    Données validées par le schéma Zod: {"utilisateur_id":1,"articles":[{"article_id":1,"quantite":1,"taille":"AAAAAAAAAAAAAAAAAAAA"}],"total":50,"statut":"en attente"}

      at createCommande (src/routes/magasin/core/handlers/create-commande.handler.ts:25:13)

  console.log
    🔍 [Service Magasin] Vérification doublon commande: {
      cacheKey: '1-50-[{"id":1,"taille":"AAAAAAAAAAAAAAAAAAAA","qua...',
      utilisateur_id: 1,
      total: 50,
      nbArticles: 1
    }

      at creerCommande (src/routes/magasin/core/services/magasin.service.ts:325:11)

  console.log
    🆔 [Service Magasin] IDs générés: {
      uniqueCommandeId: 'CMD-001-1770237960604-3356D089',
      numeroCommande: 'CMD-000001',
      utilisateur_id: 1
    }

      at creerCommande (src/routes/magasin/core/services/magasin.service.ts:373:11)

  console.error
    ❌ [Service Magasin] Utilisateur non trouvé: 1

    [0m [90m 772 |[39m
     [90m 773 |[39m     [36mif[39m (results[33m.[39mlength [33m===[39m [35m0[39m) {
    [31m[1m>[22m[39m[90m 774 |[39m       console[33m.[39merror(
     [90m     |[39m               [31m[1m^[22m[39m
     [90m 775 |[39m         [32m"❌ [Service Magasin] Utilisateur non trouvé:"[39m[33m,[39m
     [90m 776 |[39m         utilisateurId[33m,[39m
     [90m 777 |[39m       )[33m;[39m[0m

      at recupererDonneesUtilisateur (src/routes/magasin/core/services/magasin.service.ts:774:15)
      at src/routes/magasin/core/services/magasin.service.ts:393:26
      at creerCommande (src/routes/magasin/core/services/magasin.service.ts:432:28)
      at createCommande (src/routes/magasin/core/handlers/create-commande.handler.ts:30:20)
      at Object.<anonymous> (src/routes/magasin/__tests__/magasin.edge-cases.test.ts:586:7)

  console.warn
    ⚠️ [Service Magasin] Impossible d'envoyer l'email - utilisateur non trouvé

    [0m [90m 402 |[39m           )[33m;[39m
     [90m 403 |[39m         } [36melse[39m {
    [31m[1m>[22m[39m[90m 404 |[39m           console[33m.[39mwarn(
     [90m     |[39m                   [31m[1m^[22m[39m
     [90m 405 |[39m             [32m"⚠️ [Service Magasin] Impossible d'envoyer l'email - utilisateur non trouvé"[39m[33m,[39m
     [90m 406 |[39m           )[33m;[39m
     [90m 407 |[39m         }[0m

      at src/routes/magasin/core/services/magasin.service.ts:404:19
      at creerCommande (src/routes/magasin/core/services/magasin.service.ts:432:28)
      at createCommande (src/routes/magasin/core/handlers/create-commande.handler.ts:30:20)
      at Object.<anonymous> (src/routes/magasin/__tests__/magasin.edge-cases.test.ts:586:7)

  console.log
    ✅ [Service Magasin] Commande créée avec protection doublon: {
      unique_id: 'CMD-001-1770237960604-3356D089',
      numero_commande: 'CMD-000001'
    }

      at creerCommande (src/routes/magasin/core/services/magasin.service.ts:434:11)

  console.log
    ✅ [Handler Commandes] Commande créée avec succès: {
      unique_id: 'CMD-001-1770237960604-3356D089',
      numero_commande: 'CMD-000001',
      isDuplicate: false
    }

      at createCommande (src/routes/magasin/core/handlers/create-commande.handler.ts:36:13)

  console.log
    📝 [Handler Articles] Modification d'un article

      at updateArticle (src/routes/magasin/core/handlers/update-article.handler.ts:17:13)

  console.log
    Données validées par le schéma Zod: {"id":2147483647,"nom":"Test"}

      at updateArticle (src/routes/magasin/core/handlers/update-article.handler.ts:38:13)

  console.log
    📝 [Service Magasin] Modification de l'article 2147483647

      at modifierArticle (src/routes/magasin/core/services/magasin.service.ts:253:11)

  console.log
    ✅ [Service Magasin] Article modifié avec succès

      at modifierArticle (src/routes/magasin/core/services/magasin.service.ts:259:15)

  console.log
    ✅ [Handler Articles] Article modifié avec succès

      at updateArticle (src/routes/magasin/core/handlers/update-article.handler.ts:49:13)

  console.log
    📝 [Handler Commandes] Création d'une nouvelle commande

      at createCommande (src/routes/magasin/core/handlers/create-commande.handler.ts:19:13)

  console.log
    Corps reçu: {
      utilisateur_id: 999999999,
      articles: [ { article_id: 1, quantite: 1, taille: 'M' } ],
      total: 50
    }

      at createCommande (src/routes/magasin/core/handlers/create-commande.handler.ts:20:13)

  console.log
    Données validées par le schéma Zod: {"utilisateur_id":999999999,"articles":[{"article_id":1,"quantite":1,"taille":"M"}],"total":50,"statut":"en attente"}

      at createCommande (src/routes/magasin/core/handlers/create-commande.handler.ts:25:13)

  console.log
    🔍 [Service Magasin] Vérification doublon commande: {
      cacheKey: '999999999-50-[{"id":1,"taille":"M","quantite":1}]...',
      utilisateur_id: 999999999,
      total: 50,
      nbArticles: 1
    }

      at creerCommande (src/routes/magasin/core/services/magasin.service.ts:325:11)

  console.log
    🆔 [Service Magasin] IDs générés: {
      uniqueCommandeId: 'CMD-999999999-1770237960631-43A65B3C',
      numeroCommande: 'CMD-000001',
      utilisateur_id: 999999999
    }

      at creerCommande (src/routes/magasin/core/services/magasin.service.ts:373:11)

  console.error
    ❌ [Service Magasin] Utilisateur non trouvé: 999999999

    [0m [90m 772 |[39m
     [90m 773 |[39m     [36mif[39m (results[33m.[39mlength [33m===[39m [35m0[39m) {
    [31m[1m>[22m[39m[90m 774 |[39m       console[33m.[39merror(
     [90m     |[39m               [31m[1m^[22m[39m
     [90m 775 |[39m         [32m"❌ [Service Magasin] Utilisateur non trouvé:"[39m[33m,[39m
     [90m 776 |[39m         utilisateurId[33m,[39m
     [90m 777 |[39m       )[33m;[39m[0m

      at recupererDonneesUtilisateur (src/routes/magasin/core/services/magasin.service.ts:774:15)
      at src/routes/magasin/core/services/magasin.service.ts:393:26
      at creerCommande (src/routes/magasin/core/services/magasin.service.ts:432:28)
      at createCommande (src/routes/magasin/core/handlers/create-commande.handler.ts:30:20)
      at Object.<anonymous> (src/routes/magasin/__tests__/magasin.edge-cases.test.ts:638:7)

  console.warn
    ⚠️ [Service Magasin] Impossible d'envoyer l'email - utilisateur non trouvé

    [0m [90m 402 |[39m           )[33m;[39m
     [90m 403 |[39m         } [36melse[39m {
    [31m[1m>[22m[39m[90m 404 |[39m           console[33m.[39mwarn(
     [90m     |[39m                   [31m[1m^[22m[39m
     [90m 405 |[39m             [32m"⚠️ [Service Magasin] Impossible d'envoyer l'email - utilisateur non trouvé"[39m[33m,[39m
     [90m 406 |[39m           )[33m;[39m
     [90m 407 |[39m         }[0m

      at src/routes/magasin/core/services/magasin.service.ts:404:19
      at creerCommande (src/routes/magasin/core/services/magasin.service.ts:432:28)
      at createCommande (src/routes/magasin/core/handlers/create-commande.handler.ts:30:20)
      at Object.<anonymous> (src/routes/magasin/__tests__/magasin.edge-cases.test.ts:638:7)

  console.log
    ✅ [Service Magasin] Commande créée avec protection doublon: {
      unique_id: 'CMD-999999999-1770237960631-43A65B3C',
      numero_commande: 'CMD-000001'
    }

      at creerCommande (src/routes/magasin/core/services/magasin.service.ts:434:11)

  console.log
    ✅ [Handler Commandes] Commande créée avec succès: {
      unique_id: 'CMD-999999999-1770237960631-43A65B3C',
      numero_commande: 'CMD-000001',
      isDuplicate: false
    }

      at createCommande (src/routes/magasin/core/handlers/create-commande.handler.ts:36:13)

  console.log
    📋 [Handler Articles] Récupération des articles par catégories

      at getArticles (src/routes/magasin/core/handlers/get-articles.handler.ts:23:13)

  console.log
    🔍 [Service Magasin] Récupération des articles par catégories

      at obtenirArticlesParCategories (src/routes/magasin/core/services/magasin.service.ts:166:11)

  console.log
    ✅ [Service Magasin] Articles récupérés avec succès

      at obtenirArticlesParCategories (src/routes/magasin/core/services/magasin.service.ts:171:13)

  console.log
    ✅ [Handler Articles] Articles récupérés avec succès

      at getArticles (src/routes/magasin/core/handlers/get-articles.handler.ts:32:13)

  console.log
    📋 [Handler Articles] Récupération des articles par catégories

      at getArticles (src/routes/magasin/core/handlers/get-articles.handler.ts:23:13)

  console.log
    🔍 [Service Magasin] Récupération des articles par catégories

      at obtenirArticlesParCategories (src/routes/magasin/core/services/magasin.service.ts:166:11)

  console.log
    ✅ [Service Magasin] Articles récupérés avec succès

      at obtenirArticlesParCategories (src/routes/magasin/core/services/magasin.service.ts:171:13)

  console.log
    ✅ [Handler Articles] Articles récupérés avec succès

      at getArticles (src/routes/magasin/core/handlers/get-articles.handler.ts:32:13)

  console.log
    📝 [Handler Commandes] Création d'une nouvelle commande

      at createCommande (src/routes/magasin/core/handlers/create-commande.handler.ts:19:13)

  console.log
    Corps reçu: {
      utilisateur_id: 1,
      articles: [ { article_id: 1, quantite: 1, taille: 'M' } ],
      total: 50,
      date: '2024-01-15T10:30:00.000Z'
    }

      at createCommande (src/routes/magasin/core/handlers/create-commande.handler.ts:20:13)

  console.log
    Données validées par le schéma Zod: {"utilisateur_id":1,"articles":[{"article_id":1,"quantite":1,"taille":"M"}],"total":50,"statut":"en attente","date":"2024-01-15T10:30:00.000Z"}

      at createCommande (src/routes/magasin/core/handlers/create-commande.handler.ts:25:13)

  console.log
    🔍 [Service Magasin] Vérification doublon commande: {
      cacheKey: '1-50-[{"id":1,"taille":"M","quantite":1}]...',
      utilisateur_id: 1,
      total: 50,
      nbArticles: 1
    }

      at creerCommande (src/routes/magasin/core/services/magasin.service.ts:325:11)

  console.log
    ⚠️ [Service Magasin] Commande identique détectée, attente... { delaiDepuisCommande: '193ms' }

      at creerCommande (src/routes/magasin/core/services/magasin.service.ts:339:15)

  console.log
    ✅ [Service Magasin] Première commande terminée, retour du même résultat

      at creerCommande (src/routes/magasin/core/services/magasin.service.ts:349:17)

  console.log
    ✅ [Handler Commandes] Commande créée avec succès: {
      unique_id: 'CMD-001-1770237960474-1D7CDC1D',
      numero_commande: 'CMD-000001',
      isDuplicate: true
    }

      at createCommande (src/routes/magasin/core/handlers/create-commande.handler.ts:36:13)

  console.log
    📊 [Handler Statistiques] Récupération des statistiques du magasin

      at getStatistiquesMagasin (src/routes/magasin/core/handlers/health.handler.ts:62:13)

  console.log
    📊 [Service Magasin] Calcul des statistiques

      at calculerStatistiquesMagasin (src/routes/magasin/core/services/magasin.service.ts:805:11)

  console.log
    ✅ [Handler Statistiques] Statistiques récupérées avec succès

      at getStatistiquesMagasin (src/routes/magasin/core/handlers/health.handler.ts:75:13)

  console.log
    📝 [Handler Articles] Création d'un nouvel article

      at createArticle (src/routes/magasin/core/handlers/create-article.handler.ts:17:13)

  console.log
    Données validées par le schéma Zod: {"nom":"Test","prix":25.99,"categorie_id":1,"images":[],"stocks":[],"actif":true}

      at createArticle (src/routes/magasin/core/handlers/create-article.handler.ts:22:13)

  console.log
    📝 [Service Magasin] Ajout d'un nouvel article: Test

      at ajouterArticle (src/routes/magasin/core/services/magasin.service.ts:216:11)

  console.log
    ✅ [Service Magasin] Article ajouté avec succès

      at ajouterArticle (src/routes/magasin/core/services/magasin.service.ts:225:15)

  console.log
    ✅ [Handler Articles] Article créé avec succès

      at createArticle (src/routes/magasin/core/handlers/create-article.handler.ts:30:15)

  console.log
    📝 [Handler Articles] Création d'un nouvel article

      at createArticle (src/routes/magasin/core/handlers/create-article.handler.ts:17:13)

  console.log
    Données validées par le schéma Zod: {"nom":"Test","prix":25.99,"categorie_id":1,"images":[],"stocks":[],"actif":true}

      at createArticle (src/routes/magasin/core/handlers/create-article.handler.ts:22:13)

  console.log
    📝 [Service Magasin] Ajout d'un nouvel article: Test

      at ajouterArticle (src/routes/magasin/core/services/magasin.service.ts:216:11)

  console.log
    ✅ [Service Magasin] Article ajouté avec succès

      at ajouterArticle (src/routes/magasin/core/services/magasin.service.ts:225:15)

  console.log
    ✅ [Handler Articles] Article créé avec succès

      at createArticle (src/routes/magasin/core/handlers/create-article.handler.ts:30:15)

  console.log
    📝 [Handler Articles] Création d'un nouvel article

      at createArticle (src/routes/magasin/core/handlers/create-article.handler.ts:17:13)

  console.log
    Données validées par le schéma Zod: {"nom":"Test","prix":25.99,"categorie_id":1,"images":[],"stocks":[],"actif":true}

      at createArticle (src/routes/magasin/core/handlers/create-article.handler.ts:22:13)

  console.log
    📝 [Service Magasin] Ajout d'un nouvel article: Test

      at ajouterArticle (src/routes/magasin/core/services/magasin.service.ts:216:11)

  console.log
    ✅ [Service Magasin] Article ajouté avec succès

      at ajouterArticle (src/routes/magasin/core/services/magasin.service.ts:225:15)

  console.log
    ✅ [Handler Articles] Article créé avec succès

      at createArticle (src/routes/magasin/core/handlers/create-article.handler.ts:30:15)

  console.error
    ❌ [EmailService] Erreur vérification connexion: Error: getaddrinfo ENOTFOUND smtp.test.local
        at GetAddrInfoReqWrap.onlookupall [as oncomplete] (node:dns:122:26) {
      errno: -3008,
      code: 'EDNS',
      syscall: 'getaddrinfo',
      hostname: 'smtp.test.local',
      command: 'CONN'
    }

    [0m [90m 114 |[39m       }
     [90m 115 |[39m     } [36mcatch[39m (error[33m:[39m any) {
    [31m[1m>[22m[39m[90m 116 |[39m       console[33m.[39merror([32m'❌ [EmailService] Erreur vérification connexion:'[39m[33m,[39m error)[33m;[39m
     [90m     |[39m               [31m[1m^[22m[39m
     [90m 117 |[39m       [36mthis[39m[33m.[39minitialized [33m=[39m [36mfalse[39m[33m;[39m
     [90m 118 |[39m     }
     [90m 119 |[39m   }[0m

      at EmailService.verifyConnection (src/services/emailService.ts:116:15)

  console.error
    ❌ [EmailService] Erreur vérification connexion: Error: getaddrinfo ENOTFOUND smtp.test.local
        at GetAddrInfoReqWrap.onlookupall [as oncomplete] (node:dns:122:26) {
      errno: -3008,
      code: 'EDNS',
      syscall: 'getaddrinfo',
      hostname: 'smtp.test.local',
      command: 'CONN'
    }

    [0m [90m 114 |[39m       }
     [90m 115 |[39m     } [36mcatch[39m (error[33m:[39m any) {
    [31m[1m>[22m[39m[90m 116 |[39m       console[33m.[39merror([32m'❌ [EmailService] Erreur vérification connexion:'[39m[33m,[39m error)[33m;[39m
     [90m     |[39m               [31m[1m^[22m[39m
     [90m 117 |[39m       [36mthis[39m[33m.[39minitialized [33m=[39m [36mfalse[39m[33m;[39m
     [90m 118 |[39m     }
     [90m 119 |[39m   }[0m

      at EmailService.verifyConnection (src/services/emailService.ts:116:15)

(node:7060) ExperimentalWarning: VM Modules is an experimental feature and might change at any time
(Use `node --trace-warnings ...` to show where the warning was created)
  console.log
    🔍 [Service Magasin] Récupération des articles par catégories

      at obtenirArticlesParCategories (src/routes/magasin/core/services/magasin.service.ts:166:11)

  console.log
    ✅ [Service Magasin] Articles récupérés avec succès

      at obtenirArticlesParCategories (src/routes/magasin/core/services/magasin.service.ts:171:13)

  console.log
    ✅ [Handler Articles] Articles récupérés avec succès

      at getArticles (src/routes/magasin/core/handlers/get-articles.handler.ts:32:13)

  console.log
    📋 [Handler Articles] Récupération des articles par catégories

      at getArticles (src/routes/magasin/core/handlers/get-articles.handler.ts:23:13)

  console.log
    🔍 [Service Magasin] Récupération des articles par catégories

      at obtenirArticlesParCategories (src/routes/magasin/core/services/magasin.service.ts:166:11)

  console.log
    ✅ [Service Magasin] Articles récupérés avec succès

      at obtenirArticlesParCategories (src/routes/magasin/core/services/magasin.service.ts:171:13)

  console.log
    ✅ [Handler Articles] Articles récupérés avec succès

      at getArticles (src/routes/magasin/core/handlers/get-articles.handler.ts:32:13)

  console.log
    📋 [Handler Articles] Récupération des articles par catégories

      at getArticles (src/routes/magasin/core/handlers/get-articles.handler.ts:23:13)

  console.log
    🔍 [Service Magasin] Récupération des articles par catégories

      at obtenirArticlesParCategories (src/routes/magasin/core/services/magasin.service.ts:166:11)

  console.log
    ✅ [Service Magasin] Articles récupérés avec succès

      at obtenirArticlesParCategories (src/routes/magasin/core/services/magasin.service.ts:171:13)

  console.log
    ✅ [Handler Articles] Articles récupérés avec succès

      at getArticles (src/routes/magasin/core/handlers/get-articles.handler.ts:32:13)

  console.log
    📋 [Handler Articles] Récupération des articles par catégories

      at getArticles (src/routes/magasin/core/handlers/get-articles.handler.ts:23:13)

  console.log
    🔍 [Service Magasin] Récupération des articles par catégories

      at obtenirArticlesParCategories (src/routes/magasin/core/services/magasin.service.ts:166:11)

  console.log
    ✅ [Service Magasin] Articles récupérés avec succès

      at obtenirArticlesParCategories (src/routes/magasin/core/services/magasin.service.ts:171:13)

  console.log
    ✅ [Handler Articles] Articles récupérés avec succès

      at getArticles (src/routes/magasin/core/handlers/get-articles.handler.ts:32:13)

  console.log
    📋 [Handler Articles] Récupération des articles par catégories

      at getArticles (src/routes/magasin/core/handlers/get-articles.handler.ts:23:13)

  console.log
    🔍 [Service Magasin] Récupération des articles par catégories

      at obtenirArticlesParCategories (src/routes/magasin/core/services/magasin.service.ts:166:11)

  console.log
    ✅ [Service Magasin] Articles récupérés avec succès

      at obtenirArticlesParCategories (src/routes/magasin/core/services/magasin.service.ts:171:13)

  console.log
    ✅ [Handler Articles] Articles récupérés avec succès

      at getArticles (src/routes/magasin/core/handlers/get-articles.handler.ts:32:13)

  console.log
    📋 [Handler Articles] Récupération des articles par catégories

      at getArticles (src/routes/magasin/core/handlers/get-articles.handler.ts:23:13)

  console.log
    🔍 [Service Magasin] Récupération des articles par catégories

      at obtenirArticlesParCategories (src/routes/magasin/core/services/magasin.service.ts:166:11)

  console.log
    ✅ [Service Magasin] Articles récupérés avec succès

      at obtenirArticlesParCategories (src/routes/magasin/core/services/magasin.service.ts:171:13)

  console.log
    ✅ [Handler Articles] Articles récupérés avec succès

      at getArticles (src/routes/magasin/core/handlers/get-articles.handler.ts:32:13)

  console.log
    📋 [Handler Articles] Récupération des articles par catégories

      at getArticles (src/routes/magasin/core/handlers/get-articles.handler.ts:23:13)

  console.log
    🔍 [Service Magasin] Récupération des articles par catégories

      at obtenirArticlesParCategories (src/routes/magasin/core/services/magasin.service.ts:166:11)

  console.log
    ✅ [Service Magasin] Articles récupérés avec succès

      at obtenirArticlesParCategories (src/routes/magasin/core/services/magasin.service.ts:171:13)

  console.log
    ✅ [Handler Articles] Articles récupérés avec succès

      at getArticles (src/routes/magasin/core/handlers/get-articles.handler.ts:32:13)

  console.log
    Performance getArticles - Avg: 0.9ms, Min: 0ms, Max: 2ms

      at Object.<anonymous> (src/routes/magasin/__tests__/magasin.performance.test.ts:461:15)

  console.log
    📝 [Handler Commandes] Création d'une nouvelle commande

      at createCommande (src/routes/magasin/core/handlers/create-commande.handler.ts:19:13)

  console.log
    Corps reçu: {
      utilisateur_id: 1,
      articles: [ { article_id: 1, quantite: 1, taille: 'M' } ],
      total: 45.99
    }

      at createCommande (src/routes/magasin/core/handlers/create-commande.handler.ts:20:13)

  console.log
    Données validées par le schéma Zod: {"utilisateur_id":1,"articles":[{"article_id":1,"quantite":1,"taille":"M"}],"total":45.99,"statut":"en attente"}

      at createCommande (src/routes/magasin/core/handlers/create-commande.handler.ts:25:13)

  console.log
    🔍 [Service Magasin] Vérification doublon commande: {
      cacheKey: '1-45.99-[{"id":1,"taille":"M","quantite":1}]...',
      utilisateur_id: 1,
      total: 45.99,
      nbArticles: 1
    }

      at creerCommande (src/routes/magasin/core/services/magasin.service.ts:325:11)

  console.log
    ⚠️ [Service Magasin] Commande identique détectée, attente... { delaiDepuisCommande: '1431ms' }

      at creerCommande (src/routes/magasin/core/services/magasin.service.ts:339:15)

  console.log
    ✅ [Service Magasin] Première commande terminée, retour du même résultat

      at creerCommande (src/routes/magasin/core/services/magasin.service.ts:349:17)

  console.log
    ✅ [Handler Commandes] Commande créée avec succès: {
      unique_id: 'CMD-001-1770237960114-604D3D63',
      numero_commande: 'CMD-000001',
      isDuplicate: true
    }

      at createCommande (src/routes/magasin/core/handlers/create-commande.handler.ts:36:13)

  console.log
    📝 [Handler Commandes] Création d'une nouvelle commande

      at createCommande (src/routes/magasin/core/handlers/create-commande.handler.ts:19:13)

  console.log
    Corps reçu: {
      utilisateur_id: 1,
      articles: [ { article_id: 1, quantite: 1, taille: 'M' } ],
      total: 45.99
    }

      at createCommande (src/routes/magasin/core/handlers/create-commande.handler.ts:20:13)

  console.log
    Données validées par le schéma Zod: {"utilisateur_id":1,"articles":[{"article_id":1,"quantite":1,"taille":"M"}],"total":45.99,"statut":"en attente"}

      at createCommande (src/routes/magasin/core/handlers/create-commande.handler.ts:25:13)

  console.log
    🔍 [Service Magasin] Vérification doublon commande: {
      cacheKey: '1-45.99-[{"id":1,"taille":"M","quantite":1}]...',
      utilisateur_id: 1,
      total: 45.99,
      nbArticles: 1
    }

      at creerCommande (src/routes/magasin/core/services/magasin.service.ts:325:11)

  console.log
    ⚠️ [Service Magasin] Commande identique détectée, attente... { delaiDepuisCommande: '1433ms' }

      at creerCommande (src/routes/magasin/core/services/magasin.service.ts:339:15)

  console.log
    ✅ [Service Magasin] Première commande terminée, retour du même résultat

      at creerCommande (src/routes/magasin/core/services/magasin.service.ts:349:17)

  console.log
    ✅ [Handler Commandes] Commande créée avec succès: {
      unique_id: 'CMD-001-1770237960114-604D3D63',
      numero_commande: 'CMD-000001',
      isDuplicate: true
    }

      at createCommande (src/routes/magasin/core/handlers/create-commande.handler.ts:36:13)

  console.log
    📝 [Handler Commandes] Création d'une nouvelle commande

      at createCommande (src/routes/magasin/core/handlers/create-commande.handler.ts:19:13)

  console.log
    Corps reçu: {
      utilisateur_id: 1,
      articles: [ { article_id: 1, quantite: 1, taille: 'M' } ],
      total: 45.99
    }

      at createCommande (src/routes/magasin/core/handlers/create-commande.handler.ts:20:13)

  console.log
    Données validées par le schéma Zod: {"utilisateur_id":1,"articles":[{"article_id":1,"quantite":1,"taille":"M"}],"total":45.99,"statut":"en attente"}

      at createCommande (src/routes/magasin/core/handlers/create-commande.handler.ts:25:13)

  console.log
    🔍 [Service Magasin] Vérification doublon commande: {
      cacheKey: '1-45.99-[{"id":1,"taille":"M","quantite":1}]...',
      utilisateur_id: 1,
      total: 45.99,
      nbArticles: 1
    }

      at creerCommande (src/routes/magasin/core/services/magasin.service.ts:325:11)

  console.log
    ⚠️ [Service Magasin] Commande identique détectée, attente... { delaiDepuisCommande: '1435ms' }

      at creerCommande (src/routes/magasin/core/services/magasin.service.ts:339:15)

  console.log
    ✅ [Service Magasin] Première commande terminée, retour du même résultat

      at creerCommande (src/routes/magasin/core/services/magasin.service.ts:349:17)

  console.log
    ✅ [Handler Commandes] Commande créée avec succès: {
      unique_id: 'CMD-001-1770237960114-604D3D63',
      numero_commande: 'CMD-000001',
      isDuplicate: true
    }

      at createCommande (src/routes/magasin/core/handlers/create-commande.handler.ts:36:13)

  console.log
    📝 [Handler Commandes] Création d'une nouvelle commande

      at createCommande (src/routes/magasin/core/handlers/create-commande.handler.ts:19:13)

  console.log
    Corps reçu: {
      utilisateur_id: 1,
      articles: [ { article_id: 1, quantite: 1, taille: 'M' } ],
      total: 45.99
    }

      at createCommande (src/routes/magasin/core/handlers/create-commande.handler.ts:20:13)

  console.log
    Données validées par le schéma Zod: {"utilisateur_id":1,"articles":[{"article_id":1,"quantite":1,"taille":"M"}],"total":45.99,"statut":"en attente"}

      at createCommande (src/routes/magasin/core/handlers/create-commande.handler.ts:25:13)

  console.log
    🔍 [Service Magasin] Vérification doublon commande: {
      cacheKey: '1-45.99-[{"id":1,"taille":"M","quantite":1}]...',
      utilisateur_id: 1,
      total: 45.99,
      nbArticles: 1
    }

      at creerCommande (src/routes/magasin/core/services/magasin.service.ts:325:11)

  console.log
    ⚠️ [Service Magasin] Commande identique détectée, attente... { delaiDepuisCommande: '1436ms' }

      at creerCommande (src/routes/magasin/core/services/magasin.service.ts:339:15)

  console.log
    ✅ [Service Magasin] Première commande terminée, retour du même résultat

      at creerCommande (src/routes/magasin/core/services/magasin.service.ts:349:17)

  console.log
    ✅ [Handler Commandes] Commande créée avec succès: {
      unique_id: 'CMD-001-1770237960114-604D3D63',
      numero_commande: 'CMD-000001',
      isDuplicate: true
    }

      at createCommande (src/routes/magasin/core/handlers/create-commande.handler.ts:36:13)

  console.log
    📝 [Handler Commandes] Création d'une nouvelle commande

      at createCommande (src/routes/magasin/core/handlers/create-commande.handler.ts:19:13)

  console.log
    Corps reçu: {
      utilisateur_id: 1,
      articles: [ { article_id: 1, quantite: 1, taille: 'M' } ],
      total: 45.99
    }

      at createCommande (src/routes/magasin/core/handlers/create-commande.handler.ts:20:13)

  console.log
    Données validées par le schéma Zod: {"utilisateur_id":1,"articles":[{"article_id":1,"quantite":1,"taille":"M"}],"total":45.99,"statut":"en attente"}

      at createCommande (src/routes/magasin/core/handlers/create-commande.handler.ts:25:13)

  console.log
    🔍 [Service Magasin] Vérification doublon commande: {
      cacheKey: '1-45.99-[{"id":1,"taille":"M","quantite":1}]...',
      utilisateur_id: 1,
      total: 45.99,
      nbArticles: 1
    }

      at creerCommande (src/routes/magasin/core/services/magasin.service.ts:325:11)

  console.log
    ⚠️ [Service Magasin] Commande identique détectée, attente... { delaiDepuisCommande: '1437ms' }

      at creerCommande (src/routes/magasin/core/services/magasin.service.ts:339:15)

  console.log
    ✅ [Service Magasin] Première commande terminée, retour du même résultat

      at creerCommande (src/routes/magasin/core/services/magasin.service.ts:349:17)

  console.log
    ✅ [Handler Commandes] Commande créée avec succès: {
      unique_id: 'CMD-001-1770237960114-604D3D63',
      numero_commande: 'CMD-000001',
      isDuplicate: true
    }

      at createCommande (src/routes/magasin/core/handlers/create-commande.handler.ts:36:13)

  console.log
    📝 [Handler Commandes] Création d'une nouvelle commande

      at createCommande (src/routes/magasin/core/handlers/create-commande.handler.ts:19:13)

  console.log
    Corps reçu: {
      utilisateur_id: 1,
      articles: [ { article_id: 1, quantite: 1, taille: 'M' } ],
      total: 45.99
    }

      at createCommande (src/routes/magasin/core/handlers/create-commande.handler.ts:20:13)

  console.log
    Données validées par le schéma Zod: {"utilisateur_id":1,"articles":[{"article_id":1,"quantite":1,"taille":"M"}],"total":45.99,"statut":"en attente"}

      at createCommande (src/routes/magasin/core/handlers/create-commande.handler.ts:25:13)

  console.log
    🔍 [Service Magasin] Vérification doublon commande: {
      cacheKey: '1-45.99-[{"id":1,"taille":"M","quantite":1}]...',
      utilisateur_id: 1,
      total: 45.99,
      nbArticles: 1
    }

      at creerCommande (src/routes/magasin/core/services/magasin.service.ts:325:11)

  console.log
    ⚠️ [Service Magasin] Commande identique détectée, attente... { delaiDepuisCommande: '1439ms' }

      at creerCommande (src/routes/magasin/core/services/magasin.service.ts:339:15)

  console.log
    ✅ [Service Magasin] Première commande terminée, retour du même résultat

      at creerCommande (src/routes/magasin/core/services/magasin.service.ts:349:17)

  console.log
    ✅ [Handler Commandes] Commande créée avec succès: {
      unique_id: 'CMD-001-1770237960114-604D3D63',
      numero_commande: 'CMD-000001',
      isDuplicate: true
    }

      at createCommande (src/routes/magasin/core/handlers/create-commande.handler.ts:36:13)

  console.log
    📝 [Handler Commandes] Création d'une nouvelle commande

      at createCommande (src/routes/magasin/core/handlers/create-commande.handler.ts:19:13)

  console.log
    Corps reçu: {
      utilisateur_id: 1,
      articles: [ { article_id: 1, quantite: 1, taille: 'M' } ],
      total: 45.99
    }

      at createCommande (src/routes/magasin/core/handlers/create-commande.handler.ts:20:13)

  console.log
    Données validées par le schéma Zod: {"utilisateur_id":1,"articles":[{"article_id":1,"quantite":1,"taille":"M"}],"total":45.99,"statut":"en attente"}

      at createCommande (src/routes/magasin/core/handlers/create-commande.handler.ts:25:13)

  console.log
    🔍 [Service Magasin] Vérification doublon commande: {
      cacheKey: '1-45.99-[{"id":1,"taille":"M","quantite":1}]...',
      utilisateur_id: 1,
      total: 45.99,
      nbArticles: 1
    }

      at creerCommande (src/routes/magasin/core/services/magasin.service.ts:325:11)

  console.log
    ⚠️ [Service Magasin] Commande identique détectée, attente... { delaiDepuisCommande: '1441ms' }

      at creerCommande (src/routes/magasin/core/services/magasin.service.ts:339:15)

  console.log
    ✅ [Service Magasin] Première commande terminée, retour du même résultat

      at creerCommande (src/routes/magasin/core/services/magasin.service.ts:349:17)

  console.log
    ✅ [Handler Commandes] Commande créée avec succès: {
      unique_id: 'CMD-001-1770237960114-604D3D63',
      numero_commande: 'CMD-000001',
      isDuplicate: true
    }

      at createCommande (src/routes/magasin/core/handlers/create-commande.handler.ts:36:13)

  console.log
    📝 [Handler Commandes] Création d'une nouvelle commande

      at createCommande (src/routes/magasin/core/handlers/create-commande.handler.ts:19:13)

  console.log
    Corps reçu: {
      utilisateur_id: 1,
      articles: [ { article_id: 1, quantite: 1, taille: 'M' } ],
      total: 45.99
    }

      at createCommande (src/routes/magasin/core/handlers/create-commande.handler.ts:20:13)

  console.log
    Données validées par le schéma Zod: {"utilisateur_id":1,"articles":[{"article_id":1,"quantite":1,"taille":"M"}],"total":45.99,"statut":"en attente"}

      at createCommande (src/routes/magasin/core/handlers/create-commande.handler.ts:25:13)

  console.log
    🔍 [Service Magasin] Vérification doublon commande: {
      cacheKey: '1-45.99-[{"id":1,"taille":"M","quantite":1}]...',
      utilisateur_id: 1,
      total: 45.99,
      nbArticles: 1
    }

      at creerCommande (src/routes/magasin/core/services/magasin.service.ts:325:11)

  console.log
    ⚠️ [Service Magasin] Commande identique détectée, attente... { delaiDepuisCommande: '1442ms' }

      at creerCommande (src/routes/magasin/core/services/magasin.service.ts:339:15)

  console.log
    ✅ [Service Magasin] Première commande terminée, retour du même résultat

      at creerCommande (src/routes/magasin/core/services/magasin.service.ts:349:17)

  console.log
    ✅ [Handler Commandes] Commande créée avec succès: {
      unique_id: 'CMD-001-1770237960114-604D3D63',
      numero_commande: 'CMD-000001',
      isDuplicate: true
    }

      at createCommande (src/routes/magasin/core/handlers/create-commande.handler.ts:36:13)

  console.log
    📝 [Handler Commandes] Création d'une nouvelle commande

      at createCommande (src/routes/magasin/core/handlers/create-commande.handler.ts:19:13)

  console.log
    Corps reçu: {
      utilisateur_id: 1,
      articles: [ { article_id: 1, quantite: 1, taille: 'M' } ],
      total: 45.99
    }

      at createCommande (src/routes/magasin/core/handlers/create-commande.handler.ts:20:13)

  console.log
    Données validées par le schéma Zod: {"utilisateur_id":1,"articles":[{"article_id":1,"quantite":1,"taille":"M"}],"total":45.99,"statut":"en attente"}

      at createCommande (src/routes/magasin/core/handlers/create-commande.handler.ts:25:13)

  console.log
    🔍 [Service Magasin] Vérification doublon commande: {
      cacheKey: '1-45.99-[{"id":1,"taille":"M","quantite":1}]...',
      utilisateur_id: 1,
      total: 45.99,
      nbArticles: 1
    }

      at creerCommande (src/routes/magasin/core/services/magasin.service.ts:325:11)

  console.log
    ⚠️ [Service Magasin] Commande identique détectée, attente... { delaiDepuisCommande: '1443ms' }

      at creerCommande (src/routes/magasin/core/services/magasin.service.ts:339:15)

  console.log
    ✅ [Service Magasin] Première commande terminée, retour du même résultat

      at creerCommande (src/routes/magasin/core/services/magasin.service.ts:349:17)

  console.log
    ✅ [Handler Commandes] Commande créée avec succès: {
      unique_id: 'CMD-001-1770237960114-604D3D63',
      numero_commande: 'CMD-000001',
      isDuplicate: true
    }

      at createCommande (src/routes/magasin/core/handlers/create-commande.handler.ts:36:13)

  console.log
    📝 [Handler Commandes] Création d'une nouvelle commande

      at createCommande (src/routes/magasin/core/handlers/create-commande.handler.ts:19:13)

  console.log
    Corps reçu: {
      utilisateur_id: 1,
      articles: [ { article_id: 1, quantite: 1, taille: 'M' } ],
      total: 45.99
    }

      at createCommande (src/routes/magasin/core/handlers/create-commande.handler.ts:20:13)

  console.log
    Données validées par le schéma Zod: {"utilisateur_id":1,"articles":[{"article_id":1,"quantite":1,"taille":"M"}],"total":45.99,"statut":"en attente"}

      at createCommande (src/routes/magasin/core/handlers/create-commande.handler.ts:25:13)

  console.log
    🔍 [Service Magasin] Vérification doublon commande: {
      cacheKey: '1-45.99-[{"id":1,"taille":"M","quantite":1}]...',
      utilisateur_id: 1,
      total: 45.99,
      nbArticles: 1
    }

      at creerCommande (src/routes/magasin/core/services/magasin.service.ts:325:11)

  console.log
    ⚠️ [Service Magasin] Commande identique détectée, attente... { delaiDepuisCommande: '1445ms' }

      at creerCommande (src/routes/magasin/core/services/magasin.service.ts:339:15)

  console.log
    ✅ [Service Magasin] Première commande terminée, retour du même résultat

      at creerCommande (src/routes/magasin/core/services/magasin.service.ts:349:17)

  console.log
    ✅ [Handler Commandes] Commande créée avec succès: {
      unique_id: 'CMD-001-1770237960114-604D3D63',
      numero_commande: 'CMD-000001',
      isDuplicate: true
    }

      at createCommande (src/routes/magasin/core/handlers/create-commande.handler.ts:36:13)

  console.log
    📝 [Handler Commandes] Création d'une nouvelle commande

      at createCommande (src/routes/magasin/core/handlers/create-commande.handler.ts:19:13)

  console.log
    Corps reçu: {
      utilisateur_id: 1,
      articles: [ { article_id: 1, quantite: 1, taille: 'M' } ],
      total: 45.99
    }

      at createCommande (src/routes/magasin/core/handlers/create-commande.handler.ts:20:13)

  console.log
    Données validées par le schéma Zod: {"utilisateur_id":1,"articles":[{"article_id":1,"quantite":1,"taille":"M"}],"total":45.99,"statut":"en attente"}

      at createCommande (src/routes/magasin/core/handlers/create-commande.handler.ts:25:13)

  console.log
    🔍 [Service Magasin] Vérification doublon commande: {
      cacheKey: '1-45.99-[{"id":1,"taille":"M","quantite":1}]...',
      utilisateur_id: 1,
      total: 45.99,
      nbArticles: 1
    }

      at creerCommande (src/routes/magasin/core/services/magasin.service.ts:325:11)

  console.log
    ⚠️ [Service Magasin] Commande identique détectée, attente... { delaiDepuisCommande: '1447ms' }

      at creerCommande (src/routes/magasin/core/services/magasin.service.ts:339:15)

  console.log
    ✅ [Service Magasin] Première commande terminée, retour du même résultat

      at creerCommande (src/routes/magasin/core/services/magasin.service.ts:349:17)

  console.log
    ✅ [Handler Commandes] Commande créée avec succès: {
      unique_id: 'CMD-001-1770237960114-604D3D63',
      numero_commande: 'CMD-000001',
      isDuplicate: true
    }

      at createCommande (src/routes/magasin/core/handlers/create-commande.handler.ts:36:13)

  console.log
    📝 [Handler Commandes] Création d'une nouvelle commande

      at createCommande (src/routes/magasin/core/handlers/create-commande.handler.ts:19:13)

  console.log
    Corps reçu: {
      utilisateur_id: 1,
      articles: [ { article_id: 1, quantite: 1, taille: 'M' } ],
      total: 45.99
    }

      at createCommande (src/routes/magasin/core/handlers/create-commande.handler.ts:20:13)

  console.log
    Données validées par le schéma Zod: {"utilisateur_id":1,"articles":[{"article_id":1,"quantite":1,"taille":"M"}],"total":45.99,"statut":"en attente"}

      at createCommande (src/routes/magasin/core/handlers/create-commande.handler.ts:25:13)

  console.log
    🔍 [Service Magasin] Vérification doublon commande: {
      cacheKey: '1-45.99-[{"id":1,"taille":"M","quantite":1}]...',
      utilisateur_id: 1,
      total: 45.99,
      nbArticles: 1
    }

      at creerCommande (src/routes/magasin/core/services/magasin.service.ts:325:11)

  console.log
    ⚠️ [Service Magasin] Commande identique détectée, attente... { delaiDepuisCommande: '1448ms' }

      at creerCommande (src/routes/magasin/core/services/magasin.service.ts:339:15)

  console.log
    ✅ [Service Magasin] Première commande terminée, retour du même résultat

      at creerCommande (src/routes/magasin/core/services/magasin.service.ts:349:17)

  console.log
    ✅ [Handler Commandes] Commande créée avec succès: {
      unique_id: 'CMD-001-1770237960114-604D3D63',
      numero_commande: 'CMD-000001',
      isDuplicate: true
    }

      at createCommande (src/routes/magasin/core/handlers/create-commande.handler.ts:36:13)

  console.log
    📝 [Handler Commandes] Création d'une nouvelle commande

      at createCommande (src/routes/magasin/core/handlers/create-commande.handler.ts:19:13)

  console.log
    Corps reçu: {
      utilisateur_id: 1,
      articles: [ { article_id: 1, quantite: 1, taille: 'M' } ],
      total: 45.99
    }

      at createCommande (src/routes/magasin/core/handlers/create-commande.handler.ts:20:13)

  console.log
    Données validées par le schéma Zod: {"utilisateur_id":1,"articles":[{"article_id":1,"quantite":1,"taille":"M"}],"total":45.99,"statut":"en attente"}

      at createCommande (src/routes/magasin/core/handlers/create-commande.handler.ts:25:13)

  console.log
    🔍 [Service Magasin] Vérification doublon commande: {
      cacheKey: '1-45.99-[{"id":1,"taille":"M","quantite":1}]...',
      utilisateur_id: 1,
      total: 45.99,
      nbArticles: 1
    }

      at creerCommande (src/routes/magasin/core/services/magasin.service.ts:325:11)

  console.log
    ⚠️ [Service Magasin] Commande identique détectée, attente... { delaiDepuisCommande: '1450ms' }

      at creerCommande (src/routes/magasin/core/services/magasin.service.ts:339:15)

  console.log
    ✅ [Service Magasin] Première commande terminée, retour du même résultat

      at creerCommande (src/routes/magasin/core/services/magasin.service.ts:349:17)

  console.log
    ✅ [Handler Commandes] Commande créée avec succès: {
      unique_id: 'CMD-001-1770237960114-604D3D63',
      numero_commande: 'CMD-000001',
      isDuplicate: true
    }

      at createCommande (src/routes/magasin/core/handlers/create-commande.handler.ts:36:13)

  console.log
    📝 [Handler Commandes] Création d'une nouvelle commande

      at createCommande (src/routes/magasin/core/handlers/create-commande.handler.ts:19:13)

  console.log
    Corps reçu: {
      utilisateur_id: 1,
      articles: [ { article_id: 1, quantite: 1, taille: 'M' } ],
      total: 45.99
    }

      at createCommande (src/routes/magasin/core/handlers/create-commande.handler.ts:20:13)

  console.log
    Données validées par le schéma Zod: {"utilisateur_id":1,"articles":[{"article_id":1,"quantite":1,"taille":"M"}],"total":45.99,"statut":"en attente"}

      at createCommande (src/routes/magasin/core/handlers/create-commande.handler.ts:25:13)

  console.log
    🔍 [Service Magasin] Vérification doublon commande: {
      cacheKey: '1-45.99-[{"id":1,"taille":"M","quantite":1}]...',
      utilisateur_id: 1,
      total: 45.99,
      nbArticles: 1
    }

      at creerCommande (src/routes/magasin/core/services/magasin.service.ts:325:11)

  console.log
    ⚠️ [Service Magasin] Commande identique détectée, attente... { delaiDepuisCommande: '1454ms' }

      at creerCommande (src/routes/magasin/core/services/magasin.service.ts:339:15)

  console.log
    ✅ [Service Magasin] Première commande terminée, retour du même résultat

      at creerCommande (src/routes/magasin/core/services/magasin.service.ts:349:17)

  console.log
    ✅ [Handler Commandes] Commande créée avec succès: {
      unique_id: 'CMD-001-1770237960114-604D3D63',
      numero_commande: 'CMD-000001',
      isDuplicate: true
    }

      at createCommande (src/routes/magasin/core/handlers/create-commande.handler.ts:36:13)

  console.log
    📝 [Handler Commandes] Création d'une nouvelle commande

      at createCommande (src/routes/magasin/core/handlers/create-commande.handler.ts:19:13)

  console.log
    Corps reçu: {
      utilisateur_id: 1,
      articles: [ { article_id: 1, quantite: 1, taille: 'M' } ],
      total: 45.99
    }

      at createCommande (src/routes/magasin/core/handlers/create-commande.handler.ts:20:13)

  console.log
    Données validées par le schéma Zod: {"utilisateur_id":1,"articles":[{"article_id":1,"quantite":1,"taille":"M"}],"total":45.99,"statut":"en attente"}

      at createCommande (src/routes/magasin/core/handlers/create-commande.handler.ts:25:13)

  console.log
    🔍 [Service Magasin] Vérification doublon commande: {
      cacheKey: '1-45.99-[{"id":1,"taille":"M","quantite":1}]...',
      utilisateur_id: 1,
      total: 45.99,
      nbArticles: 1
    }

      at creerCommande (src/routes/magasin/core/services/magasin.service.ts:325:11)

  console.log
    ⚠️ [Service Magasin] Commande identique détectée, attente... { delaiDepuisCommande: '1456ms' }

      at creerCommande (src/routes/magasin/core/services/magasin.service.ts:339:15)

  console.log
    ✅ [Service Magasin] Première commande terminée, retour du même résultat

      at creerCommande (src/routes/magasin/core/services/magasin.service.ts:349:17)

  console.log
    ✅ [Handler Commandes] Commande créée avec succès: {
      unique_id: 'CMD-001-1770237960114-604D3D63',
      numero_commande: 'CMD-000001',
      isDuplicate: true
    }

      at createCommande (src/routes/magasin/core/handlers/create-commande.handler.ts:36:13)

  console.log
    📝 [Handler Commandes] Création d'une nouvelle commande

      at createCommande (src/routes/magasin/core/handlers/create-commande.handler.ts:19:13)

  console.log
    Corps reçu: {
      utilisateur_id: 1,
      articles: [ { article_id: 1, quantite: 1, taille: 'M' } ],
      total: 45.99
    }

      at createCommande (src/routes/magasin/core/handlers/create-commande.handler.ts:20:13)

  console.log
    Données validées par le schéma Zod: {"utilisateur_id":1,"articles":[{"article_id":1,"quantite":1,"taille":"M"}],"total":45.99,"statut":"en attente"}

      at createCommande (src/routes/magasin/core/handlers/create-commande.handler.ts:25:13)

  console.log
    🔍 [Service Magasin] Vérification doublon commande: {
      cacheKey: '1-45.99-[{"id":1,"taille":"M","quantite":1}]...',
      utilisateur_id: 1,
      total: 45.99,
      nbArticles: 1
    }

      at creerCommande (src/routes/magasin/core/services/magasin.service.ts:325:11)

  console.log
    ⚠️ [Service Magasin] Commande identique détectée, attente... { delaiDepuisCommande: '1457ms' }

      at creerCommande (src/routes/magasin/core/services/magasin.service.ts:339:15)

  console.log
    ✅ [Service Magasin] Première commande terminée, retour du même résultat

      at creerCommande (src/routes/magasin/core/services/magasin.service.ts:349:17)

  console.log
    ✅ [Handler Commandes] Commande créée avec succès: {
      unique_id: 'CMD-001-1770237960114-604D3D63',
      numero_commande: 'CMD-000001',
      isDuplicate: true
    }

      at createCommande (src/routes/magasin/core/handlers/create-commande.handler.ts:36:13)

  console.log
    📝 [Handler Commandes] Création d'une nouvelle commande

      at createCommande (src/routes/magasin/core/handlers/create-commande.handler.ts:19:13)

  console.log
    Corps reçu: {
      utilisateur_id: 1,
      articles: [ { article_id: 1, quantite: 1, taille: 'M' } ],
      total: 45.99
    }

      at createCommande (src/routes/magasin/core/handlers/create-commande.handler.ts:20:13)

  console.log
    Données validées par le schéma Zod: {"utilisateur_id":1,"articles":[{"article_id":1,"quantite":1,"taille":"M"}],"total":45.99,"statut":"en attente"}

      at createCommande (src/routes/magasin/core/handlers/create-commande.handler.ts:25:13)

  console.log
    🔍 [Service Magasin] Vérification doublon commande: {
      cacheKey: '1-45.99-[{"id":1,"taille":"M","quantite":1}]...',
      utilisateur_id: 1,
      total: 45.99,
      nbArticles: 1
    }

      at creerCommande (src/routes/magasin/core/services/magasin.service.ts:325:11)

  console.log
    ⚠️ [Service Magasin] Commande identique détectée, attente... { delaiDepuisCommande: '1458ms' }

      at creerCommande (src/routes/magasin/core/services/magasin.service.ts:339:15)

  console.log
    ✅ [Service Magasin] Première commande terminée, retour du même résultat

      at creerCommande (src/routes/magasin/core/services/magasin.service.ts:349:17)

  console.log
    ✅ [Handler Commandes] Commande créée avec succès: {
      unique_id: 'CMD-001-1770237960114-604D3D63',
      numero_commande: 'CMD-000001',
      isDuplicate: true
    }

      at createCommande (src/routes/magasin/core/handlers/create-commande.handler.ts:36:13)

  console.log
    📝 [Handler Commandes] Création d'une nouvelle commande

      at createCommande (src/routes/magasin/core/handlers/create-commande.handler.ts:19:13)

  console.log
    Corps reçu: {
      utilisateur_id: 1,
      articles: [ { article_id: 1, quantite: 1, taille: 'M' } ],
      total: 45.99
    }

      at createCommande (src/routes/magasin/core/handlers/create-commande.handler.ts:20:13)

  console.log
    Données validées par le schéma Zod: {"utilisateur_id":1,"articles":[{"article_id":1,"quantite":1,"taille":"M"}],"total":45.99,"statut":"en attente"}

      at createCommande (src/routes/magasin/core/handlers/create-commande.handler.ts:25:13)

  console.log
    🔍 [Service Magasin] Vérification doublon commande: {
      cacheKey: '1-45.99-[{"id":1,"taille":"M","quantite":1}]...',
      utilisateur_id: 1,
      total: 45.99,
      nbArticles: 1
    }

      at creerCommande (src/routes/magasin/core/services/magasin.service.ts:325:11)

  console.log
    ⚠️ [Service Magasin] Commande identique détectée, attente... { delaiDepuisCommande: '1460ms' }

      at creerCommande (src/routes/magasin/core/services/magasin.service.ts:339:15)

  console.log
    ✅ [Service Magasin] Première commande terminée, retour du même résultat

      at creerCommande (src/routes/magasin/core/services/magasin.service.ts:349:17)

  console.log
    ✅ [Handler Commandes] Commande créée avec succès: {
      unique_id: 'CMD-001-1770237960114-604D3D63',
      numero_commande: 'CMD-000001',
      isDuplicate: true
    }

      at createCommande (src/routes/magasin/core/handlers/create-commande.handler.ts:36:13)

  console.log
    📝 [Handler Commandes] Création d'une nouvelle commande

      at createCommande (src/routes/magasin/core/handlers/create-commande.handler.ts:19:13)

  console.log
    Corps reçu: {
      utilisateur_id: 1,
      articles: [ { article_id: 1, quantite: 1, taille: 'M' } ],
      total: 45.99
    }

      at createCommande (src/routes/magasin/core/handlers/create-commande.handler.ts:20:13)

  console.log
    Données validées par le schéma Zod: {"utilisateur_id":1,"articles":[{"article_id":1,"quantite":1,"taille":"M"}],"total":45.99,"statut":"en attente"}

      at createCommande (src/routes/magasin/core/handlers/create-commande.handler.ts:25:13)

  console.log
    🔍 [Service Magasin] Vérification doublon commande: {
      cacheKey: '1-45.99-[{"id":1,"taille":"M","quantite":1}]...',
      utilisateur_id: 1,
      total: 45.99,
      nbArticles: 1
    }

      at creerCommande (src/routes/magasin/core/services/magasin.service.ts:325:11)

  console.log
    ⚠️ [Service Magasin] Commande identique détectée, attente... { delaiDepuisCommande: '1461ms' }

      at creerCommande (src/routes/magasin/core/services/magasin.service.ts:339:15)

  console.log
    ✅ [Service Magasin] Première commande terminée, retour du même résultat

      at creerCommande (src/routes/magasin/core/services/magasin.service.ts:349:17)

  console.log
    ✅ [Handler Commandes] Commande créée avec succès: {
      unique_id: 'CMD-001-1770237960114-604D3D63',
      numero_commande: 'CMD-000001',
      isDuplicate: true
    }

      at createCommande (src/routes/magasin/core/handlers/create-commande.handler.ts:36:13)

  console.log
    📝 [Handler Commandes] Création d'une nouvelle commande

      at createCommande (src/routes/magasin/core/handlers/create-commande.handler.ts:19:13)

  console.log
    Corps reçu: {
      utilisateur_id: 1,
      articles: [ { article_id: 1, quantite: 1, taille: 'M' } ],
      total: 45.99
    }

      at createCommande (src/routes/magasin/core/handlers/create-commande.handler.ts:20:13)

  console.log
    Données validées par le schéma Zod: {"utilisateur_id":1,"articles":[{"article_id":1,"quantite":1,"taille":"M"}],"total":45.99,"statut":"en attente"}

      at createCommande (src/routes/magasin/core/handlers/create-commande.handler.ts:25:13)

  console.log
    🔍 [Service Magasin] Vérification doublon commande: {
      cacheKey: '1-45.99-[{"id":1,"taille":"M","quantite":1}]...',
      utilisateur_id: 1,
      total: 45.99,
      nbArticles: 1
    }

      at creerCommande (src/routes/magasin/core/services/magasin.service.ts:325:11)

  console.log
    ⚠️ [Service Magasin] Commande identique détectée, attente... { delaiDepuisCommande: '1462ms' }

      at creerCommande (src/routes/magasin/core/services/magasin.service.ts:339:15)

  console.log
    ✅ [Service Magasin] Première commande terminée, retour du même résultat

      at creerCommande (src/routes/magasin/core/services/magasin.service.ts:349:17)

  console.log
    ✅ [Handler Commandes] Commande créée avec succès: {
      unique_id: 'CMD-001-1770237960114-604D3D63',
      numero_commande: 'CMD-000001',
      isDuplicate: true
    }

      at createCommande (src/routes/magasin/core/handlers/create-commande.handler.ts:36:13)

  console.log
    📝 [Handler Commandes] Création d'une nouvelle commande

      at createCommande (src/routes/magasin/core/handlers/create-commande.handler.ts:19:13)

  console.log
    Corps reçu: {
      utilisateur_id: 1,
      articles: [ { article_id: 1, quantite: 1, taille: 'M' } ],
      total: 45.99
    }

      at createCommande (src/routes/magasin/core/handlers/create-commande.handler.ts:20:13)

  console.log
    Données validées par le schéma Zod: {"utilisateur_id":1,"articles":[{"article_id":1,"quantite":1,"taille":"M"}],"total":45.99,"statut":"en attente"}

      at createCommande (src/routes/magasin/core/handlers/create-commande.handler.ts:25:13)

  console.log
    🔍 [Service Magasin] Vérification doublon commande: {
      cacheKey: '1-45.99-[{"id":1,"taille":"M","quantite":1}]...',
      utilisateur_id: 1,
      total: 45.99,
      nbArticles: 1
    }

      at creerCommande (src/routes/magasin/core/services/magasin.service.ts:325:11)

  console.log
    ⚠️ [Service Magasin] Commande identique détectée, attente... { delaiDepuisCommande: '1464ms' }

      at creerCommande (src/routes/magasin/core/services/magasin.service.ts:339:15)

  console.log
    ✅ [Service Magasin] Première commande terminée, retour du même résultat

      at creerCommande (src/routes/magasin/core/services/magasin.service.ts:349:17)

  console.log
    ✅ [Handler Commandes] Commande créée avec succès: {
      unique_id: 'CMD-001-1770237960114-604D3D63',
      numero_commande: 'CMD-000001',
      isDuplicate: true
    }

      at createCommande (src/routes/magasin/core/handlers/create-commande.handler.ts:36:13)

  console.log
    📝 [Handler Commandes] Création d'une nouvelle commande

      at createCommande (src/routes/magasin/core/handlers/create-commande.handler.ts:19:13)

  console.log
    Corps reçu: {
      utilisateur_id: 1,
      articles: [ { article_id: 1, quantite: 1, taille: 'M' } ],
      total: 45.99
    }

      at createCommande (src/routes/magasin/core/handlers/create-commande.handler.ts:20:13)

  console.log
    Données validées par le schéma Zod: {"utilisateur_id":1,"articles":[{"article_id":1,"quantite":1,"taille":"M"}],"total":45.99,"statut":"en attente"}

      at createCommande (src/routes/magasin/core/handlers/create-commande.handler.ts:25:13)

  console.log
    🔍 [Service Magasin] Vérification doublon commande: {
      cacheKey: '1-45.99-[{"id":1,"taille":"M","quantite":1}]...',
      utilisateur_id: 1,
      total: 45.99,
      nbArticles: 1
    }

      at creerCommande (src/routes/magasin/core/services/magasin.service.ts:325:11)

  console.log
    ⚠️ [Service Magasin] Commande identique détectée, attente... { delaiDepuisCommande: '1465ms' }

      at creerCommande (src/routes/magasin/core/services/magasin.service.ts:339:15)

  console.log
    ✅ [Service Magasin] Première commande terminée, retour du même résultat

      at creerCommande (src/routes/magasin/core/services/magasin.service.ts:349:17)

  console.log
    ✅ [Handler Commandes] Commande créée avec succès: {
      unique_id: 'CMD-001-1770237960114-604D3D63',
      numero_commande: 'CMD-000001',
      isDuplicate: true
    }

      at createCommande (src/routes/magasin/core/handlers/create-commande.handler.ts:36:13)

  console.log
    📝 [Handler Commandes] Création d'une nouvelle commande

      at createCommande (src/routes/magasin/core/handlers/create-commande.handler.ts:19:13)

  console.log
    Corps reçu: {
      utilisateur_id: 1,
      articles: [ { article_id: 1, quantite: 1, taille: 'M' } ],
      total: 45.99
    }

      at createCommande (src/routes/magasin/core/handlers/create-commande.handler.ts:20:13)

  console.log
    Données validées par le schéma Zod: {"utilisateur_id":1,"articles":[{"article_id":1,"quantite":1,"taille":"M"}],"total":45.99,"statut":"en attente"}

      at createCommande (src/routes/magasin/core/handlers/create-commande.handler.ts:25:13)

  console.log
    🔍 [Service Magasin] Vérification doublon commande: {
      cacheKey: '1-45.99-[{"id":1,"taille":"M","quantite":1}]...',
      utilisateur_id: 1,
      total: 45.99,
      nbArticles: 1
    }

      at creerCommande (src/routes/magasin/core/services/magasin.service.ts:325:11)

  console.log
    ⚠️ [Service Magasin] Commande identique détectée, attente... { delaiDepuisCommande: '1466ms' }

      at creerCommande (src/routes/magasin/core/services/magasin.service.ts:339:15)

  console.log
    ✅ [Service Magasin] Première commande terminée, retour du même résultat

      at creerCommande (src/routes/magasin/core/services/magasin.service.ts:349:17)

  console.log
    ✅ [Handler Commandes] Commande créée avec succès: {
      unique_id: 'CMD-001-1770237960114-604D3D63',
      numero_commande: 'CMD-000001',
      isDuplicate: true
    }

      at createCommande (src/routes/magasin/core/handlers/create-commande.handler.ts:36:13)

  console.log
    📝 [Handler Commandes] Création d'une nouvelle commande

      at createCommande (src/routes/magasin/core/handlers/create-commande.handler.ts:19:13)

  console.log
    Corps reçu: {
      utilisateur_id: 1,
      articles: [ { article_id: 1, quantite: 1, taille: 'M' } ],
      total: 45.99
    }

      at createCommande (src/routes/magasin/core/handlers/create-commande.handler.ts:20:13)

  console.log
    Données validées par le schéma Zod: {"utilisateur_id":1,"articles":[{"article_id":1,"quantite":1,"taille":"M"}],"total":45.99,"statut":"en attente"}

      at createCommande (src/routes/magasin/core/handlers/create-commande.handler.ts:25:13)

  console.log
    🔍 [Service Magasin] Vérification doublon commande: {
      cacheKey: '1-45.99-[{"id":1,"taille":"M","quantite":1}]...',
      utilisateur_id: 1,
      total: 45.99,
      nbArticles: 1
    }

      at creerCommande (src/routes/magasin/core/services/magasin.service.ts:325:11)

  console.log
    ⚠️ [Service Magasin] Commande identique détectée, attente... { delaiDepuisCommande: '1468ms' }

      at creerCommande (src/routes/magasin/core/services/magasin.service.ts:339:15)

  console.log
    ✅ [Service Magasin] Première commande terminée, retour du même résultat

      at creerCommande (src/routes/magasin/core/services/magasin.service.ts:349:17)

  console.log
    ✅ [Handler Commandes] Commande créée avec succès: {
      unique_id: 'CMD-001-1770237960114-604D3D63',
      numero_commande: 'CMD-000001',
      isDuplicate: true
    }

      at createCommande (src/routes/magasin/core/handlers/create-commande.handler.ts:36:13)

  console.log
    📝 [Handler Commandes] Création d'une nouvelle commande

      at createCommande (src/routes/magasin/core/handlers/create-commande.handler.ts:19:13)

  console.log
    Corps reçu: {
      utilisateur_id: 1,
      articles: [ { article_id: 1, quantite: 1, taille: 'M' } ],
      total: 45.99
    }

      at createCommande (src/routes/magasin/core/handlers/create-commande.handler.ts:20:13)

  console.log
    Données validées par le schéma Zod: {"utilisateur_id":1,"articles":[{"article_id":1,"quantite":1,"taille":"M"}],"total":45.99,"statut":"en attente"}

      at createCommande (src/routes/magasin/core/handlers/create-commande.handler.ts:25:13)

  console.log
    🔍 [Service Magasin] Vérification doublon commande: {
      cacheKey: '1-45.99-[{"id":1,"taille":"M","quantite":1}]...',
      utilisateur_id: 1,
      total: 45.99,
      nbArticles: 1
    }

      at creerCommande (src/routes/magasin/core/services/magasin.service.ts:325:11)

  console.log
    ⚠️ [Service Magasin] Commande identique détectée, attente... { delaiDepuisCommande: '1469ms' }

      at creerCommande (src/routes/magasin/core/services/magasin.service.ts:339:15)

  console.log
    ✅ [Service Magasin] Première commande terminée, retour du même résultat

      at creerCommande (src/routes/magasin/core/services/magasin.service.ts:349:17)

  console.log
    ✅ [Handler Commandes] Commande créée avec succès: {
      unique_id: 'CMD-001-1770237960114-604D3D63',
      numero_commande: 'CMD-000001',
      isDuplicate: true
    }

      at createCommande (src/routes/magasin/core/handlers/create-commande.handler.ts:36:13)

  console.log
    📝 [Handler Commandes] Création d'une nouvelle commande

      at createCommande (src/routes/magasin/core/handlers/create-commande.handler.ts:19:13)

  console.log
    Corps reçu: {
      utilisateur_id: 1,
      articles: [ { article_id: 1, quantite: 1, taille: 'M' } ],
      total: 45.99
    }

      at createCommande (src/routes/magasin/core/handlers/create-commande.handler.ts:20:13)

  console.log
    Données validées par le schéma Zod: {"utilisateur_id":1,"articles":[{"article_id":1,"quantite":1,"taille":"M"}],"total":45.99,"statut":"en attente"}

      at createCommande (src/routes/magasin/core/handlers/create-commande.handler.ts:25:13)

  console.log
    🔍 [Service Magasin] Vérification doublon commande: {
      cacheKey: '1-45.99-[{"id":1,"taille":"M","quantite":1}]...',
      utilisateur_id: 1,
      total: 45.99,
      nbArticles: 1
    }

      at creerCommande (src/routes/magasin/core/services/magasin.service.ts:325:11)

  console.log
    ⚠️ [Service Magasin] Commande identique détectée, attente... { delaiDepuisCommande: '1470ms' }

      at creerCommande (src/routes/magasin/core/services/magasin.service.ts:339:15)

  console.log
    ✅ [Service Magasin] Première commande terminée, retour du même résultat

      at creerCommande (src/routes/magasin/core/services/magasin.service.ts:349:17)

  console.log
    ✅ [Handler Commandes] Commande créée avec succès: {
      unique_id: 'CMD-001-1770237960114-604D3D63',
      numero_commande: 'CMD-000001',
      isDuplicate: true
    }

      at createCommande (src/routes/magasin/core/handlers/create-commande.handler.ts:36:13)

  console.log
    📝 [Handler Commandes] Création d'une nouvelle commande

      at createCommande (src/routes/magasin/core/handlers/create-commande.handler.ts:19:13)

  console.log
    Corps reçu: {
      utilisateur_id: 1,
      articles: [ { article_id: 1, quantite: 1, taille: 'M' } ],
      total: 45.99
    }

      at createCommande (src/routes/magasin/core/handlers/create-commande.handler.ts:20:13)

  console.log
    Données validées par le schéma Zod: {"utilisateur_id":1,"articles":[{"article_id":1,"quantite":1,"taille":"M"}],"total":45.99,"statut":"en attente"}

      at createCommande (src/routes/magasin/core/handlers/create-commande.handler.ts:25:13)

  console.log
    🔍 [Service Magasin] Vérification doublon commande: {
      cacheKey: '1-45.99-[{"id":1,"taille":"M","quantite":1}]...',
      utilisateur_id: 1,
      total: 45.99,
      nbArticles: 1
    }

      at creerCommande (src/routes/magasin/core/services/magasin.service.ts:325:11)

  console.log
    ⚠️ [Service Magasin] Commande identique détectée, attente... { delaiDepuisCommande: '1472ms' }

      at creerCommande (src/routes/magasin/core/services/magasin.service.ts:339:15)

  console.log
    ✅ [Service Magasin] Première commande terminée, retour du même résultat

      at creerCommande (src/routes/magasin/core/services/magasin.service.ts:349:17)

  console.log
    ✅ [Handler Commandes] Commande créée avec succès: {
      unique_id: 'CMD-001-1770237960114-604D3D63',
      numero_commande: 'CMD-000001',
      isDuplicate: true
    }

      at createCommande (src/routes/magasin/core/handlers/create-commande.handler.ts:36:13)

  console.log
    📝 [Handler Commandes] Création d'une nouvelle commande

      at createCommande (src/routes/magasin/core/handlers/create-commande.handler.ts:19:13)

  console.log
    Corps reçu: {
      utilisateur_id: 1,
      articles: [ { article_id: 1, quantite: 1, taille: 'M' } ],
      total: 45.99
    }

      at createCommande (src/routes/magasin/core/handlers/create-commande.handler.ts:20:13)

  console.log
    Données validées par le schéma Zod: {"utilisateur_id":1,"articles":[{"article_id":1,"quantite":1,"taille":"M"}],"total":45.99,"statut":"en attente"}

      at createCommande (src/routes/magasin/core/handlers/create-commande.handler.ts:25:13)

  console.log
    🔍 [Service Magasin] Vérification doublon commande: {
      cacheKey: '1-45.99-[{"id":1,"taille":"M","quantite":1}]...',
      utilisateur_id: 1,
      total: 45.99,
      nbArticles: 1
    }

      at creerCommande (src/routes/magasin/core/services/magasin.service.ts:325:11)

  console.log
    ⚠️ [Service Magasin] Commande identique détectée, attente... { delaiDepuisCommande: '1473ms' }

      at creerCommande (src/routes/magasin/core/services/magasin.service.ts:339:15)

  console.log
    ✅ [Service Magasin] Première commande terminée, retour du même résultat

      at creerCommande (src/routes/magasin/core/services/magasin.service.ts:349:17)

  console.log
    ✅ [Handler Commandes] Commande créée avec succès: {
      unique_id: 'CMD-001-1770237960114-604D3D63',
      numero_commande: 'CMD-000001',
      isDuplicate: true
    }

      at createCommande (src/routes/magasin/core/handlers/create-commande.handler.ts:36:13)

  console.log
    📝 [Handler Commandes] Création d'une nouvelle commande

      at createCommande (src/routes/magasin/core/handlers/create-commande.handler.ts:19:13)

  console.log
    Corps reçu: {
      utilisateur_id: 1,
      articles: [ { article_id: 1, quantite: 1, taille: 'M' } ],
      total: 45.99
    }

      at createCommande (src/routes/magasin/core/handlers/create-commande.handler.ts:20:13)

  console.log
    Données validées par le schéma Zod: {"utilisateur_id":1,"articles":[{"article_id":1,"quantite":1,"taille":"M"}],"total":45.99,"statut":"en attente"}

      at createCommande (src/routes/magasin/core/handlers/create-commande.handler.ts:25:13)

  console.log
    🔍 [Service Magasin] Vérification doublon commande: {
      cacheKey: '1-45.99-[{"id":1,"taille":"M","quantite":1}]...',
      utilisateur_id: 1,
      total: 45.99,
      nbArticles: 1
    }

      at creerCommande (src/routes/magasin/core/services/magasin.service.ts:325:11)

  console.log
    ⚠️ [Service Magasin] Commande identique détectée, attente... { delaiDepuisCommande: '1475ms' }

      at creerCommande (src/routes/magasin/core/services/magasin.service.ts:339:15)

  console.log
    ✅ [Service Magasin] Première commande terminée, retour du même résultat

      at creerCommande (src/routes/magasin/core/services/magasin.service.ts:349:17)

  console.log
    ✅ [Handler Commandes] Commande créée avec succès: {
      unique_id: 'CMD-001-1770237960114-604D3D63',
      numero_commande: 'CMD-000001',
      isDuplicate: true
    }

      at createCommande (src/routes/magasin/core/handlers/create-commande.handler.ts:36:13)

  console.log
    📝 [Handler Commandes] Création d'une nouvelle commande

      at createCommande (src/routes/magasin/core/handlers/create-commande.handler.ts:19:13)

  console.log
    Corps reçu: {
      utilisateur_id: 1,
      articles: [ { article_id: 1, quantite: 1, taille: 'M' } ],
      total: 45.99
    }

      at createCommande (src/routes/magasin/core/handlers/create-commande.handler.ts:20:13)

  console.log
    Données validées par le schéma Zod: {"utilisateur_id":1,"articles":[{"article_id":1,"quantite":1,"taille":"M"}],"total":45.99,"statut":"en attente"}

      at createCommande (src/routes/magasin/core/handlers/create-commande.handler.ts:25:13)

  console.log
    🔍 [Service Magasin] Vérification doublon commande: {
      cacheKey: '1-45.99-[{"id":1,"taille":"M","quantite":1}]...',
      utilisateur_id: 1,
      total: 45.99,
      nbArticles: 1
    }

      at creerCommande (src/routes/magasin/core/services/magasin.service.ts:325:11)

  console.log
    ⚠️ [Service Magasin] Commande identique détectée, attente... { delaiDepuisCommande: '1476ms' }

      at creerCommande (src/routes/magasin/core/services/magasin.service.ts:339:15)

  console.log
    ✅ [Service Magasin] Première commande terminée, retour du même résultat

      at creerCommande (src/routes/magasin/core/services/magasin.service.ts:349:17)

  console.log
    ✅ [Handler Commandes] Commande créée avec succès: {
      unique_id: 'CMD-001-1770237960114-604D3D63',
      numero_commande: 'CMD-000001',
      isDuplicate: true
    }

      at createCommande (src/routes/magasin/core/handlers/create-commande.handler.ts:36:13)

  console.log
    📝 [Handler Commandes] Création d'une nouvelle commande

      at createCommande (src/routes/magasin/core/handlers/create-commande.handler.ts:19:13)

  console.log
    Corps reçu: {
      utilisateur_id: 1,
      articles: [ { article_id: 1, quantite: 1, taille: 'M' } ],
      total: 45.99
    }

      at createCommande (src/routes/magasin/core/handlers/create-commande.handler.ts:20:13)

  console.log
    Données validées par le schéma Zod: {"utilisateur_id":1,"articles":[{"article_id":1,"quantite":1,"taille":"M"}],"total":45.99,"statut":"en attente"}

      at createCommande (src/routes/magasin/core/handlers/create-commande.handler.ts:25:13)

  console.log
    🔍 [Service Magasin] Vérification doublon commande: {
      cacheKey: '1-45.99-[{"id":1,"taille":"M","quantite":1}]...',
      utilisateur_id: 1,
      total: 45.99,
      nbArticles: 1
    }

      at creerCommande (src/routes/magasin/core/services/magasin.service.ts:325:11)

  console.log
    ⚠️ [Service Magasin] Commande identique détectée, attente... { delaiDepuisCommande: '1478ms' }

      at creerCommande (src/routes/magasin/core/services/magasin.service.ts:339:15)

  console.log
    ✅ [Service Magasin] Première commande terminée, retour du même résultat

      at creerCommande (src/routes/magasin/core/services/magasin.service.ts:349:17)

  console.log
    ✅ [Handler Commandes] Commande créée avec succès: {
      unique_id: 'CMD-001-1770237960114-604D3D63',
      numero_commande: 'CMD-000001',
      isDuplicate: true
    }

      at createCommande (src/routes/magasin/core/handlers/create-commande.handler.ts:36:13)

  console.log
    📝 [Handler Commandes] Création d'une nouvelle commande

      at createCommande (src/routes/magasin/core/handlers/create-commande.handler.ts:19:13)

  console.log
    Corps reçu: {
      utilisateur_id: 1,
      articles: [ { article_id: 1, quantite: 1, taille: 'M' } ],
      total: 45.99
    }

      at createCommande (src/routes/magasin/core/handlers/create-commande.handler.ts:20:13)

  console.log
    Données validées par le schéma Zod: {"utilisateur_id":1,"articles":[{"article_id":1,"quantite":1,"taille":"M"}],"total":45.99,"statut":"en attente"}

      at createCommande (src/routes/magasin/core/handlers/create-commande.handler.ts:25:13)

  console.log
    🔍 [Service Magasin] Vérification doublon commande: {
      cacheKey: '1-45.99-[{"id":1,"taille":"M","quantite":1}]...',
      utilisateur_id: 1,
      total: 45.99,
      nbArticles: 1
    }

      at creerCommande (src/routes/magasin/core/services/magasin.service.ts:325:11)

  console.log
    ⚠️ [Service Magasin] Commande identique détectée, attente... { delaiDepuisCommande: '1479ms' }

      at creerCommande (src/routes/magasin/core/services/magasin.service.ts:339:15)

  console.log
    ✅ [Service Magasin] Première commande terminée, retour du même résultat

      at creerCommande (src/routes/magasin/core/services/magasin.service.ts:349:17)

  console.log
    ✅ [Handler Commandes] Commande créée avec succès: {
      unique_id: 'CMD-001-1770237960114-604D3D63',
      numero_commande: 'CMD-000001',
      isDuplicate: true
    }

      at createCommande (src/routes/magasin/core/handlers/create-commande.handler.ts:36:13)

  console.log
    📝 [Handler Commandes] Création d'une nouvelle commande

      at createCommande (src/routes/magasin/core/handlers/create-commande.handler.ts:19:13)

  console.log
    Corps reçu: {
      utilisateur_id: 1,
      articles: [ { article_id: 1, quantite: 1, taille: 'M' } ],
      total: 45.99
    }

      at createCommande (src/routes/magasin/core/handlers/create-commande.handler.ts:20:13)

  console.log
    Données validées par le schéma Zod: {"utilisateur_id":1,"articles":[{"article_id":1,"quantite":1,"taille":"M"}],"total":45.99,"statut":"en attente"}

      at createCommande (src/routes/magasin/core/handlers/create-commande.handler.ts:25:13)

  console.log
    🔍 [Service Magasin] Vérification doublon commande: {
      cacheKey: '1-45.99-[{"id":1,"taille":"M","quantite":1}]...',
      utilisateur_id: 1,
      total: 45.99,
      nbArticles: 1
    }

      at creerCommande (src/routes/magasin/core/services/magasin.service.ts:325:11)

  console.log
    ⚠️ [Service Magasin] Commande identique détectée, attente... { delaiDepuisCommande: '1480ms' }

      at creerCommande (src/routes/magasin/core/services/magasin.service.ts:339:15)

  console.log
    ✅ [Service Magasin] Première commande terminée, retour du même résultat

      at creerCommande (src/routes/magasin/core/services/magasin.service.ts:349:17)

  console.log
    ✅ [Handler Commandes] Commande créée avec succès: {
      unique_id: 'CMD-001-1770237960114-604D3D63',
      numero_commande: 'CMD-000001',
      isDuplicate: true
    }

      at createCommande (src/routes/magasin/core/handlers/create-commande.handler.ts:36:13)

  console.log
    📝 [Handler Commandes] Création d'une nouvelle commande

      at createCommande (src/routes/magasin/core/handlers/create-commande.handler.ts:19:13)

  console.log
    Corps reçu: {
      utilisateur_id: 1,
      articles: [ { article_id: 1, quantite: 1, taille: 'M' } ],
      total: 45.99
    }

      at createCommande (src/routes/magasin/core/handlers/create-commande.handler.ts:20:13)

  console.log
    Données validées par le schéma Zod: {"utilisateur_id":1,"articles":[{"article_id":1,"quantite":1,"taille":"M"}],"total":45.99,"statut":"en attente"}

      at createCommande (src/routes/magasin/core/handlers/create-commande.handler.ts:25:13)

  console.log
    🔍 [Service Magasin] Vérification doublon commande: {
      cacheKey: '1-45.99-[{"id":1,"taille":"M","quantite":1}]...',
      utilisateur_id: 1,
      total: 45.99,
      nbArticles: 1
    }

      at creerCommande (src/routes/magasin/core/services/magasin.service.ts:325:11)

  console.log
    ⚠️ [Service Magasin] Commande identique détectée, attente... { delaiDepuisCommande: '1482ms' }

      at creerCommande (src/routes/magasin/core/services/magasin.service.ts:339:15)

  console.log
    ✅ [Service Magasin] Première commande terminée, retour du même résultat

      at creerCommande (src/routes/magasin/core/services/magasin.service.ts:349:17)

  console.log
    ✅ [Handler Commandes] Commande créée avec succès: {
      unique_id: 'CMD-001-1770237960114-604D3D63',
      numero_commande: 'CMD-000001',
      isDuplicate: true
    }

      at createCommande (src/routes/magasin/core/handlers/create-commande.handler.ts:36:13)

  console.log
    📝 [Handler Commandes] Création d'une nouvelle commande

      at createCommande (src/routes/magasin/core/handlers/create-commande.handler.ts:19:13)

  console.log
    Corps reçu: {
      utilisateur_id: 1,
      articles: [ { article_id: 1, quantite: 1, taille: 'M' } ],
      total: 45.99
    }

      at createCommande (src/routes/magasin/core/handlers/create-commande.handler.ts:20:13)

  console.log
    Données validées par le schéma Zod: {"utilisateur_id":1,"articles":[{"article_id":1,"quantite":1,"taille":"M"}],"total":45.99,"statut":"en attente"}

      at createCommande (src/routes/magasin/core/handlers/create-commande.handler.ts:25:13)

  console.log
    🔍 [Service Magasin] Vérification doublon commande: {
      cacheKey: '1-45.99-[{"id":1,"taille":"M","quantite":1}]...',
      utilisateur_id: 1,
      total: 45.99,
      nbArticles: 1
    }

      at creerCommande (src/routes/magasin/core/services/magasin.service.ts:325:11)

  console.log
    ⚠️ [Service Magasin] Commande identique détectée, attente... { delaiDepuisCommande: '1483ms' }

      at creerCommande (src/routes/magasin/core/services/magasin.service.ts:339:15)

  console.log
    ✅ [Service Magasin] Première commande terminée, retour du même résultat

      at creerCommande (src/routes/magasin/core/services/magasin.service.ts:349:17)

  console.log
    ✅ [Handler Commandes] Commande créée avec succès: {
      unique_id: 'CMD-001-1770237960114-604D3D63',
      numero_commande: 'CMD-000001',
      isDuplicate: true
    }

      at createCommande (src/routes/magasin/core/handlers/create-commande.handler.ts:36:13)

  console.log
    📝 [Handler Commandes] Création d'une nouvelle commande

      at createCommande (src/routes/magasin/core/handlers/create-commande.handler.ts:19:13)

  console.log
    Corps reçu: {
      utilisateur_id: 1,
      articles: [ { article_id: 1, quantite: 1, taille: 'M' } ],
      total: 45.99
    }

      at createCommande (src/routes/magasin/core/handlers/create-commande.handler.ts:20:13)

  console.log
    Données validées par le schéma Zod: {"utilisateur_id":1,"articles":[{"article_id":1,"quantite":1,"taille":"M"}],"total":45.99,"statut":"en attente"}

      at createCommande (src/routes/magasin/core/handlers/create-commande.handler.ts:25:13)

  console.log
    🔍 [Service Magasin] Vérification doublon commande: {
      cacheKey: '1-45.99-[{"id":1,"taille":"M","quantite":1}]...',
      utilisateur_id: 1,
      total: 45.99,
      nbArticles: 1
    }

      at creerCommande (src/routes/magasin/core/services/magasin.service.ts:325:11)

  console.log
    ⚠️ [Service Magasin] Commande identique détectée, attente... { delaiDepuisCommande: '1487ms' }

      at creerCommande (src/routes/magasin/core/services/magasin.service.ts:339:15)

  console.log
    ✅ [Service Magasin] Première commande terminée, retour du même résultat

      at creerCommande (src/routes/magasin/core/services/magasin.service.ts:349:17)

  console.log
    ✅ [Handler Commandes] Commande créée avec succès: {
      unique_id: 'CMD-001-1770237960114-604D3D63',
      numero_commande: 'CMD-000001',
      isDuplicate: true
    }

      at createCommande (src/routes/magasin/core/handlers/create-commande.handler.ts:36:13)

  console.log
    📝 [Handler Commandes] Création d'une nouvelle commande

      at createCommande (src/routes/magasin/core/handlers/create-commande.handler.ts:19:13)

  console.log
    Corps reçu: {
      utilisateur_id: 1,
      articles: [ { article_id: 1, quantite: 1, taille: 'M' } ],
      total: 45.99
    }

      at createCommande (src/routes/magasin/core/handlers/create-commande.handler.ts:20:13)

  console.log
    Données validées par le schéma Zod: {"utilisateur_id":1,"articles":[{"article_id":1,"quantite":1,"taille":"M"}],"total":45.99,"statut":"en attente"}

      at createCommande (src/routes/magasin/core/handlers/create-commande.handler.ts:25:13)

  console.log
    🔍 [Service Magasin] Vérification doublon commande: {
      cacheKey: '1-45.99-[{"id":1,"taille":"M","quantite":1}]...',
      utilisateur_id: 1,
      total: 45.99,
      nbArticles: 1
    }

      at creerCommande (src/routes/magasin/core/services/magasin.service.ts:325:11)

  console.log
    ⚠️ [Service Magasin] Commande identique détectée, attente... { delaiDepuisCommande: '1489ms' }

      at creerCommande (src/routes/magasin/core/services/magasin.service.ts:339:15)

  console.log
    ✅ [Service Magasin] Première commande terminée, retour du même résultat

      at creerCommande (src/routes/magasin/core/services/magasin.service.ts:349:17)

  console.log
    ✅ [Handler Commandes] Commande créée avec succès: {
      unique_id: 'CMD-001-1770237960114-604D3D63',
      numero_commande: 'CMD-000001',
      isDuplicate: true
    }

      at createCommande (src/routes/magasin/core/handlers/create-commande.handler.ts:36:13)

  console.log
    📝 [Handler Commandes] Création d'une nouvelle commande

      at createCommande (src/routes/magasin/core/handlers/create-commande.handler.ts:19:13)

  console.log
    Corps reçu: {
      utilisateur_id: 1,
      articles: [ { article_id: 1, quantite: 1, taille: 'M' } ],
      total: 45.99
    }

      at createCommande (src/routes/magasin/core/handlers/create-commande.handler.ts:20:13)

  console.log
    Données validées par le schéma Zod: {"utilisateur_id":1,"articles":[{"article_id":1,"quantite":1,"taille":"M"}],"total":45.99,"statut":"en attente"}

      at createCommande (src/routes/magasin/core/handlers/create-commande.handler.ts:25:13)

  console.log
    🔍 [Service Magasin] Vérification doublon commande: {
      cacheKey: '1-45.99-[{"id":1,"taille":"M","quantite":1}]...',
      utilisateur_id: 1,
      total: 45.99,
      nbArticles: 1
    }

      at creerCommande (src/routes/magasin/core/services/magasin.service.ts:325:11)

  console.log
    ⚠️ [Service Magasin] Commande identique détectée, attente... { delaiDepuisCommande: '1491ms' }

      at creerCommande (src/routes/magasin/core/services/magasin.service.ts:339:15)

  console.log
    ✅ [Service Magasin] Première commande terminée, retour du même résultat

      at creerCommande (src/routes/magasin/core/services/magasin.service.ts:349:17)

  console.log
    ✅ [Handler Commandes] Commande créée avec succès: {
      unique_id: 'CMD-001-1770237960114-604D3D63',
      numero_commande: 'CMD-000001',
      isDuplicate: true
    }

      at createCommande (src/routes/magasin/core/handlers/create-commande.handler.ts:36:13)

  console.log
    📝 [Handler Commandes] Création d'une nouvelle commande

      at createCommande (src/routes/magasin/core/handlers/create-commande.handler.ts:19:13)

  console.log
    Corps reçu: {
      utilisateur_id: 1,
      articles: [ { article_id: 1, quantite: 1, taille: 'M' } ],
      total: 45.99
    }

      at createCommande (src/routes/magasin/core/handlers/create-commande.handler.ts:20:13)

  console.log
    Données validées par le schéma Zod: {"utilisateur_id":1,"articles":[{"article_id":1,"quantite":1,"taille":"M"}],"total":45.99,"statut":"en attente"}

      at createCommande (src/routes/magasin/core/handlers/create-commande.handler.ts:25:13)

  console.log
    🔍 [Service Magasin] Vérification doublon commande: {
      cacheKey: '1-45.99-[{"id":1,"taille":"M","quantite":1}]...',
      utilisateur_id: 1,
      total: 45.99,
      nbArticles: 1
    }

      at creerCommande (src/routes/magasin/core/services/magasin.service.ts:325:11)

  console.log
    ⚠️ [Service Magasin] Commande identique détectée, attente... { delaiDepuisCommande: '1493ms' }

      at creerCommande (src/routes/magasin/core/services/magasin.service.ts:339:15)

  console.log
    ✅ [Service Magasin] Première commande terminée, retour du même résultat

      at creerCommande (src/routes/magasin/core/services/magasin.service.ts:349:17)

  console.log
    ✅ [Handler Commandes] Commande créée avec succès: {
      unique_id: 'CMD-001-1770237960114-604D3D63',
      numero_commande: 'CMD-000001',
      isDuplicate: true
    }

      at createCommande (src/routes/magasin/core/handlers/create-commande.handler.ts:36:13)

  console.log
    📝 [Handler Commandes] Création d'une nouvelle commande

      at createCommande (src/routes/magasin/core/handlers/create-commande.handler.ts:19:13)

  console.log
    Corps reçu: {
      utilisateur_id: 1,
      articles: [ { article_id: 1, quantite: 1, taille: 'M' } ],
      total: 45.99
    }

      at createCommande (src/routes/magasin/core/handlers/create-commande.handler.ts:20:13)

  console.log
    Données validées par le schéma Zod: {"utilisateur_id":1,"articles":[{"article_id":1,"quantite":1,"taille":"M"}],"total":45.99,"statut":"en attente"}

      at createCommande (src/routes/magasin/core/handlers/create-commande.handler.ts:25:13)

  console.log
    🔍 [Service Magasin] Vérification doublon commande: {
      cacheKey: '1-45.99-[{"id":1,"taille":"M","quantite":1}]...',
      utilisateur_id: 1,
      total: 45.99,
      nbArticles: 1
    }

      at creerCommande (src/routes/magasin/core/services/magasin.service.ts:325:11)

  console.log
    ⚠️ [Service Magasin] Commande identique détectée, attente... { delaiDepuisCommande: '1495ms' }

      at creerCommande (src/routes/magasin/core/services/magasin.service.ts:339:15)

  console.log
    ✅ [Service Magasin] Première commande terminée, retour du même résultat

      at creerCommande (src/routes/magasin/core/services/magasin.service.ts:349:17)

  console.log
    ✅ [Handler Commandes] Commande créée avec succès: {
      unique_id: 'CMD-001-1770237960114-604D3D63',
      numero_commande: 'CMD-000001',
      isDuplicate: true
    }

      at createCommande (src/routes/magasin/core/handlers/create-commande.handler.ts:36:13)

  console.log
    📝 [Handler Commandes] Création d'une nouvelle commande

      at createCommande (src/routes/magasin/core/handlers/create-commande.handler.ts:19:13)

  console.log
    Corps reçu: {
      utilisateur_id: 1,
      articles: [ { article_id: 1, quantite: 1, taille: 'M' } ],
      total: 45.99
    }

      at createCommande (src/routes/magasin/core/handlers/create-commande.handler.ts:20:13)

  console.log
    Données validées par le schéma Zod: {"utilisateur_id":1,"articles":[{"article_id":1,"quantite":1,"taille":"M"}],"total":45.99,"statut":"en attente"}

      at createCommande (src/routes/magasin/core/handlers/create-commande.handler.ts:25:13)

  console.log
    🔍 [Service Magasin] Vérification doublon commande: {
      cacheKey: '1-45.99-[{"id":1,"taille":"M","quantite":1}]...',
      utilisateur_id: 1,
      total: 45.99,
      nbArticles: 1
    }

      at creerCommande (src/routes/magasin/core/services/magasin.service.ts:325:11)

  console.log
    ⚠️ [Service Magasin] Commande identique détectée, attente... { delaiDepuisCommande: '1497ms' }

      at creerCommande (src/routes/magasin/core/services/magasin.service.ts:339:15)

  console.log
    ✅ [Service Magasin] Première commande terminée, retour du même résultat

      at creerCommande (src/routes/magasin/core/services/magasin.service.ts:349:17)

  console.log
    ✅ [Handler Commandes] Commande créée avec succès: {
      unique_id: 'CMD-001-1770237960114-604D3D63',
      numero_commande: 'CMD-000001',
      isDuplicate: true
    }

      at createCommande (src/routes/magasin/core/handlers/create-commande.handler.ts:36:13)

  console.log
    📝 [Handler Commandes] Création d'une nouvelle commande

      at createCommande (src/routes/magasin/core/handlers/create-commande.handler.ts:19:13)

  console.log
    Corps reçu: {
      utilisateur_id: 1,
      articles: [ { article_id: 1, quantite: 1, taille: 'M' } ],
      total: 45.99
    }

      at createCommande (src/routes/magasin/core/handlers/create-commande.handler.ts:20:13)

  console.log
    Données validées par le schéma Zod: {"utilisateur_id":1,"articles":[{"article_id":1,"quantite":1,"taille":"M"}],"total":45.99,"statut":"en attente"}

      at createCommande (src/routes/magasin/core/handlers/create-commande.handler.ts:25:13)

  console.log
    🔍 [Service Magasin] Vérification doublon commande: {
      cacheKey: '1-45.99-[{"id":1,"taille":"M","quantite":1}]...',
      utilisateur_id: 1,
      total: 45.99,
      nbArticles: 1
    }

      at creerCommande (src/routes/magasin/core/services/magasin.service.ts:325:11)

  console.log
    ⚠️ [Service Magasin] Commande identique détectée, attente... { delaiDepuisCommande: '1499ms' }

      at creerCommande (src/routes/magasin/core/services/magasin.service.ts:339:15)

  console.log
    ✅ [Service Magasin] Première commande terminée, retour du même résultat

      at creerCommande (src/routes/magasin/core/services/magasin.service.ts:349:17)

  console.log
    ✅ [Handler Commandes] Commande créée avec succès: {
      unique_id: 'CMD-001-1770237960114-604D3D63',
      numero_commande: 'CMD-000001',
      isDuplicate: true
    }

      at createCommande (src/routes/magasin/core/handlers/create-commande.handler.ts:36:13)

  console.log
    📝 [Handler Commandes] Création d'une nouvelle commande

      at createCommande (src/routes/magasin/core/handlers/create-commande.handler.ts:19:13)

  console.log
    Corps reçu: {
      utilisateur_id: 1,
      articles: [ { article_id: 1, quantite: 1, taille: 'M' } ],
      total: 45.99
    }

      at createCommande (src/routes/magasin/core/handlers/create-commande.handler.ts:20:13)

  console.log
    Données validées par le schéma Zod: {"utilisateur_id":1,"articles":[{"article_id":1,"quantite":1,"taille":"M"}],"total":45.99,"statut":"en attente"}

      at createCommande (src/routes/magasin/core/handlers/create-commande.handler.ts:25:13)

  console.log
    🔍 [Service Magasin] Vérification doublon commande: {
      cacheKey: '1-45.99-[{"id":1,"taille":"M","quantite":1}]...',
      utilisateur_id: 1,
      total: 45.99,
      nbArticles: 1
    }

      at creerCommande (src/routes/magasin/core/services/magasin.service.ts:325:11)

  console.log
    ⚠️ [Service Magasin] Commande identique détectée, attente... { delaiDepuisCommande: '1501ms' }

      at creerCommande (src/routes/magasin/core/services/magasin.service.ts:339:15)

  console.log
    ✅ [Service Magasin] Première commande terminée, retour du même résultat

      at creerCommande (src/routes/magasin/core/services/magasin.service.ts:349:17)

  console.log
    ✅ [Handler Commandes] Commande créée avec succès: {
      unique_id: 'CMD-001-1770237960114-604D3D63',
      numero_commande: 'CMD-000001',
      isDuplicate: true
    }

      at createCommande (src/routes/magasin/core/handlers/create-commande.handler.ts:36:13)

  console.log
    📝 [Handler Commandes] Création d'une nouvelle commande

      at createCommande (src/routes/magasin/core/handlers/create-commande.handler.ts:19:13)

  console.log
    Corps reçu: {
      utilisateur_id: 1,
      articles: [ { article_id: 1, quantite: 1, taille: 'M' } ],
      total: 45.99
    }

      at createCommande (src/routes/magasin/core/handlers/create-commande.handler.ts:20:13)

  console.log
    Données validées par le schéma Zod: {"utilisateur_id":1,"articles":[{"article_id":1,"quantite":1,"taille":"M"}],"total":45.99,"statut":"en attente"}

      at createCommande (src/routes/magasin/core/handlers/create-commande.handler.ts:25:13)

  console.log
    🔍 [Service Magasin] Vérification doublon commande: {
      cacheKey: '1-45.99-[{"id":1,"taille":"M","quantite":1}]...',
      utilisateur_id: 1,
      total: 45.99,
      nbArticles: 1
    }

      at creerCommande (src/routes/magasin/core/services/magasin.service.ts:325:11)

  console.log
    ⚠️ [Service Magasin] Commande identique détectée, attente... { delaiDepuisCommande: '1503ms' }

      at creerCommande (src/routes/magasin/core/services/magasin.service.ts:339:15)

  console.log
    ✅ [Service Magasin] Première commande terminée, retour du même résultat

      at creerCommande (src/routes/magasin/core/services/magasin.service.ts:349:17)

  console.log
    ✅ [Handler Commandes] Commande créée avec succès: {
      unique_id: 'CMD-001-1770237960114-604D3D63',
      numero_commande: 'CMD-000001',
      isDuplicate: true
    }

      at createCommande (src/routes/magasin/core/handlers/create-commande.handler.ts:36:13)

  console.log
    📝 [Handler Commandes] Création d'une nouvelle commande

      at createCommande (src/routes/magasin/core/handlers/create-commande.handler.ts:19:13)

  console.log
    Corps reçu: {
      utilisateur_id: 1,
      articles: [ { article_id: 1, quantite: 1, taille: 'M' } ],
      total: 45.99
    }

      at createCommande (src/routes/magasin/core/handlers/create-commande.handler.ts:20:13)

  console.log
    Données validées par le schéma Zod: {"utilisateur_id":1,"articles":[{"article_id":1,"quantite":1,"taille":"M"}],"total":45.99,"statut":"en attente"}

      at createCommande (src/routes/magasin/core/handlers/create-commande.handler.ts:25:13)

  console.log
    🔍 [Service Magasin] Vérification doublon commande: {
      cacheKey: '1-45.99-[{"id":1,"taille":"M","quantite":1}]...',
      utilisateur_id: 1,
      total: 45.99,
      nbArticles: 1
    }

      at creerCommande (src/routes/magasin/core/services/magasin.service.ts:325:11)

  console.log
    ⚠️ [Service Magasin] Commande identique détectée, attente... { delaiDepuisCommande: '1504ms' }

      at creerCommande (src/routes/magasin/core/services/magasin.service.ts:339:15)

  console.log
    ✅ [Service Magasin] Première commande terminée, retour du même résultat

      at creerCommande (src/routes/magasin/core/services/magasin.service.ts:349:17)

  console.log
    ✅ [Handler Commandes] Commande créée avec succès: {
      unique_id: 'CMD-001-1770237960114-604D3D63',
      numero_commande: 'CMD-000001',
      isDuplicate: true
    }

      at createCommande (src/routes/magasin/core/handlers/create-commande.handler.ts:36:13)

  console.log
    📝 [Handler Commandes] Création d'une nouvelle commande

      at createCommande (src/routes/magasin/core/handlers/create-commande.handler.ts:19:13)

  console.log
    Corps reçu: {
      utilisateur_id: 1,
      articles: [ { article_id: 1, quantite: 1, taille: 'M' } ],
      total: 45.99
    }

      at createCommande (src/routes/magasin/core/handlers/create-commande.handler.ts:20:13)

  console.log
    Données validées par le schéma Zod: {"utilisateur_id":1,"articles":[{"article_id":1,"quantite":1,"taille":"M"}],"total":45.99,"statut":"en attente"}

      at createCommande (src/routes/magasin/core/handlers/create-commande.handler.ts:25:13)

  console.log
    🔍 [Service Magasin] Vérification doublon commande: {
      cacheKey: '1-45.99-[{"id":1,"taille":"M","quantite":1}]...',
      utilisateur_id: 1,
      total: 45.99,
      nbArticles: 1
    }

      at creerCommande (src/routes/magasin/core/services/magasin.service.ts:325:11)

  console.log
    ⚠️ [Service Magasin] Commande identique détectée, attente... { delaiDepuisCommande: '1505ms' }

      at creerCommande (src/routes/magasin/core/services/magasin.service.ts:339:15)

  console.log
    ✅ [Service Magasin] Première commande terminée, retour du même résultat

      at creerCommande (src/routes/magasin/core/services/magasin.service.ts:349:17)

  console.log
    ✅ [Handler Commandes] Commande créée avec succès: {
      unique_id: 'CMD-001-1770237960114-604D3D63',
      numero_commande: 'CMD-000001',
      isDuplicate: true
    }

      at createCommande (src/routes/magasin/core/handlers/create-commande.handler.ts:36:13)

  console.log
    📝 [Handler Commandes] Création d'une nouvelle commande

      at createCommande (src/routes/magasin/core/handlers/create-commande.handler.ts:19:13)

  console.log
    Corps reçu: {
      utilisateur_id: 1,
      articles: [ { article_id: 1, quantite: 1, taille: 'M' } ],
      total: 45.99
    }

      at createCommande (src/routes/magasin/core/handlers/create-commande.handler.ts:20:13)

  console.log
    Données validées par le schéma Zod: {"utilisateur_id":1,"articles":[{"article_id":1,"quantite":1,"taille":"M"}],"total":45.99,"statut":"en attente"}

      at createCommande (src/routes/magasin/core/handlers/create-commande.handler.ts:25:13)

  console.log
    🔍 [Service Magasin] Vérification doublon commande: {
      cacheKey: '1-45.99-[{"id":1,"taille":"M","quantite":1}]...',
      utilisateur_id: 1,
      total: 45.99,
      nbArticles: 1
    }

      at creerCommande (src/routes/magasin/core/services/magasin.service.ts:325:11)

  console.log
    ⚠️ [Service Magasin] Commande identique détectée, attente... { delaiDepuisCommande: '1507ms' }

      at creerCommande (src/routes/magasin/core/services/magasin.service.ts:339:15)

  console.log
    ✅ [Service Magasin] Première commande terminée, retour du même résultat

      at creerCommande (src/routes/magasin/core/services/magasin.service.ts:349:17)

  console.log
    ✅ [Handler Commandes] Commande créée avec succès: {
      unique_id: 'CMD-001-1770237960114-604D3D63',
      numero_commande: 'CMD-000001',
      isDuplicate: true
    }

      at createCommande (src/routes/magasin/core/handlers/create-commande.handler.ts:36:13)

  console.log
    📝 [Handler Commandes] Création d'une nouvelle commande

      at createCommande (src/routes/magasin/core/handlers/create-commande.handler.ts:19:13)

  console.log
    Corps reçu: {
      utilisateur_id: 1,
      articles: [ { article_id: 1, quantite: 1, taille: 'M' } ],
      total: 45.99
    }

      at createCommande (src/routes/magasin/core/handlers/create-commande.handler.ts:20:13)

  console.log
    Données validées par le schéma Zod: {"utilisateur_id":1,"articles":[{"article_id":1,"quantite":1,"taille":"M"}],"total":45.99,"statut":"en attente"}

      at createCommande (src/routes/magasin/core/handlers/create-commande.handler.ts:25:13)

  console.log
    🔍 [Service Magasin] Vérification doublon commande: {
      cacheKey: '1-45.99-[{"id":1,"taille":"M","quantite":1}]...',
      utilisateur_id: 1,
      total: 45.99,
      nbArticles: 1
    }

      at creerCommande (src/routes/magasin/core/services/magasin.service.ts:325:11)

  console.log
    ⚠️ [Service Magasin] Commande identique détectée, attente... { delaiDepuisCommande: '1508ms' }

      at creerCommande (src/routes/magasin/core/services/magasin.service.ts:339:15)

  console.log
    ✅ [Service Magasin] Première commande terminée, retour du même résultat

      at creerCommande (src/routes/magasin/core/services/magasin.service.ts:349:17)

  console.log
    ✅ [Handler Commandes] Commande créée avec succès: {
      unique_id: 'CMD-001-1770237960114-604D3D63',
      numero_commande: 'CMD-000001',
      isDuplicate: true
    }

      at createCommande (src/routes/magasin/core/handlers/create-commande.handler.ts:36:13)

  console.log
    📝 [Handler Commandes] Création d'une nouvelle commande

      at createCommande (src/routes/magasin/core/handlers/create-commande.handler.ts:19:13)

  console.log
    Corps reçu: {
      utilisateur_id: 1,
      articles: [ { article_id: 1, quantite: 1, taille: 'M' } ],
      total: 45.99
    }

      at createCommande (src/routes/magasin/core/handlers/create-commande.handler.ts:20:13)

  console.log
    Données validées par le schéma Zod: {"utilisateur_id":1,"articles":[{"article_id":1,"quantite":1,"taille":"M"}],"total":45.99,"statut":"en attente"}

      at createCommande (src/routes/magasin/core/handlers/create-commande.handler.ts:25:13)

  console.log
    🔍 [Service Magasin] Vérification doublon commande: {
      cacheKey: '1-45.99-[{"id":1,"taille":"M","quantite":1}]...',
      utilisateur_id: 1,
      total: 45.99,
      nbArticles: 1
    }

      at creerCommande (src/routes/magasin/core/services/magasin.service.ts:325:11)

  console.log
    ⚠️ [Service Magasin] Commande identique détectée, attente... { delaiDepuisCommande: '1509ms' }

      at creerCommande (src/routes/magasin/core/services/magasin.service.ts:339:15)

  console.log
    ✅ [Service Magasin] Première commande terminée, retour du même résultat

      at creerCommande (src/routes/magasin/core/services/magasin.service.ts:349:17)

  console.log
    ✅ [Handler Commandes] Commande créée avec succès: {
      unique_id: 'CMD-001-1770237960114-604D3D63',
      numero_commande: 'CMD-000001',
      isDuplicate: true
    }

      at createCommande (src/routes/magasin/core/handlers/create-commande.handler.ts:36:13)

  console.log
    📝 [Handler Commandes] Création d'une nouvelle commande

      at createCommande (src/routes/magasin/core/handlers/create-commande.handler.ts:19:13)

  console.log
    Corps reçu: {
      utilisateur_id: 1,
      articles: [ { article_id: 1, quantite: 1, taille: 'M' } ],
      total: 45.99
    }

      at createCommande (src/routes/magasin/core/handlers/create-commande.handler.ts:20:13)

  console.log
    Données validées par le schéma Zod: {"utilisateur_id":1,"articles":[{"article_id":1,"quantite":1,"taille":"M"}],"total":45.99,"statut":"en attente"}

      at createCommande (src/routes/magasin/core/handlers/create-commande.handler.ts:25:13)

  console.log
    🔍 [Service Magasin] Vérification doublon commande: {
      cacheKey: '1-45.99-[{"id":1,"taille":"M","quantite":1}]...',
      utilisateur_id: 1,
      total: 45.99,
      nbArticles: 1
    }

      at creerCommande (src/routes/magasin/core/services/magasin.service.ts:325:11)

  console.log
    ⚠️ [Service Magasin] Commande identique détectée, attente... { delaiDepuisCommande: '1511ms' }

      at creerCommande (src/routes/magasin/core/services/magasin.service.ts:339:15)

  console.log
    ✅ [Service Magasin] Première commande terminée, retour du même résultat

      at creerCommande (src/routes/magasin/core/services/magasin.service.ts:349:17)

  console.log
    ✅ [Handler Commandes] Commande créée avec succès: {
      unique_id: 'CMD-001-1770237960114-604D3D63',
      numero_commande: 'CMD-000001',
      isDuplicate: true
    }

      at createCommande (src/routes/magasin/core/handlers/create-commande.handler.ts:36:13)

  console.log
    📝 [Handler Commandes] Création d'une nouvelle commande

      at createCommande (src/routes/magasin/core/handlers/create-commande.handler.ts:19:13)

  console.log
    Corps reçu: {
      utilisateur_id: 1,
      articles: [ { article_id: 1, quantite: 1, taille: 'M' } ],
      total: 45.99
    }

      at createCommande (src/routes/magasin/core/handlers/create-commande.handler.ts:20:13)

  console.log
    Données validées par le schéma Zod: {"utilisateur_id":1,"articles":[{"article_id":1,"quantite":1,"taille":"M"}],"total":45.99,"statut":"en attente"}

      at createCommande (src/routes/magasin/core/handlers/create-commande.handler.ts:25:13)

  console.log
    🔍 [Service Magasin] Vérification doublon commande: {
      cacheKey: '1-45.99-[{"id":1,"taille":"M","quantite":1}]...',
      utilisateur_id: 1,
      total: 45.99,
      nbArticles: 1
    }

      at creerCommande (src/routes/magasin/core/services/magasin.service.ts:325:11)

  console.log
    ⚠️ [Service Magasin] Commande identique détectée, attente... { delaiDepuisCommande: '1512ms' }

      at creerCommande (src/routes/magasin/core/services/magasin.service.ts:339:15)

  console.log
    ✅ [Service Magasin] Première commande terminée, retour du même résultat

      at creerCommande (src/routes/magasin/core/services/magasin.service.ts:349:17)

  console.log
    ✅ [Handler Commandes] Commande créée avec succès: {
      unique_id: 'CMD-001-1770237960114-604D3D63',
      numero_commande: 'CMD-000001',
      isDuplicate: true
    }

      at createCommande (src/routes/magasin/core/handlers/create-commande.handler.ts:36:13)

  console.log
    📝 [Handler Commandes] Création d'une nouvelle commande

      at createCommande (src/routes/magasin/core/handlers/create-commande.handler.ts:19:13)

  console.log
    Corps reçu: {
      utilisateur_id: 1,
      articles: [ { article_id: 1, quantite: 1, taille: 'M' } ],
      total: 45.99
    }

      at createCommande (src/routes/magasin/core/handlers/create-commande.handler.ts:20:13)

  console.log
    Données validées par le schéma Zod: {"utilisateur_id":1,"articles":[{"article_id":1,"quantite":1,"taille":"M"}],"total":45.99,"statut":"en attente"}

      at createCommande (src/routes/magasin/core/handlers/create-commande.handler.ts:25:13)

  console.log
    🔍 [Service Magasin] Vérification doublon commande: {
      cacheKey: '1-45.99-[{"id":1,"taille":"M","quantite":1}]...',
      utilisateur_id: 1,
      total: 45.99,
      nbArticles: 1
    }

      at creerCommande (src/routes/magasin/core/services/magasin.service.ts:325:11)

  console.log
    ⚠️ [Service Magasin] Commande identique détectée, attente... { delaiDepuisCommande: '1513ms' }

      at creerCommande (src/routes/magasin/core/services/magasin.service.ts:339:15)

  console.log
    ✅ [Service Magasin] Première commande terminée, retour du même résultat

      at creerCommande (src/routes/magasin/core/services/magasin.service.ts:349:17)

  console.log
    ✅ [Handler Commandes] Commande créée avec succès: {
      unique_id: 'CMD-001-1770237960114-604D3D63',
      numero_commande: 'CMD-000001',
      isDuplicate: true
    }

      at createCommande (src/routes/magasin/core/handlers/create-commande.handler.ts:36:13)

  console.log
    📝 [Handler Commandes] Création d'une nouvelle commande

      at createCommande (src/routes/magasin/core/handlers/create-commande.handler.ts:19:13)

  console.log
    Corps reçu: {
      utilisateur_id: 1,
      articles: [ { article_id: 1, quantite: 1, taille: 'M' } ],
      total: 45.99
    }

      at createCommande (src/routes/magasin/core/handlers/create-commande.handler.ts:20:13)

  console.log
    Données validées par le schéma Zod: {"utilisateur_id":1,"articles":[{"article_id":1,"quantite":1,"taille":"M"}],"total":45.99,"statut":"en attente"}

      at createCommande (src/routes/magasin/core/handlers/create-commande.handler.ts:25:13)

  console.log
    🔍 [Service Magasin] Vérification doublon commande: {
      cacheKey: '1-45.99-[{"id":1,"taille":"M","quantite":1}]...',
      utilisateur_id: 1,
      total: 45.99,
      nbArticles: 1
    }

      at creerCommande (src/routes/magasin/core/services/magasin.service.ts:325:11)

  console.log
    ⚠️ [Service Magasin] Commande identique détectée, attente... { delaiDepuisCommande: '1515ms' }

      at creerCommande (src/routes/magasin/core/services/magasin.service.ts:339:15)

  console.log
    ✅ [Service Magasin] Première commande terminée, retour du même résultat

      at creerCommande (src/routes/magasin/core/services/magasin.service.ts:349:17)

  console.log
    ✅ [Handler Commandes] Commande créée avec succès: {
      unique_id: 'CMD-001-1770237960114-604D3D63',
      numero_commande: 'CMD-000001',
      isDuplicate: true
    }

      at createCommande (src/routes/magasin/core/handlers/create-commande.handler.ts:36:13)

  console.log
    📝 [Handler Commandes] Création d'une nouvelle commande

      at createCommande (src/routes/magasin/core/handlers/create-commande.handler.ts:19:13)

  console.log
    Corps reçu: {
      utilisateur_id: 1,
      articles: [ { article_id: 1, quantite: 1, taille: 'M' } ],
      total: 45.99
    }

      at createCommande (src/routes/magasin/core/handlers/create-commande.handler.ts:20:13)

  console.log
    Données validées par le schéma Zod: {"utilisateur_id":1,"articles":[{"article_id":1,"quantite":1,"taille":"M"}],"total":45.99,"statut":"en attente"}

      at createCommande (src/routes/magasin/core/handlers/create-commande.handler.ts:25:13)

  console.log
    🔍 [Service Magasin] Vérification doublon commande: {
      cacheKey: '1-45.99-[{"id":1,"taille":"M","quantite":1}]...',
      utilisateur_id: 1,
      total: 45.99,
      nbArticles: 1
    }

      at creerCommande (src/routes/magasin/core/services/magasin.service.ts:325:11)

  console.log
    ⚠️ [Service Magasin] Commande identique détectée, attente... { delaiDepuisCommande: '1516ms' }

      at creerCommande (src/routes/magasin/core/services/magasin.service.ts:339:15)

  console.log
    ✅ [Service Magasin] Première commande terminée, retour du même résultat

      at creerCommande (src/routes/magasin/core/services/magasin.service.ts:349:17)

  console.log
    ✅ [Handler Commandes] Commande créée avec succès: {
      unique_id: 'CMD-001-1770237960114-604D3D63',
      numero_commande: 'CMD-000001',
      isDuplicate: true
    }

      at createCommande (src/routes/magasin/core/handlers/create-commande.handler.ts:36:13)

  console.log
    📝 [Handler Commandes] Création d'une nouvelle commande

      at createCommande (src/routes/magasin/core/handlers/create-commande.handler.ts:19:13)

  console.log
    Corps reçu: {
      utilisateur_id: 1,
      articles: [ { article_id: 1, quantite: 1, taille: 'M' } ],
      total: 45.99
    }

      at createCommande (src/routes/magasin/core/handlers/create-commande.handler.ts:20:13)

  console.log
    Données validées par le schéma Zod: {"utilisateur_id":1,"articles":[{"article_id":1,"quantite":1,"taille":"M"}],"total":45.99,"statut":"en attente"}

      at createCommande (src/routes/magasin/core/handlers/create-commande.handler.ts:25:13)

  console.log
    🔍 [Service Magasin] Vérification doublon commande: {
      cacheKey: '1-45.99-[{"id":1,"taille":"M","quantite":1}]...',
      utilisateur_id: 1,
      total: 45.99,
      nbArticles: 1
    }

      at creerCommande (src/routes/magasin/core/services/magasin.service.ts:325:11)

  console.log
    ⚠️ [Service Magasin] Commande identique détectée, attente... { delaiDepuisCommande: '1518ms' }

      at creerCommande (src/routes/magasin/core/services/magasin.service.ts:339:15)

  console.log
    ✅ [Service Magasin] Première commande terminée, retour du même résultat

      at creerCommande (src/routes/magasin/core/services/magasin.service.ts:349:17)

  console.log
    ✅ [Handler Commandes] Commande créée avec succès: {
      unique_id: 'CMD-001-1770237960114-604D3D63',
      numero_commande: 'CMD-000001',
      isDuplicate: true
    }

      at createCommande (src/routes/magasin/core/handlers/create-commande.handler.ts:36:13)

  console.log
    📝 [Handler Commandes] Création d'une nouvelle commande

      at createCommande (src/routes/magasin/core/handlers/create-commande.handler.ts:19:13)

  console.log
    Corps reçu: {
      utilisateur_id: 1,
      articles: [ { article_id: 1, quantite: 1, taille: 'M' } ],
      total: 45.99
    }

      at createCommande (src/routes/magasin/core/handlers/create-commande.handler.ts:20:13)

  console.log
    Données validées par le schéma Zod: {"utilisateur_id":1,"articles":[{"article_id":1,"quantite":1,"taille":"M"}],"total":45.99,"statut":"en attente"}

      at createCommande (src/routes/magasin/core/handlers/create-commande.handler.ts:25:13)

  console.log
    🔍 [Service Magasin] Vérification doublon commande: {
      cacheKey: '1-45.99-[{"id":1,"taille":"M","quantite":1}]...',
      utilisateur_id: 1,
      total: 45.99,
      nbArticles: 1
    }

      at creerCommande (src/routes/magasin/core/services/magasin.service.ts:325:11)

  console.log
    ⚠️ [Service Magasin] Commande identique détectée, attente... { delaiDepuisCommande: '1521ms' }

      at creerCommande (src/routes/magasin/core/services/magasin.service.ts:339:15)

  console.log
    ✅ [Service Magasin] Première commande terminée, retour du même résultat

      at creerCommande (src/routes/magasin/core/services/magasin.service.ts:349:17)

  console.log
    ✅ [Handler Commandes] Commande créée avec succès: {
      unique_id: 'CMD-001-1770237960114-604D3D63',
      numero_commande: 'CMD-000001',
      isDuplicate: true
    }

      at createCommande (src/routes/magasin/core/handlers/create-commande.handler.ts:36:13)

  console.log
    📝 [Handler Commandes] Création d'une nouvelle commande

      at createCommande (src/routes/magasin/core/handlers/create-commande.handler.ts:19:13)

  console.log
    Corps reçu: {
      utilisateur_id: 1,
      articles: [ { article_id: 1, quantite: 1, taille: 'M' } ],
      total: 45.99
    }

      at createCommande (src/routes/magasin/core/handlers/create-commande.handler.ts:20:13)

  console.log
    Données validées par le schéma Zod: {"utilisateur_id":1,"articles":[{"article_id":1,"quantite":1,"taille":"M"}],"total":45.99,"statut":"en attente"}

      at createCommande (src/routes/magasin/core/handlers/create-commande.handler.ts:25:13)

  console.log
    🔍 [Service Magasin] Vérification doublon commande: {
      cacheKey: '1-45.99-[{"id":1,"taille":"M","quantite":1}]...',
      utilisateur_id: 1,
      total: 45.99,
      nbArticles: 1
    }

      at creerCommande (src/routes/magasin/core/services/magasin.service.ts:325:11)

  console.log
    ⚠️ [Service Magasin] Commande identique détectée, attente... { delaiDepuisCommande: '1523ms' }

      at creerCommande (src/routes/magasin/core/services/magasin.service.ts:339:15)

  console.log
    ✅ [Service Magasin] Première commande terminée, retour du même résultat

      at creerCommande (src/routes/magasin/core/services/magasin.service.ts:349:17)

  console.log
    ✅ [Handler Commandes] Commande créée avec succès: {
      unique_id: 'CMD-001-1770237960114-604D3D63',
      numero_commande: 'CMD-000001',
      isDuplicate: true
    }

      at createCommande (src/routes/magasin/core/handlers/create-commande.handler.ts:36:13)

  console.log
    📝 [Handler Commandes] Création d'une nouvelle commande

      at createCommande (src/routes/magasin/core/handlers/create-commande.handler.ts:19:13)

  console.log
    Corps reçu: {
      utilisateur_id: 1,
      articles: [ { article_id: 1, quantite: 1, taille: 'M' } ],
      total: 45.99
    }

      at createCommande (src/routes/magasin/core/handlers/create-commande.handler.ts:20:13)

  console.log
    Données validées par le schéma Zod: {"utilisateur_id":1,"articles":[{"article_id":1,"quantite":1,"taille":"M"}],"total":45.99,"statut":"en attente"}

      at createCommande (src/routes/magasin/core/handlers/create-commande.handler.ts:25:13)

  console.log
    🔍 [Service Magasin] Vérification doublon commande: {
      cacheKey: '1-45.99-[{"id":1,"taille":"M","quantite":1}]...',
      utilisateur_id: 1,
      total: 45.99,
      nbArticles: 1
    }

      at creerCommande (src/routes/magasin/core/services/magasin.service.ts:325:11)

  console.log
    ⚠️ [Service Magasin] Commande identique détectée, attente... { delaiDepuisCommande: '1526ms' }

      at creerCommande (src/routes/magasin/core/services/magasin.service.ts:339:15)

  console.log
    ✅ [Service Magasin] Première commande terminée, retour du même résultat

      at creerCommande (src/routes/magasin/core/services/magasin.service.ts:349:17)

  console.log
    ✅ [Handler Commandes] Commande créée avec succès: {
      unique_id: 'CMD-001-1770237960114-604D3D63',
      numero_commande: 'CMD-000001',
      isDuplicate: true
    }

      at createCommande (src/routes/magasin/core/handlers/create-commande.handler.ts:36:13)

  console.log
    📝 [Handler Commandes] Création d'une nouvelle commande

      at createCommande (src/routes/magasin/core/handlers/create-commande.handler.ts:19:13)

  console.log
    Corps reçu: {
      utilisateur_id: 1,
      articles: [ { article_id: 1, quantite: 1, taille: 'M' } ],
      total: 45.99
    }

      at createCommande (src/routes/magasin/core/handlers/create-commande.handler.ts:20:13)

  console.log
    Données validées par le schéma Zod: {"utilisateur_id":1,"articles":[{"article_id":1,"quantite":1,"taille":"M"}],"total":45.99,"statut":"en attente"}

      at createCommande (src/routes/magasin/core/handlers/create-commande.handler.ts:25:13)

  console.log
    🔍 [Service Magasin] Vérification doublon commande: {
      cacheKey: '1-45.99-[{"id":1,"taille":"M","quantite":1}]...',
      utilisateur_id: 1,
      total: 45.99,
      nbArticles: 1
    }

      at creerCommande (src/routes/magasin/core/services/magasin.service.ts:325:11)

  console.log
    ⚠️ [Service Magasin] Commande identique détectée, attente... { delaiDepuisCommande: '1530ms' }

      at creerCommande (src/routes/magasin/core/services/magasin.service.ts:339:15)

  console.log
    ✅ [Service Magasin] Première commande terminée, retour du même résultat

      at creerCommande (src/routes/magasin/core/services/magasin.service.ts:349:17)

  console.log
    ✅ [Handler Commandes] Commande créée avec succès: {
      unique_id: 'CMD-001-1770237960114-604D3D63',
      numero_commande: 'CMD-000001',
      isDuplicate: true
    }

      at createCommande (src/routes/magasin/core/handlers/create-commande.handler.ts:36:13)

  console.log
    📝 [Handler Commandes] Création d'une nouvelle commande

      at createCommande (src/routes/magasin/core/handlers/create-commande.handler.ts:19:13)

  console.log
    Corps reçu: {
      utilisateur_id: 1,
      articles: [ { article_id: 1, quantite: 1, taille: 'M' } ],
      total: 45.99
    }

      at createCommande (src/routes/magasin/core/handlers/create-commande.handler.ts:20:13)

  console.log
    Données validées par le schéma Zod: {"utilisateur_id":1,"articles":[{"article_id":1,"quantite":1,"taille":"M"}],"total":45.99,"statut":"en attente"}

      at createCommande (src/routes/magasin/core/handlers/create-commande.handler.ts:25:13)

  console.log
    🔍 [Service Magasin] Vérification doublon commande: {
      cacheKey: '1-45.99-[{"id":1,"taille":"M","quantite":1}]...',
      utilisateur_id: 1,
      total: 45.99,
      nbArticles: 1
    }

      at creerCommande (src/routes/magasin/core/services/magasin.service.ts:325:11)

  console.log
    ⚠️ [Service Magasin] Commande identique détectée, attente... { delaiDepuisCommande: '1532ms' }

      at creerCommande (src/routes/magasin/core/services/magasin.service.ts:339:15)

  console.log
    ✅ [Service Magasin] Première commande terminée, retour du même résultat

      at creerCommande (src/routes/magasin/core/services/magasin.service.ts:349:17)

  console.log
    ✅ [Handler Commandes] Commande créée avec succès: {
      unique_id: 'CMD-001-1770237960114-604D3D63',
      numero_commande: 'CMD-000001',
      isDuplicate: true
    }

      at createCommande (src/routes/magasin/core/handlers/create-commande.handler.ts:36:13)

  console.log
    📝 [Handler Commandes] Création d'une nouvelle commande

      at createCommande (src/routes/magasin/core/handlers/create-commande.handler.ts:19:13)

  console.log
    Corps reçu: {
      utilisateur_id: 1,
      articles: [ { article_id: 1, quantite: 1, taille: 'M' } ],
      total: 45.99
    }

      at createCommande (src/routes/magasin/core/handlers/create-commande.handler.ts:20:13)

  console.log
    Données validées par le schéma Zod: {"utilisateur_id":1,"articles":[{"article_id":1,"quantite":1,"taille":"M"}],"total":45.99,"statut":"en attente"}

      at createCommande (src/routes/magasin/core/handlers/create-commande.handler.ts:25:13)

  console.log
    🔍 [Service Magasin] Vérification doublon commande: {
      cacheKey: '1-45.99-[{"id":1,"taille":"M","quantite":1}]...',
      utilisateur_id: 1,
      total: 45.99,
      nbArticles: 1
    }

      at creerCommande (src/routes/magasin/core/services/magasin.service.ts:325:11)

  console.log
    ⚠️ [Service Magasin] Commande identique détectée, attente... { delaiDepuisCommande: '1533ms' }

      at creerCommande (src/routes/magasin/core/services/magasin.service.ts:339:15)

  console.log
    ✅ [Service Magasin] Première commande terminée, retour du même résultat

      at creerCommande (src/routes/magasin/core/services/magasin.service.ts:349:17)

  console.log
    ✅ [Handler Commandes] Commande créée avec succès: {
      unique_id: 'CMD-001-1770237960114-604D3D63',
      numero_commande: 'CMD-000001',
      isDuplicate: true
    }

      at createCommande (src/routes/magasin/core/handlers/create-commande.handler.ts:36:13)

  console.log
    📝 [Handler Commandes] Création d'une nouvelle commande

      at createCommande (src/routes/magasin/core/handlers/create-commande.handler.ts:19:13)

  console.log
    Corps reçu: {
      utilisateur_id: 1,
      articles: [ { article_id: 1, quantite: 1, taille: 'M' } ],
      total: 45.99
    }

      at createCommande (src/routes/magasin/core/handlers/create-commande.handler.ts:20:13)

  console.log
    Données validées par le schéma Zod: {"utilisateur_id":1,"articles":[{"article_id":1,"quantite":1,"taille":"M"}],"total":45.99,"statut":"en attente"}

      at createCommande (src/routes/magasin/core/handlers/create-commande.handler.ts:25:13)

  console.log
    🔍 [Service Magasin] Vérification doublon commande: {
      cacheKey: '1-45.99-[{"id":1,"taille":"M","quantite":1}]...',
      utilisateur_id: 1,
      total: 45.99,
      nbArticles: 1
    }

      at creerCommande (src/routes/magasin/core/services/magasin.service.ts:325:11)

  console.log
    ⚠️ [Service Magasin] Commande identique détectée, attente... { delaiDepuisCommande: '1535ms' }

      at creerCommande (src/routes/magasin/core/services/magasin.service.ts:339:15)

  console.log
    ✅ [Service Magasin] Première commande terminée, retour du même résultat

      at creerCommande (src/routes/magasin/core/services/magasin.service.ts:349:17)

  console.log
    ✅ [Handler Commandes] Commande créée avec succès: {
      unique_id: 'CMD-001-1770237960114-604D3D63',
      numero_commande: 'CMD-000001',
      isDuplicate: true
    }

      at createCommande (src/routes/magasin/core/handlers/create-commande.handler.ts:36:13)

  console.log
    📝 [Handler Commandes] Création d'une nouvelle commande

      at createCommande (src/routes/magasin/core/handlers/create-commande.handler.ts:19:13)

  console.log
    Corps reçu: {
      utilisateur_id: 1,
      articles: [ { article_id: 1, quantite: 1, taille: 'M' } ],
      total: 45.99
    }

      at createCommande (src/routes/magasin/core/handlers/create-commande.handler.ts:20:13)

  console.log
    Données validées par le schéma Zod: {"utilisateur_id":1,"articles":[{"article_id":1,"quantite":1,"taille":"M"}],"total":45.99,"statut":"en attente"}

      at createCommande (src/routes/magasin/core/handlers/create-commande.handler.ts:25:13)

  console.log
    🔍 [Service Magasin] Vérification doublon commande: {
      cacheKey: '1-45.99-[{"id":1,"taille":"M","quantite":1}]...',
      utilisateur_id: 1,
      total: 45.99,
      nbArticles: 1
    }

      at creerCommande (src/routes/magasin/core/services/magasin.service.ts:325:11)

  console.log
    ⚠️ [Service Magasin] Commande identique détectée, attente... { delaiDepuisCommande: '1536ms' }

      at creerCommande (src/routes/magasin/core/services/magasin.service.ts:339:15)

  console.log
    ✅ [Service Magasin] Première commande terminée, retour du même résultat

      at creerCommande (src/routes/magasin/core/services/magasin.service.ts:349:17)

  console.log
    ✅ [Handler Commandes] Commande créée avec succès: {
      unique_id: 'CMD-001-1770237960114-604D3D63',
      numero_commande: 'CMD-000001',
      isDuplicate: true
    }

      at createCommande (src/routes/magasin/core/handlers/create-commande.handler.ts:36:13)

  console.log
    📝 [Handler Commandes] Création d'une nouvelle commande

      at createCommande (src/routes/magasin/core/handlers/create-commande.handler.ts:19:13)

  console.log
    Corps reçu: {
      utilisateur_id: 1,
      articles: [ { article_id: 1, quantite: 1, taille: 'M' } ],
      total: 45.99
    }

      at createCommande (src/routes/magasin/core/handlers/create-commande.handler.ts:20:13)

  console.log
    Données validées par le schéma Zod: {"utilisateur_id":1,"articles":[{"article_id":1,"quantite":1,"taille":"M"}],"total":45.99,"statut":"en attente"}

      at createCommande (src/routes/magasin/core/handlers/create-commande.handler.ts:25:13)

  console.log
    🔍 [Service Magasin] Vérification doublon commande: {
      cacheKey: '1-45.99-[{"id":1,"taille":"M","quantite":1}]...',
      utilisateur_id: 1,
      total: 45.99,
      nbArticles: 1
    }

      at creerCommande (src/routes/magasin/core/services/magasin.service.ts:325:11)

  console.log
    ⚠️ [Service Magasin] Commande identique détectée, attente... { delaiDepuisCommande: '1538ms' }

      at creerCommande (src/routes/magasin/core/services/magasin.service.ts:339:15)

  console.log
    ✅ [Service Magasin] Première commande terminée, retour du même résultat

      at creerCommande (src/routes/magasin/core/services/magasin.service.ts:349:17)

  console.log
    ✅ [Handler Commandes] Commande créée avec succès: {
      unique_id: 'CMD-001-1770237960114-604D3D63',
      numero_commande: 'CMD-000001',
      isDuplicate: true
    }

      at createCommande (src/routes/magasin/core/handlers/create-commande.handler.ts:36:13)

  console.log
    📝 [Handler Commandes] Création d'une nouvelle commande

      at createCommande (src/routes/magasin/core/handlers/create-commande.handler.ts:19:13)

  console.log
    Corps reçu: {
      utilisateur_id: 1,
      articles: [ { article_id: 1, quantite: 1, taille: 'M' } ],
      total: 45.99
    }

      at createCommande (src/routes/magasin/core/handlers/create-commande.handler.ts:20:13)

  console.log
    Données validées par le schéma Zod: {"utilisateur_id":1,"articles":[{"article_id":1,"quantite":1,"taille":"M"}],"total":45.99,"statut":"en attente"}

      at createCommande (src/routes/magasin/core/handlers/create-commande.handler.ts:25:13)

  console.log
    🔍 [Service Magasin] Vérification doublon commande: {
      cacheKey: '1-45.99-[{"id":1,"taille":"M","quantite":1}]...',
      utilisateur_id: 1,
      total: 45.99,
      nbArticles: 1
    }

      at creerCommande (src/routes/magasin/core/services/magasin.service.ts:325:11)

  console.log
    ⚠️ [Service Magasin] Commande identique détectée, attente... { delaiDepuisCommande: '1541ms' }

      at creerCommande (src/routes/magasin/core/services/magasin.service.ts:339:15)

  console.log
    ✅ [Service Magasin] Première commande terminée, retour du même résultat

      at creerCommande (src/routes/magasin/core/services/magasin.service.ts:349:17)

  console.log
    ✅ [Handler Commandes] Commande créée avec succès: {
      unique_id: 'CMD-001-1770237960114-604D3D63',
      numero_commande: 'CMD-000001',
      isDuplicate: true
    }

      at createCommande (src/routes/magasin/core/handlers/create-commande.handler.ts:36:13)

  console.log
    📝 [Handler Commandes] Création d'une nouvelle commande

      at createCommande (src/routes/magasin/core/handlers/create-commande.handler.ts:19:13)

  console.log
    Corps reçu: {
      utilisateur_id: 1,
      articles: [ { article_id: 1, quantite: 1, taille: 'M' } ],
      total: 45.99
    }

      at createCommande (src/routes/magasin/core/handlers/create-commande.handler.ts:20:13)

  console.log
    Données validées par le schéma Zod: {"utilisateur_id":1,"articles":[{"article_id":1,"quantite":1,"taille":"M"}],"total":45.99,"statut":"en attente"}

      at createCommande (src/routes/magasin/core/handlers/create-commande.handler.ts:25:13)

  console.log
    🔍 [Service Magasin] Vérification doublon commande: {
      cacheKey: '1-45.99-[{"id":1,"taille":"M","quantite":1}]...',
      utilisateur_id: 1,
      total: 45.99,
      nbArticles: 1
    }

      at creerCommande (src/routes/magasin/core/services/magasin.service.ts:325:11)

  console.log
    ⚠️ [Service Magasin] Commande identique détectée, attente... { delaiDepuisCommande: '1543ms' }

      at creerCommande (src/routes/magasin/core/services/magasin.service.ts:339:15)

  console.log
    ✅ [Service Magasin] Première commande terminée, retour du même résultat

      at creerCommande (src/routes/magasin/core/services/magasin.service.ts:349:17)

  console.log
    ✅ [Handler Commandes] Commande créée avec succès: {
      unique_id: 'CMD-001-1770237960114-604D3D63',
      numero_commande: 'CMD-000001',
      isDuplicate: true
    }

      at createCommande (src/routes/magasin/core/handlers/create-commande.handler.ts:36:13)

  console.log
    📝 [Handler Commandes] Création d'une nouvelle commande

      at createCommande (src/routes/magasin/core/handlers/create-commande.handler.ts:19:13)

  console.log
    Corps reçu: {
      utilisateur_id: 1,
      articles: [ { article_id: 1, quantite: 1, taille: 'M' } ],
      total: 45.99
    }

      at createCommande (src/routes/magasin/core/handlers/create-commande.handler.ts:20:13)

  console.log
    Données validées par le schéma Zod: {"utilisateur_id":1,"articles":[{"article_id":1,"quantite":1,"taille":"M"}],"total":45.99,"statut":"en attente"}

      at createCommande (src/routes/magasin/core/handlers/create-commande.handler.ts:25:13)

  console.log
    🔍 [Service Magasin] Vérification doublon commande: {
      cacheKey: '1-45.99-[{"id":1,"taille":"M","quantite":1}]...',
      utilisateur_id: 1,
      total: 45.99,
      nbArticles: 1
    }

      at creerCommande (src/routes/magasin/core/services/magasin.service.ts:325:11)

  console.log
    ⚠️ [Service Magasin] Commande identique détectée, attente... { delaiDepuisCommande: '1545ms' }

      at creerCommande (src/routes/magasin/core/services/magasin.service.ts:339:15)

  console.log
    ✅ [Service Magasin] Première commande terminée, retour du même résultat

      at creerCommande (src/routes/magasin/core/services/magasin.service.ts:349:17)

  console.log
    ✅ [Handler Commandes] Commande créée avec succès: {
      unique_id: 'CMD-001-1770237960114-604D3D63',
      numero_commande: 'CMD-000001',
      isDuplicate: true
    }

      at createCommande (src/routes/magasin/core/handlers/create-commande.handler.ts:36:13)

  console.log
    📝 [Handler Commandes] Création d'une nouvelle commande

      at createCommande (src/routes/magasin/core/handlers/create-commande.handler.ts:19:13)

  console.log
    Corps reçu: {
      utilisateur_id: 1,
      articles: [ { article_id: 1, quantite: 1, taille: 'M' } ],
      total: 45.99
    }

      at createCommande (src/routes/magasin/core/handlers/create-commande.handler.ts:20:13)

  console.log
    Données validées par le schéma Zod: {"utilisateur_id":1,"articles":[{"article_id":1,"quantite":1,"taille":"M"}],"total":45.99,"statut":"en attente"}

      at createCommande (src/routes/magasin/core/handlers/create-commande.handler.ts:25:13)

  console.log
    🔍 [Service Magasin] Vérification doublon commande: {
      cacheKey: '1-45.99-[{"id":1,"taille":"M","quantite":1}]...',
      utilisateur_id: 1,
      total: 45.99,
      nbArticles: 1
    }

      at creerCommande (src/routes/magasin/core/services/magasin.service.ts:325:11)

  console.log
    ⚠️ [Service Magasin] Commande identique détectée, attente... { delaiDepuisCommande: '1546ms' }

      at creerCommande (src/routes/magasin/core/services/magasin.service.ts:339:15)

  console.log
    ✅ [Service Magasin] Première commande terminée, retour du même résultat

      at creerCommande (src/routes/magasin/core/services/magasin.service.ts:349:17)

  console.log
    ✅ [Handler Commandes] Commande créée avec succès: {
      unique_id: 'CMD-001-1770237960114-604D3D63',
      numero_commande: 'CMD-000001',
      isDuplicate: true
    }

      at createCommande (src/routes/magasin/core/handlers/create-commande.handler.ts:36:13)

  console.log
    📝 [Handler Commandes] Création d'une nouvelle commande

      at createCommande (src/routes/magasin/core/handlers/create-commande.handler.ts:19:13)

  console.log
    Corps reçu: {
      utilisateur_id: 1,
      articles: [ { article_id: 1, quantite: 1, taille: 'M' } ],
      total: 45.99
    }

      at createCommande (src/routes/magasin/core/handlers/create-commande.handler.ts:20:13)

  console.log
    Données validées par le schéma Zod: {"utilisateur_id":1,"articles":[{"article_id":1,"quantite":1,"taille":"M"}],"total":45.99,"statut":"en attente"}

      at createCommande (src/routes/magasin/core/handlers/create-commande.handler.ts:25:13)

  console.log
    🔍 [Service Magasin] Vérification doublon commande: {
      cacheKey: '1-45.99-[{"id":1,"taille":"M","quantite":1}]...',
      utilisateur_id: 1,
      total: 45.99,
      nbArticles: 1
    }

      at creerCommande (src/routes/magasin/core/services/magasin.service.ts:325:11)

  console.log
    ⚠️ [Service Magasin] Commande identique détectée, attente... { delaiDepuisCommande: '1548ms' }

      at creerCommande (src/routes/magasin/core/services/magasin.service.ts:339:15)

  console.log
    ✅ [Service Magasin] Première commande terminée, retour du même résultat

      at creerCommande (src/routes/magasin/core/services/magasin.service.ts:349:17)

  console.log
    ✅ [Handler Commandes] Commande créée avec succès: {
      unique_id: 'CMD-001-1770237960114-604D3D63',
      numero_commande: 'CMD-000001',
      isDuplicate: true
    }

      at createCommande (src/routes/magasin/core/handlers/create-commande.handler.ts:36:13)

  console.log
    📝 [Handler Commandes] Création d'une nouvelle commande

      at createCommande (src/routes/magasin/core/handlers/create-commande.handler.ts:19:13)

  console.log
    Corps reçu: {
      utilisateur_id: 1,
      articles: [ { article_id: 1, quantite: 1, taille: 'M' } ],
      total: 45.99
    }

      at createCommande (src/routes/magasin/core/handlers/create-commande.handler.ts:20:13)

  console.log
    Données validées par le schéma Zod: {"utilisateur_id":1,"articles":[{"article_id":1,"quantite":1,"taille":"M"}],"total":45.99,"statut":"en attente"}

      at createCommande (src/routes/magasin/core/handlers/create-commande.handler.ts:25:13)

  console.log
    🔍 [Service Magasin] Vérification doublon commande: {
      cacheKey: '1-45.99-[{"id":1,"taille":"M","quantite":1}]...',
      utilisateur_id: 1,
      total: 45.99,
      nbArticles: 1
    }

      at creerCommande (src/routes/magasin/core/services/magasin.service.ts:325:11)

  console.log
    ⚠️ [Service Magasin] Commande identique détectée, attente... { delaiDepuisCommande: '1550ms' }

      at creerCommande (src/routes/magasin/core/services/magasin.service.ts:339:15)

  console.log
    ✅ [Service Magasin] Première commande terminée, retour du même résultat

      at creerCommande (src/routes/magasin/core/services/magasin.service.ts:349:17)

  console.log
    ✅ [Handler Commandes] Commande créée avec succès: {
      unique_id: 'CMD-001-1770237960114-604D3D63',
      numero_commande: 'CMD-000001',
      isDuplicate: true
    }

      at createCommande (src/routes/magasin/core/handlers/create-commande.handler.ts:36:13)

  console.log
    📝 [Handler Commandes] Création d'une nouvelle commande

      at createCommande (src/routes/magasin/core/handlers/create-commande.handler.ts:19:13)

  console.log
    Corps reçu: {
      utilisateur_id: 1,
      articles: [ { article_id: 1, quantite: 1, taille: 'M' } ],
      total: 45.99
    }

      at createCommande (src/routes/magasin/core/handlers/create-commande.handler.ts:20:13)

  console.log
    Données validées par le schéma Zod: {"utilisateur_id":1,"articles":[{"article_id":1,"quantite":1,"taille":"M"}],"total":45.99,"statut":"en attente"}

      at createCommande (src/routes/magasin/core/handlers/create-commande.handler.ts:25:13)

  console.log
    🔍 [Service Magasin] Vérification doublon commande: {
      cacheKey: '1-45.99-[{"id":1,"taille":"M","quantite":1}]...',
      utilisateur_id: 1,
      total: 45.99,
      nbArticles: 1
    }

      at creerCommande (src/routes/magasin/core/services/magasin.service.ts:325:11)

  console.log
    ⚠️ [Service Magasin] Commande identique détectée, attente... { delaiDepuisCommande: '1553ms' }

      at creerCommande (src/routes/magasin/core/services/magasin.service.ts:339:15)

  console.log
    ✅ [Service Magasin] Première commande terminée, retour du même résultat

      at creerCommande (src/routes/magasin/core/services/magasin.service.ts:349:17)

  console.log
    ✅ [Handler Commandes] Commande créée avec succès: {
      unique_id: 'CMD-001-1770237960114-604D3D63',
      numero_commande: 'CMD-000001',
      isDuplicate: true
    }

      at createCommande (src/routes/magasin/core/handlers/create-commande.handler.ts:36:13)

  console.log
    📝 [Handler Commandes] Création d'une nouvelle commande

      at createCommande (src/routes/magasin/core/handlers/create-commande.handler.ts:19:13)

  console.log
    Corps reçu: {
      utilisateur_id: 1,
      articles: [ { article_id: 1, quantite: 1, taille: 'M' } ],
      total: 45.99
    }

      at createCommande (src/routes/magasin/core/handlers/create-commande.handler.ts:20:13)

  console.log
    Données validées par le schéma Zod: {"utilisateur_id":1,"articles":[{"article_id":1,"quantite":1,"taille":"M"}],"total":45.99,"statut":"en attente"}

      at createCommande (src/routes/magasin/core/handlers/create-commande.handler.ts:25:13)

  console.log
    🔍 [Service Magasin] Vérification doublon commande: {
      cacheKey: '1-45.99-[{"id":1,"taille":"M","quantite":1}]...',
      utilisateur_id: 1,
      total: 45.99,
      nbArticles: 1
    }

      at creerCommande (src/routes/magasin/core/services/magasin.service.ts:325:11)

  console.log
    ⚠️ [Service Magasin] Commande identique détectée, attente... { delaiDepuisCommande: '1555ms' }

      at creerCommande (src/routes/magasin/core/services/magasin.service.ts:339:15)

  console.log
    ✅ [Service Magasin] Première commande terminée, retour du même résultat

      at creerCommande (src/routes/magasin/core/services/magasin.service.ts:349:17)

  console.log
    ✅ [Handler Commandes] Commande créée avec succès: {
      unique_id: 'CMD-001-1770237960114-604D3D63',
      numero_commande: 'CMD-000001',
      isDuplicate: true
    }

      at createCommande (src/routes/magasin/core/handlers/create-commande.handler.ts:36:13)

  console.log
    📝 [Handler Commandes] Création d'une nouvelle commande

      at createCommande (src/routes/magasin/core/handlers/create-commande.handler.ts:19:13)

  console.log
    Corps reçu: {
      utilisateur_id: 1,
      articles: [ { article_id: 1, quantite: 1, taille: 'M' } ],
      total: 45.99
    }

      at createCommande (src/routes/magasin/core/handlers/create-commande.handler.ts:20:13)

  console.log
    Données validées par le schéma Zod: {"utilisateur_id":1,"articles":[{"article_id":1,"quantite":1,"taille":"M"}],"total":45.99,"statut":"en attente"}

      at createCommande (src/routes/magasin/core/handlers/create-commande.handler.ts:25:13)

  console.log
    🔍 [Service Magasin] Vérification doublon commande: {
      cacheKey: '1-45.99-[{"id":1,"taille":"M","quantite":1}]...',
      utilisateur_id: 1,
      total: 45.99,
      nbArticles: 1
    }

      at creerCommande (src/routes/magasin/core/services/magasin.service.ts:325:11)

  console.log
    ⚠️ [Service Magasin] Commande identique détectée, attente... { delaiDepuisCommande: '1557ms' }

      at creerCommande (src/routes/magasin/core/services/magasin.service.ts:339:15)

  console.log
    ✅ [Service Magasin] Première commande terminée, retour du même résultat

      at creerCommande (src/routes/magasin/core/services/magasin.service.ts:349:17)

  console.log
    ✅ [Handler Commandes] Commande créée avec succès: {
      unique_id: 'CMD-001-1770237960114-604D3D63',
      numero_commande: 'CMD-000001',
      isDuplicate: true
    }

      at createCommande (src/routes/magasin/core/handlers/create-commande.handler.ts:36:13)

  console.log
    📝 [Handler Commandes] Création d'une nouvelle commande

      at createCommande (src/routes/magasin/core/handlers/create-commande.handler.ts:19:13)

  console.log
    Corps reçu: {
      utilisateur_id: 1,
      articles: [ { article_id: 1, quantite: 1, taille: 'M' } ],
      total: 45.99
    }

      at createCommande (src/routes/magasin/core/handlers/create-commande.handler.ts:20:13)

  console.log
    Données validées par le schéma Zod: {"utilisateur_id":1,"articles":[{"article_id":1,"quantite":1,"taille":"M"}],"total":45.99,"statut":"en attente"}

      at createCommande (src/routes/magasin/core/handlers/create-commande.handler.ts:25:13)

  console.log
    🔍 [Service Magasin] Vérification doublon commande: {
      cacheKey: '1-45.99-[{"id":1,"taille":"M","quantite":1}]...',
      utilisateur_id: 1,
      total: 45.99,
      nbArticles: 1
    }

      at creerCommande (src/routes/magasin/core/services/magasin.service.ts:325:11)

  console.log
    ⚠️ [Service Magasin] Commande identique détectée, attente... { delaiDepuisCommande: '1559ms' }

      at creerCommande (src/routes/magasin/core/services/magasin.service.ts:339:15)

  console.log
    ✅ [Service Magasin] Première commande terminée, retour du même résultat

      at creerCommande (src/routes/magasin/core/services/magasin.service.ts:349:17)

  console.log
    ✅ [Handler Commandes] Commande créée avec succès: {
      unique_id: 'CMD-001-1770237960114-604D3D63',
      numero_commande: 'CMD-000001',
      isDuplicate: true
    }

      at createCommande (src/routes/magasin/core/handlers/create-commande.handler.ts:36:13)

  console.log
    📝 [Handler Commandes] Création d'une nouvelle commande

      at createCommande (src/routes/magasin/core/handlers/create-commande.handler.ts:19:13)

  console.log
    Corps reçu: {
      utilisateur_id: 1,
      articles: [ { article_id: 1, quantite: 1, taille: 'M' } ],
      total: 45.99
    }

      at createCommande (src/routes/magasin/core/handlers/create-commande.handler.ts:20:13)

  console.log
    Données validées par le schéma Zod: {"utilisateur_id":1,"articles":[{"article_id":1,"quantite":1,"taille":"M"}],"total":45.99,"statut":"en attente"}

      at createCommande (src/routes/magasin/core/handlers/create-commande.handler.ts:25:13)

  console.log
    🔍 [Service Magasin] Vérification doublon commande: {
      cacheKey: '1-45.99-[{"id":1,"taille":"M","quantite":1}]...',
      utilisateur_id: 1,
      total: 45.99,
      nbArticles: 1
    }

      at creerCommande (src/routes/magasin/core/services/magasin.service.ts:325:11)

  console.log
    ⚠️ [Service Magasin] Commande identique détectée, attente... { delaiDepuisCommande: '1560ms' }

      at creerCommande (src/routes/magasin/core/services/magasin.service.ts:339:15)

  console.log
    ✅ [Service Magasin] Première commande terminée, retour du même résultat

      at creerCommande (src/routes/magasin/core/services/magasin.service.ts:349:17)

  console.log
    ✅ [Handler Commandes] Commande créée avec succès: {
      unique_id: 'CMD-001-1770237960114-604D3D63',
      numero_commande: 'CMD-000001',
      isDuplicate: true
    }

      at createCommande (src/routes/magasin/core/handlers/create-commande.handler.ts:36:13)

  console.log
    📝 [Handler Commandes] Création d'une nouvelle commande

      at createCommande (src/routes/magasin/core/handlers/create-commande.handler.ts:19:13)

  console.log
    Corps reçu: {
      utilisateur_id: 1,
      articles: [ { article_id: 1, quantite: 1, taille: 'M' } ],
      total: 45.99
    }

      at createCommande (src/routes/magasin/core/handlers/create-commande.handler.ts:20:13)

  console.log
    Données validées par le schéma Zod: {"utilisateur_id":1,"articles":[{"article_id":1,"quantite":1,"taille":"M"}],"total":45.99,"statut":"en attente"}

      at createCommande (src/routes/magasin/core/handlers/create-commande.handler.ts:25:13)

  console.log
    🔍 [Service Magasin] Vérification doublon commande: {
      cacheKey: '1-45.99-[{"id":1,"taille":"M","quantite":1}]...',
      utilisateur_id: 1,
      total: 45.99,
      nbArticles: 1
    }

      at creerCommande (src/routes/magasin/core/services/magasin.service.ts:325:11)

  console.log
    ⚠️ [Service Magasin] Commande identique détectée, attente... { delaiDepuisCommande: '1562ms' }

      at creerCommande (src/routes/magasin/core/services/magasin.service.ts:339:15)

  console.log
    ✅ [Service Magasin] Première commande terminée, retour du même résultat

      at creerCommande (src/routes/magasin/core/services/magasin.service.ts:349:17)

  console.log
    ✅ [Handler Commandes] Commande créée avec succès: {
      unique_id: 'CMD-001-1770237960114-604D3D63',
      numero_commande: 'CMD-000001',
      isDuplicate: true
    }

      at createCommande (src/routes/magasin/core/handlers/create-commande.handler.ts:36:13)

  console.log
    📝 [Handler Commandes] Création d'une nouvelle commande

      at createCommande (src/routes/magasin/core/handlers/create-commande.handler.ts:19:13)

  console.log
    Corps reçu: {
      utilisateur_id: 1,
      articles: [ { article_id: 1, quantite: 1, taille: 'M' } ],
      total: 45.99
    }

      at createCommande (src/routes/magasin/core/handlers/create-commande.handler.ts:20:13)

  console.log
    Données validées par le schéma Zod: {"utilisateur_id":1,"articles":[{"article_id":1,"quantite":1,"taille":"M"}],"total":45.99,"statut":"en attente"}

      at createCommande (src/routes/magasin/core/handlers/create-commande.handler.ts:25:13)

  console.log
    🔍 [Service Magasin] Vérification doublon commande: {
      cacheKey: '1-45.99-[{"id":1,"taille":"M","quantite":1}]...',
      utilisateur_id: 1,
      total: 45.99,
      nbArticles: 1
    }

      at creerCommande (src/routes/magasin/core/services/magasin.service.ts:325:11)

  console.log
    ⚠️ [Service Magasin] Commande identique détectée, attente... { delaiDepuisCommande: '1604ms' }

      at creerCommande (src/routes/magasin/core/services/magasin.service.ts:339:15)

  console.log
    ✅ [Service Magasin] Première commande terminée, retour du même résultat

      at creerCommande (src/routes/magasin/core/services/magasin.service.ts:349:17)

  console.log
    ✅ [Handler Commandes] Commande créée avec succès: {
      unique_id: 'CMD-001-1770237960114-604D3D63',
      numero_commande: 'CMD-000001',
      isDuplicate: true
    }

      at createCommande (src/routes/magasin/core/handlers/create-commande.handler.ts:36:13)

  console.log
    📝 [Handler Commandes] Création d'une nouvelle commande

      at createCommande (src/routes/magasin/core/handlers/create-commande.handler.ts:19:13)

  console.log
    Corps reçu: {
      utilisateur_id: 1,
      articles: [ { article_id: 1, quantite: 1, taille: 'M' } ],
      total: 45.99
    }

      at createCommande (src/routes/magasin/core/handlers/create-commande.handler.ts:20:13)

  console.log
    Données validées par le schéma Zod: {"utilisateur_id":1,"articles":[{"article_id":1,"quantite":1,"taille":"M"}],"total":45.99,"statut":"en attente"}

      at createCommande (src/routes/magasin/core/handlers/create-commande.handler.ts:25:13)

  console.log
    🔍 [Service Magasin] Vérification doublon commande: {
      cacheKey: '1-45.99-[{"id":1,"taille":"M","quantite":1}]...',
      utilisateur_id: 1,
      total: 45.99,
      nbArticles: 1
    }

      at creerCommande (src/routes/magasin/core/services/magasin.service.ts:325:11)

  console.log
    ⚠️ [Service Magasin] Commande identique détectée, attente... { delaiDepuisCommande: '1605ms' }

      at creerCommande (src/routes/magasin/core/services/magasin.service.ts:339:15)

  console.log
    ✅ [Service Magasin] Première commande terminée, retour du même résultat

      at creerCommande (src/routes/magasin/core/services/magasin.service.ts:349:17)

  console.log
    ✅ [Handler Commandes] Commande créée avec succès: {
      unique_id: 'CMD-001-1770237960114-604D3D63',
      numero_commande: 'CMD-000001',
      isDuplicate: true
    }

      at createCommande (src/routes/magasin/core/handlers/create-commande.handler.ts:36:13)

  console.log
    📝 [Handler Commandes] Création d'une nouvelle commande

      at createCommande (src/routes/magasin/core/handlers/create-commande.handler.ts:19:13)

  console.log
    Corps reçu: {
      utilisateur_id: 1,
      articles: [ { article_id: 1, quantite: 1, taille: 'M' } ],
      total: 45.99
    }

      at createCommande (src/routes/magasin/core/handlers/create-commande.handler.ts:20:13)

  console.log
    Données validées par le schéma Zod: {"utilisateur_id":1,"articles":[{"article_id":1,"quantite":1,"taille":"M"}],"total":45.99,"statut":"en attente"}

      at createCommande (src/routes/magasin/core/handlers/create-commande.handler.ts:25:13)

  console.log
    🔍 [Service Magasin] Vérification doublon commande: {
      cacheKey: '1-45.99-[{"id":1,"taille":"M","quantite":1}]...',
      utilisateur_id: 1,
      total: 45.99,
      nbArticles: 1
    }

      at creerCommande (src/routes/magasin/core/services/magasin.service.ts:325:11)

  console.log
    ⚠️ [Service Magasin] Commande identique détectée, attente... { delaiDepuisCommande: '1606ms' }

      at creerCommande (src/routes/magasin/core/services/magasin.service.ts:339:15)

  console.log
    ✅ [Service Magasin] Première commande terminée, retour du même résultat

      at creerCommande (src/routes/magasin/core/services/magasin.service.ts:349:17)

  console.log
    ✅ [Handler Commandes] Commande créée avec succès: {
      unique_id: 'CMD-001-1770237960114-604D3D63',
      numero_commande: 'CMD-000001',
      isDuplicate: true
    }

      at createCommande (src/routes/magasin/core/handlers/create-commande.handler.ts:36:13)

  console.log
    📝 [Handler Commandes] Création d'une nouvelle commande

      at createCommande (src/routes/magasin/core/handlers/create-commande.handler.ts:19:13)

  console.log
    Corps reçu: {
      utilisateur_id: 1,
      articles: [ { article_id: 1, quantite: 1, taille: 'M' } ],
      total: 45.99
    }

      at createCommande (src/routes/magasin/core/handlers/create-commande.handler.ts:20:13)

  console.log
    Données validées par le schéma Zod: {"utilisateur_id":1,"articles":[{"article_id":1,"quantite":1,"taille":"M"}],"total":45.99,"statut":"en attente"}

      at createCommande (src/routes/magasin/core/handlers/create-commande.handler.ts:25:13)

  console.log
    🔍 [Service Magasin] Vérification doublon commande: {
      cacheKey: '1-45.99-[{"id":1,"taille":"M","quantite":1}]...',
      utilisateur_id: 1,
      total: 45.99,
      nbArticles: 1
    }

      at creerCommande (src/routes/magasin/core/services/magasin.service.ts:325:11)

  console.log
    ⚠️ [Service Magasin] Commande identique détectée, attente... { delaiDepuisCommande: '1608ms' }

      at creerCommande (src/routes/magasin/core/services/magasin.service.ts:339:15)

  console.log
    ✅ [Service Magasin] Première commande terminée, retour du même résultat

      at creerCommande (src/routes/magasin/core/services/magasin.service.ts:349:17)

  console.log
    ✅ [Handler Commandes] Commande créée avec succès: {
      unique_id: 'CMD-001-1770237960114-604D3D63',
      numero_commande: 'CMD-000001',
      isDuplicate: true
    }

      at createCommande (src/routes/magasin/core/handlers/create-commande.handler.ts:36:13)

  console.log
    📝 [Handler Commandes] Création d'une nouvelle commande

      at createCommande (src/routes/magasin/core/handlers/create-commande.handler.ts:19:13)

  console.log
    Corps reçu: {
      utilisateur_id: 1,
      articles: [ { article_id: 1, quantite: 1, taille: 'M' } ],
      total: 45.99
    }

      at createCommande (src/routes/magasin/core/handlers/create-commande.handler.ts:20:13)

  console.log
    Données validées par le schéma Zod: {"utilisateur_id":1,"articles":[{"article_id":1,"quantite":1,"taille":"M"}],"total":45.99,"statut":"en attente"}

      at createCommande (src/routes/magasin/core/handlers/create-commande.handler.ts:25:13)

  console.log
    🔍 [Service Magasin] Vérification doublon commande: {
      cacheKey: '1-45.99-[{"id":1,"taille":"M","quantite":1}]...',
      utilisateur_id: 1,
      total: 45.99,
      nbArticles: 1
    }

      at creerCommande (src/routes/magasin/core/services/magasin.service.ts:325:11)

  console.log
    ⚠️ [Service Magasin] Commande identique détectée, attente... { delaiDepuisCommande: '1611ms' }

      at creerCommande (src/routes/magasin/core/services/magasin.service.ts:339:15)

  console.log
    ✅ [Service Magasin] Première commande terminée, retour du même résultat

      at creerCommande (src/routes/magasin/core/services/magasin.service.ts:349:17)

  console.log
    ✅ [Handler Commandes] Commande créée avec succès: {
      unique_id: 'CMD-001-1770237960114-604D3D63',
      numero_commande: 'CMD-000001',
      isDuplicate: true
    }

      at createCommande (src/routes/magasin/core/handlers/create-commande.handler.ts:36:13)

  console.log
    📝 [Handler Commandes] Création d'une nouvelle commande

      at createCommande (src/routes/magasin/core/handlers/create-commande.handler.ts:19:13)

  console.log
    Corps reçu: {
      utilisateur_id: 1,
      articles: [ { article_id: 1, quantite: 1, taille: 'M' } ],
      total: 45.99
    }

      at createCommande (src/routes/magasin/core/handlers/create-commande.handler.ts:20:13)

  console.log
    Données validées par le schéma Zod: {"utilisateur_id":1,"articles":[{"article_id":1,"quantite":1,"taille":"M"}],"total":45.99,"statut":"en attente"}

      at createCommande (src/routes/magasin/core/handlers/create-commande.handler.ts:25:13)

  console.log
    🔍 [Service Magasin] Vérification doublon commande: {
      cacheKey: '1-45.99-[{"id":1,"taille":"M","quantite":1}]...',
      utilisateur_id: 1,
      total: 45.99,
      nbArticles: 1
    }

      at creerCommande (src/routes/magasin/core/services/magasin.service.ts:325:11)

  console.log
    ⚠️ [Service Magasin] Commande identique détectée, attente... { delaiDepuisCommande: '1613ms' }

      at creerCommande (src/routes/magasin/core/services/magasin.service.ts:339:15)

  console.log
    ✅ [Service Magasin] Première commande terminée, retour du même résultat

      at creerCommande (src/routes/magasin/core/services/magasin.service.ts:349:17)

  console.log
    ✅ [Handler Commandes] Commande créée avec succès: {
      unique_id: 'CMD-001-1770237960114-604D3D63',
      numero_commande: 'CMD-000001',
      isDuplicate: true
    }

      at createCommande (src/routes/magasin/core/handlers/create-commande.handler.ts:36:13)

  console.log
    📝 [Handler Commandes] Création d'une nouvelle commande

      at createCommande (src/routes/magasin/core/handlers/create-commande.handler.ts:19:13)

  console.log
    Corps reçu: {
      utilisateur_id: 1,
      articles: [ { article_id: 1, quantite: 1, taille: 'M' } ],
      total: 45.99
    }

      at createCommande (src/routes/magasin/core/handlers/create-commande.handler.ts:20:13)

  console.log
    Données validées par le schéma Zod: {"utilisateur_id":1,"articles":[{"article_id":1,"quantite":1,"taille":"M"}],"total":45.99,"statut":"en attente"}

      at createCommande (src/routes/magasin/core/handlers/create-commande.handler.ts:25:13)

  console.log
    🔍 [Service Magasin] Vérification doublon commande: {
      cacheKey: '1-45.99-[{"id":1,"taille":"M","quantite":1}]...',
      utilisateur_id: 1,
      total: 45.99,
      nbArticles: 1
    }

      at creerCommande (src/routes/magasin/core/services/magasin.service.ts:325:11)

  console.log
    ⚠️ [Service Magasin] Commande identique détectée, attente... { delaiDepuisCommande: '1615ms' }

      at creerCommande (src/routes/magasin/core/services/magasin.service.ts:339:15)

  console.log
    ✅ [Service Magasin] Première commande terminée, retour du même résultat

      at creerCommande (src/routes/magasin/core/services/magasin.service.ts:349:17)

  console.log
    ✅ [Handler Commandes] Commande créée avec succès: {
      unique_id: 'CMD-001-1770237960114-604D3D63',
      numero_commande: 'CMD-000001',
      isDuplicate: true
    }

      at createCommande (src/routes/magasin/core/handlers/create-commande.handler.ts:36:13)

  console.log
    📝 [Handler Commandes] Création d'une nouvelle commande

      at createCommande (src/routes/magasin/core/handlers/create-commande.handler.ts:19:13)

  console.log
    Corps reçu: {
      utilisateur_id: 1,
      articles: [ { article_id: 1, quantite: 1, taille: 'M' } ],
      total: 45.99
    }

      at createCommande (src/routes/magasin/core/handlers/create-commande.handler.ts:20:13)

  console.log
    Données validées par le schéma Zod: {"utilisateur_id":1,"articles":[{"article_id":1,"quantite":1,"taille":"M"}],"total":45.99,"statut":"en attente"}

      at createCommande (src/routes/magasin/core/handlers/create-commande.handler.ts:25:13)

  console.log
    🔍 [Service Magasin] Vérification doublon commande: {
      cacheKey: '1-45.99-[{"id":1,"taille":"M","quantite":1}]...',
      utilisateur_id: 1,
      total: 45.99,
      nbArticles: 1
    }

      at creerCommande (src/routes/magasin/core/services/magasin.service.ts:325:11)

  console.log
    ⚠️ [Service Magasin] Commande identique détectée, attente... { delaiDepuisCommande: '1616ms' }

      at creerCommande (src/routes/magasin/core/services/magasin.service.ts:339:15)

  console.log
    ✅ [Service Magasin] Première commande terminée, retour du même résultat

      at creerCommande (src/routes/magasin/core/services/magasin.service.ts:349:17)

  console.log
    ✅ [Handler Commandes] Commande créée avec succès: {
      unique_id: 'CMD-001-1770237960114-604D3D63',
      numero_commande: 'CMD-000001',
      isDuplicate: true
    }

      at createCommande (src/routes/magasin/core/handlers/create-commande.handler.ts:36:13)

  console.log
    📝 [Handler Commandes] Création d'une nouvelle commande

      at createCommande (src/routes/magasin/core/handlers/create-commande.handler.ts:19:13)

  console.log
    Corps reçu: {
      utilisateur_id: 1,
      articles: [ { article_id: 1, quantite: 1, taille: 'M' } ],
      total: 45.99
    }

      at createCommande (src/routes/magasin/core/handlers/create-commande.handler.ts:20:13)

  console.log
    Données validées par le schéma Zod: {"utilisateur_id":1,"articles":[{"article_id":1,"quantite":1,"taille":"M"}],"total":45.99,"statut":"en attente"}

      at createCommande (src/routes/magasin/core/handlers/create-commande.handler.ts:25:13)

  console.log
    🔍 [Service Magasin] Vérification doublon commande: {
      cacheKey: '1-45.99-[{"id":1,"taille":"M","quantite":1}]...',
      utilisateur_id: 1,
      total: 45.99,
      nbArticles: 1
    }

      at creerCommande (src/routes/magasin/core/services/magasin.service.ts:325:11)

  console.log
    ⚠️ [Service Magasin] Commande identique détectée, attente... { delaiDepuisCommande: '1618ms' }

      at creerCommande (src/routes/magasin/core/services/magasin.service.ts:339:15)

  console.log
    ✅ [Service Magasin] Première commande terminée, retour du même résultat

      at creerCommande (src/routes/magasin/core/services/magasin.service.ts:349:17)

  console.log
    ✅ [Handler Commandes] Commande créée avec succès: {
      unique_id: 'CMD-001-1770237960114-604D3D63',
      numero_commande: 'CMD-000001',
      isDuplicate: true
    }

      at createCommande (src/routes/magasin/core/handlers/create-commande.handler.ts:36:13)

  console.log
    📝 [Handler Commandes] Création d'une nouvelle commande

      at createCommande (src/routes/magasin/core/handlers/create-commande.handler.ts:19:13)

  console.log
    Corps reçu: {
      utilisateur_id: 1,
      articles: [ { article_id: 1, quantite: 1, taille: 'M' } ],
      total: 45.99
    }

      at createCommande (src/routes/magasin/core/handlers/create-commande.handler.ts:20:13)

  console.log
    Données validées par le schéma Zod: {"utilisateur_id":1,"articles":[{"article_id":1,"quantite":1,"taille":"M"}],"total":45.99,"statut":"en attente"}

      at createCommande (src/routes/magasin/core/handlers/create-commande.handler.ts:25:13)

  console.log
    🔍 [Service Magasin] Vérification doublon commande: {
      cacheKey: '1-45.99-[{"id":1,"taille":"M","quantite":1}]...',
      utilisateur_id: 1,
      total: 45.99,
      nbArticles: 1
    }

      at creerCommande (src/routes/magasin/core/services/magasin.service.ts:325:11)

  console.log
    ⚠️ [Service Magasin] Commande identique détectée, attente... { delaiDepuisCommande: '1620ms' }

      at creerCommande (src/routes/magasin/core/services/magasin.service.ts:339:15)

  console.log
    ✅ [Service Magasin] Première commande terminée, retour du même résultat

      at creerCommande (src/routes/magasin/core/services/magasin.service.ts:349:17)

  console.log
    ✅ [Handler Commandes] Commande créée avec succès: {
      unique_id: 'CMD-001-1770237960114-604D3D63',
      numero_commande: 'CMD-000001',
      isDuplicate: true
    }

      at createCommande (src/routes/magasin/core/handlers/create-commande.handler.ts:36:13)

  console.log
    📝 [Handler Commandes] Création d'une nouvelle commande

      at createCommande (src/routes/magasin/core/handlers/create-commande.handler.ts:19:13)

  console.log
    Corps reçu: {
      utilisateur_id: 1,
      articles: [ { article_id: 1, quantite: 1, taille: 'M' } ],
      total: 45.99
    }

      at createCommande (src/routes/magasin/core/handlers/create-commande.handler.ts:20:13)

  console.log
    Données validées par le schéma Zod: {"utilisateur_id":1,"articles":[{"article_id":1,"quantite":1,"taille":"M"}],"total":45.99,"statut":"en attente"}

      at createCommande (src/routes/magasin/core/handlers/create-commande.handler.ts:25:13)

  console.log
    🔍 [Service Magasin] Vérification doublon commande: {
      cacheKey: '1-45.99-[{"id":1,"taille":"M","quantite":1}]...',
      utilisateur_id: 1,
      total: 45.99,
      nbArticles: 1
    }

      at creerCommande (src/routes/magasin/core/services/magasin.service.ts:325:11)

  console.log
    ⚠️ [Service Magasin] Commande identique détectée, attente... { delaiDepuisCommande: '1622ms' }

      at creerCommande (src/routes/magasin/core/services/magasin.service.ts:339:15)

  console.log
    ✅ [Service Magasin] Première commande terminée, retour du même résultat

      at creerCommande (src/routes/magasin/core/services/magasin.service.ts:349:17)

  console.log
    ✅ [Handler Commandes] Commande créée avec succès: {
      unique_id: 'CMD-001-1770237960114-604D3D63',
      numero_commande: 'CMD-000001',
      isDuplicate: true
    }

      at createCommande (src/routes/magasin/core/handlers/create-commande.handler.ts:36:13)

  console.log
    📝 [Handler Commandes] Création d'une nouvelle commande

      at createCommande (src/routes/magasin/core/handlers/create-commande.handler.ts:19:13)

  console.log
    Corps reçu: {
      utilisateur_id: 1,
      articles: [ { article_id: 1, quantite: 1, taille: 'M' } ],
      total: 45.99
    }

      at createCommande (src/routes/magasin/core/handlers/create-commande.handler.ts:20:13)

  console.log
    Données validées par le schéma Zod: {"utilisateur_id":1,"articles":[{"article_id":1,"quantite":1,"taille":"M"}],"total":45.99,"statut":"en attente"}

      at createCommande (src/routes/magasin/core/handlers/create-commande.handler.ts:25:13)

  console.log
    🔍 [Service Magasin] Vérification doublon commande: {
      cacheKey: '1-45.99-[{"id":1,"taille":"M","quantite":1}]...',
      utilisateur_id: 1,
      total: 45.99,
      nbArticles: 1
    }

      at creerCommande (src/routes/magasin/core/services/magasin.service.ts:325:11)

  console.log
    ⚠️ [Service Magasin] Commande identique détectée, attente... { delaiDepuisCommande: '1624ms' }

      at creerCommande (src/routes/magasin/core/services/magasin.service.ts:339:15)

  console.log
    ✅ [Service Magasin] Première commande terminée, retour du même résultat

      at creerCommande (src/routes/magasin/core/services/magasin.service.ts:349:17)

  console.log
    ✅ [Handler Commandes] Commande créée avec succès: {
      unique_id: 'CMD-001-1770237960114-604D3D63',
      numero_commande: 'CMD-000001',
      isDuplicate: true
    }

      at createCommande (src/routes/magasin/core/handlers/create-commande.handler.ts:36:13)

  console.log
    📝 [Handler Commandes] Création d'une nouvelle commande

      at createCommande (src/routes/magasin/core/handlers/create-commande.handler.ts:19:13)

  console.log
    Corps reçu: {
      utilisateur_id: 1,
      articles: [ { article_id: 1, quantite: 1, taille: 'M' } ],
      total: 45.99
    }

      at createCommande (src/routes/magasin/core/handlers/create-commande.handler.ts:20:13)

  console.log
    Données validées par le schéma Zod: {"utilisateur_id":1,"articles":[{"article_id":1,"quantite":1,"taille":"M"}],"total":45.99,"statut":"en attente"}

      at createCommande (src/routes/magasin/core/handlers/create-commande.handler.ts:25:13)

  console.log
    🔍 [Service Magasin] Vérification doublon commande: {
      cacheKey: '1-45.99-[{"id":1,"taille":"M","quantite":1}]...',
      utilisateur_id: 1,
      total: 45.99,
      nbArticles: 1
    }

      at creerCommande (src/routes/magasin/core/services/magasin.service.ts:325:11)

  console.log
    ⚠️ [Service Magasin] Commande identique détectée, attente... { delaiDepuisCommande: '1625ms' }

      at creerCommande (src/routes/magasin/core/services/magasin.service.ts:339:15)

  console.log
    ✅ [Service Magasin] Première commande terminée, retour du même résultat

      at creerCommande (src/routes/magasin/core/services/magasin.service.ts:349:17)

  console.log
    ✅ [Handler Commandes] Commande créée avec succès: {
      unique_id: 'CMD-001-1770237960114-604D3D63',
      numero_commande: 'CMD-000001',
      isDuplicate: true
    }

      at createCommande (src/routes/magasin/core/handlers/create-commande.handler.ts:36:13)

  console.log
    📝 [Handler Commandes] Création d'une nouvelle commande

      at createCommande (src/routes/magasin/core/handlers/create-commande.handler.ts:19:13)

  console.log
    Corps reçu: {
      utilisateur_id: 1,
      articles: [ { article_id: 1, quantite: 1, taille: 'M' } ],
      total: 45.99
    }

      at createCommande (src/routes/magasin/core/handlers/create-commande.handler.ts:20:13)

  console.log
    Données validées par le schéma Zod: {"utilisateur_id":1,"articles":[{"article_id":1,"quantite":1,"taille":"M"}],"total":45.99,"statut":"en attente"}

      at createCommande (src/routes/magasin/core/handlers/create-commande.handler.ts:25:13)

  console.log
    🔍 [Service Magasin] Vérification doublon commande: {
      cacheKey: '1-45.99-[{"id":1,"taille":"M","quantite":1}]...',
      utilisateur_id: 1,
      total: 45.99,
      nbArticles: 1
    }

      at creerCommande (src/routes/magasin/core/services/magasin.service.ts:325:11)

  console.log
    ⚠️ [Service Magasin] Commande identique détectée, attente... { delaiDepuisCommande: '1627ms' }

      at creerCommande (src/routes/magasin/core/services/magasin.service.ts:339:15)

  console.log
    ✅ [Service Magasin] Première commande terminée, retour du même résultat

      at creerCommande (src/routes/magasin/core/services/magasin.service.ts:349:17)

  console.log
    ✅ [Handler Commandes] Commande créée avec succès: {
      unique_id: 'CMD-001-1770237960114-604D3D63',
      numero_commande: 'CMD-000001',
      isDuplicate: true
    }

      at createCommande (src/routes/magasin/core/handlers/create-commande.handler.ts:36:13)

  console.log
    📝 [Handler Commandes] Création d'une nouvelle commande

      at createCommande (src/routes/magasin/core/handlers/create-commande.handler.ts:19:13)

  console.log
    Corps reçu: {
      utilisateur_id: 1,
      articles: [ { article_id: 1, quantite: 1, taille: 'M' } ],
      total: 45.99
    }

      at createCommande (src/routes/magasin/core/handlers/create-commande.handler.ts:20:13)

  console.log
    Données validées par le schéma Zod: {"utilisateur_id":1,"articles":[{"article_id":1,"quantite":1,"taille":"M"}],"total":45.99,"statut":"en attente"}

      at createCommande (src/routes/magasin/core/handlers/create-commande.handler.ts:25:13)

  console.log
    🔍 [Service Magasin] Vérification doublon commande: {
      cacheKey: '1-45.99-[{"id":1,"taille":"M","quantite":1}]...',
      utilisateur_id: 1,
      total: 45.99,
      nbArticles: 1
    }

      at creerCommande (src/routes/magasin/core/services/magasin.service.ts:325:11)

  console.log
    ⚠️ [Service Magasin] Commande identique détectée, attente... { delaiDepuisCommande: '1629ms' }

      at creerCommande (src/routes/magasin/core/services/magasin.service.ts:339:15)

  console.log
    ✅ [Service Magasin] Première commande terminée, retour du même résultat

      at creerCommande (src/routes/magasin/core/services/magasin.service.ts:349:17)

  console.log
    ✅ [Handler Commandes] Commande créée avec succès: {
      unique_id: 'CMD-001-1770237960114-604D3D63',
      numero_commande: 'CMD-000001',
      isDuplicate: true
    }

      at createCommande (src/routes/magasin/core/handlers/create-commande.handler.ts:36:13)

  console.log
    📝 [Handler Commandes] Création d'une nouvelle commande

      at createCommande (src/routes/magasin/core/handlers/create-commande.handler.ts:19:13)

  console.log
    Corps reçu: {
      utilisateur_id: 1,
      articles: [ { article_id: 1, quantite: 1, taille: 'M' } ],
      total: 45.99
    }

      at createCommande (src/routes/magasin/core/handlers/create-commande.handler.ts:20:13)

  console.log
    Données validées par le schéma Zod: {"utilisateur_id":1,"articles":[{"article_id":1,"quantite":1,"taille":"M"}],"total":45.99,"statut":"en attente"}

      at createCommande (src/routes/magasin/core/handlers/create-commande.handler.ts:25:13)

  console.log
    🔍 [Service Magasin] Vérification doublon commande: {
      cacheKey: '1-45.99-[{"id":1,"taille":"M","quantite":1}]...',
      utilisateur_id: 1,
      total: 45.99,
      nbArticles: 1
    }

      at creerCommande (src/routes/magasin/core/services/magasin.service.ts:325:11)

  console.log
    ⚠️ [Service Magasin] Commande identique détectée, attente... { delaiDepuisCommande: '1631ms' }

      at creerCommande (src/routes/magasin/core/services/magasin.service.ts:339:15)

  console.log
    ✅ [Service Magasin] Première commande terminée, retour du même résultat

      at creerCommande (src/routes/magasin/core/services/magasin.service.ts:349:17)

  console.log
    ✅ [Handler Commandes] Commande créée avec succès: {
      unique_id: 'CMD-001-1770237960114-604D3D63',
      numero_commande: 'CMD-000001',
      isDuplicate: true
    }

      at createCommande (src/routes/magasin/core/handlers/create-commande.handler.ts:36:13)

  console.log
    📝 [Handler Commandes] Création d'une nouvelle commande

      at createCommande (src/routes/magasin/core/handlers/create-commande.handler.ts:19:13)

  console.log
    Corps reçu: {
      utilisateur_id: 1,
      articles: [ { article_id: 1, quantite: 1, taille: 'M' } ],
      total: 45.99
    }

      at createCommande (src/routes/magasin/core/handlers/create-commande.handler.ts:20:13)

  console.log
    Données validées par le schéma Zod: {"utilisateur_id":1,"articles":[{"article_id":1,"quantite":1,"taille":"M"}],"total":45.99,"statut":"en attente"}

      at createCommande (src/routes/magasin/core/handlers/create-commande.handler.ts:25:13)

  console.log
    🔍 [Service Magasin] Vérification doublon commande: {
      cacheKey: '1-45.99-[{"id":1,"taille":"M","quantite":1}]...',
      utilisateur_id: 1,
      total: 45.99,
      nbArticles: 1
    }

      at creerCommande (src/routes/magasin/core/services/magasin.service.ts:325:11)

  console.log
    ⚠️ [Service Magasin] Commande identique détectée, attente... { delaiDepuisCommande: '1633ms' }

      at creerCommande (src/routes/magasin/core/services/magasin.service.ts:339:15)

  console.log
    ✅ [Service Magasin] Première commande terminée, retour du même résultat

      at creerCommande (src/routes/magasin/core/services/magasin.service.ts:349:17)

  console.log
    ✅ [Handler Commandes] Commande créée avec succès: {
      unique_id: 'CMD-001-1770237960114-604D3D63',
      numero_commande: 'CMD-000001',
      isDuplicate: true
    }

      at createCommande (src/routes/magasin/core/handlers/create-commande.handler.ts:36:13)

FAIL src/routes/magasin/__tests__/magasin.security.test.ts
  Magasin Module - Tests de sécurité
    Protection contre l'injection SQL
      √ devrait gérer les tentatives d'injection SQL dans le nom d'article (55 ms)
      √ devrait gérer les tentatives d'injection SQL dans la description (7 ms)
      √ devrait gérer les tentatives d'injection SQL via les paramètres d'URL (3 ms)
    Protection contre XSS (Cross-Site Scripting)
      √ devrait gérer les scripts dans le nom d'article (9 ms)
      √ devrait gérer les balises HTML dans la description (5 ms)
      √ devrait gérer les événements JavaScript inline (5 ms)
    Protection des données sensibles
      √ devrait empêcher l'accès à une commande d'un autre utilisateur (80 ms)
      √ devrait rejeter une tentative d'accès sans userId (6 ms)
    Validation stricte des entrées
      √ devrait rejeter un prix avec trop de décimales (6 ms)
      √ devrait rejeter un ID d'article malformé (2 ms)
      √ devrait rejeter des caractères de contrôle dans les données (13 ms)
    Protection contre IDOR (Insecure Direct Object Reference)
      √ devrait empêcher la modification d'un article via ID manipulé (39 ms)
      × devrait empêcher la suppression d'un article via ID manipulé (26 ms)
    Protection contre les attaques par déni de service (DoS)
      √ devrait limiter le nombre d'articles dans une commande (9 ms)
      √ devrait limiter la quantité par article (13 ms)
      √ devrait limiter la longueur des chaînes de caractères (5 ms)
    Protection contre les attaques temporelles
      √ devrait valider le format d'unique_id de manière constante (16 ms)
    Protection contre l'énumération
      √ devrait retourner des messages génériques pour les commandes inexistantes (8 ms)
    Validation des montants et prix
      √ devrait rejeter des montants négatifs (3 ms)
      √ devrait rejeter un total de commande négatif (8 ms)
      √ devrait rejeter des prix astronomiques (4 ms)
    Protection des clés API et secrets
      √ devrait gérer l'absence de clé Stripe de manière sécurisée (10 ms)
    Protection contre les injections NoSQL/MongoDB (si applicable)
      √ devrait gérer les objets dans les paramètres (3 ms)

  ● Magasin Module - Tests de sécurité › Protection contre IDOR (Insecure Direct Object Reference) › devrait empêcher la suppression d'un article via ID manipulé

    expect(jest.fn()).toHaveBeenCalledWith(...expected)

    Expected: 404
    Received: 500

    Number of calls: 1

    [0m [90m 314 |[39m       )[33m;[39m
     [90m 315 |[39m
    [31m[1m>[22m[39m[90m 316 |[39m       expect(statusMock)[33m.[39mtoHaveBeenCalledWith([35m404[39m)[33m;[39m
     [90m     |[39m                          [31m[1m^[22m[39m
     [90m 317 |[39m     })[33m;[39m
     [90m 318 |[39m   })[33m;[39m
     [90m 319 |[39m[0m

      at Object.<anonymous> (src/routes/magasin/__tests__/magasin.security.test.ts:316:26)

  console.log
    📝 [Handler Commandes] Création d'une nouvelle commande

      at createCommande (src/routes/magasin/core/handlers/create-commande.handler.ts:19:13)

  console.log
    Corps reçu: {
      utilisateur_id: 1,
      articles: [ { article_id: 1, quantite: 1, taille: 'M' } ],
      total: 45.99
    }

      at createCommande (src/routes/magasin/core/handlers/create-commande.handler.ts:20:13)

  console.log
    Données validées par le schéma Zod: {"utilisateur_id":1,"articles":[{"article_id":1,"quantite":1,"taille":"M"}],"total":45.99,"statut":"en attente"}

      at createCommande (src/routes/magasin/core/handlers/create-commande.handler.ts:25:13)

  console.log
    🔍 [Service Magasin] Vérification doublon commande: {
      cacheKey: '1-45.99-[{"id":1,"taille":"M","quantite":1}]...',
      utilisateur_id: 1,
      total: 45.99,
      nbArticles: 1
    }

      at creerCommande (src/routes/magasin/core/services/magasin.service.ts:325:11)

  console.log
    ⚠️ [Service Magasin] Commande identique détectée, attente... { delaiDepuisCommande: '1634ms' }

      at creerCommande (src/routes/magasin/core/services/magasin.service.ts:339:15)

  console.log
    ✅ [Service Magasin] Première commande terminée, retour du même résultat

      at creerCommande (src/routes/magasin/core/services/magasin.service.ts:349:17)

  console.log
    ✅ [Handler Commandes] Commande créée avec succès: {
      unique_id: 'CMD-001-1770237960114-604D3D63',
      numero_commande: 'CMD-000001',
      isDuplicate: true
    }

      at createCommande (src/routes/magasin/core/handlers/create-commande.handler.ts:36:13)

  console.log
    📝 [Handler Commandes] Création d'une nouvelle commande

      at createCommande (src/routes/magasin/core/handlers/create-commande.handler.ts:19:13)

  console.log
    Corps reçu: {
      utilisateur_id: 1,
      articles: [ { article_id: 1, quantite: 1, taille: 'M' } ],
      total: 45.99
    }

      at createCommande (src/routes/magasin/core/handlers/create-commande.handler.ts:20:13)

  console.log
    Données validées par le schéma Zod: {"utilisateur_id":1,"articles":[{"article_id":1,"quantite":1,"taille":"M"}],"total":45.99,"statut":"en attente"}

      at createCommande (src/routes/magasin/core/handlers/create-commande.handler.ts:25:13)

  console.log
    🔍 [Service Magasin] Vérification doublon commande: {
      cacheKey: '1-45.99-[{"id":1,"taille":"M","quantite":1}]...',
      utilisateur_id: 1,
      total: 45.99,
      nbArticles: 1
    }

      at creerCommande (src/routes/magasin/core/services/magasin.service.ts:325:11)

  console.log
    ⚠️ [Service Magasin] Commande identique détectée, attente... { delaiDepuisCommande: '1637ms' }

      at creerCommande (src/routes/magasin/core/services/magasin.service.ts:339:15)

  console.log
    ✅ [Service Magasin] Première commande terminée, retour du même résultat

      at creerCommande (src/routes/magasin/core/services/magasin.service.ts:349:17)

  console.log
    ✅ [Handler Commandes] Commande créée avec succès: {
      unique_id: 'CMD-001-1770237960114-604D3D63',
      numero_commande: 'CMD-000001',
      isDuplicate: true
    }

      at createCommande (src/routes/magasin/core/handlers/create-commande.handler.ts:36:13)

  console.log
    📝 [Handler Commandes] Création d'une nouvelle commande

      at createCommande (src/routes/magasin/core/handlers/create-commande.handler.ts:19:13)

  console.log
    Corps reçu: {
      utilisateur_id: 1,
      articles: [ { article_id: 1, quantite: 1, taille: 'M' } ],
      total: 45.99
    }

      at createCommande (src/routes/magasin/core/handlers/create-commande.handler.ts:20:13)

  console.log
    Données validées par le schéma Zod: {"utilisateur_id":1,"articles":[{"article_id":1,"quantite":1,"taille":"M"}],"total":45.99,"statut":"en attente"}

      at createCommande (src/routes/magasin/core/handlers/create-commande.handler.ts:25:13)

  console.log
    🔍 [Service Magasin] Vérification doublon commande: {
      cacheKey: '1-45.99-[{"id":1,"taille":"M","quantite":1}]...',
      utilisateur_id: 1,
      total: 45.99,
      nbArticles: 1
    }

      at creerCommande (src/routes/magasin/core/services/magasin.service.ts:325:11)

  console.log
    ⚠️ [Service Magasin] Commande identique détectée, attente... { delaiDepuisCommande: '1639ms' }

      at creerCommande (src/routes/magasin/core/services/magasin.service.ts:339:15)

  console.log
    ✅ [Service Magasin] Première commande terminée, retour du même résultat

      at creerCommande (src/routes/magasin/core/services/magasin.service.ts:349:17)

  console.log
    ✅ [Handler Commandes] Commande créée avec succès: {
      unique_id: 'CMD-001-1770237960114-604D3D63',
      numero_commande: 'CMD-000001',
      isDuplicate: true
    }

      at createCommande (src/routes/magasin/core/handlers/create-commande.handler.ts:36:13)

  console.log
    📝 [Handler Commandes] Création d'une nouvelle commande

      at createCommande (src/routes/magasin/core/handlers/create-commande.handler.ts:19:13)

  console.log
    Corps reçu: {
      utilisateur_id: 1,
      articles: [ { article_id: 1, quantite: 1, taille: 'M' } ],
      total: 45.99
    }

      at createCommande (src/routes/magasin/core/handlers/create-commande.handler.ts:20:13)

  console.log
    Données validées par le schéma Zod: {"utilisateur_id":1,"articles":[{"article_id":1,"quantite":1,"taille":"M"}],"total":45.99,"statut":"en attente"}

      at createCommande (src/routes/magasin/core/handlers/create-commande.handler.ts:25:13)

  console.log
    🔍 [Service Magasin] Vérification doublon commande: {
      cacheKey: '1-45.99-[{"id":1,"taille":"M","quantite":1}]...',
      utilisateur_id: 1,
      total: 45.99,
      nbArticles: 1
    }

      at creerCommande (src/routes/magasin/core/services/magasin.service.ts:325:11)

  console.log
    ⚠️ [Service Magasin] Commande identique détectée, attente... { delaiDepuisCommande: '1641ms' }

      at creerCommande (src/routes/magasin/core/services/magasin.service.ts:339:15)

  console.log
    ✅ [Service Magasin] Première commande terminée, retour du même résultat

      at creerCommande (src/routes/magasin/core/services/magasin.service.ts:349:17)

  console.log
    ✅ [Handler Commandes] Commande créée avec succès: {
      unique_id: 'CMD-001-1770237960114-604D3D63',
      numero_commande: 'CMD-000001',
      isDuplicate: true
    }

      at createCommande (src/routes/magasin/core/handlers/create-commande.handler.ts:36:13)

  console.log
    📝 [Handler Commandes] Création d'une nouvelle commande

      at createCommande (src/routes/magasin/core/handlers/create-commande.handler.ts:19:13)

  console.log
    Corps reçu: {
      utilisateur_id: 1,
      articles: [ { article_id: 1, quantite: 1, taille: 'M' } ],
      total: 45.99
    }

      at createCommande (src/routes/magasin/core/handlers/create-commande.handler.ts:20:13)

  console.log
    Données validées par le schéma Zod: {"utilisateur_id":1,"articles":[{"article_id":1,"quantite":1,"taille":"M"}],"total":45.99,"statut":"en attente"}

      at createCommande (src/routes/magasin/core/handlers/create-commande.handler.ts:25:13)

  console.log
    🔍 [Service Magasin] Vérification doublon commande: {
      cacheKey: '1-45.99-[{"id":1,"taille":"M","quantite":1}]...',
      utilisateur_id: 1,
      total: 45.99,
      nbArticles: 1
    }

      at creerCommande (src/routes/magasin/core/services/magasin.service.ts:325:11)

  console.log
    ⚠️ [Service Magasin] Commande identique détectée, attente... { delaiDepuisCommande: '1642ms' }

      at creerCommande (src/routes/magasin/core/services/magasin.service.ts:339:15)

  console.log
    ✅ [Service Magasin] Première commande terminée, retour du même résultat

      at creerCommande (src/routes/magasin/core/services/magasin.service.ts:349:17)

  console.log
    ✅ [Handler Commandes] Commande créée avec succès: {
      unique_id: 'CMD-001-1770237960114-604D3D63',
      numero_commande: 'CMD-000001',
      isDuplicate: true
    }

      at createCommande (src/routes/magasin/core/handlers/create-commande.handler.ts:36:13)

FAIL src/routes/magasin/__tests__/magasin.errors.test.ts
  Magasin Module - Tests de gestion d'erreurs
    Erreurs de base de données
      × devrait gérer une erreur de connexion DB lors de la récupération des articles (94 ms)
      √ devrait gérer une erreur de timeout DB (17 ms)
      √ devrait gérer une erreur de contrainte de clé étrangère (22 ms)
      √ devrait gérer une erreur de table inexistante (20 ms)
    Erreurs de validation
      √ devrait gérer des données invalides avec messages clairs pour article (8 ms)
      √ devrait gérer des données invalides pour une commande (7 ms)
      √ devrait gérer un ID d'article invalide (non numérique) (8 ms)
      √ devrait gérer un unique_id de commande au mauvais format (4 ms)
    Erreurs métier
      × devrait gérer l'échec d'ajout d'article (isConfirm: false) (35 ms)
      √ devrait gérer l'échec de modification d'article (28 ms)
      × devrait gérer la suppression d'un article inexistant (30 ms)
    Erreurs réseau et externes
      √ devrait gérer une erreur Stripe lors de la récupération du PaymentIntent (37 ms)
      √ devrait gérer l'absence de clé API Stripe (16 ms)
    Erreurs de permissions et sécurité
      √ devrait rejeter une commande n'appartenant pas à l'utilisateur (15 ms)
      √ devrait gérer une tentative d'accès sans userId (17 ms)
    Erreurs inattendues
      √ devrait gérer une exception non prévue gracieusement (24 ms)
      √ devrait gérer une erreur sans message (246 ms)
      √ devrait gérer une erreur de type inconnu (6 ms)
    Erreurs de données corrompues
      √ devrait gérer une réponse DB avec structure inattendue (2 ms)
      √ devrait gérer des données JSON malformées (2 ms)
    Gestion des erreurs de statistiques
      √ devrait gérer une erreur lors du calcul des statistiques (17 ms)
      √ devrait gérer des paramètres de date invalides pour les statistiques (4 ms)

  ● Magasin Module - Tests de gestion d'erreurs › Erreurs de base de données › devrait gérer une erreur de connexion DB lors de la récupération des articles

    expect(jest.fn()).toHaveBeenCalledWith(...expected)

    Expected: ObjectContaining {"error": "ECONNREFUSED: Connection refused", "message": StringContaining "Erreur"}
    Received: {"error": "Impossible de récupérer les articles", "message": "Erreur lors de la récupération des articles"}

    Number of calls: 1

    [0m [90m 77 |[39m
     [90m 78 |[39m       expect(statusMock)[33m.[39mtoHaveBeenCalledWith([35m500[39m)[33m;[39m
    [31m[1m>[22m[39m[90m 79 |[39m       expect(jsonMock)[33m.[39mtoHaveBeenCalledWith(
     [90m    |[39m                        [31m[1m^[22m[39m
     [90m 80 |[39m         expect[33m.[39mobjectContaining({
     [90m 81 |[39m           message[33m:[39m expect[33m.[39mstringContaining([32m"Erreur"[39m)[33m,[39m
     [90m 82 |[39m           error[33m:[39m [32m"ECONNREFUSED: Connection refused"[39m[33m,[39m[0m

      at Object.<anonymous> (src/routes/magasin/__tests__/magasin.errors.test.ts:79:24)

  ● Magasin Module - Tests de gestion d'erreurs › Erreurs métier › devrait gérer l'échec d'ajout d'article (isConfirm: false)

    expect(jest.fn()).toHaveBeenCalledWith(...expected)

    Expected: ObjectContaining {"message": "Erreur lors de l'ajout de l'article"}
    Received: {"error": "Erreur lors de l'ajout de l'article", "message": "Erreur lors de la création de l'article"}

    Number of calls: 1

    [0m [90m 251 |[39m
     [90m 252 |[39m       expect(statusMock)[33m.[39mtoHaveBeenCalledWith([35m500[39m)[33m;[39m
    [31m[1m>[22m[39m[90m 253 |[39m       expect(jsonMock)[33m.[39mtoHaveBeenCalledWith(
     [90m     |[39m                        [31m[1m^[22m[39m
     [90m 254 |[39m         expect[33m.[39mobjectContaining({
     [90m 255 |[39m           message[33m:[39m [32m"Erreur lors de l'ajout de l'article"[39m[33m,[39m
     [90m 256 |[39m         })[33m,[39m[0m

      at Object.<anonymous> (src/routes/magasin/__tests__/magasin.errors.test.ts:253:24)

  ● Magasin Module - Tests de gestion d'erreurs › Erreurs métier › devrait gérer la suppression d'un article inexistant

    expect(jest.fn()).toHaveBeenCalledWith(...expected)

    Expected: 404
    Received: 500

    Number of calls: 1

    [0m [90m 294 |[39m       )[33m;[39m
     [90m 295 |[39m
    [31m[1m>[22m[39m[90m 296 |[39m       expect(statusMock)[33m.[39mtoHaveBeenCalledWith([35m404[39m)[33m;[39m
     [90m     |[39m                          [31m[1m^[22m[39m
     [90m 297 |[39m     })[33m;[39m
     [90m 298 |[39m   })[33m;[39m
     [90m 299 |[39m[0m

      at Object.<anonymous> (src/routes/magasin/__tests__/magasin.errors.test.ts:296:26)

  console.log
    📝 [Handler Commandes] Création d'une nouvelle commande

      at createCommande (src/routes/magasin/core/handlers/create-commande.handler.ts:19:13)

  console.log
    Corps reçu: {
      utilisateur_id: 1,
      articles: [ { article_id: 1, quantite: 1, taille: 'M' } ],
      total: 45.99
    }

      at createCommande (src/routes/magasin/core/handlers/create-commande.handler.ts:20:13)

  console.log
    Données validées par le schéma Zod: {"utilisateur_id":1,"articles":[{"article_id":1,"quantite":1,"taille":"M"}],"total":45.99,"statut":"en attente"}

      at createCommande (src/routes/magasin/core/handlers/create-commande.handler.ts:25:13)

  console.log
    🔍 [Service Magasin] Vérification doublon commande: {
      cacheKey: '1-45.99-[{"id":1,"taille":"M","quantite":1}]...',
      utilisateur_id: 1,
      total: 45.99,
      nbArticles: 1
    }

      at creerCommande (src/routes/magasin/core/services/magasin.service.ts:325:11)

  console.log
    ⚠️ [Service Magasin] Commande identique détectée, attente... { delaiDepuisCommande: '1644ms' }

      at creerCommande (src/routes/magasin/core/services/magasin.service.ts:339:15)

  console.log
    ✅ [Service Magasin] Première commande terminée, retour du même résultat

      at creerCommande (src/routes/magasin/core/services/magasin.service.ts:349:17)

FAIL src/routes/magasin/__tests__/magasin.test.ts
  Magasin Module - Tests de base
    getArticles - GET /api/magasin/articles
      √ devrait retourner tous les articles par catégories (43 ms)
      √ devrait gérer les erreurs lors de la récupération des articles (99 ms)
    getCategories - GET /api/magasin/articles/categories
      √ devrait retourner toutes les catégories (16 ms)
      √ devrait gérer les erreurs lors de la récupération des catégories (13 ms)
    createArticle - POST /api/magasin/articles/ajouter
      √ devrait créer un nouvel article avec succès (13 ms)
      √ devrait retourner 400 si les données sont invalides (6 ms)
      √ devrait gérer l'échec de l'ajout d'article (22 ms)
    updateArticle - PUT /api/magasin/articles/:id
      √ devrait modifier un article existant (5 ms)
      √ devrait retourner 400 si l'ID est invalide (3 ms)
      × devrait gérer l'échec de la modification (67 ms)
    deleteArticle - DELETE /api/magasin/articles/:id
      √ devrait supprimer un article (8 ms)
      √ devrait retourner 400 si l'ID est invalide (5 ms)
    createCommande - POST /api/magasin/commandes/ajouter
      √ devrait créer une nouvelle commande (73 ms)
      √ devrait retourner 400 si les données sont invalides (5 ms)
      √ devrait valider la structure des articles dans la commande (6 ms)
    getCommandes - GET /api/magasin/commandes
      √ devrait retourner toutes les commandes (26 ms)
      √ devrait gérer les erreurs (20 ms)
    verifyCommandeUnicity - GET /api/magasin/commande/:uniqueId/verify
      √ devrait confirmer qu'une commande existe (4 ms)
      √ devrait retourner 404 si la commande n'existe pas (3 ms)
      √ devrait valider le format de l'unique_id (4 ms)
    healthCheck - GET /api/magasin/health
      √ devrait retourner le statut de santé du module (4 ms)
    getStatistiquesMagasin - GET /api/magasin/statistiques
      √ devrait retourner les statistiques du magasin (4 ms)
      √ devrait accepter des paramètres de date (3 ms)

  ● Magasin Module - Tests de base › updateArticle - PUT /api/magasin/articles/:id › devrait gérer l'échec de la modification

    expect(jest.fn()).toHaveBeenCalledWith(...expected)

    Expected: 500
    Received: 404

    Number of calls: 1

    [0m [90m 360 |[39m       )[33m;[39m
     [90m 361 |[39m
    [31m[1m>[22m[39m[90m 362 |[39m       expect(statusMock)[33m.[39mtoHaveBeenCalledWith([35m500[39m)[33m;[39m
     [90m     |[39m                          [31m[1m^[22m[39m
     [90m 363 |[39m       expect(jsonMock)[33m.[39mtoHaveBeenCalledWith(
     [90m 364 |[39m         expect[33m.[39mobjectContaining({
     [90m 365 |[39m           message[33m:[39m [32m"Erreur lors de la modification de l'article"[39m[33m,[39m[0m

      at Object.<anonymous> (src/routes/magasin/__tests__/magasin.test.ts:362:26)

  console.log
    ✅ [Handler Commandes] Commande créée avec succès: {
      unique_id: 'CMD-001-1770237960114-604D3D63',
      numero_commande: 'CMD-000001',
      isDuplicate: true
    }

      at createCommande (src/routes/magasin/core/handlers/create-commande.handler.ts:36:13)

  console.log
    📝 [Handler Commandes] Création d'une nouvelle commande

      at createCommande (src/routes/magasin/core/handlers/create-commande.handler.ts:19:13)

  console.log
    Corps reçu: {
      utilisateur_id: 1,
      articles: [ { article_id: 1, quantite: 1, taille: 'M' } ],
      total: 45.99
    }

      at createCommande (src/routes/magasin/core/handlers/create-commande.handler.ts:20:13)

  console.log
    Données validées par le schéma Zod: {"utilisateur_id":1,"articles":[{"article_id":1,"quantite":1,"taille":"M"}],"total":45.99,"statut":"en attente"}

      at createCommande (src/routes/magasin/core/handlers/create-commande.handler.ts:25:13)

  console.log
    🔍 [Service Magasin] Vérification doublon commande: {
      cacheKey: '1-45.99-[{"id":1,"taille":"M","quantite":1}]...',
      utilisateur_id: 1,
      total: 45.99,
      nbArticles: 1
    }

      at creerCommande (src/routes/magasin/core/services/magasin.service.ts:325:11)

PASS src/routes/magasin/__tests__/magasin.service-branches.test.ts
  Magasin Module - Tests de branches de service
    obtenirArticlesParCategories
      √ devrait retourner les articles avec succès (28 ms)
      √ devrait lancer une erreur en cas d'échec (68 ms)
    obtenirLesCategories
      √ devrait retourner les catégories avec succès (13 ms)
      √ devrait gérer les erreurs (14 ms)
    ajouterArticle
      √ devrait ajouter un article avec succès (isConfirm: true) (3 ms)
      √ devrait lancer une erreur si isConfirm est false (41 ms)
      √ devrait propager les erreurs (10 ms)
    modifierArticle
      √ devrait modifier un article avec succès (2 ms)
      √ devrait lancer une erreur si la modification échoue (18 ms)
    supprimerArticle
      √ devrait supprimer un article avec succès (2 ms)
      √ devrait gérer les erreurs de suppression (8 ms)
    creerCommande - Protection contre les doublons
      √ devrait créer une commande sans doublon (45 ms)
      √ devrait gérer le cache de commandes en cours (3 ms)
    obtenirLesCommandes
      √ devrait retourner toutes les commandes (2 ms)
      √ devrait gérer les erreurs (9 ms)
    verifierUniciteCommande
      √ devrait confirmer qu'une commande existe (2 ms)
      √ devrait confirmer qu'une commande n'existe pas (2 ms)
      √ devrait gérer les erreurs de vérification (12 ms)
    generateUniqueCommandeId
      √ devrait générer un ID unique au bon format (1 ms)
      √ devrait générer des IDs différents pour le même utilisateur (1 ms)
      √ devrait générer des IDs avec le préfixe utilisateur correct
    generateSequentialCommandeNumber
      √ devrait générer CMD-000001 si aucune commande n'existe (1 ms)
      √ devrait incrémenter le dernier numéro
      √ devrait gérer les erreurs avec un fallback timestamp (6 ms)
    calculerStatistiquesMagasin
      √ devrait calculer les statistiques sans période (2 ms)
      √ devrait calculer les statistiques avec période (1 ms)
      √ devrait gérer les statistiques vides (2 ms)
      √ devrait gérer les erreurs de calcul (34 ms)
    nettoyerCacheCommandes
      √ devrait exécuter sans erreur (1 ms)

  console.log
    ⚠️ [Service Magasin] Commande identique détectée, attente... { delaiDepuisCommande: '1646ms' }

      at creerCommande (src/routes/magasin/core/services/magasin.service.ts:339:15)

  console.log
    ✅ [Service Magasin] Première commande terminée, retour du même résultat

      at creerCommande (src/routes/magasin/core/services/magasin.service.ts:349:17)

  console.log
    ✅ [Handler Commandes] Commande créée avec succès: {
      unique_id: 'CMD-001-1770237960114-604D3D63',
      numero_commande: 'CMD-000001',
      isDuplicate: true
    }

      at createCommande (src/routes/magasin/core/handlers/create-commande.handler.ts:36:13)

  console.log
    Performance createCommande - p95: 3ms

      at Object.<anonymous> (src/routes/magasin/__tests__/magasin.performance.test.ts:505:15)

PASS src/routes/magasin/__tests__/magasin.stats-advanced.test.ts
  Magasin Module - Tests de statistiques avancées
    Statistiques globales du magasin
      √ devrait calculer les statistiques globales correctement (35 ms)
      √ devrait inclure la période dans la réponse (27 ms)
      √ devrait inclure un timestamp dans la réponse (7 ms)
    Statistiques par période
      √ devrait filtrer les statistiques par date de début (10 ms)
      √ devrait filtrer les statistiques par date de fin (4 ms)
      √ devrait filtrer par plage de dates complète (1 ms)
    Calculs d'agrégation
      √ devrait calculer correctement le total des commandes (1 ms)
      √ devrait calculer le chiffre d'affaires total (2 ms)
      √ devrait gérer des statistiques avec valeurs nulles (2 ms)
      √ devrait gérer un résultat vide (2 ms)
    Métriques de performance
      √ devrait calculer le taux de conversion (validées/total) (2 ms)
      √ devrait calculer le taux de livraison (1 ms)
      √ devrait calculer le taux d'annulation (2 ms)
      √ devrait calculer le panier moyen (3 ms)
    Cas limites et edge cases
      √ devrait gérer des statistiques avec 0 commandes (1 ms)
      √ devrait gérer des valeurs très élevées (3 ms)
      √ devrait gérer des décimales précises (2 ms)
    Gestion des erreurs
      √ devrait lancer une erreur si la requête DB échoue (90 ms)
      √ devrait gérer une erreur de timeout (119 ms)
      √ devrait retourner 500 en cas d'erreur dans le handler (16 ms)
    Validation des paramètres de période
      √ devrait accepter des dates au format ISO (4 ms)
      √ devrait rejeter des dates invalides (6 ms)
    Cohérence des données
      √ devrait vérifier que la somme des statuts égale le total (1 ms)
      √ devrait avoir un chiffre d'affaires >= 0 (2 ms)
      √ devrait avoir des compteurs >= 0 (3 ms)

  console.log
    [dotenv@17.2.2] injecting env (21) from .env.test -- tip: 📡 version env with Radar: https://dotenvx.com/radar

      at _log (node_modules/dotenv/lib/main.js:139:11)

  console.log
    ✅ Loaded .env.test environment variables (CommonJS)

      at Object.<anonymous> (tests/jest.setup.cjs:37:11)

PASS src/routes/magasin/__tests__/magasin.edge-cases.test.ts
  Magasin Module - Tests de cas limites
    Cas limites des prix
      √ devrait accepter le prix minimum (0.01€) (30 ms)
      √ devrait accepter le prix maximum (9999.99€) (6 ms)
      √ devrait rejeter un prix de 0€ (10 ms)
      √ devrait gérer des prix avec beaucoup de décimales (6 ms)
    Cas limites des stocks
      √ devrait accepter un stock de 0 (7 ms)
      √ devrait accepter un très grand stock (6 ms)
    Cas limites des textes
      √ devrait accepter un nom de 1 caractère (10 ms)
      √ devrait accepter un nom de 255 caractères (4 ms)
      √ devrait rejeter un nom vide (6 ms)
      √ devrait accepter une description de 1000 caractères (8 ms)
      √ devrait gérer des caractères spéciaux dans le nom (4 ms)
      √ devrait gérer des emojis dans le nom (4 ms)
    Cas limites des commandes
      √ devrait accepter une commande avec 1 article (43 ms)
      √ devrait accepter une commande avec 50 articles (maximum) (51 ms)
      √ devrait rejeter une commande avec 51 articles (7 ms)
      √ devrait accepter une quantité de 1 (minimum) (33 ms)
      √ devrait accepter une quantité de 100 (maximum) (20 ms)
      √ devrait rejeter une quantité de 0 (9 ms)
      √ devrait accepter le total minimum (0.01€) (40 ms)
      √ devrait accepter une taille d'1 caractère (11 ms)
      √ devrait accepter une taille de 20 caractères (maximum) (22 ms)
    Cas limites des IDs
      √ devrait gérer un très grand ID d'article (6 ms)
      √ devrait gérer un très grand utilisateur_id (16 ms)
    Cas limites des tableaux
      √ devrait gérer un tableau vide de catégories (5 ms)
      √ devrait gérer un tableau vide d'articles dans une catégorie (4 ms)
      √ devrait gérer une liste vide de tailles
    Cas limites de génération d'IDs
      √ devrait générer un unique_id pour userId = 1
      √ devrait générer un unique_id pour userId = 999 (1 ms)
      √ devrait générer des IDs uniques successifs (1 ms)
      √ devrait générer un unique_id même avec un timestamp très grand (5 ms)
    Cas limites des dates
      √ devrait accepter une date ISO valide (7 ms)
      √ devrait accepter des statistiques sans période (4 ms)
    Cas limites de nullabilité
      √ devrait accepter un article sans description (3 ms)
      √ devrait accepter un article sans image_url (5 ms)
      √ devrait accepter un article avec image_url null (4 ms)

  console.log
    🔗 Database URL: mysql:****@localhost:3306/clubmanager_test

      at Object.<anonymous> (tests/jest.setup.cjs:48:11)

  console.log
    🧪 NODE_ENV: test

      at Object.<anonymous> (tests/jest.setup.cjs:55:11)

  console.log
    ⚙️  Jest setup complete (CommonJS) - ready to run tests

      at Object.<anonymous> (tests/jest.setup.cjs:58:9)

  console.log
    [dotenv@17.2.2] injecting env (21) from .env.test -- tip: 📡 version env with Radar: https://dotenvx.com/radar

      at _log (node_modules/dotenv/lib/main.js:139:11)

  console.log
    ✅ Loaded .env.test environment variables (CommonJS)

      at Object.<anonymous> (tests/jest.setup.cjs:37:11)

  console.log
    [dotenv@17.2.2] injecting env (21) from .env.test -- tip: 📡 auto-backup env with Radar: https://dotenvx.com/radar

      at _log (node_modules/dotenv/lib/main.js:139:11)

  console.log
    🔗 Database URL: mysql:****@localhost:3306/clubmanager_test

      at Object.<anonymous> (tests/jest.setup.cjs:48:11)

  console.log
    🧪 NODE_ENV: test

      at Object.<anonymous> (tests/jest.setup.cjs:55:11)

  console.log
    ✅ Loaded .env.test environment variables (CommonJS)

      at Object.<anonymous> (tests/jest.setup.cjs:37:11)

  console.log
    ⚙️  Jest setup complete (CommonJS) - ready to run tests

      at Object.<anonymous> (tests/jest.setup.cjs:58:9)

  console.log
    🔗 Database URL: mysql:****@localhost:3306/clubmanager_test

      at Object.<anonymous> (tests/jest.setup.cjs:48:11)

  console.log
    🧪 NODE_ENV: test

      at Object.<anonymous> (tests/jest.setup.cjs:55:11)

  console.log
    ⚙️  Jest setup complete (CommonJS) - ready to run tests

      at Object.<anonymous> (tests/jest.setup.cjs:58:9)

  console.log
    [dotenv@17.2.2] injecting env (21) from .env.test -- tip: 📡 version env with Radar: https://dotenvx.com/radar

      at _log (node_modules/dotenv/lib/main.js:139:11)

  console.log
    ✅ Loaded .env.test environment variables (CommonJS)

      at Object.<anonymous> (tests/jest.setup.cjs:37:11)

  console.log
    🔗 Database URL: mysql:****@localhost:3306/clubmanager_test

      at Object.<anonymous> (tests/jest.setup.cjs:48:11)

  console.log
    🧪 NODE_ENV: test

      at Object.<anonymous> (tests/jest.setup.cjs:55:11)

  console.log
    ⚙️  Jest setup complete (CommonJS) - ready to run tests

      at Object.<anonymous> (tests/jest.setup.cjs:58:9)

(node:14136) ExperimentalWarning: VM Modules is an experimental feature and might change at any time
(Use `node --trace-warnings ...` to show where the warning was created)
FAIL src/routes/magasin/__tests__/magasin.performance.test.ts
  Magasin Module - Tests de performance
    Temps de réponse des handlers
      √ devrait récupérer les articles en moins de 100ms (33 ms)
      √ devrait créer un article en moins de 200ms (13 ms)
      √ devrait créer une commande en moins de 300ms (115 ms)
    Gestion de volumes importants
      √ devrait gérer la récupération de 1000 articles (6 ms)
      √ devrait gérer la récupération de 500 commandes (6 ms)
      √ devrait gérer une commande avec 50 articles (maximum) (33 ms)
    Performance de validation
      × devrait valider rapidement des données complexes (1 ms)
      × devrait valider rapidement une commande complexe (1 ms)
    Performance de génération d'IDs
      √ devrait générer rapidement 1000 unique_ids uniques (9 ms)
      √ devrait générer 100 unique_ids en moins de 10ms (5 ms)
    Performance du cache de doublons
      √ devrait nettoyer le cache rapidement (1 ms)
    Performance des statistiques
      √ devrait calculer les statistiques en moins de 200ms (7 ms)
    Performance sous charge
      √ devrait gérer 100 créations d'articles successives (1015 ms)
      √ devrait gérer 50 récupérations d'articles en parallèle (223 ms)
    Benchmarks de référence
      √ devrait tracer les temps de réponse moyens (9 ms)
    Métriques de performance
      √ devrait avoir un temps de réponse p95 < 300ms pour createCommande (219 ms)

  ● Magasin Module - Tests de performance › Performance de validation › devrait valider rapidement des données complexes

    ReferenceError: require is not defined

    [0m [90m 262 |[39m
     [90m 263 |[39m       [90m// La validation Zod devrait être très rapide[39m
    [31m[1m>[22m[39m[90m 264 |[39m       [36mconst[39m { createArticleSchema } [33m=[39m require([32m"../core/validators/magasin.schema.js"[39m)[33m;[39m
     [90m     |[39m                                       [31m[1m^[22m[39m
     [90m 265 |[39m       [36mconst[39m result [33m=[39m createArticleSchema[33m.[39msafeParse(complexArticle)[33m;[39m
     [90m 266 |[39m
     [90m 267 |[39m       [36mconst[39m duration [33m=[39m [33mDate[39m[33m.[39mnow() [33m-[39m startTime[33m;[39m[0m

      at Object.<anonymous> (src/routes/magasin/__tests__/magasin.performance.test.ts:264:39)

  ● Magasin Module - Tests de performance › Performance de validation › devrait valider rapidement une commande complexe

    ReferenceError: require is not defined

    [0m [90m 290 |[39m       [36mconst[39m startTime [33m=[39m [33mDate[39m[33m.[39mnow()[33m;[39m
     [90m 291 |[39m
    [31m[1m>[22m[39m[90m 292 |[39m       [36mconst[39m { createCommandeSchema } [33m=[39m require([32m"../core/validators/magasin.schema.js"[39m)[33m;[39m
     [90m     |[39m                                        [31m[1m^[22m[39m
     [90m 293 |[39m       [36mconst[39m result [33m=[39m createCommandeSchema[33m.[39msafeParse(complexCommande)[33m;[39m
     [90m 294 |[39m
     [90m 295 |[39m       [36mconst[39m duration [33m=[39m [33mDate[39m[33m.[39mnow() [33m-[39m startTime[33m;[39m[0m

      at Object.<anonymous> (src/routes/magasin/__tests__/magasin.performance.test.ts:292:40)

  console.error
    ❌ [EmailService] Erreur vérification connexion: Error: getaddrinfo ENOTFOUND smtp.test.local
        at GetAddrInfoReqWrap.onlookupall [as oncomplete] (node:dns:122:26) {
      errno: -3008,
      code: 'EDNS',
      syscall: 'getaddrinfo',
      hostname: 'smtp.test.local',
      command: 'CONN'
    }

    [0m [90m 114 |[39m       }
     [90m 115 |[39m     } [36mcatch[39m (error[33m:[39m any) {
    [31m[1m>[22m[39m[90m 116 |[39m       console[33m.[39merror([32m'❌ [EmailService] Erreur vérification connexion:'[39m[33m,[39m error)[33m;[39m
     [90m     |[39m               [31m[1m^[22m[39m
     [90m 117 |[39m       [36mthis[39m[33m.[39minitialized [33m=[39m [36mfalse[39m[33m;[39m
     [90m 118 |[39m     }
     [90m 119 |[39m   }[0m

      at EmailService.verifyConnection (src/services/emailService.ts:116:15)

  console.error
    ❌ [EmailService] Erreur vérification connexion: Error: getaddrinfo ENOTFOUND smtp.test.local
        at GetAddrInfoReqWrap.onlookupall [as oncomplete] (node:dns:122:26) {
      errno: -3008,
      code: 'EDNS',
      syscall: 'getaddrinfo',
      hostname: 'smtp.test.local',
      command: 'CONN'
    }

    [0m [90m 114 |[39m       }
     [90m 115 |[39m     } [36mcatch[39m (error[33m:[39m any) {
    [31m[1m>[22m[39m[90m 116 |[39m       console[33m.[39merror([32m'❌ [EmailService] Erreur vérification connexion:'[39m[33m,[39m error)[33m;[39m
     [90m     |[39m               [31m[1m^[22m[39m
     [90m 117 |[39m       [36mthis[39m[33m.[39minitialized [33m=[39m [36mfalse[39m[33m;[39m
     [90m 118 |[39m     }
     [90m 119 |[39m   }[0m

      at EmailService.verifyConnection (src/services/emailService.ts:116:15)

PASS src/routes/magasin/__tests__/magasin.validation.test.ts
  Magasin Module - Tests de validation
    Validation des schémas d'articles
      createArticleSchema
        √ devrait valider un article valide (3 ms)
        √ devrait rejeter un article sans nom (1 ms)
        √ devrait rejeter un article avec un prix négatif (1 ms)
        √ devrait rejeter un article avec un prix trop élevé
        √ devrait rejeter un article avec un stock négatif (1 ms)
        √ devrait rejeter un article avec un stock décimal (3 ms)
        √ devrait rejeter un article avec une URL d'image invalide (1 ms)
        √ devrait accepter une URL d'image valide (1 ms)
        √ devrait rejeter un nom d'article trop long
        √ devrait rejeter une description trop longue
      updateArticleSchema
        √ devrait valider une mise à jour partielle (1 ms)
        √ devrait rejeter une mise à jour sans ID
        √ devrait valider une mise à jour de plusieurs champs
      deleteArticleSchema
        √ devrait valider un ID valide (1 ms)
        √ devrait rejeter un ID invalide
        √ devrait rejeter un ID négatif (1 ms)
        √ devrait rejeter un ID égal à zéro
    Validation des schémas de commandes
      articleCommandeSchema
        √ devrait valider un article de commande valide (1 ms)
        √ devrait rejeter une quantité nulle
        √ devrait rejeter une quantité négative
        √ devrait rejeter une quantité trop élevée (1 ms)
        √ devrait rejeter un article sans taille
        √ devrait rejeter une taille vide (1 ms)
        √ devrait rejeter une taille trop longue
      createCommandeSchema
        √ devrait valider une commande valide (1 ms)
        √ devrait rejeter une commande sans articles
        √ devrait rejeter une commande avec trop d'articles (2 ms)
        √ devrait rejeter un total négatif
        √ devrait rejeter un total trop élevé (1 ms)
        √ devrait valider différents statuts (1 ms)
        √ devrait rejeter un statut invalide
        √ devrait utiliser le statut par défaut si non fourni (1 ms)
      getCommandeByUniqueIdSchema
        √ devrait valider un unique_id au bon format
        √ devrait rejeter un format d'unique_id invalide
        √ devrait rejeter un unique_id avec des minuscules (1 ms)
        √ devrait rejeter un unique_id avec un mauvais préfixe
      getCommandeByNumeroSchema
        √ devrait valider un numéro de commande au bon format
        √ devrait valider différents numéros (1 ms)
        √ devrait rejeter un format invalide
        √ devrait rejeter un numéro avec des lettres
    Validation des schémas de requêtes
      getArticleByIdSchema
        √ devrait transformer une chaîne en nombre (1 ms)
      getCommandesUtilisateurSchema
        √ devrait transformer une chaîne en nombre (1 ms)
        √ devrait rejeter un userId égal à zéro
      getPaymentIntentSchema
        √ devrait valider des paramètres valides
        √ devrait rejeter si userId est manquant
        √ devrait rejeter si commandeId est manquant
      getStatistiquesMagasinSchema
        √ devrait valider des dates valides (1 ms)
        √ devrait accepter des paramètres vides
        √ devrait rejeter des dates invalides
    Cas limites et valeurs extrêmes
      √ devrait accepter le prix minimum valide
      √ devrait accepter le prix maximum valide
      √ devrait accepter un stock de zéro (1 ms)
      √ devrait accepter une quantité de 1 dans une commande (1 ms)
      √ devrait accepter une quantité de 100 dans une commande
      √ devrait accepter le total minimum valide (1 ms)

PASS src/routes/magasin/__tests__/magasin.schema.test.ts
  Magasin Module - Tests des schémas
    createArticleSchema
      √ devrait valider un article complet et valide (4 ms)
      √ devrait valider un article avec champs minimaux requis (2 ms)
      √ devrait rejeter un article sans nom (3 ms)
      √ devrait rejeter un prix négatif
      √ devrait rejeter un prix supérieur au maximum (1 ms)
      √ devrait accepter le prix minimum (0.01) (1 ms)
      √ devrait accepter le prix maximum (9999.99)
      √ devrait rejeter un stock négatif (1 ms)
      √ devrait rejeter un stock décimal
      √ devrait accepter un stock de 0 (1 ms)
      √ devrait rejeter une URL d'image invalide (1 ms)
      √ devrait valider une URL d'image valide
      √ devrait utiliser actif=true par défaut
    updateArticleSchema
      √ devrait valider une mise à jour avec tous les champs
      √ devrait valider une mise à jour partielle
      √ devrait rejeter une mise à jour sans ID (1 ms)
      √ devrait rejeter un ID négatif
    createCommandeSchema
      √ devrait valider une commande complète (3 ms)
      √ devrait appliquer le statut par défaut 'en attente' (1 ms)
      √ devrait valider tous les statuts possibles
      √ devrait rejeter un statut invalide (1 ms)
      √ devrait rejeter une commande sans articles
      √ devrait rejeter une commande avec plus de 50 articles (1 ms)
      √ devrait accepter exactement 50 articles (2 ms)
      √ devrait rejeter un total négatif
      √ devrait rejeter un total trop élevé
      √ devrait accepter le total minimum (0.01) (1 ms)
    articleCommandeSchema
      √ devrait valider un article complet
      √ devrait valider un article minimal (sans nom et prix) (1 ms)
      √ devrait rejeter une quantité de 0
      √ devrait rejeter une quantité négative
      √ devrait rejeter une quantité supérieure à 100 (1 ms)
      √ devrait accepter une quantité de 100
      √ devrait rejeter un article sans taille
      √ devrait rejeter une taille vide (1 ms)
      √ devrait rejeter une taille trop longue
    getCommandeByUniqueIdSchema
      √ devrait valider un unique_id au bon format
      √ devrait rejeter un format invalide (1 ms)
      √ devrait rejeter des minuscules dans la partie hexadécimale
    getCommandeByNumeroSchema
      √ devrait valider un numéro de commande valide
      √ devrait valider différents numéros (1 ms)
      √ devrait rejeter un format invalide
    getArticleByIdSchema
      √ devrait transformer une chaîne en nombre (3 ms)
      √ devrait rejeter un ID non numérique
    getStatistiquesMagasinSchema
      √ devrait valider des dates valides (1 ms)
      √ devrait accepter des paramètres vides (1 ms)
      √ devrait rejeter des dates invalides

PASS src/routes/magasin/__tests__/magasin.validators-advanced.test.ts
  Magasin Module - Tests de validateurs avancés
    Transformation et coercition de types
      √ devrait transformer une chaîne d'ID en nombre (4 ms)
      √ devrait transformer plusieurs IDs de chaînes en nombres (2 ms)
      √ devrait transformer userId de chaîne en nombre (3 ms)
    Valeurs par défaut
      √ devrait appliquer actif=true par défaut pour un article (1 ms)
      √ devrait appliquer statut='en attente' par défaut pour une commande (1 ms)
      √ devrait permettre de surcharger la valeur par défaut d'actif (1 ms)
    Validation de formats complexes
      √ devrait valider le format d'unique_id strictement
      √ devrait rejeter les formats d'unique_id invalides (1 ms)
      √ devrait valider le format de numero_commande strictement (1 ms)
      √ devrait rejeter les formats de numero_commande invalides (1 ms)
    Validation d'URL
      √ devrait accepter des URLs valides pour image_url (1 ms)
      √ devrait rejeter des URLs invalides (2 ms)
      √ devrait accepter un tableau vide pour images
    Validation de tableaux
      √ devrait valider un tableau de tailles_disponibles
      √ devrait accepter un tableau vide de tailles
      √ devrait accepter null pour tailles_disponibles
      √ devrait valider la longueur du tableau d'articles dans une commande (3 ms)
    Validation d'énumérations
      √ devrait valider tous les statuts de commande possibles (2 ms)
      √ devrait rejeter des statuts invalides (2 ms)
    Validation de champs optionnels
      √ devrait accepter tous les champs optionnels manquants (1 ms)
      √ devrait accepter une mise à jour avec un seul champ (1 ms)
      √ devrait accepter des dates optionnelles pour les statistiques (1 ms)
    Validation de dates
      √ devrait valider des formats de date ISO valides (4 ms)
      √ devrait rejeter des formats de date invalides (3 ms)
    Validation de limites numériques
      √ devrait valider les limites de prix
      √ devrait rejeter les prix hors limites (1 ms)
      √ devrait valider les limites de quantité dans une commande (1 ms)
      √ devrait rejeter les quantités hors limites (1 ms)
      √ devrait valider les limites de stock
      √ devrait rejeter les stocks négatifs ou décimaux (1 ms)
    Validation de longueurs de chaînes
      √ devrait rejeter un nom d'article trop long
      √ devrait accepter un nom à la limite (255 caractères)
      √ devrait rejeter une description trop longue
      √ devrait rejeter une taille vide
      √ devrait rejeter une taille trop longue (1 ms)
    Messages d'erreur personnalisés
      √ devrait fournir un message d'erreur clair pour un prix invalide
      √ devrait fournir un message d'erreur pour un statut invalide (1 ms)
    Validation de références croisées
      √ devrait valider commandeId et userId ensemble
      √ devrait rejeter si l'un des paramètres manque (1 ms)

  console.log
    C:\Users\guillaumehouthoofd\Documents\Benoit\Epreuve_intégrée\ClubManager\api\api

      at src/db/connector/mysqlconnector.ts:13:9

  console.log
    ✅  Variables d'environnement déjà chargées (mode test ou DATABASE_URL présent)

      at src/db/connector/mysqlconnector.ts:36:11

  console.log
    ✅ [EmailService] Transporteur initialisé avec succès

      at EmailService.initializeTransporter (src/services/emailService.ts:98:15)

  console.warn
    API key does not start with "SG.".

    [0m [90m 61 |[39m
     [90m 62 |[39m     [36mif[39m (process[33m.[39menv[33m.[39m[33mSENDGRID_API_KEY[39m) {
    [31m[1m>[22m[39m[90m 63 |[39m       sgMail[33m.[39msetApiKey(process[33m.[39menv[33m.[39m[33mSENDGRID_API_KEY[39m)[33m;[39m
     [90m    |[39m              [31m[1m^[22m[39m
     [90m 64 |[39m       console[33m.[39mlog([32m'📧 [EmailService] SendGrid configuré avec API Key'[39m)[33m;[39m
     [90m 65 |[39m     } [36melse[39m {
     [90m 66 |[39m       console[33m.[39mwarn([32m'⚠️ [EmailService] SENDGRID_API_KEY manquante'[39m)[33m;[39m[0m

      at Client.setApiKey (node_modules/@sendgrid/client/src/classes/client.js:50:15)
      at MailService.setApiKey (node_modules/@sendgrid/mail/src/classes/mail-service.js:38:17)
      at new EmailService (src/services/emailService.ts:63:14)
      at src/services/emailService.ts:666:29

  console.log
    📧 [EmailService] SendGrid configuré avec API Key

      at new EmailService (src/services/emailService.ts:64:15)

  console.log
    ✅ [EmailService] Transporteur initialisé avec succès

      at EmailService.initializeTransporter (src/services/emailService.ts:98:15)

  console.warn
    API key does not start with "SG.".

    [0m [90m 61 |[39m
     [90m 62 |[39m     [36mif[39m (process[33m.[39menv[33m.[39m[33mSENDGRID_API_KEY[39m) {
    [31m[1m>[22m[39m[90m 63 |[39m       sgMail[33m.[39msetApiKey(process[33m.[39menv[33m.[39m[33mSENDGRID_API_KEY[39m)[33m;[39m
     [90m    |[39m              [31m[1m^[22m[39m
     [90m 64 |[39m       console[33m.[39mlog([32m'📧 [EmailService] SendGrid configuré avec API Key'[39m)[33m;[39m
     [90m 65 |[39m     } [36melse[39m {
     [90m 66 |[39m       console[33m.[39mwarn([32m'⚠️ [EmailService] SENDGRID_API_KEY manquante'[39m)[33m;[39m[0m

      at Client.setApiKey (node_modules/@sendgrid/client/src/classes/client.js:50:15)
      at MailService.setApiKey (node_modules/@sendgrid/mail/src/classes/mail-service.js:38:17)
      at new EmailService (src/services/emailService.ts:63:14)
      at src/db/clients/messagerie/emailClient.ts:524:22

  console.log
    📧 [EmailService] SendGrid configuré avec API Key

      at new EmailService (src/services/emailService.ts:64:15)

  console.log
    🔄 [EmailClient] Initialisation des templates...

      at EmailClient.initialiserTemplates (src/db/clients/messagerie/emailClient.ts:274:15)

  console.log
    🔄 [EmailTemplateService] Synchronisation des templates...

      at EmailTemplateService.syncDefaultTemplates (src/services/emailTemplateService.ts:39:15)

  console.log
    🏥 [Handler Health] Health check du module magasin

      at healthCheck (src/routes/magasin/core/handlers/health.handler.ts:19:13)

  console.log
    ✅ [Handler Health] Module magasin en bonne santé

      at healthCheck (src/routes/magasin/core/handlers/health.handler.ts:37:13)

  console.log
    🏥 [Handler Health] Health check du module magasin

      at healthCheck (src/routes/magasin/core/handlers/health.handler.ts:19:13)

  console.log
    ✅ [Handler Health] Module magasin en bonne santé

      at healthCheck (src/routes/magasin/core/handlers/health.handler.ts:37:13)

  console.log
    🏥 [Handler Health] Health check du module magasin

      at healthCheck (src/routes/magasin/core/handlers/health.handler.ts:19:13)

  console.log
    ✅ [Handler Health] Module magasin en bonne santé

      at healthCheck (src/routes/magasin/core/handlers/health.handler.ts:37:13)

  console.log
    🏥 [Handler Health] Health check du module magasin

      at healthCheck (src/routes/magasin/core/handlers/health.handler.ts:19:13)

  console.log
    ✅ [Handler Health] Module magasin en bonne santé

      at healthCheck (src/routes/magasin/core/handlers/health.handler.ts:37:13)

  console.log
    🏥 [Handler Health] Health check du module magasin

      at healthCheck (src/routes/magasin/core/handlers/health.handler.ts:19:13)

  console.log
    ✅ [Handler Health] Module magasin en bonne santé

      at healthCheck (src/routes/magasin/core/handlers/health.handler.ts:37:13)

  console.log
    🏥 [Handler Health] Health check du module magasin

      at healthCheck (src/routes/magasin/core/handlers/health.handler.ts:19:13)

  console.log
    ✅ [Handler Health] Module magasin en bonne santé

      at healthCheck (src/routes/magasin/core/handlers/health.handler.ts:37:13)

  console.log
    🏥 [Handler Health] Health check du module magasin

      at healthCheck (src/routes/magasin/core/handlers/health.handler.ts:19:13)

  console.log
    ✅ [Handler Health] Module magasin en bonne santé

      at healthCheck (src/routes/magasin/core/handlers/health.handler.ts:37:13)

  console.error
    ❌ [Handler Health] Erreur health check: Error: JSON Error
        at Object.<anonymous> (C:\Users\guillaumehouthoofd\Documents\Benoit\Epreuve_intégrée\ClubManager\api\src\routes\magasin\__tests__\magasin.health-advanced.test.ts:125:15)
        at C:\Users\guillaumehouthoofd\Documents\Benoit\Epreuve_intégrée\ClubManager\api\node_modules\jest-mock\build\index.js:397:39
        at Object.<anonymous> (C:\Users\guillaumehouthoofd\Documents\Benoit\Epreuve_intégrée\ClubManager\api\node_modules\jest-mock\build\index.js:404:13)
        at Object.mockConstructor [as json] (C:\Users\guillaumehouthoofd\Documents\Benoit\Epreuve_intégrée\ClubManager\api\node_modules\jest-mock\build\index.js:148:19)
        at healthCheck (C:\Users\guillaumehouthoofd\Documents\Benoit\Epreuve_intégrée\ClubManager\api\src\routes\magasin\core\handlers\health.handler.ts:39:21)
        at Object.<anonymous> (C:\Users\guillaumehouthoofd\Documents\Benoit\Epreuve_intégrée\ClubManager\api\src\routes\magasin\__tests__\magasin.health-advanced.test.ts:129:9)
        at Promise.then.completed (C:\Users\guillaumehouthoofd\Documents\Benoit\Epreuve_intégrée\ClubManager\api\node_modules\jest-circus\build\utils.js:298:28)
        at new Promise (<anonymous>)
        at callAsyncCircusFn (C:\Users\guillaumehouthoofd\Documents\Benoit\Epreuve_intégrée\ClubManager\api\node_modules\jest-circus\build\utils.js:231:10)
        at _callCircusTest (C:\Users\guillaumehouthoofd\Documents\Benoit\Epreuve_intégrée\ClubManager\api\node_modules\jest-circus\build\run.js:316:40)
        at processTicksAndRejections (node:internal/process/task_queues:105:5)
        at _runTest (C:\Users\guillaumehouthoofd\Documents\Benoit\Epreuve_intégrée\ClubManager\api\node_modules\jest-circus\build\run.js:252:3)
        at _runTestsForDescribeBlock (C:\Users\guillaumehouthoofd\Documents\Benoit\Epreuve_intégrée\ClubManager\api\node_modules\jest-circus\build\run.js:126:9)
        at _runTestsForDescribeBlock (C:\Users\guillaumehouthoofd\Documents\Benoit\Epreuve_intégrée\ClubManager\api\node_modules\jest-circus\build\run.js:121:9)
        at _runTestsForDescribeBlock (C:\Users\guillaumehouthoofd\Documents\Benoit\Epreuve_intégrée\ClubManager\api\node_modules\jest-circus\build\run.js:121:9)
        at run (C:\Users\guillaumehouthoofd\Documents\Benoit\Epreuve_intégrée\ClubManager\api\node_modules\jest-circus\build\run.js:71:3)
        at runAndTransformResultsToJestFormat (C:\Users\guillaumehouthoofd\Documents\Benoit\Epreuve_intégrée\ClubManager\api\node_modules\jest-circus\build\legacy-code-todo-rewrite\jestAdapterInit.js:122:21)
        at jestAdapter (C:\Users\guillaumehouthoofd\Documents\Benoit\Epreuve_intégrée\ClubManager\api\node_modules\jest-circus\build\legacy-code-todo-rewrite\jestAdapter.js:79:19)
        at runTestInternal (C:\Users\guillaumehouthoofd\Documents\Benoit\Epreuve_intégrée\ClubManager\api\node_modules\jest-runner\build\runTest.js:367:16)
        at runTest (C:\Users\guillaumehouthoofd\Documents\Benoit\Epreuve_intégrée\ClubManager\api\node_modules\jest-runner\build\runTest.js:444:34)
        at Object.worker (C:\Users\guillaumehouthoofd\Documents\Benoit\Epreuve_intégrée\ClubManager\api\node_modules\jest-runner\build\testWorker.js:106:12)

    [0m [90m 39 |[39m     res[33m.[39mstatus([35m200[39m)[33m.[39mjson(health)[33m;[39m
     [90m 40 |[39m   } [36mcatch[39m (error) {
    [31m[1m>[22m[39m[90m 41 |[39m     console[33m.[39merror([32m"❌ [Handler Health] Erreur health check:"[39m[33m,[39m error)[33m;[39m
     [90m    |[39m             [31m[1m^[22m[39m
     [90m 42 |[39m     res[33m.[39mstatus([35m500[39m)[33m.[39mjson({
     [90m 43 |[39m       status[33m:[39m [32m"unhealthy"[39m[33m,[39m
     [90m 44 |[39m       module[33m:[39m [32m"magasin"[39m[33m,[39m[0m

      at healthCheck (src/routes/magasin/core/handlers/health.handler.ts:41:13)
      at Object.<anonymous> (src/routes/magasin/__tests__/magasin.health-advanced.test.ts:129:9)

  console.log
    🔍 [Handler Diagnostic] Diagnostic du module magasin

      at getDiagnostic (src/routes/magasin/core/handlers/health.handler.ts:123:13)

  console.error
    ❌ [EmailService] Erreur vérification connexion: Error: getaddrinfo ENOTFOUND smtp.test.local
        at GetAddrInfoReqWrap.onlookupall [as oncomplete] (node:dns:122:26) {
      errno: -3008,
      code: 'EDNS',
      syscall: 'getaddrinfo',
      hostname: 'smtp.test.local',
      command: 'CONN'
    }

    [0m [90m 114 |[39m       }
     [90m 115 |[39m     } [36mcatch[39m (error[33m:[39m any) {
    [31m[1m>[22m[39m[90m 116 |[39m       console[33m.[39merror([32m'❌ [EmailService] Erreur vérification connexion:'[39m[33m,[39m error)[33m;[39m
     [90m     |[39m               [31m[1m^[22m[39m
     [90m 117 |[39m       [36mthis[39m[33m.[39minitialized [33m=[39m [36mfalse[39m[33m;[39m
     [90m 118 |[39m     }
     [90m 119 |[39m   }[0m

      at EmailService.verifyConnection (src/services/emailService.ts:116:15)

  console.error
    ❌ [EmailService] Erreur vérification connexion: Error: getaddrinfo ENOTFOUND smtp.test.local
        at GetAddrInfoReqWrap.onlookupall [as oncomplete] (node:dns:122:26) {
      errno: -3008,
      code: 'EDNS',
      syscall: 'getaddrinfo',
      hostname: 'smtp.test.local',
      command: 'CONN'
    }

    [0m [90m 114 |[39m       }
     [90m 115 |[39m     } [36mcatch[39m (error[33m:[39m any) {
    [31m[1m>[22m[39m[90m 116 |[39m       console[33m.[39merror([32m'❌ [EmailService] Erreur vérification connexion:'[39m[33m,[39m error)[33m;[39m
     [90m     |[39m               [31m[1m^[22m[39m
     [90m 117 |[39m       [36mthis[39m[33m.[39minitialized [33m=[39m [36mfalse[39m[33m;[39m
     [90m 118 |[39m     }
     [90m 119 |[39m   }[0m

      at EmailService.verifyConnection (src/services/emailService.ts:116:15)

  console.log
    🔍 [Handler Diagnostic] Diagnostic du module magasin

      at getDiagnostic (src/routes/magasin/core/handlers/health.handler.ts:123:13)

  console.log
    🔍 [Handler Diagnostic] Diagnostic du module magasin

      at getDiagnostic (src/routes/magasin/core/handlers/health.handler.ts:123:13)

  console.log
    🔍 [Handler Diagnostic] Diagnostic du module magasin

      at getDiagnostic (src/routes/magasin/core/handlers/health.handler.ts:123:13)

